2026-09-14 22:44:37 | workflow adaptime started launch_id=selena_adaptime_unified_20260914T204328Z_25264_vanilla task=vanilla_vanilla slurm_job_id=3427122 slurm_array_job_id=none slurm_array_task_id=none
2026-09-14 22:44:37 | stage vanilla started
2026-09-14 22:44:37 | task TIME-wide Adaptime method=vanilla stage=vanilla started
TIME run allocation action=new run=/fslarge/scratch/users/h61084/codes/adaptime/outputs/adaptime/vanilla/univariate/Water_Quality_Darwin/15T/short/run_0 launch_id=selena_adaptime_unified_20260914T204328Z_25264_vanilla slurm_job_id=3427122 launched_at=2026-09-14T20:44:43.610884+00:00
/fslarge/scratch/users/h61084/codes/adaptime/outputs/adaptime/vanilla/univariate/Water_Quality_Darwin/15T/short/run_0/vanilla/manifest.json
TIME run allocation action=new run=/fslarge/scratch/users/h61084/codes/adaptime/outputs/adaptime/vanilla/univariate/Water_Quality_Darwin/15T/medium/run_0 launch_id=selena_adaptime_unified_20260914T204328Z_25264_vanilla slurm_job_id=3427122 launched_at=2026-09-14T20:45:13.368127+00:00
/fslarge/scratch/users/h61084/codes/adaptime/outputs/adaptime/vanilla/univariate/Water_Quality_Darwin/15T/medium/run_0/vanilla/manifest.json
TIME run allocation action=new run=/fslarge/scratch/users/h61084/codes/adaptime/outputs/adaptime/vanilla/univariate/Water_Quality_Darwin/15T/long/run_0 launch_id=selena_adaptime_unified_20260914T204328Z_25264_vanilla slurm_job_id=3427122 launched_at=2026-09-14T20:45:16.383429+00:00
/fslarge/scratch/users/h61084/codes/adaptime/outputs/adaptime/vanilla/univariate/Water_Quality_Darwin/15T/long/run_0/vanilla/manifest.json
TIME run allocation action=new run=/fslarge/scratch/users/h61084/codes/adaptime/outputs/adaptime/vanilla/univariate/current_velocity/5T/short/run_0 launch_id=selena_adaptime_unified_20260914T204328Z_25264_vanilla slurm_job_id=3427122 launched_at=2026-09-14T20:45:17.463319+00:00
/fslarge/scratch/users/h61084/codes/adaptime/outputs/adaptime/vanilla/univariate/current_velocity/5T/short/run_0/vanilla/manifest.json
TIME run allocation action=new run=/fslarge/scratch/users/h61084/codes/adaptime/outputs/adaptime/vanilla/univariate/current_velocity/5T/medium/run_0 launch_id=selena_adaptime_unified_20260914T204328Z_25264_vanilla slurm_job_id=3427122 launched_at=2026-09-14T20:45:20.817897+00:00
/fslarge/scratch/users/h61084/codes/adaptime/outputs/adaptime/vanilla/univariate/current_velocity/5T/medium/run_0/vanilla/manifest.json
TIME run allocation action=new run=/fslarge/scratch/users/h61084/codes/adaptime/outputs/adaptime/vanilla/univariate/current_velocity/5T/long/run_0 launch_id=selena_adaptime_unified_20260914T204328Z_25264_vanilla slurm_job_id=3427122 launched_at=2026-09-14T20:45:21.283389+00:00
/fslarge/scratch/users/h61084/codes/adaptime/outputs/adaptime/vanilla/univariate/current_velocity/5T/long/run_0/vanilla/manifest.json
TIME run allocation action=new run=/fslarge/scratch/users/h61084/codes/adaptime/outputs/adaptime/vanilla/univariate/current_velocity/10T/short/run_0 launch_id=selena_adaptime_unified_20260914T204328Z_25264_vanilla slurm_job_id=3427122 launched_at=2026-09-14T20:45:21.486456+00:00
/fslarge/scratch/users/h61084/codes/adaptime/outputs/adaptime/vanilla/univariate/current_velocity/10T/short/run_0/vanilla/manifest.json
TIME run allocation action=new run=/fslarge/scratch/users/h61084/codes/adaptime/outputs/adaptime/vanilla/univariate/current_velocity/10T/medium/run_0 launch_id=selena_adaptime_unified_20260914T204328Z_25264_vanilla slurm_job_id=3427122 launched_at=2026-09-14T20:45:55.580838+00:00
/fslarge/scratch/users/h61084/codes/adaptime/outputs/adaptime/vanilla/univariate/current_velocity/10T/medium/run_0/vanilla/manifest.json
TIME run allocation action=new run=/fslarge/scratch/users/h61084/codes/adaptime/outputs/adaptime/vanilla/univariate/current_velocity/10T/long/run_0 launch_id=selena_adaptime_unified_20260914T204328Z_25264_vanilla slurm_job_id=3427122 launched_at=2026-09-14T20:45:59.935494+00:00
/fslarge/scratch/users/h61084/codes/adaptime/outputs/adaptime/vanilla/univariate/current_velocity/10T/long/run_0/vanilla/manifest.json
TIME run allocation action=new run=/fslarge/scratch/users/h61084/codes/adaptime/outputs/adaptime/vanilla/univariate/current_velocity/15T/short/run_0 launch_id=selena_adaptime_unified_20260914T204328Z_25264_vanilla slurm_job_id=3427122 launched_at=2026-09-14T20:46:01.518805+00:00
/fslarge/scratch/users/h61084/codes/adaptime/outputs/adaptime/vanilla/univariate/current_velocity/15T/short/run_0/vanilla/manifest.json
TIME run allocation action=new run=/fslarge/scratch/users/h61084/codes/adaptime/outputs/adaptime/vanilla/univariate/current_velocity/15T/medium/run_0 launch_id=selena_adaptime_unified_20260914T204328Z_25264_vanilla slurm_job_id=3427122 launched_at=2026-09-14T20:46:15.457085+00:00
/fslarge/scratch/users/h61084/codes/adaptime/outputs/adaptime/vanilla/univariate/current_velocity/15T/medium/run_0/vanilla/manifest.json
TIME run allocation action=new run=/fslarge/scratch/users/h61084/codes/adaptime/outputs/adaptime/vanilla/univariate/current_velocity/15T/long/run_0 launch_id=selena_adaptime_unified_20260914T204328Z_25264_vanilla slurm_job_id=3427122 launched_at=2026-09-14T20:46:17.365735+00:00
/fslarge/scratch/users/h61084/codes/adaptime/outputs/adaptime/vanilla/univariate/current_velocity/15T/long/run_0/vanilla/manifest.json
TIME run allocation action=new run=/fslarge/scratch/users/h61084/codes/adaptime/outputs/adaptime/vanilla/univariate/current_velocity/20T/short/run_0 launch_id=selena_adaptime_unified_20260914T204328Z_25264_vanilla slurm_job_id=3427122 launched_at=2026-09-14T20:46:18.042213+00:00
/fslarge/scratch/users/h61084/codes/adaptime/outputs/adaptime/vanilla/univariate/current_velocity/20T/short/run_0/vanilla/manifest.json
TIME run allocation action=new run=/fslarge/scratch/users/h61084/codes/adaptime/outputs/adaptime/vanilla/univariate/current_velocity/20T/medium/run_0 launch_id=selena_adaptime_unified_20260914T204328Z_25264_vanilla slurm_job_id=3427122 launched_at=2026-09-14T20:47:46.763184+00:00
/fslarge/scratch/users/h61084/codes/adaptime/outputs/adaptime/vanilla/univariate/current_velocity/20T/medium/run_0/vanilla/manifest.json
TIME run allocation action=new run=/fslarge/scratch/users/h61084/codes/adaptime/outputs/adaptime/vanilla/univariate/current_velocity/20T/long/run_0 launch_id=selena_adaptime_unified_20260914T204328Z_25264_vanilla slurm_job_id=3427122 launched_at=2026-09-14T20:47:57.659925+00:00
/fslarge/scratch/users/h61084/codes/adaptime/outputs/adaptime/vanilla/univariate/current_velocity/20T/long/run_0/vanilla/manifest.json
TIME run allocation action=new run=/fslarge/scratch/users/h61084/codes/adaptime/outputs/adaptime/vanilla/univariate/current_velocity/H/short/run_0 launch_id=selena_adaptime_unified_20260914T204328Z_25264_vanilla slurm_job_id=3427122 launched_at=2026-09-14T20:48:01.320086+00:00
/fslarge/scratch/users/h61084/codes/adaptime/outputs/adaptime/vanilla/univariate/current_velocity/H/short/run_0/vanilla/manifest.json
TIME run allocation action=new run=/fslarge/scratch/users/h61084/codes/adaptime/outputs/adaptime/vanilla/univariate/current_velocity/H/medium/run_0 launch_id=selena_adaptime_unified_20260914T204328Z_25264_vanilla slurm_job_id=3427122 launched_at=2026-09-14T20:48:13.432391+00:00
/fslarge/scratch/users/h61084/codes/adaptime/outputs/adaptime/vanilla/univariate/current_velocity/H/medium/run_0/vanilla/manifest.json
TIME run allocation action=new run=/fslarge/scratch/users/h61084/codes/adaptime/outputs/adaptime/vanilla/univariate/current_velocity/H/long/run_0 launch_id=selena_adaptime_unified_20260914T204328Z_25264_vanilla slurm_job_id=3427122 launched_at=2026-09-14T20:48:15.297017+00:00
/fslarge/scratch/users/h61084/codes/adaptime/outputs/adaptime/vanilla/univariate/current_velocity/H/long/run_0/vanilla/manifest.json
TIME run allocation action=new run=/fslarge/scratch/users/h61084/codes/adaptime/outputs/adaptime/vanilla/univariate/CPHL/15T/short/run_0 launch_id=selena_adaptime_unified_20260914T204328Z_25264_vanilla slurm_job_id=3427122 launched_at=2026-09-14T20:48:16.254397+00:00
/fslarge/scratch/users/h61084/codes/adaptime/outputs/adaptime/vanilla/univariate/CPHL/15T/short/run_0/vanilla/manifest.json
TIME run allocation action=new run=/fslarge/scratch/users/h61084/codes/adaptime/outputs/adaptime/vanilla/univariate/CPHL/15T/medium/run_0 launch_id=selena_adaptime_unified_20260914T204328Z_25264_vanilla slurm_job_id=3427122 launched_at=2026-09-14T20:48:17.378638+00:00
/fslarge/scratch/users/h61084/codes/adaptime/outputs/adaptime/vanilla/univariate/CPHL/15T/medium/run_0/vanilla/manifest.json
TIME run allocation action=new run=/fslarge/scratch/users/h61084/codes/adaptime/outputs/adaptime/vanilla/univariate/CPHL/15T/long/run_0 launch_id=selena_adaptime_unified_20260914T204328Z_25264_vanilla slurm_job_id=3427122 launched_at=2026-09-14T20:48:17.542182+00:00
/fslarge/scratch/users/h61084/codes/adaptime/outputs/adaptime/vanilla/univariate/CPHL/15T/long/run_0/vanilla/manifest.json
TIME run allocation action=new run=/fslarge/scratch/users/h61084/codes/adaptime/outputs/adaptime/vanilla/univariate/CPHL/30T/short/run_0 launch_id=selena_adaptime_unified_20260914T204328Z_25264_vanilla slurm_job_id=3427122 launched_at=2026-09-14T20:48:17.623395+00:00
/fslarge/scratch/users/h61084/codes/adaptime/outputs/adaptime/vanilla/univariate/CPHL/30T/short/run_0/vanilla/manifest.json
TIME run allocation action=new run=/fslarge/scratch/users/h61084/codes/adaptime/outputs/adaptime/vanilla/univariate/CPHL/30T/medium/run_0 launch_id=selena_adaptime_unified_20260914T204328Z_25264_vanilla slurm_job_id=3427122 launched_at=2026-09-14T20:48:18.748174+00:00
/fslarge/scratch/users/h61084/codes/adaptime/outputs/adaptime/vanilla/univariate/CPHL/30T/medium/run_0/vanilla/manifest.json
TIME run allocation action=new run=/fslarge/scratch/users/h61084/codes/adaptime/outputs/adaptime/vanilla/univariate/CPHL/30T/long/run_0 launch_id=selena_adaptime_unified_20260914T204328Z_25264_vanilla slurm_job_id=3427122 launched_at=2026-09-14T20:48:19.044170+00:00
/fslarge/scratch/users/h61084/codes/adaptime/outputs/adaptime/vanilla/univariate/CPHL/30T/long/run_0/vanilla/manifest.json
TIME run allocation action=new run=/fslarge/scratch/users/h61084/codes/adaptime/outputs/adaptime/vanilla/univariate/CPHL/H/short/run_0 launch_id=selena_adaptime_unified_20260914T204328Z_25264_vanilla slurm_job_id=3427122 launched_at=2026-09-14T20:48:19.167040+00:00
/fslarge/scratch/users/h61084/codes/adaptime/outputs/adaptime/vanilla/univariate/CPHL/H/short/run_0/vanilla/manifest.json
TIME run allocation action=new run=/fslarge/scratch/users/h61084/codes/adaptime/outputs/adaptime/vanilla/univariate/CPHL/H/medium/run_0 launch_id=selena_adaptime_unified_20260914T204328Z_25264_vanilla slurm_job_id=3427122 launched_at=2026-09-14T20:48:20.902436+00:00
/fslarge/scratch/users/h61084/codes/adaptime/outputs/adaptime/vanilla/univariate/CPHL/H/medium/run_0/vanilla/manifest.json
TIME run allocation action=new run=/fslarge/scratch/users/h61084/codes/adaptime/outputs/adaptime/vanilla/univariate/CPHL/H/long/run_0 launch_id=selena_adaptime_unified_20260914T204328Z_25264_vanilla slurm_job_id=3427122 launched_at=2026-09-14T20:48:21.185509+00:00
/fslarge/scratch/users/h61084/codes/adaptime/outputs/adaptime/vanilla/univariate/CPHL/H/long/run_0/vanilla/manifest.json
TIME run allocation action=new run=/fslarge/scratch/users/h61084/codes/adaptime/outputs/adaptime/vanilla/univariate/Coastal_T_S/5T/short/run_0 launch_id=selena_adaptime_unified_20260914T204328Z_25264_vanilla slurm_job_id=3427122 launched_at=2026-09-14T20:48:21.358126+00:00
/fslarge/scratch/users/h61084/codes/adaptime/outputs/adaptime/vanilla/univariate/Coastal_T_S/5T/short/run_0/vanilla/manifest.json
TIME run allocation action=new run=/fslarge/scratch/users/h61084/codes/adaptime/outputs/adaptime/vanilla/univariate/Coastal_T_S/5T/medium/run_0 launch_id=selena_adaptime_unified_20260914T204328Z_25264_vanilla slurm_job_id=3427122 launched_at=2026-09-14T20:48:51.491497+00:00
/fslarge/scratch/users/h61084/codes/adaptime/outputs/adaptime/vanilla/univariate/Coastal_T_S/5T/medium/run_0/vanilla/manifest.json
TIME run allocation action=new run=/fslarge/scratch/users/h61084/codes/adaptime/outputs/adaptime/vanilla/univariate/Coastal_T_S/5T/long/run_0 launch_id=selena_adaptime_unified_20260914T204328Z_25264_vanilla slurm_job_id=3427122 launched_at=2026-09-14T20:48:55.594660+00:00
/fslarge/scratch/users/h61084/codes/adaptime/outputs/adaptime/vanilla/univariate/Coastal_T_S/5T/long/run_0/vanilla/manifest.json
TIME run allocation action=new run=/fslarge/scratch/users/h61084/codes/adaptime/outputs/adaptime/vanilla/univariate/Coastal_T_S/15T/short/run_0 launch_id=selena_adaptime_unified_20260914T204328Z_25264_vanilla slurm_job_id=3427122 launched_at=2026-09-14T20:48:57.149230+00:00
/fslarge/scratch/users/h61084/codes/adaptime/outputs/adaptime/vanilla/univariate/Coastal_T_S/15T/short/run_0/vanilla/manifest.json
TIME run allocation action=new run=/fslarge/scratch/users/h61084/codes/adaptime/outputs/adaptime/vanilla/univariate/Coastal_T_S/15T/medium/run_0 launch_id=selena_adaptime_unified_20260914T204328Z_25264_vanilla slurm_job_id=3427122 launched_at=2026-09-14T20:49:05.515520+00:00
/fslarge/scratch/users/h61084/codes/adaptime/outputs/adaptime/vanilla/univariate/Coastal_T_S/15T/medium/run_0/vanilla/manifest.json
TIME run allocation action=new run=/fslarge/scratch/users/h61084/codes/adaptime/outputs/adaptime/vanilla/univariate/Coastal_T_S/15T/long/run_0 launch_id=selena_adaptime_unified_20260914T204328Z_25264_vanilla slurm_job_id=3427122 launched_at=2026-09-14T20:49:06.664584+00:00
/fslarge/scratch/users/h61084/codes/adaptime/outputs/adaptime/vanilla/univariate/Coastal_T_S/15T/long/run_0/vanilla/manifest.json
TIME run allocation action=new run=/fslarge/scratch/users/h61084/codes/adaptime/outputs/adaptime/vanilla/univariate/Coastal_T_S/20T/short/run_0 launch_id=selena_adaptime_unified_20260914T204328Z_25264_vanilla slurm_job_id=3427122 launched_at=2026-09-14T20:49:07.076953+00:00
/fslarge/scratch/users/h61084/codes/adaptime/outputs/adaptime/vanilla/univariate/Coastal_T_S/20T/short/run_0/vanilla/manifest.json
TIME run allocation action=new run=/fslarge/scratch/users/h61084/codes/adaptime/outputs/adaptime/vanilla/univariate/Coastal_T_S/20T/medium/run_0 launch_id=selena_adaptime_unified_20260914T204328Z_25264_vanilla slurm_job_id=3427122 launched_at=2026-09-14T20:49:09.971010+00:00
/fslarge/scratch/users/h61084/codes/adaptime/outputs/adaptime/vanilla/univariate/Coastal_T_S/20T/medium/run_0/vanilla/manifest.json
TIME run allocation action=new run=/fslarge/scratch/users/h61084/codes/adaptime/outputs/adaptime/vanilla/univariate/Coastal_T_S/20T/long/run_0 launch_id=selena_adaptime_unified_20260914T204328Z_25264_vanilla slurm_job_id=3427122 launched_at=2026-09-14T20:49:10.357276+00:00
/fslarge/scratch/users/h61084/codes/adaptime/outputs/adaptime/vanilla/univariate/Coastal_T_S/20T/long/run_0/vanilla/manifest.json
TIME run allocation action=new run=/fslarge/scratch/users/h61084/codes/adaptime/outputs/adaptime/vanilla/univariate/Coastal_T_S/H/short/run_0 launch_id=selena_adaptime_unified_20260914T204328Z_25264_vanilla slurm_job_id=3427122 launched_at=2026-09-14T20:49:10.510282+00:00
/fslarge/scratch/users/h61084/codes/adaptime/outputs/adaptime/vanilla/univariate/Coastal_T_S/H/short/run_0/vanilla/manifest.json
TIME run allocation action=new run=/fslarge/scratch/users/h61084/codes/adaptime/outputs/adaptime/vanilla/univariate/Coastal_T_S/H/medium/run_0 launch_id=selena_adaptime_unified_20260914T204328Z_25264_vanilla slurm_job_id=3427122 launched_at=2026-09-14T20:49:23.623276+00:00
/fslarge/scratch/users/h61084/codes/adaptime/outputs/adaptime/vanilla/univariate/Coastal_T_S/H/medium/run_0/vanilla/manifest.json
TIME run allocation action=new run=/fslarge/scratch/users/h61084/codes/adaptime/outputs/adaptime/vanilla/univariate/Coastal_T_S/H/long/run_0 launch_id=selena_adaptime_unified_20260914T204328Z_25264_vanilla slurm_job_id=3427122 launched_at=2026-09-14T20:49:25.521588+00:00
/fslarge/scratch/users/h61084/codes/adaptime/outputs/adaptime/vanilla/univariate/Coastal_T_S/H/long/run_0/vanilla/manifest.json
TIME run allocation action=new run=/fslarge/scratch/users/h61084/codes/adaptime/outputs/adaptime/vanilla/univariate/SG_Weather/D/short/run_0 launch_id=selena_adaptime_unified_20260914T204328Z_25264_vanilla slurm_job_id=3427122 launched_at=2026-09-14T20:49:26.511576+00:00
/fslarge/scratch/users/h61084/codes/adaptime/outputs/adaptime/vanilla/univariate/SG_Weather/D/short/run_0/vanilla/manifest.json
TIME run allocation action=new run=/fslarge/scratch/users/h61084/codes/adaptime/outputs/adaptime/vanilla/univariate/SG_Weather/D/medium/run_0 launch_id=selena_adaptime_unified_20260914T204328Z_25264_vanilla slurm_job_id=3427122 launched_at=2026-09-14T20:49:32.347737+00:00
/fslarge/scratch/users/h61084/codes/adaptime/outputs/adaptime/vanilla/univariate/SG_Weather/D/medium/run_0/vanilla/manifest.json
TIME run allocation action=new run=/fslarge/scratch/users/h61084/codes/adaptime/outputs/adaptime/vanilla/univariate/SG_Weather/D/long/run_0 launch_id=selena_adaptime_unified_20260914T204328Z_25264_vanilla slurm_job_id=3427122 launched_at=2026-09-14T20:49:34.848294+00:00
/fslarge/scratch/users/h61084/codes/adaptime/outputs/adaptime/vanilla/univariate/SG_Weather/D/long/run_0/vanilla/manifest.json
TIME run allocation action=new run=/fslarge/scratch/users/h61084/codes/adaptime/outputs/adaptime/vanilla/univariate/SG_PM25/H/short/run_0 launch_id=selena_adaptime_unified_20260914T204328Z_25264_vanilla slurm_job_id=3427122 launched_at=2026-09-14T20:49:36.111404+00:00
/fslarge/scratch/users/h61084/codes/adaptime/outputs/adaptime/vanilla/univariate/SG_PM25/H/short/run_0/vanilla/manifest.json
TIME run allocation action=new run=/fslarge/scratch/users/h61084/codes/adaptime/outputs/adaptime/vanilla/univariate/SG_PM25/H/medium/run_0 launch_id=selena_adaptime_unified_20260914T204328Z_25264_vanilla slurm_job_id=3427122 launched_at=2026-09-14T20:49:38.265679+00:00
/fslarge/scratch/users/h61084/codes/adaptime/outputs/adaptime/vanilla/univariate/SG_PM25/H/medium/run_0/vanilla/manifest.json
TIME run allocation action=new run=/fslarge/scratch/users/h61084/codes/adaptime/outputs/adaptime/vanilla/univariate/SG_PM25/H/long/run_0 launch_id=selena_adaptime_unified_20260914T204328Z_25264_vanilla slurm_job_id=3427122 launched_at=2026-09-14T20:49:38.992337+00:00
/fslarge/scratch/users/h61084/codes/adaptime/outputs/adaptime/vanilla/univariate/SG_PM25/H/long/run_0/vanilla/manifest.json
TIME run allocation action=new run=/fslarge/scratch/users/h61084/codes/adaptime/outputs/adaptime/vanilla/univariate/NE_China_Wind/H/short/run_0 launch_id=selena_adaptime_unified_20260914T204328Z_25264_vanilla slurm_job_id=3427122 launched_at=2026-09-14T20:49:39.349974+00:00
/fslarge/scratch/users/h61084/codes/adaptime/outputs/adaptime/vanilla/univariate/NE_China_Wind/H/short/run_0/vanilla/manifest.json
TIME run allocation action=new run=/fslarge/scratch/users/h61084/codes/adaptime/outputs/adaptime/vanilla/univariate/NE_China_Wind/H/medium/run_0 launch_id=selena_adaptime_unified_20260914T204328Z_25264_vanilla slurm_job_id=3427122 launched_at=2026-09-14T20:49:39.984856+00:00
/fslarge/scratch/users/h61084/codes/adaptime/outputs/adaptime/vanilla/univariate/NE_China_Wind/H/medium/run_0/vanilla/manifest.json
TIME run allocation action=new run=/fslarge/scratch/users/h61084/codes/adaptime/outputs/adaptime/vanilla/univariate/NE_China_Wind/H/long/run_0 launch_id=selena_adaptime_unified_20260914T204328Z_25264_vanilla slurm_job_id=3427122 launched_at=2026-09-14T20:49:40.231404+00:00
/fslarge/scratch/users/h61084/codes/adaptime/outputs/adaptime/vanilla/univariate/NE_China_Wind/H/long/run_0/vanilla/manifest.json
TIME run allocation action=new run=/fslarge/scratch/users/h61084/codes/adaptime/outputs/adaptime/vanilla/univariate/Australia_Solar/H/short/run_0 launch_id=selena_adaptime_unified_20260914T204328Z_25264_vanilla slurm_job_id=3427122 launched_at=2026-09-14T20:49:40.352968+00:00
/fslarge/scratch/users/h61084/codes/adaptime/outputs/adaptime/vanilla/univariate/Australia_Solar/H/short/run_0/vanilla/manifest.json
TIME run allocation action=new run=/fslarge/scratch/users/h61084/codes/adaptime/outputs/adaptime/vanilla/univariate/Australia_Solar/H/medium/run_0 launch_id=selena_adaptime_unified_20260914T204328Z_25264_vanilla slurm_job_id=3427122 launched_at=2026-09-14T20:49:41.824735+00:00
/fslarge/scratch/users/h61084/codes/adaptime/outputs/adaptime/vanilla/univariate/Australia_Solar/H/medium/run_0/vanilla/manifest.json
TIME run allocation action=new run=/fslarge/scratch/users/h61084/codes/adaptime/outputs/adaptime/vanilla/univariate/Australia_Solar/H/long/run_0 launch_id=selena_adaptime_unified_20260914T204328Z_25264_vanilla slurm_job_id=3427122 launched_at=2026-09-14T20:49:42.330236+00:00
/fslarge/scratch/users/h61084/codes/adaptime/outputs/adaptime/vanilla/univariate/Australia_Solar/H/long/run_0/vanilla/manifest.json
TIME run allocation action=new run=/fslarge/scratch/users/h61084/codes/adaptime/outputs/adaptime/vanilla/univariate/epf_electricity_price/H/short/run_0 launch_id=selena_adaptime_unified_20260914T204328Z_25264_vanilla slurm_job_id=3427122 launched_at=2026-09-14T20:49:42.575519+00:00
/fslarge/scratch/users/h61084/codes/adaptime/outputs/adaptime/vanilla/univariate/epf_electricity_price/H/short/run_0/vanilla/manifest.json
TIME run allocation action=new run=/fslarge/scratch/users/h61084/codes/adaptime/outputs/adaptime/vanilla/univariate/epf_electricity_price/H/medium/run_0 launch_id=selena_adaptime_unified_20260914T204328Z_25264_vanilla slurm_job_id=3427122 launched_at=2026-09-14T20:49:45.048864+00:00
/fslarge/scratch/users/h61084/codes/adaptime/outputs/adaptime/vanilla/univariate/epf_electricity_price/H/medium/run_0/vanilla/manifest.json
TIME run allocation action=new run=/fslarge/scratch/users/h61084/codes/adaptime/outputs/adaptime/vanilla/univariate/epf_electricity_price/H/long/run_0 launch_id=selena_adaptime_unified_20260914T204328Z_25264_vanilla slurm_job_id=3427122 launched_at=2026-09-14T20:49:45.886176+00:00
/fslarge/scratch/users/h61084/codes/adaptime/outputs/adaptime/vanilla/univariate/epf_electricity_price/H/long/run_0/vanilla/manifest.json
TIME run allocation action=new run=/fslarge/scratch/users/h61084/codes/adaptime/outputs/adaptime/vanilla/univariate/OpenElectricity_NEM/5T/short/run_0 launch_id=selena_adaptime_unified_20260914T204328Z_25264_vanilla slurm_job_id=3427122 launched_at=2026-09-14T20:49:46.404629+00:00
/fslarge/scratch/users/h61084/codes/adaptime/outputs/adaptime/vanilla/univariate/OpenElectricity_NEM/5T/short/run_0/vanilla/manifest.json
TIME run allocation action=new run=/fslarge/scratch/users/h61084/codes/adaptime/outputs/adaptime/vanilla/univariate/OpenElectricity_NEM/5T/medium/run_0 launch_id=selena_adaptime_unified_20260914T204328Z_25264_vanilla slurm_job_id=3427122 launched_at=2026-09-14T20:49:54.221210+00:00
/fslarge/scratch/users/h61084/codes/adaptime/outputs/adaptime/vanilla/univariate/OpenElectricity_NEM/5T/medium/run_0/vanilla/manifest.json
TIME run allocation action=new run=/fslarge/scratch/users/h61084/codes/adaptime/outputs/adaptime/vanilla/univariate/OpenElectricity_NEM/5T/long/run_0 launch_id=selena_adaptime_unified_20260914T204328Z_25264_vanilla slurm_job_id=3427122 launched_at=2026-09-14T20:49:56.233212+00:00
/fslarge/scratch/users/h61084/codes/adaptime/outputs/adaptime/vanilla/univariate/OpenElectricity_NEM/5T/long/run_0/vanilla/manifest.json
TIME run allocation action=new run=/fslarge/scratch/users/h61084/codes/adaptime/outputs/adaptime/vanilla/univariate/EWELD_Load/15T/short/run_0 launch_id=selena_adaptime_unified_20260914T204328Z_25264_vanilla slurm_job_id=3427122 launched_at=2026-09-14T20:49:56.961272+00:00
/fslarge/scratch/users/h61084/codes/adaptime/outputs/adaptime/vanilla/univariate/EWELD_Load/15T/short/run_0/vanilla/manifest.json
TIME run allocation action=new run=/fslarge/scratch/users/h61084/codes/adaptime/outputs/adaptime/vanilla/univariate/EWELD_Load/15T/medium/run_0 launch_id=selena_adaptime_unified_20260914T204328Z_25264_vanilla slurm_job_id=3427122 launched_at=2026-09-14T20:49:59.599138+00:00
/fslarge/scratch/users/h61084/codes/adaptime/outputs/adaptime/vanilla/univariate/EWELD_Load/15T/medium/run_0/vanilla/manifest.json
TIME run allocation action=new run=/fslarge/scratch/users/h61084/codes/adaptime/outputs/adaptime/vanilla/univariate/EWELD_Load/15T/long/run_0 launch_id=selena_adaptime_unified_20260914T204328Z_25264_vanilla slurm_job_id=3427122 launched_at=2026-09-14T20:50:00.286524+00:00
/fslarge/scratch/users/h61084/codes/adaptime/outputs/adaptime/vanilla/univariate/EWELD_Load/15T/long/run_0/vanilla/manifest.json
TIME run allocation action=new run=/fslarge/scratch/users/h61084/codes/adaptime/outputs/adaptime/vanilla/univariate/SG_Carpark/15T/short/run_0 launch_id=selena_adaptime_unified_20260914T204328Z_25264_vanilla slurm_job_id=3427122 launched_at=2026-09-14T20:50:00.424113+00:00
/fslarge/scratch/users/h61084/codes/adaptime/outputs/adaptime/vanilla/univariate/SG_Carpark/15T/short/run_0/vanilla/manifest.json
TIME run allocation action=new run=/fslarge/scratch/users/h61084/codes/adaptime/outputs/adaptime/vanilla/univariate/SG_Carpark/15T/medium/run_0 launch_id=selena_adaptime_unified_20260914T204328Z_25264_vanilla slurm_job_id=3427122 launched_at=2026-09-14T20:51:09.651823+00:00
/fslarge/scratch/users/h61084/codes/adaptime/outputs/adaptime/vanilla/univariate/SG_Carpark/15T/medium/run_0/vanilla/manifest.json
TIME run allocation action=new run=/fslarge/scratch/users/h61084/codes/adaptime/outputs/adaptime/vanilla/univariate/SG_Carpark/15T/long/run_0 launch_id=selena_adaptime_unified_20260914T204328Z_25264_vanilla slurm_job_id=3427122 launched_at=2026-09-14T20:51:21.332566+00:00
/fslarge/scratch/users/h61084/codes/adaptime/outputs/adaptime/vanilla/univariate/SG_Carpark/15T/long/run_0/vanilla/manifest.json
TIME run allocation action=new run=/fslarge/scratch/users/h61084/codes/adaptime/outputs/adaptime/vanilla/univariate/Finland_Traffic/15T/short/run_0 launch_id=selena_adaptime_unified_20260914T204328Z_25264_vanilla slurm_job_id=3427122 launched_at=2026-09-14T20:51:23.341085+00:00
/fslarge/scratch/users/h61084/codes/adaptime/outputs/adaptime/vanilla/univariate/Finland_Traffic/15T/short/run_0/vanilla/manifest.json
TIME run allocation action=new run=/fslarge/scratch/users/h61084/codes/adaptime/outputs/adaptime/vanilla/univariate/Finland_Traffic/15T/medium/run_0 launch_id=selena_adaptime_unified_20260914T204328Z_25264_vanilla slurm_job_id=3427122 launched_at=2026-09-14T20:51:24.217384+00:00
/fslarge/scratch/users/h61084/codes/adaptime/outputs/adaptime/vanilla/univariate/Finland_Traffic/15T/medium/run_0/vanilla/manifest.json
TIME run allocation action=new run=/fslarge/scratch/users/h61084/codes/adaptime/outputs/adaptime/vanilla/univariate/Finland_Traffic/15T/long/run_0 launch_id=selena_adaptime_unified_20260914T204328Z_25264_vanilla slurm_job_id=3427122 launched_at=2026-09-14T20:51:24.388509+00:00
/fslarge/scratch/users/h61084/codes/adaptime/outputs/adaptime/vanilla/univariate/Finland_Traffic/15T/long/run_0/vanilla/manifest.json
TIME run allocation action=new run=/fslarge/scratch/users/h61084/codes/adaptime/outputs/adaptime/vanilla/univariate/Port_Activity/D/short/run_0 launch_id=selena_adaptime_unified_20260914T204328Z_25264_vanilla slurm_job_id=3427122 launched_at=2026-09-14T20:51:24.452555+00:00
/fslarge/scratch/users/h61084/codes/adaptime/outputs/adaptime/vanilla/univariate/Port_Activity/D/short/run_0/vanilla/manifest.json
TIME run allocation action=new run=/fslarge/scratch/users/h61084/codes/adaptime/outputs/adaptime/vanilla/univariate/Port_Activity/W/short/run_0 launch_id=selena_adaptime_unified_20260914T204328Z_25264_vanilla slurm_job_id=3427122 launched_at=2026-09-14T20:51:27.679383+00:00
/fslarge/scratch/users/h61084/codes/adaptime/outputs/adaptime/vanilla/univariate/Port_Activity/W/short/run_0/vanilla/manifest.json
TIME run allocation action=new run=/fslarge/scratch/users/h61084/codes/adaptime/outputs/adaptime/vanilla/univariate/ECDC_COVID/D/short/run_0 launch_id=selena_adaptime_unified_20260914T204328Z_25264_vanilla slurm_job_id=3427122 launched_at=2026-09-14T20:51:28.082682+00:00
/fslarge/scratch/users/h61084/codes/adaptime/outputs/adaptime/vanilla/univariate/ECDC_COVID/D/short/run_0/vanilla/manifest.json
TIME run allocation action=new run=/fslarge/scratch/users/h61084/codes/adaptime/outputs/adaptime/vanilla/univariate/ECDC_COVID/W/short/run_0 launch_id=selena_adaptime_unified_20260914T204328Z_25264_vanilla slurm_job_id=3427122 launched_at=2026-09-14T20:51:28.928717+00:00
/fslarge/scratch/users/h61084/codes/adaptime/outputs/adaptime/vanilla/univariate/ECDC_COVID/W/short/run_0/vanilla/manifest.json
TIME run allocation action=new run=/fslarge/scratch/users/h61084/codes/adaptime/outputs/adaptime/vanilla/univariate/Global_Influenza/W/short/run_0 launch_id=selena_adaptime_unified_20260914T204328Z_25264_vanilla slurm_job_id=3427122 launched_at=2026-09-14T20:51:29.746726+00:00
/fslarge/scratch/users/h61084/codes/adaptime/outputs/adaptime/vanilla/univariate/Global_Influenza/W/short/run_0/vanilla/manifest.json
TIME run allocation action=new run=/fslarge/scratch/users/h61084/codes/adaptime/outputs/adaptime/vanilla/univariate/Crypto/D/short/run_0 launch_id=selena_adaptime_unified_20260914T204328Z_25264_vanilla slurm_job_id=3427122 launched_at=2026-09-14T20:51:30.242204+00:00
/fslarge/scratch/users/h61084/codes/adaptime/outputs/adaptime/vanilla/univariate/Crypto/D/short/run_0/vanilla/manifest.json
TIME run allocation action=new run=/fslarge/scratch/users/h61084/codes/adaptime/outputs/adaptime/vanilla/univariate/US_Term_Structure/B/short/run_0 launch_id=selena_adaptime_unified_20260914T204328Z_25264_vanilla slurm_job_id=3427122 launched_at=2026-09-14T20:51:30.445569+00:00
/fslarge/scratch/users/h61084/codes/adaptime/outputs/adaptime/vanilla/univariate/US_Term_Structure/B/short/run_0/vanilla/manifest.json
TIME run allocation action=new run=/fslarge/scratch/users/h61084/codes/adaptime/outputs/adaptime/vanilla/univariate/Oil_Price/B/short/run_0 launch_id=selena_adaptime_unified_20260914T204328Z_25264_vanilla slurm_job_id=3427122 launched_at=2026-09-14T20:51:36.960763+00:00
/fslarge/scratch/users/h61084/codes/adaptime/outputs/adaptime/vanilla/univariate/Oil_Price/B/short/run_0/vanilla/manifest.json
TIME run allocation action=new run=/fslarge/scratch/users/h61084/codes/adaptime/outputs/adaptime/vanilla/univariate/Job_Claims/W/short/run_0 launch_id=selena_adaptime_unified_20260914T204328Z_25264_vanilla slurm_job_id=3427122 launched_at=2026-09-14T20:51:38.340285+00:00
/fslarge/scratch/users/h61084/codes/adaptime/outputs/adaptime/vanilla/univariate/Job_Claims/W/short/run_0/vanilla/manifest.json
TIME run allocation action=new run=/fslarge/scratch/users/h61084/codes/adaptime/outputs/adaptime/vanilla/univariate/Uncertainty_1M/M/short/run_0 launch_id=selena_adaptime_unified_20260914T204328Z_25264_vanilla slurm_job_id=3427122 launched_at=2026-09-14T20:51:38.447178+00:00
/fslarge/scratch/users/h61084/codes/adaptime/outputs/adaptime/vanilla/univariate/Uncertainty_1M/M/short/run_0/vanilla/manifest.json
TIME run allocation action=new run=/fslarge/scratch/users/h61084/codes/adaptime/outputs/adaptime/vanilla/univariate/Housing_Inventory/M/short/run_0 launch_id=selena_adaptime_unified_20260914T204328Z_25264_vanilla slurm_job_id=3427122 launched_at=2026-09-14T20:51:38.614523+00:00
/fslarge/scratch/users/h61084/codes/adaptime/outputs/adaptime/vanilla/univariate/Housing_Inventory/M/short/run_0/vanilla/manifest.json
TIME run allocation action=new run=/fslarge/scratch/users/h61084/codes/adaptime/outputs/adaptime/vanilla/univariate/JOLTS/M/short/run_0 launch_id=selena_adaptime_unified_20260914T204328Z_25264_vanilla slurm_job_id=3427122 launched_at=2026-09-14T20:51:38.703332+00:00
/fslarge/scratch/users/h61084/codes/adaptime/outputs/adaptime/vanilla/univariate/JOLTS/M/short/run_0/vanilla/manifest.json
TIME run allocation action=new run=/fslarge/scratch/users/h61084/codes/adaptime/outputs/adaptime/vanilla/univariate/US_Labor/M/short/run_0 launch_id=selena_adaptime_unified_20260914T204328Z_25264_vanilla slurm_job_id=3427122 launched_at=2026-09-14T20:51:38.829351+00:00
/fslarge/scratch/users/h61084/codes/adaptime/outputs/adaptime/vanilla/univariate/US_Labor/M/short/run_0/vanilla/manifest.json
TIME run allocation action=new run=/fslarge/scratch/users/h61084/codes/adaptime/outputs/adaptime/vanilla/univariate/Vehicle_Supply/M/short/run_0 launch_id=selena_adaptime_unified_20260914T204328Z_25264_vanilla slurm_job_id=3427122 launched_at=2026-09-14T20:51:38.960258+00:00
/fslarge/scratch/users/h61084/codes/adaptime/outputs/adaptime/vanilla/univariate/Vehicle_Supply/M/short/run_0/vanilla/manifest.json
TIME run allocation action=new run=/fslarge/scratch/users/h61084/codes/adaptime/outputs/adaptime/vanilla/univariate/Auto_Production_SF/M/short/run_0 launch_id=selena_adaptime_unified_20260914T204328Z_25264_vanilla slurm_job_id=3427122 launched_at=2026-09-14T20:51:39.087551+00:00
/fslarge/scratch/users/h61084/codes/adaptime/outputs/adaptime/vanilla/univariate/Auto_Production_SF/M/short/run_0/vanilla/manifest.json
TIME run allocation action=new run=/fslarge/scratch/users/h61084/codes/adaptime/outputs/adaptime/vanilla/univariate/Commodity_Production/M/short/run_0 launch_id=selena_adaptime_unified_20260914T204328Z_25264_vanilla slurm_job_id=3427122 launched_at=2026-09-14T20:51:39.208728+00:00
/fslarge/scratch/users/h61084/codes/adaptime/outputs/adaptime/vanilla/univariate/Commodity_Production/M/short/run_0/vanilla/manifest.json
TIME run allocation action=new run=/fslarge/scratch/users/h61084/codes/adaptime/outputs/adaptime/vanilla/univariate/Commodity_Import/M/short/run_0 launch_id=selena_adaptime_unified_20260914T204328Z_25264_vanilla slurm_job_id=3427122 launched_at=2026-09-14T20:51:41.517498+00:00
/fslarge/scratch/users/h61084/codes/adaptime/outputs/adaptime/vanilla/univariate/Commodity_Import/M/short/run_0/vanilla/manifest.json
TIME run allocation action=new run=/fslarge/scratch/users/h61084/codes/adaptime/outputs/adaptime/vanilla/univariate/WUI_Global/Q/short/run_0 launch_id=selena_adaptime_unified_20260914T204328Z_25264_vanilla slurm_job_id=3427122 launched_at=2026-09-14T20:51:42.127520+00:00
/fslarge/scratch/users/h61084/codes/adaptime/outputs/adaptime/vanilla/univariate/WUI_Global/Q/short/run_0/vanilla/manifest.json
TIME run allocation action=new run=/fslarge/scratch/users/h61084/codes/adaptime/outputs/adaptime/vanilla/univariate/Global_Price/Q/short/run_0 launch_id=selena_adaptime_unified_20260914T204328Z_25264_vanilla slurm_job_id=3427122 launched_at=2026-09-14T20:51:42.261592+00:00
/fslarge/scratch/users/h61084/codes/adaptime/outputs/adaptime/vanilla/univariate/Global_Price/Q/short/run_0/vanilla/manifest.json
TIME run allocation action=new run=/fslarge/scratch/users/h61084/codes/adaptime/outputs/adaptime/vanilla/univariate/Vehicle_Sales/M/short/run_0 launch_id=selena_adaptime_unified_20260914T204328Z_25264_vanilla slurm_job_id=3427122 launched_at=2026-09-14T20:51:42.403138+00:00
/fslarge/scratch/users/h61084/codes/adaptime/outputs/adaptime/vanilla/univariate/Vehicle_Sales/M/short/run_0/vanilla/manifest.json
TIME run allocation action=new run=/fslarge/scratch/users/h61084/codes/adaptime/outputs/adaptime/vanilla/univariate/Online_Retail_2_UCI/D/short/run_0 launch_id=selena_adaptime_unified_20260914T204328Z_25264_vanilla slurm_job_id=3427122 launched_at=2026-09-14T20:51:42.535076+00:00
/fslarge/scratch/users/h61084/codes/adaptime/outputs/adaptime/vanilla/univariate/Online_Retail_2_UCI/D/short/run_0/vanilla/manifest.json
TIME run allocation action=new run=/fslarge/scratch/users/h61084/codes/adaptime/outputs/adaptime/vanilla/univariate/Supply_Chain_Customer/D/short/run_0 launch_id=selena_adaptime_unified_20260914T204328Z_25264_vanilla slurm_job_id=3427122 launched_at=2026-09-14T20:51:42.680368+00:00
/fslarge/scratch/users/h61084/codes/adaptime/outputs/adaptime/vanilla/univariate/Supply_Chain_Customer/D/short/run_0/vanilla/manifest.json
TIME run allocation action=new run=/fslarge/scratch/users/h61084/codes/adaptime/outputs/adaptime/vanilla/univariate/Supply_Chain_Location/D/short/run_0 launch_id=selena_adaptime_unified_20260914T204328Z_25264_vanilla slurm_job_id=3427122 launched_at=2026-09-14T20:51:43.251477+00:00
/fslarge/scratch/users/h61084/codes/adaptime/outputs/adaptime/vanilla/univariate/Supply_Chain_Location/D/short/run_0/vanilla/manifest.json
TIME run allocation action=new run=/fslarge/scratch/users/h61084/codes/adaptime/outputs/adaptime/vanilla/univariate/azure2019_D/5T/short/run_0 launch_id=selena_adaptime_unified_20260914T204328Z_25264_vanilla slurm_job_id=3427122 launched_at=2026-09-14T20:51:44.003258+00:00
/fslarge/scratch/users/h61084/codes/adaptime/outputs/adaptime/vanilla/univariate/azure2019_D/5T/short/run_0/vanilla/manifest.json
TIME run allocation action=new run=/fslarge/scratch/users/h61084/codes/adaptime/outputs/adaptime/vanilla/univariate/azure2019_I/5T/short/run_0 launch_id=selena_adaptime_unified_20260914T204328Z_25264_vanilla slurm_job_id=3427122 launched_at=2026-09-14T20:52:30.245647+00:00
/fslarge/scratch/users/h61084/codes/adaptime/outputs/adaptime/vanilla/univariate/azure2019_I/5T/short/run_0/vanilla/manifest.json
TIME run allocation action=new run=/fslarge/scratch/users/h61084/codes/adaptime/outputs/adaptime/vanilla/univariate/azure2019_U/5T/short/run_0 launch_id=selena_adaptime_unified_20260914T204328Z_25264_vanilla slurm_job_id=3427122 launched_at=2026-09-14T20:52:52.909418+00:00
/fslarge/scratch/users/h61084/codes/adaptime/outputs/adaptime/vanilla/univariate/azure2019_U/5T/short/run_0/vanilla/manifest.json
TIME run allocation action=new run=/fslarge/scratch/users/h61084/codes/adaptime/outputs/adaptime/vanilla/univariate/Smart_Manufacturing/H/short/run_0 launch_id=selena_adaptime_unified_20260914T204328Z_25264_vanilla slurm_job_id=3427122 launched_at=2026-09-14T20:53:00.472724+00:00
/fslarge/scratch/users/h61084/codes/adaptime/outputs/adaptime/vanilla/univariate/Smart_Manufacturing/H/short/run_0/vanilla/manifest.json
TIME run allocation action=new run=/fslarge/scratch/users/h61084/codes/adaptime/outputs/adaptime/vanilla/univariate/Smart_Manufacturing/H/medium/run_0 launch_id=selena_adaptime_unified_20260914T204328Z_25264_vanilla slurm_job_id=3427122 launched_at=2026-09-14T20:53:03.829181+00:00
/fslarge/scratch/users/h61084/codes/adaptime/outputs/adaptime/vanilla/univariate/Smart_Manufacturing/H/medium/run_0/vanilla/manifest.json
TIME run allocation action=new run=/fslarge/scratch/users/h61084/codes/adaptime/outputs/adaptime/vanilla/univariate/Smart_Manufacturing/H/long/run_0 launch_id=selena_adaptime_unified_20260914T204328Z_25264_vanilla slurm_job_id=3427122 launched_at=2026-09-14T20:53:04.343813+00:00
/fslarge/scratch/users/h61084/codes/adaptime/outputs/adaptime/vanilla/univariate/Smart_Manufacturing/H/long/run_0/vanilla/manifest.json
TIME run allocation action=new run=/fslarge/scratch/users/h61084/codes/adaptime/outputs/adaptime/vanilla/univariate/MetroPT-3/5T/short/run_0 launch_id=selena_adaptime_unified_20260914T204328Z_25264_vanilla slurm_job_id=3427122 launched_at=2026-09-14T20:53:04.629808+00:00
/fslarge/scratch/users/h61084/codes/adaptime/outputs/adaptime/vanilla/univariate/MetroPT-3/5T/short/run_0/vanilla/manifest.json
TIME run allocation action=new run=/fslarge/scratch/users/h61084/codes/adaptime/outputs/adaptime/vanilla/univariate/MetroPT-3/5T/medium/run_0 launch_id=selena_adaptime_unified_20260914T204328Z_25264_vanilla slurm_job_id=3427122 launched_at=2026-09-14T20:53:05.660395+00:00
/fslarge/scratch/users/h61084/codes/adaptime/outputs/adaptime/vanilla/univariate/MetroPT-3/5T/medium/run_0/vanilla/manifest.json
TIME run allocation action=new run=/fslarge/scratch/users/h61084/codes/adaptime/outputs/adaptime/vanilla/univariate/MetroPT-3/5T/long/run_0 launch_id=selena_adaptime_unified_20260914T204328Z_25264_vanilla slurm_job_id=3427122 launched_at=2026-09-14T20:53:05.870918+00:00
/fslarge/scratch/users/h61084/codes/adaptime/outputs/adaptime/vanilla/univariate/MetroPT-3/5T/long/run_0/vanilla/manifest.json
2026-09-14 22:53:07 | task TIME-wide Adaptime method=vanilla stage=vanilla completed status=success
2026-09-14 22:53:07 | stage vanilla completed status=success
2026-09-14 22:53:07 | workflow adaptime completed status=success exit_code=0
