2026-09-15 17:34:32 | workflow adaptime started launch_id=selena_adaptime_unified_20260915T153415Z_57382_vanilla task=vanilla_vanilla slurm_job_id=3437178 slurm_array_job_id=none slurm_array_task_id=none
2026-09-15 17:34:32 | stage vanilla started
2026-09-15 17:34:32 | task TIME-wide Adaptime method=vanilla stage=vanilla started
TIME run allocation action=skip run=/fslarge/scratch/users/h61084/codes/adaptime/outputs/adaptime/vanilla/univariate/Water_Quality_Darwin/15T/short/run_0 source_launch=selena_adaptime_unified_20260914T204328Z_25264_vanilla launch_id=selena_adaptime_unified_20260915T153415Z_57382_vanilla slurm_job_id=3437178 launched_at=2026-09-15T15:34:36.343384+00:00
/fslarge/scratch/users/h61084/codes/adaptime/outputs/adaptime/vanilla/univariate/Water_Quality_Darwin/15T/short/run_0/vanilla/manifest.json
TIME run allocation action=skip run=/fslarge/scratch/users/h61084/codes/adaptime/outputs/adaptime/vanilla/univariate/Water_Quality_Darwin/15T/medium/run_0 source_launch=selena_adaptime_unified_20260914T204328Z_25264_vanilla launch_id=selena_adaptime_unified_20260915T153415Z_57382_vanilla slurm_job_id=3437178 launched_at=2026-09-15T15:34:36.350800+00:00
/fslarge/scratch/users/h61084/codes/adaptime/outputs/adaptime/vanilla/univariate/Water_Quality_Darwin/15T/medium/run_0/vanilla/manifest.json
TIME run allocation action=skip run=/fslarge/scratch/users/h61084/codes/adaptime/outputs/adaptime/vanilla/univariate/Water_Quality_Darwin/15T/long/run_0 source_launch=selena_adaptime_unified_20260914T204328Z_25264_vanilla launch_id=selena_adaptime_unified_20260915T153415Z_57382_vanilla slurm_job_id=3437178 launched_at=2026-09-15T15:34:36.357637+00:00
/fslarge/scratch/users/h61084/codes/adaptime/outputs/adaptime/vanilla/univariate/Water_Quality_Darwin/15T/long/run_0/vanilla/manifest.json
TIME run allocation action=skip run=/fslarge/scratch/users/h61084/codes/adaptime/outputs/adaptime/vanilla/univariate/current_velocity/5T/short/run_0 source_launch=selena_adaptime_unified_20260914T204328Z_25264_vanilla launch_id=selena_adaptime_unified_20260915T153415Z_57382_vanilla slurm_job_id=3437178 launched_at=2026-09-15T15:34:36.364441+00:00
/fslarge/scratch/users/h61084/codes/adaptime/outputs/adaptime/vanilla/univariate/current_velocity/5T/short/run_0/vanilla/manifest.json
TIME run allocation action=skip run=/fslarge/scratch/users/h61084/codes/adaptime/outputs/adaptime/vanilla/univariate/current_velocity/5T/medium/run_0 source_launch=selena_adaptime_unified_20260914T204328Z_25264_vanilla launch_id=selena_adaptime_unified_20260915T153415Z_57382_vanilla slurm_job_id=3437178 launched_at=2026-09-15T15:34:36.371702+00:00
/fslarge/scratch/users/h61084/codes/adaptime/outputs/adaptime/vanilla/univariate/current_velocity/5T/medium/run_0/vanilla/manifest.json
TIME run allocation action=skip run=/fslarge/scratch/users/h61084/codes/adaptime/outputs/adaptime/vanilla/univariate/current_velocity/5T/long/run_0 source_launch=selena_adaptime_unified_20260914T204328Z_25264_vanilla launch_id=selena_adaptime_unified_20260915T153415Z_57382_vanilla slurm_job_id=3437178 launched_at=2026-09-15T15:34:36.378398+00:00
/fslarge/scratch/users/h61084/codes/adaptime/outputs/adaptime/vanilla/univariate/current_velocity/5T/long/run_0/vanilla/manifest.json
TIME run allocation action=skip run=/fslarge/scratch/users/h61084/codes/adaptime/outputs/adaptime/vanilla/univariate/current_velocity/10T/short/run_0 source_launch=selena_adaptime_unified_20260914T204328Z_25264_vanilla launch_id=selena_adaptime_unified_20260915T153415Z_57382_vanilla slurm_job_id=3437178 launched_at=2026-09-15T15:34:36.385136+00:00
/fslarge/scratch/users/h61084/codes/adaptime/outputs/adaptime/vanilla/univariate/current_velocity/10T/short/run_0/vanilla/manifest.json
TIME run allocation action=skip run=/fslarge/scratch/users/h61084/codes/adaptime/outputs/adaptime/vanilla/univariate/current_velocity/10T/medium/run_0 source_launch=selena_adaptime_unified_20260914T204328Z_25264_vanilla launch_id=selena_adaptime_unified_20260915T153415Z_57382_vanilla slurm_job_id=3437178 launched_at=2026-09-15T15:34:36.391646+00:00
/fslarge/scratch/users/h61084/codes/adaptime/outputs/adaptime/vanilla/univariate/current_velocity/10T/medium/run_0/vanilla/manifest.json
TIME run allocation action=skip run=/fslarge/scratch/users/h61084/codes/adaptime/outputs/adaptime/vanilla/univariate/current_velocity/10T/long/run_0 source_launch=selena_adaptime_unified_20260914T204328Z_25264_vanilla launch_id=selena_adaptime_unified_20260915T153415Z_57382_vanilla slurm_job_id=3437178 launched_at=2026-09-15T15:34:36.398401+00:00
/fslarge/scratch/users/h61084/codes/adaptime/outputs/adaptime/vanilla/univariate/current_velocity/10T/long/run_0/vanilla/manifest.json
TIME run allocation action=skip run=/fslarge/scratch/users/h61084/codes/adaptime/outputs/adaptime/vanilla/univariate/current_velocity/15T/short/run_0 source_launch=selena_adaptime_unified_20260914T204328Z_25264_vanilla launch_id=selena_adaptime_unified_20260915T153415Z_57382_vanilla slurm_job_id=3437178 launched_at=2026-09-15T15:34:36.405064+00:00
/fslarge/scratch/users/h61084/codes/adaptime/outputs/adaptime/vanilla/univariate/current_velocity/15T/short/run_0/vanilla/manifest.json
TIME run allocation action=skip run=/fslarge/scratch/users/h61084/codes/adaptime/outputs/adaptime/vanilla/univariate/current_velocity/15T/medium/run_0 source_launch=selena_adaptime_unified_20260914T204328Z_25264_vanilla launch_id=selena_adaptime_unified_20260915T153415Z_57382_vanilla slurm_job_id=3437178 launched_at=2026-09-15T15:34:36.411801+00:00
/fslarge/scratch/users/h61084/codes/adaptime/outputs/adaptime/vanilla/univariate/current_velocity/15T/medium/run_0/vanilla/manifest.json
TIME run allocation action=skip run=/fslarge/scratch/users/h61084/codes/adaptime/outputs/adaptime/vanilla/univariate/current_velocity/15T/long/run_0 source_launch=selena_adaptime_unified_20260914T204328Z_25264_vanilla launch_id=selena_adaptime_unified_20260915T153415Z_57382_vanilla slurm_job_id=3437178 launched_at=2026-09-15T15:34:36.418594+00:00
/fslarge/scratch/users/h61084/codes/adaptime/outputs/adaptime/vanilla/univariate/current_velocity/15T/long/run_0/vanilla/manifest.json
TIME run allocation action=skip run=/fslarge/scratch/users/h61084/codes/adaptime/outputs/adaptime/vanilla/univariate/current_velocity/H/short/run_0 source_launch=selena_adaptime_unified_20260914T204328Z_25264_vanilla launch_id=selena_adaptime_unified_20260915T153415Z_57382_vanilla slurm_job_id=3437178 launched_at=2026-09-15T15:34:36.425275+00:00
/fslarge/scratch/users/h61084/codes/adaptime/outputs/adaptime/vanilla/univariate/current_velocity/H/short/run_0/vanilla/manifest.json
TIME run allocation action=skip run=/fslarge/scratch/users/h61084/codes/adaptime/outputs/adaptime/vanilla/univariate/current_velocity/H/medium/run_0 source_launch=selena_adaptime_unified_20260914T204328Z_25264_vanilla launch_id=selena_adaptime_unified_20260915T153415Z_57382_vanilla slurm_job_id=3437178 launched_at=2026-09-15T15:34:36.432079+00:00
/fslarge/scratch/users/h61084/codes/adaptime/outputs/adaptime/vanilla/univariate/current_velocity/H/medium/run_0/vanilla/manifest.json
TIME run allocation action=skip run=/fslarge/scratch/users/h61084/codes/adaptime/outputs/adaptime/vanilla/univariate/current_velocity/H/long/run_0 source_launch=selena_adaptime_unified_20260914T204328Z_25264_vanilla launch_id=selena_adaptime_unified_20260915T153415Z_57382_vanilla slurm_job_id=3437178 launched_at=2026-09-15T15:34:36.438764+00:00
/fslarge/scratch/users/h61084/codes/adaptime/outputs/adaptime/vanilla/univariate/current_velocity/H/long/run_0/vanilla/manifest.json
TIME run allocation action=skip run=/fslarge/scratch/users/h61084/codes/adaptime/outputs/adaptime/vanilla/univariate/CPHL/15T/short/run_0 source_launch=selena_adaptime_unified_20260914T204328Z_25264_vanilla launch_id=selena_adaptime_unified_20260915T153415Z_57382_vanilla slurm_job_id=3437178 launched_at=2026-09-15T15:34:36.445323+00:00
/fslarge/scratch/users/h61084/codes/adaptime/outputs/adaptime/vanilla/univariate/CPHL/15T/short/run_0/vanilla/manifest.json
TIME run allocation action=skip run=/fslarge/scratch/users/h61084/codes/adaptime/outputs/adaptime/vanilla/univariate/CPHL/15T/medium/run_0 source_launch=selena_adaptime_unified_20260914T204328Z_25264_vanilla launch_id=selena_adaptime_unified_20260915T153415Z_57382_vanilla slurm_job_id=3437178 launched_at=2026-09-15T15:34:36.451951+00:00
/fslarge/scratch/users/h61084/codes/adaptime/outputs/adaptime/vanilla/univariate/CPHL/15T/medium/run_0/vanilla/manifest.json
TIME run allocation action=skip run=/fslarge/scratch/users/h61084/codes/adaptime/outputs/adaptime/vanilla/univariate/CPHL/15T/long/run_0 source_launch=selena_adaptime_unified_20260914T204328Z_25264_vanilla launch_id=selena_adaptime_unified_20260915T153415Z_57382_vanilla slurm_job_id=3437178 launched_at=2026-09-15T15:34:36.458458+00:00
/fslarge/scratch/users/h61084/codes/adaptime/outputs/adaptime/vanilla/univariate/CPHL/15T/long/run_0/vanilla/manifest.json
TIME run allocation action=skip run=/fslarge/scratch/users/h61084/codes/adaptime/outputs/adaptime/vanilla/univariate/CPHL/30T/short/run_0 source_launch=selena_adaptime_unified_20260914T204328Z_25264_vanilla launch_id=selena_adaptime_unified_20260915T153415Z_57382_vanilla slurm_job_id=3437178 launched_at=2026-09-15T15:34:36.465073+00:00
/fslarge/scratch/users/h61084/codes/adaptime/outputs/adaptime/vanilla/univariate/CPHL/30T/short/run_0/vanilla/manifest.json
TIME run allocation action=skip run=/fslarge/scratch/users/h61084/codes/adaptime/outputs/adaptime/vanilla/univariate/CPHL/30T/medium/run_0 source_launch=selena_adaptime_unified_20260914T204328Z_25264_vanilla launch_id=selena_adaptime_unified_20260915T153415Z_57382_vanilla slurm_job_id=3437178 launched_at=2026-09-15T15:34:36.472468+00:00
/fslarge/scratch/users/h61084/codes/adaptime/outputs/adaptime/vanilla/univariate/CPHL/30T/medium/run_0/vanilla/manifest.json
TIME run allocation action=skip run=/fslarge/scratch/users/h61084/codes/adaptime/outputs/adaptime/vanilla/univariate/CPHL/30T/long/run_0 source_launch=selena_adaptime_unified_20260914T204328Z_25264_vanilla launch_id=selena_adaptime_unified_20260915T153415Z_57382_vanilla slurm_job_id=3437178 launched_at=2026-09-15T15:34:36.479307+00:00
/fslarge/scratch/users/h61084/codes/adaptime/outputs/adaptime/vanilla/univariate/CPHL/30T/long/run_0/vanilla/manifest.json
TIME run allocation action=skip run=/fslarge/scratch/users/h61084/codes/adaptime/outputs/adaptime/vanilla/univariate/CPHL/H/short/run_0 source_launch=selena_adaptime_unified_20260914T204328Z_25264_vanilla launch_id=selena_adaptime_unified_20260915T153415Z_57382_vanilla slurm_job_id=3437178 launched_at=2026-09-15T15:34:36.486078+00:00
/fslarge/scratch/users/h61084/codes/adaptime/outputs/adaptime/vanilla/univariate/CPHL/H/short/run_0/vanilla/manifest.json
TIME run allocation action=skip run=/fslarge/scratch/users/h61084/codes/adaptime/outputs/adaptime/vanilla/univariate/CPHL/H/medium/run_0 source_launch=selena_adaptime_unified_20260914T204328Z_25264_vanilla launch_id=selena_adaptime_unified_20260915T153415Z_57382_vanilla slurm_job_id=3437178 launched_at=2026-09-15T15:34:36.492609+00:00
/fslarge/scratch/users/h61084/codes/adaptime/outputs/adaptime/vanilla/univariate/CPHL/H/medium/run_0/vanilla/manifest.json
TIME run allocation action=skip run=/fslarge/scratch/users/h61084/codes/adaptime/outputs/adaptime/vanilla/univariate/CPHL/H/long/run_0 source_launch=selena_adaptime_unified_20260914T204328Z_25264_vanilla launch_id=selena_adaptime_unified_20260915T153415Z_57382_vanilla slurm_job_id=3437178 launched_at=2026-09-15T15:34:36.499039+00:00
/fslarge/scratch/users/h61084/codes/adaptime/outputs/adaptime/vanilla/univariate/CPHL/H/long/run_0/vanilla/manifest.json
TIME run allocation action=skip run=/fslarge/scratch/users/h61084/codes/adaptime/outputs/adaptime/vanilla/univariate/Coastal_T_S/15T/short/run_0 source_launch=selena_adaptime_unified_20260914T204328Z_25264_vanilla launch_id=selena_adaptime_unified_20260915T153415Z_57382_vanilla slurm_job_id=3437178 launched_at=2026-09-15T15:34:36.505442+00:00
/fslarge/scratch/users/h61084/codes/adaptime/outputs/adaptime/vanilla/univariate/Coastal_T_S/15T/short/run_0/vanilla/manifest.json
TIME run allocation action=skip run=/fslarge/scratch/users/h61084/codes/adaptime/outputs/adaptime/vanilla/univariate/Coastal_T_S/15T/medium/run_0 source_launch=selena_adaptime_unified_20260914T204328Z_25264_vanilla launch_id=selena_adaptime_unified_20260915T153415Z_57382_vanilla slurm_job_id=3437178 launched_at=2026-09-15T15:34:36.511798+00:00
/fslarge/scratch/users/h61084/codes/adaptime/outputs/adaptime/vanilla/univariate/Coastal_T_S/15T/medium/run_0/vanilla/manifest.json
TIME run allocation action=skip run=/fslarge/scratch/users/h61084/codes/adaptime/outputs/adaptime/vanilla/univariate/Coastal_T_S/15T/long/run_0 source_launch=selena_adaptime_unified_20260914T204328Z_25264_vanilla launch_id=selena_adaptime_unified_20260915T153415Z_57382_vanilla slurm_job_id=3437178 launched_at=2026-09-15T15:34:36.518465+00:00
/fslarge/scratch/users/h61084/codes/adaptime/outputs/adaptime/vanilla/univariate/Coastal_T_S/15T/long/run_0/vanilla/manifest.json
TIME run allocation action=skip run=/fslarge/scratch/users/h61084/codes/adaptime/outputs/adaptime/vanilla/univariate/Coastal_T_S/20T/short/run_0 source_launch=selena_adaptime_unified_20260914T204328Z_25264_vanilla launch_id=selena_adaptime_unified_20260915T153415Z_57382_vanilla slurm_job_id=3437178 launched_at=2026-09-15T15:34:36.525208+00:00
/fslarge/scratch/users/h61084/codes/adaptime/outputs/adaptime/vanilla/univariate/Coastal_T_S/20T/short/run_0/vanilla/manifest.json
TIME run allocation action=skip run=/fslarge/scratch/users/h61084/codes/adaptime/outputs/adaptime/vanilla/univariate/Coastal_T_S/20T/medium/run_0 source_launch=selena_adaptime_unified_20260914T204328Z_25264_vanilla launch_id=selena_adaptime_unified_20260915T153415Z_57382_vanilla slurm_job_id=3437178 launched_at=2026-09-15T15:34:36.531581+00:00
/fslarge/scratch/users/h61084/codes/adaptime/outputs/adaptime/vanilla/univariate/Coastal_T_S/20T/medium/run_0/vanilla/manifest.json
TIME run allocation action=skip run=/fslarge/scratch/users/h61084/codes/adaptime/outputs/adaptime/vanilla/univariate/Coastal_T_S/20T/long/run_0 source_launch=selena_adaptime_unified_20260914T204328Z_25264_vanilla launch_id=selena_adaptime_unified_20260915T153415Z_57382_vanilla slurm_job_id=3437178 launched_at=2026-09-15T15:34:36.538118+00:00
/fslarge/scratch/users/h61084/codes/adaptime/outputs/adaptime/vanilla/univariate/Coastal_T_S/20T/long/run_0/vanilla/manifest.json
TIME run allocation action=skip run=/fslarge/scratch/users/h61084/codes/adaptime/outputs/adaptime/vanilla/univariate/Coastal_T_S/H/short/run_0 source_launch=selena_adaptime_unified_20260914T204328Z_25264_vanilla launch_id=selena_adaptime_unified_20260915T153415Z_57382_vanilla slurm_job_id=3437178 launched_at=2026-09-15T15:34:36.544708+00:00
/fslarge/scratch/users/h61084/codes/adaptime/outputs/adaptime/vanilla/univariate/Coastal_T_S/H/short/run_0/vanilla/manifest.json
TIME run allocation action=skip run=/fslarge/scratch/users/h61084/codes/adaptime/outputs/adaptime/vanilla/univariate/Coastal_T_S/H/medium/run_0 source_launch=selena_adaptime_unified_20260914T204328Z_25264_vanilla launch_id=selena_adaptime_unified_20260915T153415Z_57382_vanilla slurm_job_id=3437178 launched_at=2026-09-15T15:34:36.551249+00:00
/fslarge/scratch/users/h61084/codes/adaptime/outputs/adaptime/vanilla/univariate/Coastal_T_S/H/medium/run_0/vanilla/manifest.json
TIME run allocation action=skip run=/fslarge/scratch/users/h61084/codes/adaptime/outputs/adaptime/vanilla/univariate/Coastal_T_S/H/long/run_0 source_launch=selena_adaptime_unified_20260914T204328Z_25264_vanilla launch_id=selena_adaptime_unified_20260915T153415Z_57382_vanilla slurm_job_id=3437178 launched_at=2026-09-15T15:34:36.557779+00:00
/fslarge/scratch/users/h61084/codes/adaptime/outputs/adaptime/vanilla/univariate/Coastal_T_S/H/long/run_0/vanilla/manifest.json
TIME run allocation action=skip run=/fslarge/scratch/users/h61084/codes/adaptime/outputs/adaptime/vanilla/univariate/SG_Weather/D/short/run_0 source_launch=selena_adaptime_unified_20260914T204328Z_25264_vanilla launch_id=selena_adaptime_unified_20260915T153415Z_57382_vanilla slurm_job_id=3437178 launched_at=2026-09-15T15:34:36.563971+00:00
/fslarge/scratch/users/h61084/codes/adaptime/outputs/adaptime/vanilla/univariate/SG_Weather/D/short/run_0/vanilla/manifest.json
TIME run allocation action=skip run=/fslarge/scratch/users/h61084/codes/adaptime/outputs/adaptime/vanilla/univariate/SG_Weather/D/medium/run_0 source_launch=selena_adaptime_unified_20260914T204328Z_25264_vanilla launch_id=selena_adaptime_unified_20260915T153415Z_57382_vanilla slurm_job_id=3437178 launched_at=2026-09-15T15:34:36.570472+00:00
/fslarge/scratch/users/h61084/codes/adaptime/outputs/adaptime/vanilla/univariate/SG_Weather/D/medium/run_0/vanilla/manifest.json
TIME run allocation action=skip run=/fslarge/scratch/users/h61084/codes/adaptime/outputs/adaptime/vanilla/univariate/SG_Weather/D/long/run_0 source_launch=selena_adaptime_unified_20260914T204328Z_25264_vanilla launch_id=selena_adaptime_unified_20260915T153415Z_57382_vanilla slurm_job_id=3437178 launched_at=2026-09-15T15:34:36.576843+00:00
/fslarge/scratch/users/h61084/codes/adaptime/outputs/adaptime/vanilla/univariate/SG_Weather/D/long/run_0/vanilla/manifest.json
TIME run allocation action=skip run=/fslarge/scratch/users/h61084/codes/adaptime/outputs/adaptime/vanilla/univariate/SG_PM25/H/short/run_0 source_launch=selena_adaptime_unified_20260914T204328Z_25264_vanilla launch_id=selena_adaptime_unified_20260915T153415Z_57382_vanilla slurm_job_id=3437178 launched_at=2026-09-15T15:34:36.583244+00:00
/fslarge/scratch/users/h61084/codes/adaptime/outputs/adaptime/vanilla/univariate/SG_PM25/H/short/run_0/vanilla/manifest.json
TIME run allocation action=skip run=/fslarge/scratch/users/h61084/codes/adaptime/outputs/adaptime/vanilla/univariate/SG_PM25/H/medium/run_0 source_launch=selena_adaptime_unified_20260914T204328Z_25264_vanilla launch_id=selena_adaptime_unified_20260915T153415Z_57382_vanilla slurm_job_id=3437178 launched_at=2026-09-15T15:34:36.589861+00:00
/fslarge/scratch/users/h61084/codes/adaptime/outputs/adaptime/vanilla/univariate/SG_PM25/H/medium/run_0/vanilla/manifest.json
TIME run allocation action=skip run=/fslarge/scratch/users/h61084/codes/adaptime/outputs/adaptime/vanilla/univariate/SG_PM25/H/long/run_0 source_launch=selena_adaptime_unified_20260914T204328Z_25264_vanilla launch_id=selena_adaptime_unified_20260915T153415Z_57382_vanilla slurm_job_id=3437178 launched_at=2026-09-15T15:34:36.596722+00:00
/fslarge/scratch/users/h61084/codes/adaptime/outputs/adaptime/vanilla/univariate/SG_PM25/H/long/run_0/vanilla/manifest.json
TIME run allocation action=skip run=/fslarge/scratch/users/h61084/codes/adaptime/outputs/adaptime/vanilla/univariate/NE_China_Wind/H/short/run_0 source_launch=selena_adaptime_unified_20260914T204328Z_25264_vanilla launch_id=selena_adaptime_unified_20260915T153415Z_57382_vanilla slurm_job_id=3437178 launched_at=2026-09-15T15:34:36.603614+00:00
/fslarge/scratch/users/h61084/codes/adaptime/outputs/adaptime/vanilla/univariate/NE_China_Wind/H/short/run_0/vanilla/manifest.json
TIME run allocation action=skip run=/fslarge/scratch/users/h61084/codes/adaptime/outputs/adaptime/vanilla/univariate/NE_China_Wind/H/medium/run_0 source_launch=selena_adaptime_unified_20260914T204328Z_25264_vanilla launch_id=selena_adaptime_unified_20260915T153415Z_57382_vanilla slurm_job_id=3437178 launched_at=2026-09-15T15:34:36.610301+00:00
/fslarge/scratch/users/h61084/codes/adaptime/outputs/adaptime/vanilla/univariate/NE_China_Wind/H/medium/run_0/vanilla/manifest.json
TIME run allocation action=skip run=/fslarge/scratch/users/h61084/codes/adaptime/outputs/adaptime/vanilla/univariate/NE_China_Wind/H/long/run_0 source_launch=selena_adaptime_unified_20260914T204328Z_25264_vanilla launch_id=selena_adaptime_unified_20260915T153415Z_57382_vanilla slurm_job_id=3437178 launched_at=2026-09-15T15:34:36.616808+00:00
/fslarge/scratch/users/h61084/codes/adaptime/outputs/adaptime/vanilla/univariate/NE_China_Wind/H/long/run_0/vanilla/manifest.json
TIME run allocation action=skip run=/fslarge/scratch/users/h61084/codes/adaptime/outputs/adaptime/vanilla/univariate/Australia_Solar/H/short/run_0 source_launch=selena_adaptime_unified_20260914T204328Z_25264_vanilla launch_id=selena_adaptime_unified_20260915T153415Z_57382_vanilla slurm_job_id=3437178 launched_at=2026-09-15T15:34:36.623621+00:00
/fslarge/scratch/users/h61084/codes/adaptime/outputs/adaptime/vanilla/univariate/Australia_Solar/H/short/run_0/vanilla/manifest.json
TIME run allocation action=skip run=/fslarge/scratch/users/h61084/codes/adaptime/outputs/adaptime/vanilla/univariate/Australia_Solar/H/medium/run_0 source_launch=selena_adaptime_unified_20260914T204328Z_25264_vanilla launch_id=selena_adaptime_unified_20260915T153415Z_57382_vanilla slurm_job_id=3437178 launched_at=2026-09-15T15:34:36.630221+00:00
/fslarge/scratch/users/h61084/codes/adaptime/outputs/adaptime/vanilla/univariate/Australia_Solar/H/medium/run_0/vanilla/manifest.json
TIME run allocation action=skip run=/fslarge/scratch/users/h61084/codes/adaptime/outputs/adaptime/vanilla/univariate/Australia_Solar/H/long/run_0 source_launch=selena_adaptime_unified_20260914T204328Z_25264_vanilla launch_id=selena_adaptime_unified_20260915T153415Z_57382_vanilla slurm_job_id=3437178 launched_at=2026-09-15T15:34:36.636681+00:00
/fslarge/scratch/users/h61084/codes/adaptime/outputs/adaptime/vanilla/univariate/Australia_Solar/H/long/run_0/vanilla/manifest.json
TIME run allocation action=skip run=/fslarge/scratch/users/h61084/codes/adaptime/outputs/adaptime/vanilla/univariate/epf_electricity_price/H/short/run_0 source_launch=selena_adaptime_unified_20260914T204328Z_25264_vanilla launch_id=selena_adaptime_unified_20260915T153415Z_57382_vanilla slurm_job_id=3437178 launched_at=2026-09-15T15:34:36.643262+00:00
/fslarge/scratch/users/h61084/codes/adaptime/outputs/adaptime/vanilla/univariate/epf_electricity_price/H/short/run_0/vanilla/manifest.json
TIME run allocation action=skip run=/fslarge/scratch/users/h61084/codes/adaptime/outputs/adaptime/vanilla/univariate/epf_electricity_price/H/medium/run_0 source_launch=selena_adaptime_unified_20260914T204328Z_25264_vanilla launch_id=selena_adaptime_unified_20260915T153415Z_57382_vanilla slurm_job_id=3437178 launched_at=2026-09-15T15:34:36.650351+00:00
/fslarge/scratch/users/h61084/codes/adaptime/outputs/adaptime/vanilla/univariate/epf_electricity_price/H/medium/run_0/vanilla/manifest.json
TIME run allocation action=skip run=/fslarge/scratch/users/h61084/codes/adaptime/outputs/adaptime/vanilla/univariate/epf_electricity_price/H/long/run_0 source_launch=selena_adaptime_unified_20260914T204328Z_25264_vanilla launch_id=selena_adaptime_unified_20260915T153415Z_57382_vanilla slurm_job_id=3437178 launched_at=2026-09-15T15:34:36.657328+00:00
/fslarge/scratch/users/h61084/codes/adaptime/outputs/adaptime/vanilla/univariate/epf_electricity_price/H/long/run_0/vanilla/manifest.json
TIME run allocation action=skip run=/fslarge/scratch/users/h61084/codes/adaptime/outputs/adaptime/vanilla/univariate/OpenElectricity_NEM/5T/short/run_0 source_launch=selena_adaptime_unified_20260914T204328Z_25264_vanilla launch_id=selena_adaptime_unified_20260915T153415Z_57382_vanilla slurm_job_id=3437178 launched_at=2026-09-15T15:34:36.663798+00:00
/fslarge/scratch/users/h61084/codes/adaptime/outputs/adaptime/vanilla/univariate/OpenElectricity_NEM/5T/short/run_0/vanilla/manifest.json
TIME run allocation action=skip run=/fslarge/scratch/users/h61084/codes/adaptime/outputs/adaptime/vanilla/univariate/OpenElectricity_NEM/5T/medium/run_0 source_launch=selena_adaptime_unified_20260914T204328Z_25264_vanilla launch_id=selena_adaptime_unified_20260915T153415Z_57382_vanilla slurm_job_id=3437178 launched_at=2026-09-15T15:34:36.670149+00:00
/fslarge/scratch/users/h61084/codes/adaptime/outputs/adaptime/vanilla/univariate/OpenElectricity_NEM/5T/medium/run_0/vanilla/manifest.json
TIME run allocation action=skip run=/fslarge/scratch/users/h61084/codes/adaptime/outputs/adaptime/vanilla/univariate/OpenElectricity_NEM/5T/long/run_0 source_launch=selena_adaptime_unified_20260914T204328Z_25264_vanilla launch_id=selena_adaptime_unified_20260915T153415Z_57382_vanilla slurm_job_id=3437178 launched_at=2026-09-15T15:34:36.676598+00:00
/fslarge/scratch/users/h61084/codes/adaptime/outputs/adaptime/vanilla/univariate/OpenElectricity_NEM/5T/long/run_0/vanilla/manifest.json
TIME run allocation action=skip run=/fslarge/scratch/users/h61084/codes/adaptime/outputs/adaptime/vanilla/univariate/EWELD_Load/15T/short/run_0 source_launch=selena_adaptime_unified_20260914T204328Z_25264_vanilla launch_id=selena_adaptime_unified_20260915T153415Z_57382_vanilla slurm_job_id=3437178 launched_at=2026-09-15T15:34:36.683210+00:00
/fslarge/scratch/users/h61084/codes/adaptime/outputs/adaptime/vanilla/univariate/EWELD_Load/15T/short/run_0/vanilla/manifest.json
TIME run allocation action=skip run=/fslarge/scratch/users/h61084/codes/adaptime/outputs/adaptime/vanilla/univariate/EWELD_Load/15T/medium/run_0 source_launch=selena_adaptime_unified_20260914T204328Z_25264_vanilla launch_id=selena_adaptime_unified_20260915T153415Z_57382_vanilla slurm_job_id=3437178 launched_at=2026-09-15T15:34:36.689937+00:00
/fslarge/scratch/users/h61084/codes/adaptime/outputs/adaptime/vanilla/univariate/EWELD_Load/15T/medium/run_0/vanilla/manifest.json
TIME run allocation action=skip run=/fslarge/scratch/users/h61084/codes/adaptime/outputs/adaptime/vanilla/univariate/EWELD_Load/15T/long/run_0 source_launch=selena_adaptime_unified_20260914T204328Z_25264_vanilla launch_id=selena_adaptime_unified_20260915T153415Z_57382_vanilla slurm_job_id=3437178 launched_at=2026-09-15T15:34:36.696509+00:00
/fslarge/scratch/users/h61084/codes/adaptime/outputs/adaptime/vanilla/univariate/EWELD_Load/15T/long/run_0/vanilla/manifest.json
TIME run allocation action=skip run=/fslarge/scratch/users/h61084/codes/adaptime/outputs/adaptime/vanilla/univariate/SG_Carpark/15T/short/run_0 source_launch=selena_adaptime_unified_20260914T204328Z_25264_vanilla launch_id=selena_adaptime_unified_20260915T153415Z_57382_vanilla slurm_job_id=3437178 launched_at=2026-09-15T15:34:36.703369+00:00
/fslarge/scratch/users/h61084/codes/adaptime/outputs/adaptime/vanilla/univariate/SG_Carpark/15T/short/run_0/vanilla/manifest.json
TIME run allocation action=skip run=/fslarge/scratch/users/h61084/codes/adaptime/outputs/adaptime/vanilla/univariate/SG_Carpark/15T/medium/run_0 source_launch=selena_adaptime_unified_20260914T204328Z_25264_vanilla launch_id=selena_adaptime_unified_20260915T153415Z_57382_vanilla slurm_job_id=3437178 launched_at=2026-09-15T15:34:36.709978+00:00
/fslarge/scratch/users/h61084/codes/adaptime/outputs/adaptime/vanilla/univariate/SG_Carpark/15T/medium/run_0/vanilla/manifest.json
TIME run allocation action=skip run=/fslarge/scratch/users/h61084/codes/adaptime/outputs/adaptime/vanilla/univariate/SG_Carpark/15T/long/run_0 source_launch=selena_adaptime_unified_20260914T204328Z_25264_vanilla launch_id=selena_adaptime_unified_20260915T153415Z_57382_vanilla slurm_job_id=3437178 launched_at=2026-09-15T15:34:36.716424+00:00
/fslarge/scratch/users/h61084/codes/adaptime/outputs/adaptime/vanilla/univariate/SG_Carpark/15T/long/run_0/vanilla/manifest.json
TIME run allocation action=skip run=/fslarge/scratch/users/h61084/codes/adaptime/outputs/adaptime/vanilla/univariate/Finland_Traffic/15T/short/run_0 source_launch=selena_adaptime_unified_20260914T204328Z_25264_vanilla launch_id=selena_adaptime_unified_20260915T153415Z_57382_vanilla slurm_job_id=3437178 launched_at=2026-09-15T15:34:36.723218+00:00
/fslarge/scratch/users/h61084/codes/adaptime/outputs/adaptime/vanilla/univariate/Finland_Traffic/15T/short/run_0/vanilla/manifest.json
TIME run allocation action=skip run=/fslarge/scratch/users/h61084/codes/adaptime/outputs/adaptime/vanilla/univariate/Finland_Traffic/15T/medium/run_0 source_launch=selena_adaptime_unified_20260914T204328Z_25264_vanilla launch_id=selena_adaptime_unified_20260915T153415Z_57382_vanilla slurm_job_id=3437178 launched_at=2026-09-15T15:34:36.729965+00:00
/fslarge/scratch/users/h61084/codes/adaptime/outputs/adaptime/vanilla/univariate/Finland_Traffic/15T/medium/run_0/vanilla/manifest.json
TIME run allocation action=skip run=/fslarge/scratch/users/h61084/codes/adaptime/outputs/adaptime/vanilla/univariate/Finland_Traffic/15T/long/run_0 source_launch=selena_adaptime_unified_20260914T204328Z_25264_vanilla launch_id=selena_adaptime_unified_20260915T153415Z_57382_vanilla slurm_job_id=3437178 launched_at=2026-09-15T15:34:36.736504+00:00
/fslarge/scratch/users/h61084/codes/adaptime/outputs/adaptime/vanilla/univariate/Finland_Traffic/15T/long/run_0/vanilla/manifest.json
TIME run allocation action=skip run=/fslarge/scratch/users/h61084/codes/adaptime/outputs/adaptime/vanilla/univariate/Port_Activity/D/short/run_0 source_launch=selena_adaptime_unified_20260914T204328Z_25264_vanilla launch_id=selena_adaptime_unified_20260915T153415Z_57382_vanilla slurm_job_id=3437178 launched_at=2026-09-15T15:34:36.743032+00:00
/fslarge/scratch/users/h61084/codes/adaptime/outputs/adaptime/vanilla/univariate/Port_Activity/D/short/run_0/vanilla/manifest.json
TIME run allocation action=skip run=/fslarge/scratch/users/h61084/codes/adaptime/outputs/adaptime/vanilla/univariate/Port_Activity/W/short/run_0 source_launch=selena_adaptime_unified_20260914T204328Z_25264_vanilla launch_id=selena_adaptime_unified_20260915T153415Z_57382_vanilla slurm_job_id=3437178 launched_at=2026-09-15T15:34:36.749355+00:00
/fslarge/scratch/users/h61084/codes/adaptime/outputs/adaptime/vanilla/univariate/Port_Activity/W/short/run_0/vanilla/manifest.json
TIME run allocation action=skip run=/fslarge/scratch/users/h61084/codes/adaptime/outputs/adaptime/vanilla/univariate/ECDC_COVID/D/short/run_0 source_launch=selena_adaptime_unified_20260914T204328Z_25264_vanilla launch_id=selena_adaptime_unified_20260915T153415Z_57382_vanilla slurm_job_id=3437178 launched_at=2026-09-15T15:34:36.755937+00:00
/fslarge/scratch/users/h61084/codes/adaptime/outputs/adaptime/vanilla/univariate/ECDC_COVID/D/short/run_0/vanilla/manifest.json
TIME run allocation action=skip run=/fslarge/scratch/users/h61084/codes/adaptime/outputs/adaptime/vanilla/univariate/ECDC_COVID/W/short/run_0 source_launch=selena_adaptime_unified_20260914T204328Z_25264_vanilla launch_id=selena_adaptime_unified_20260915T153415Z_57382_vanilla slurm_job_id=3437178 launched_at=2026-09-15T15:34:36.762442+00:00
/fslarge/scratch/users/h61084/codes/adaptime/outputs/adaptime/vanilla/univariate/ECDC_COVID/W/short/run_0/vanilla/manifest.json
TIME run allocation action=skip run=/fslarge/scratch/users/h61084/codes/adaptime/outputs/adaptime/vanilla/univariate/Global_Influenza/W/short/run_0 source_launch=selena_adaptime_unified_20260914T204328Z_25264_vanilla launch_id=selena_adaptime_unified_20260915T153415Z_57382_vanilla slurm_job_id=3437178 launched_at=2026-09-15T15:34:36.768954+00:00
/fslarge/scratch/users/h61084/codes/adaptime/outputs/adaptime/vanilla/univariate/Global_Influenza/W/short/run_0/vanilla/manifest.json
TIME run allocation action=skip run=/fslarge/scratch/users/h61084/codes/adaptime/outputs/adaptime/vanilla/univariate/Crypto/D/short/run_0 source_launch=selena_adaptime_unified_20260914T204328Z_25264_vanilla launch_id=selena_adaptime_unified_20260915T153415Z_57382_vanilla slurm_job_id=3437178 launched_at=2026-09-15T15:34:36.776242+00:00
/fslarge/scratch/users/h61084/codes/adaptime/outputs/adaptime/vanilla/univariate/Crypto/D/short/run_0/vanilla/manifest.json
TIME run allocation action=skip run=/fslarge/scratch/users/h61084/codes/adaptime/outputs/adaptime/vanilla/univariate/US_Term_Structure/B/short/run_0 source_launch=selena_adaptime_unified_20260914T204328Z_25264_vanilla launch_id=selena_adaptime_unified_20260915T153415Z_57382_vanilla slurm_job_id=3437178 launched_at=2026-09-15T15:34:36.782932+00:00
/fslarge/scratch/users/h61084/codes/adaptime/outputs/adaptime/vanilla/univariate/US_Term_Structure/B/short/run_0/vanilla/manifest.json
TIME run allocation action=skip run=/fslarge/scratch/users/h61084/codes/adaptime/outputs/adaptime/vanilla/univariate/Oil_Price/B/short/run_0 source_launch=selena_adaptime_unified_20260914T204328Z_25264_vanilla launch_id=selena_adaptime_unified_20260915T153415Z_57382_vanilla slurm_job_id=3437178 launched_at=2026-09-15T15:34:36.789706+00:00
/fslarge/scratch/users/h61084/codes/adaptime/outputs/adaptime/vanilla/univariate/Oil_Price/B/short/run_0/vanilla/manifest.json
TIME run allocation action=skip run=/fslarge/scratch/users/h61084/codes/adaptime/outputs/adaptime/vanilla/univariate/Job_Claims/W/short/run_0 source_launch=selena_adaptime_unified_20260914T204328Z_25264_vanilla launch_id=selena_adaptime_unified_20260915T153415Z_57382_vanilla slurm_job_id=3437178 launched_at=2026-09-15T15:34:36.796415+00:00
/fslarge/scratch/users/h61084/codes/adaptime/outputs/adaptime/vanilla/univariate/Job_Claims/W/short/run_0/vanilla/manifest.json
TIME run allocation action=skip run=/fslarge/scratch/users/h61084/codes/adaptime/outputs/adaptime/vanilla/univariate/Uncertainty_1M/M/short/run_0 source_launch=selena_adaptime_unified_20260914T204328Z_25264_vanilla launch_id=selena_adaptime_unified_20260915T153415Z_57382_vanilla slurm_job_id=3437178 launched_at=2026-09-15T15:34:36.803055+00:00
/fslarge/scratch/users/h61084/codes/adaptime/outputs/adaptime/vanilla/univariate/Uncertainty_1M/M/short/run_0/vanilla/manifest.json
TIME run allocation action=skip run=/fslarge/scratch/users/h61084/codes/adaptime/outputs/adaptime/vanilla/univariate/Housing_Inventory/M/short/run_0 source_launch=selena_adaptime_unified_20260914T204328Z_25264_vanilla launch_id=selena_adaptime_unified_20260915T153415Z_57382_vanilla slurm_job_id=3437178 launched_at=2026-09-15T15:34:36.809708+00:00
/fslarge/scratch/users/h61084/codes/adaptime/outputs/adaptime/vanilla/univariate/Housing_Inventory/M/short/run_0/vanilla/manifest.json
TIME run allocation action=skip run=/fslarge/scratch/users/h61084/codes/adaptime/outputs/adaptime/vanilla/univariate/JOLTS/M/short/run_0 source_launch=selena_adaptime_unified_20260914T204328Z_25264_vanilla launch_id=selena_adaptime_unified_20260915T153415Z_57382_vanilla slurm_job_id=3437178 launched_at=2026-09-15T15:34:36.816398+00:00
/fslarge/scratch/users/h61084/codes/adaptime/outputs/adaptime/vanilla/univariate/JOLTS/M/short/run_0/vanilla/manifest.json
TIME run allocation action=skip run=/fslarge/scratch/users/h61084/codes/adaptime/outputs/adaptime/vanilla/univariate/US_Labor/M/short/run_0 source_launch=selena_adaptime_unified_20260914T204328Z_25264_vanilla launch_id=selena_adaptime_unified_20260915T153415Z_57382_vanilla slurm_job_id=3437178 launched_at=2026-09-15T15:34:36.823136+00:00
/fslarge/scratch/users/h61084/codes/adaptime/outputs/adaptime/vanilla/univariate/US_Labor/M/short/run_0/vanilla/manifest.json
TIME run allocation action=skip run=/fslarge/scratch/users/h61084/codes/adaptime/outputs/adaptime/vanilla/univariate/Vehicle_Supply/M/short/run_0 source_launch=selena_adaptime_unified_20260914T204328Z_25264_vanilla launch_id=selena_adaptime_unified_20260915T153415Z_57382_vanilla slurm_job_id=3437178 launched_at=2026-09-15T15:34:36.829582+00:00
/fslarge/scratch/users/h61084/codes/adaptime/outputs/adaptime/vanilla/univariate/Vehicle_Supply/M/short/run_0/vanilla/manifest.json
TIME run allocation action=skip run=/fslarge/scratch/users/h61084/codes/adaptime/outputs/adaptime/vanilla/univariate/Auto_Production_SF/M/short/run_0 source_launch=selena_adaptime_unified_20260914T204328Z_25264_vanilla launch_id=selena_adaptime_unified_20260915T153415Z_57382_vanilla slurm_job_id=3437178 launched_at=2026-09-15T15:34:36.836292+00:00
/fslarge/scratch/users/h61084/codes/adaptime/outputs/adaptime/vanilla/univariate/Auto_Production_SF/M/short/run_0/vanilla/manifest.json
TIME run allocation action=skip run=/fslarge/scratch/users/h61084/codes/adaptime/outputs/adaptime/vanilla/univariate/Commodity_Production/M/short/run_0 source_launch=selena_adaptime_unified_20260914T204328Z_25264_vanilla launch_id=selena_adaptime_unified_20260915T153415Z_57382_vanilla slurm_job_id=3437178 launched_at=2026-09-15T15:34:36.842930+00:00
/fslarge/scratch/users/h61084/codes/adaptime/outputs/adaptime/vanilla/univariate/Commodity_Production/M/short/run_0/vanilla/manifest.json
TIME run allocation action=skip run=/fslarge/scratch/users/h61084/codes/adaptime/outputs/adaptime/vanilla/univariate/Commodity_Import/M/short/run_0 source_launch=selena_adaptime_unified_20260914T204328Z_25264_vanilla launch_id=selena_adaptime_unified_20260915T153415Z_57382_vanilla slurm_job_id=3437178 launched_at=2026-09-15T15:34:36.849507+00:00
/fslarge/scratch/users/h61084/codes/adaptime/outputs/adaptime/vanilla/univariate/Commodity_Import/M/short/run_0/vanilla/manifest.json
TIME run allocation action=skip run=/fslarge/scratch/users/h61084/codes/adaptime/outputs/adaptime/vanilla/univariate/WUI_Global/Q/short/run_0 source_launch=selena_adaptime_unified_20260914T204328Z_25264_vanilla launch_id=selena_adaptime_unified_20260915T153415Z_57382_vanilla slurm_job_id=3437178 launched_at=2026-09-15T15:34:36.856290+00:00
/fslarge/scratch/users/h61084/codes/adaptime/outputs/adaptime/vanilla/univariate/WUI_Global/Q/short/run_0/vanilla/manifest.json
TIME run allocation action=skip run=/fslarge/scratch/users/h61084/codes/adaptime/outputs/adaptime/vanilla/univariate/Global_Price/Q/short/run_0 source_launch=selena_adaptime_unified_20260914T204328Z_25264_vanilla launch_id=selena_adaptime_unified_20260915T153415Z_57382_vanilla slurm_job_id=3437178 launched_at=2026-09-15T15:34:36.862942+00:00
/fslarge/scratch/users/h61084/codes/adaptime/outputs/adaptime/vanilla/univariate/Global_Price/Q/short/run_0/vanilla/manifest.json
TIME run allocation action=skip run=/fslarge/scratch/users/h61084/codes/adaptime/outputs/adaptime/vanilla/univariate/Vehicle_Sales/M/short/run_0 source_launch=selena_adaptime_unified_20260914T204328Z_25264_vanilla launch_id=selena_adaptime_unified_20260915T153415Z_57382_vanilla slurm_job_id=3437178 launched_at=2026-09-15T15:34:36.869722+00:00
/fslarge/scratch/users/h61084/codes/adaptime/outputs/adaptime/vanilla/univariate/Vehicle_Sales/M/short/run_0/vanilla/manifest.json
TIME run allocation action=skip run=/fslarge/scratch/users/h61084/codes/adaptime/outputs/adaptime/vanilla/univariate/Online_Retail_2_UCI/D/short/run_0 source_launch=selena_adaptime_unified_20260914T204328Z_25264_vanilla launch_id=selena_adaptime_unified_20260915T153415Z_57382_vanilla slurm_job_id=3437178 launched_at=2026-09-15T15:34:36.876527+00:00
/fslarge/scratch/users/h61084/codes/adaptime/outputs/adaptime/vanilla/univariate/Online_Retail_2_UCI/D/short/run_0/vanilla/manifest.json
TIME run allocation action=skip run=/fslarge/scratch/users/h61084/codes/adaptime/outputs/adaptime/vanilla/univariate/Supply_Chain_Customer/D/short/run_0 source_launch=selena_adaptime_unified_20260914T204328Z_25264_vanilla launch_id=selena_adaptime_unified_20260915T153415Z_57382_vanilla slurm_job_id=3437178 launched_at=2026-09-15T15:34:36.883403+00:00
/fslarge/scratch/users/h61084/codes/adaptime/outputs/adaptime/vanilla/univariate/Supply_Chain_Customer/D/short/run_0/vanilla/manifest.json
TIME run allocation action=skip run=/fslarge/scratch/users/h61084/codes/adaptime/outputs/adaptime/vanilla/univariate/Supply_Chain_Location/D/short/run_0 source_launch=selena_adaptime_unified_20260914T204328Z_25264_vanilla launch_id=selena_adaptime_unified_20260915T153415Z_57382_vanilla slurm_job_id=3437178 launched_at=2026-09-15T15:34:36.890044+00:00
/fslarge/scratch/users/h61084/codes/adaptime/outputs/adaptime/vanilla/univariate/Supply_Chain_Location/D/short/run_0/vanilla/manifest.json
TIME run allocation action=skip run=/fslarge/scratch/users/h61084/codes/adaptime/outputs/adaptime/vanilla/univariate/azure2019_U/5T/short/run_0 source_launch=selena_adaptime_unified_20260914T204328Z_25264_vanilla launch_id=selena_adaptime_unified_20260915T153415Z_57382_vanilla slurm_job_id=3437178 launched_at=2026-09-15T15:34:36.896663+00:00
/fslarge/scratch/users/h61084/codes/adaptime/outputs/adaptime/vanilla/univariate/azure2019_U/5T/short/run_0/vanilla/manifest.json
TIME run allocation action=skip run=/fslarge/scratch/users/h61084/codes/adaptime/outputs/adaptime/vanilla/univariate/Smart_Manufacturing/H/short/run_0 source_launch=selena_adaptime_unified_20260914T204328Z_25264_vanilla launch_id=selena_adaptime_unified_20260915T153415Z_57382_vanilla slurm_job_id=3437178 launched_at=2026-09-15T15:34:36.903716+00:00
/fslarge/scratch/users/h61084/codes/adaptime/outputs/adaptime/vanilla/univariate/Smart_Manufacturing/H/short/run_0/vanilla/manifest.json
TIME run allocation action=skip run=/fslarge/scratch/users/h61084/codes/adaptime/outputs/adaptime/vanilla/univariate/Smart_Manufacturing/H/medium/run_0 source_launch=selena_adaptime_unified_20260914T204328Z_25264_vanilla launch_id=selena_adaptime_unified_20260915T153415Z_57382_vanilla slurm_job_id=3437178 launched_at=2026-09-15T15:34:36.910511+00:00
/fslarge/scratch/users/h61084/codes/adaptime/outputs/adaptime/vanilla/univariate/Smart_Manufacturing/H/medium/run_0/vanilla/manifest.json
TIME run allocation action=skip run=/fslarge/scratch/users/h61084/codes/adaptime/outputs/adaptime/vanilla/univariate/Smart_Manufacturing/H/long/run_0 source_launch=selena_adaptime_unified_20260914T204328Z_25264_vanilla launch_id=selena_adaptime_unified_20260915T153415Z_57382_vanilla slurm_job_id=3437178 launched_at=2026-09-15T15:34:36.917208+00:00
/fslarge/scratch/users/h61084/codes/adaptime/outputs/adaptime/vanilla/univariate/Smart_Manufacturing/H/long/run_0/vanilla/manifest.json
TIME run allocation action=skip run=/fslarge/scratch/users/h61084/codes/adaptime/outputs/adaptime/vanilla/univariate/MetroPT-3/5T/short/run_0 source_launch=selena_adaptime_unified_20260914T204328Z_25264_vanilla launch_id=selena_adaptime_unified_20260915T153415Z_57382_vanilla slurm_job_id=3437178 launched_at=2026-09-15T15:34:36.923854+00:00
/fslarge/scratch/users/h61084/codes/adaptime/outputs/adaptime/vanilla/univariate/MetroPT-3/5T/short/run_0/vanilla/manifest.json
TIME run allocation action=skip run=/fslarge/scratch/users/h61084/codes/adaptime/outputs/adaptime/vanilla/univariate/MetroPT-3/5T/medium/run_0 source_launch=selena_adaptime_unified_20260914T204328Z_25264_vanilla launch_id=selena_adaptime_unified_20260915T153415Z_57382_vanilla slurm_job_id=3437178 launched_at=2026-09-15T15:34:36.930580+00:00
/fslarge/scratch/users/h61084/codes/adaptime/outputs/adaptime/vanilla/univariate/MetroPT-3/5T/medium/run_0/vanilla/manifest.json
TIME run allocation action=skip run=/fslarge/scratch/users/h61084/codes/adaptime/outputs/adaptime/vanilla/univariate/MetroPT-3/5T/long/run_0 source_launch=selena_adaptime_unified_20260914T204328Z_25264_vanilla launch_id=selena_adaptime_unified_20260915T153415Z_57382_vanilla slurm_job_id=3437178 launched_at=2026-09-15T15:34:36.937066+00:00
/fslarge/scratch/users/h61084/codes/adaptime/outputs/adaptime/vanilla/univariate/MetroPT-3/5T/long/run_0/vanilla/manifest.json
2026-09-15 17:34:37 | task TIME-wide Adaptime method=vanilla stage=vanilla completed status=success
2026-09-15 17:34:37 | stage vanilla completed status=success
2026-09-15 17:34:37 | workflow adaptime completed status=success exit_code=0
