2026-09-16 10:00:21 | workflow adaptime started launch_id=selena_adaptime_unified_20260916T080019Z_10942_prepare task=vanilla_prepare slurm_job_id=3445478 slurm_array_job_id=none slurm_array_task_id=none
2026-09-16 10:00:21 | stage prepare started
2026-09-16 10:00:21 | task TIME-wide Adaptime method=vanilla stage=prepare started
TIME run allocation action=new run=/fslarge/scratch/users/h61084/codes/adaptime/outputs/adaptime/data/shared/univariate/Water_Quality_Darwin/15T/short/run_0 launch_id=selena_adaptime_unified_20260916T080019Z_10942_prepare slurm_job_id=3445478 launched_at=2026-09-16T08:01:46.720183+00:00
/fslarge/scratch/users/h61084/codes/adaptime/outputs/adaptime/data/shared/univariate/Water_Quality_Darwin/15T/short/run_0/prepared/manifest.json
TIME run allocation action=new run=/fslarge/scratch/users/h61084/codes/adaptime/outputs/adaptime/data/shared/univariate/Water_Quality_Darwin/15T/medium/run_0 launch_id=selena_adaptime_unified_20260916T080019Z_10942_prepare slurm_job_id=3445478 launched_at=2026-09-16T08:01:46.784036+00:00
/fslarge/scratch/users/h61084/codes/adaptime/outputs/adaptime/data/shared/univariate/Water_Quality_Darwin/15T/medium/run_0/prepared/manifest.json
TIME run allocation action=new run=/fslarge/scratch/users/h61084/codes/adaptime/outputs/adaptime/data/shared/univariate/Water_Quality_Darwin/15T/long/run_0 launch_id=selena_adaptime_unified_20260916T080019Z_10942_prepare slurm_job_id=3445478 launched_at=2026-09-16T08:01:46.859597+00:00
/fslarge/scratch/users/h61084/codes/adaptime/outputs/adaptime/data/shared/univariate/Water_Quality_Darwin/15T/long/run_0/prepared/manifest.json
TIME run allocation action=new run=/fslarge/scratch/users/h61084/codes/adaptime/outputs/adaptime/data/shared/univariate/current_velocity/5T/short/run_0 launch_id=selena_adaptime_unified_20260916T080019Z_10942_prepare slurm_job_id=3445478 launched_at=2026-09-16T08:01:46.938689+00:00
/fslarge/scratch/users/h61084/codes/adaptime/outputs/adaptime/data/shared/univariate/current_velocity/5T/short/run_0/prepared/manifest.json
TIME run allocation action=new run=/fslarge/scratch/users/h61084/codes/adaptime/outputs/adaptime/data/shared/univariate/current_velocity/5T/medium/run_0 launch_id=selena_adaptime_unified_20260916T080019Z_10942_prepare slurm_job_id=3445478 launched_at=2026-09-16T08:01:46.972292+00:00
/fslarge/scratch/users/h61084/codes/adaptime/outputs/adaptime/data/shared/univariate/current_velocity/5T/medium/run_0/prepared/manifest.json
TIME run allocation action=new run=/fslarge/scratch/users/h61084/codes/adaptime/outputs/adaptime/data/shared/univariate/current_velocity/5T/long/run_0 launch_id=selena_adaptime_unified_20260916T080019Z_10942_prepare slurm_job_id=3445478 launched_at=2026-09-16T08:01:47.005216+00:00
/fslarge/scratch/users/h61084/codes/adaptime/outputs/adaptime/data/shared/univariate/current_velocity/5T/long/run_0/prepared/manifest.json
TIME run allocation action=new run=/fslarge/scratch/users/h61084/codes/adaptime/outputs/adaptime/data/shared/univariate/current_velocity/10T/short/run_0 launch_id=selena_adaptime_unified_20260916T080019Z_10942_prepare slurm_job_id=3445478 launched_at=2026-09-16T08:01:47.037833+00:00
/fslarge/scratch/users/h61084/codes/adaptime/outputs/adaptime/data/shared/univariate/current_velocity/10T/short/run_0/prepared/manifest.json
TIME run allocation action=new run=/fslarge/scratch/users/h61084/codes/adaptime/outputs/adaptime/data/shared/univariate/current_velocity/10T/medium/run_0 launch_id=selena_adaptime_unified_20260916T080019Z_10942_prepare slurm_job_id=3445478 launched_at=2026-09-16T08:01:47.130345+00:00
/fslarge/scratch/users/h61084/codes/adaptime/outputs/adaptime/data/shared/univariate/current_velocity/10T/medium/run_0/prepared/manifest.json
TIME run allocation action=new run=/fslarge/scratch/users/h61084/codes/adaptime/outputs/adaptime/data/shared/univariate/current_velocity/10T/long/run_0 launch_id=selena_adaptime_unified_20260916T080019Z_10942_prepare slurm_job_id=3445478 launched_at=2026-09-16T08:01:47.255592+00:00
/fslarge/scratch/users/h61084/codes/adaptime/outputs/adaptime/data/shared/univariate/current_velocity/10T/long/run_0/prepared/manifest.json
TIME run allocation action=new run=/fslarge/scratch/users/h61084/codes/adaptime/outputs/adaptime/data/shared/univariate/current_velocity/15T/short/run_0 launch_id=selena_adaptime_unified_20260916T080019Z_10942_prepare slurm_job_id=3445478 launched_at=2026-09-16T08:01:47.373958+00:00
/fslarge/scratch/users/h61084/codes/adaptime/outputs/adaptime/data/shared/univariate/current_velocity/15T/short/run_0/prepared/manifest.json
TIME run allocation action=new run=/fslarge/scratch/users/h61084/codes/adaptime/outputs/adaptime/data/shared/univariate/current_velocity/15T/medium/run_0 launch_id=selena_adaptime_unified_20260916T080019Z_10942_prepare slurm_job_id=3445478 launched_at=2026-09-16T08:01:47.413944+00:00
/fslarge/scratch/users/h61084/codes/adaptime/outputs/adaptime/data/shared/univariate/current_velocity/15T/medium/run_0/prepared/manifest.json
TIME run allocation action=new run=/fslarge/scratch/users/h61084/codes/adaptime/outputs/adaptime/data/shared/univariate/current_velocity/15T/long/run_0 launch_id=selena_adaptime_unified_20260916T080019Z_10942_prepare slurm_job_id=3445478 launched_at=2026-09-16T08:01:47.454999+00:00
/fslarge/scratch/users/h61084/codes/adaptime/outputs/adaptime/data/shared/univariate/current_velocity/15T/long/run_0/prepared/manifest.json
TIME run allocation action=new run=/fslarge/scratch/users/h61084/codes/adaptime/outputs/adaptime/data/shared/univariate/current_velocity/H/short/run_0 launch_id=selena_adaptime_unified_20260916T080019Z_10942_prepare slurm_job_id=3445478 launched_at=2026-09-16T08:01:47.496014+00:00
/fslarge/scratch/users/h61084/codes/adaptime/outputs/adaptime/data/shared/univariate/current_velocity/H/short/run_0/prepared/manifest.json
TIME run allocation action=new run=/fslarge/scratch/users/h61084/codes/adaptime/outputs/adaptime/data/shared/univariate/current_velocity/H/medium/run_0 launch_id=selena_adaptime_unified_20260916T080019Z_10942_prepare slurm_job_id=3445478 launched_at=2026-09-16T08:01:47.546412+00:00
/fslarge/scratch/users/h61084/codes/adaptime/outputs/adaptime/data/shared/univariate/current_velocity/H/medium/run_0/prepared/manifest.json
TIME run allocation action=new run=/fslarge/scratch/users/h61084/codes/adaptime/outputs/adaptime/data/shared/univariate/current_velocity/H/long/run_0 launch_id=selena_adaptime_unified_20260916T080019Z_10942_prepare slurm_job_id=3445478 launched_at=2026-09-16T08:01:47.602371+00:00
/fslarge/scratch/users/h61084/codes/adaptime/outputs/adaptime/data/shared/univariate/current_velocity/H/long/run_0/prepared/manifest.json
TIME run allocation action=new run=/fslarge/scratch/users/h61084/codes/adaptime/outputs/adaptime/data/shared/univariate/CPHL/15T/short/run_0 launch_id=selena_adaptime_unified_20260916T080019Z_10942_prepare slurm_job_id=3445478 launched_at=2026-09-16T08:01:47.659494+00:00
/fslarge/scratch/users/h61084/codes/adaptime/outputs/adaptime/data/shared/univariate/CPHL/15T/short/run_0/prepared/manifest.json
TIME run allocation action=new run=/fslarge/scratch/users/h61084/codes/adaptime/outputs/adaptime/data/shared/univariate/CPHL/15T/medium/run_0 launch_id=selena_adaptime_unified_20260916T080019Z_10942_prepare slurm_job_id=3445478 launched_at=2026-09-16T08:01:47.685566+00:00
/fslarge/scratch/users/h61084/codes/adaptime/outputs/adaptime/data/shared/univariate/CPHL/15T/medium/run_0/prepared/manifest.json
TIME run allocation action=new run=/fslarge/scratch/users/h61084/codes/adaptime/outputs/adaptime/data/shared/univariate/CPHL/15T/long/run_0 launch_id=selena_adaptime_unified_20260916T080019Z_10942_prepare slurm_job_id=3445478 launched_at=2026-09-16T08:01:47.711328+00:00
/fslarge/scratch/users/h61084/codes/adaptime/outputs/adaptime/data/shared/univariate/CPHL/15T/long/run_0/prepared/manifest.json
TIME run allocation action=new run=/fslarge/scratch/users/h61084/codes/adaptime/outputs/adaptime/data/shared/univariate/CPHL/30T/short/run_0 launch_id=selena_adaptime_unified_20260916T080019Z_10942_prepare slurm_job_id=3445478 launched_at=2026-09-16T08:01:47.737211+00:00
/fslarge/scratch/users/h61084/codes/adaptime/outputs/adaptime/data/shared/univariate/CPHL/30T/short/run_0/prepared/manifest.json
TIME run allocation action=new run=/fslarge/scratch/users/h61084/codes/adaptime/outputs/adaptime/data/shared/univariate/CPHL/30T/medium/run_0 launch_id=selena_adaptime_unified_20260916T080019Z_10942_prepare slurm_job_id=3445478 launched_at=2026-09-16T08:01:47.763128+00:00
/fslarge/scratch/users/h61084/codes/adaptime/outputs/adaptime/data/shared/univariate/CPHL/30T/medium/run_0/prepared/manifest.json
TIME run allocation action=new run=/fslarge/scratch/users/h61084/codes/adaptime/outputs/adaptime/data/shared/univariate/CPHL/30T/long/run_0 launch_id=selena_adaptime_unified_20260916T080019Z_10942_prepare slurm_job_id=3445478 launched_at=2026-09-16T08:01:47.788950+00:00
/fslarge/scratch/users/h61084/codes/adaptime/outputs/adaptime/data/shared/univariate/CPHL/30T/long/run_0/prepared/manifest.json
TIME run allocation action=new run=/fslarge/scratch/users/h61084/codes/adaptime/outputs/adaptime/data/shared/univariate/CPHL/H/short/run_0 launch_id=selena_adaptime_unified_20260916T080019Z_10942_prepare slurm_job_id=3445478 launched_at=2026-09-16T08:01:47.816009+00:00
/fslarge/scratch/users/h61084/codes/adaptime/outputs/adaptime/data/shared/univariate/CPHL/H/short/run_0/prepared/manifest.json
TIME run allocation action=new run=/fslarge/scratch/users/h61084/codes/adaptime/outputs/adaptime/data/shared/univariate/CPHL/H/medium/run_0 launch_id=selena_adaptime_unified_20260916T080019Z_10942_prepare slurm_job_id=3445478 launched_at=2026-09-16T08:01:47.841960+00:00
/fslarge/scratch/users/h61084/codes/adaptime/outputs/adaptime/data/shared/univariate/CPHL/H/medium/run_0/prepared/manifest.json
TIME run allocation action=new run=/fslarge/scratch/users/h61084/codes/adaptime/outputs/adaptime/data/shared/univariate/CPHL/H/long/run_0 launch_id=selena_adaptime_unified_20260916T080019Z_10942_prepare slurm_job_id=3445478 launched_at=2026-09-16T08:01:47.867934+00:00
/fslarge/scratch/users/h61084/codes/adaptime/outputs/adaptime/data/shared/univariate/CPHL/H/long/run_0/prepared/manifest.json
TIME run allocation action=new run=/fslarge/scratch/users/h61084/codes/adaptime/outputs/adaptime/data/shared/univariate/Coastal_T_S/15T/short/run_0 launch_id=selena_adaptime_unified_20260916T080019Z_10942_prepare slurm_job_id=3445478 launched_at=2026-09-16T08:01:47.895079+00:00
/fslarge/scratch/users/h61084/codes/adaptime/outputs/adaptime/data/shared/univariate/Coastal_T_S/15T/short/run_0/prepared/manifest.json
TIME run allocation action=new run=/fslarge/scratch/users/h61084/codes/adaptime/outputs/adaptime/data/shared/univariate/Coastal_T_S/15T/medium/run_0 launch_id=selena_adaptime_unified_20260916T080019Z_10942_prepare slurm_job_id=3445478 launched_at=2026-09-16T08:01:47.936428+00:00
/fslarge/scratch/users/h61084/codes/adaptime/outputs/adaptime/data/shared/univariate/Coastal_T_S/15T/medium/run_0/prepared/manifest.json
TIME run allocation action=new run=/fslarge/scratch/users/h61084/codes/adaptime/outputs/adaptime/data/shared/univariate/Coastal_T_S/15T/long/run_0 launch_id=selena_adaptime_unified_20260916T080019Z_10942_prepare slurm_job_id=3445478 launched_at=2026-09-16T08:01:47.988755+00:00
/fslarge/scratch/users/h61084/codes/adaptime/outputs/adaptime/data/shared/univariate/Coastal_T_S/15T/long/run_0/prepared/manifest.json
TIME run allocation action=new run=/fslarge/scratch/users/h61084/codes/adaptime/outputs/adaptime/data/shared/univariate/Coastal_T_S/20T/short/run_0 launch_id=selena_adaptime_unified_20260916T080019Z_10942_prepare slurm_job_id=3445478 launched_at=2026-09-16T08:01:48.036926+00:00
/fslarge/scratch/users/h61084/codes/adaptime/outputs/adaptime/data/shared/univariate/Coastal_T_S/20T/short/run_0/prepared/manifest.json
TIME run allocation action=new run=/fslarge/scratch/users/h61084/codes/adaptime/outputs/adaptime/data/shared/univariate/Coastal_T_S/20T/medium/run_0 launch_id=selena_adaptime_unified_20260916T080019Z_10942_prepare slurm_job_id=3445478 launched_at=2026-09-16T08:01:48.063218+00:00
/fslarge/scratch/users/h61084/codes/adaptime/outputs/adaptime/data/shared/univariate/Coastal_T_S/20T/medium/run_0/prepared/manifest.json
TIME run allocation action=new run=/fslarge/scratch/users/h61084/codes/adaptime/outputs/adaptime/data/shared/univariate/Coastal_T_S/20T/long/run_0 launch_id=selena_adaptime_unified_20260916T080019Z_10942_prepare slurm_job_id=3445478 launched_at=2026-09-16T08:01:48.088061+00:00
/fslarge/scratch/users/h61084/codes/adaptime/outputs/adaptime/data/shared/univariate/Coastal_T_S/20T/long/run_0/prepared/manifest.json
TIME run allocation action=new run=/fslarge/scratch/users/h61084/codes/adaptime/outputs/adaptime/data/shared/univariate/Coastal_T_S/H/short/run_0 launch_id=selena_adaptime_unified_20260916T080019Z_10942_prepare slurm_job_id=3445478 launched_at=2026-09-16T08:01:48.113534+00:00
/fslarge/scratch/users/h61084/codes/adaptime/outputs/adaptime/data/shared/univariate/Coastal_T_S/H/short/run_0/prepared/manifest.json
TIME run allocation action=new run=/fslarge/scratch/users/h61084/codes/adaptime/outputs/adaptime/data/shared/univariate/Coastal_T_S/H/medium/run_0 launch_id=selena_adaptime_unified_20260916T080019Z_10942_prepare slurm_job_id=3445478 launched_at=2026-09-16T08:01:48.162329+00:00
/fslarge/scratch/users/h61084/codes/adaptime/outputs/adaptime/data/shared/univariate/Coastal_T_S/H/medium/run_0/prepared/manifest.json
TIME run allocation action=new run=/fslarge/scratch/users/h61084/codes/adaptime/outputs/adaptime/data/shared/univariate/Coastal_T_S/H/long/run_0 launch_id=selena_adaptime_unified_20260916T080019Z_10942_prepare slurm_job_id=3445478 launched_at=2026-09-16T08:01:48.219859+00:00
/fslarge/scratch/users/h61084/codes/adaptime/outputs/adaptime/data/shared/univariate/Coastal_T_S/H/long/run_0/prepared/manifest.json
TIME run allocation action=new run=/fslarge/scratch/users/h61084/codes/adaptime/outputs/adaptime/data/shared/univariate/SG_Weather/D/short/run_0 launch_id=selena_adaptime_unified_20260916T080019Z_10942_prepare slurm_job_id=3445478 launched_at=2026-09-16T08:01:48.277929+00:00
/fslarge/scratch/users/h61084/codes/adaptime/outputs/adaptime/data/shared/univariate/SG_Weather/D/short/run_0/prepared/manifest.json
TIME run allocation action=new run=/fslarge/scratch/users/h61084/codes/adaptime/outputs/adaptime/data/shared/univariate/SG_Weather/D/medium/run_0 launch_id=selena_adaptime_unified_20260916T080019Z_10942_prepare slurm_job_id=3445478 launched_at=2026-09-16T08:01:48.306664+00:00
/fslarge/scratch/users/h61084/codes/adaptime/outputs/adaptime/data/shared/univariate/SG_Weather/D/medium/run_0/prepared/manifest.json
TIME run allocation action=new run=/fslarge/scratch/users/h61084/codes/adaptime/outputs/adaptime/data/shared/univariate/SG_Weather/D/long/run_0 launch_id=selena_adaptime_unified_20260916T080019Z_10942_prepare slurm_job_id=3445478 launched_at=2026-09-16T08:01:48.335097+00:00
/fslarge/scratch/users/h61084/codes/adaptime/outputs/adaptime/data/shared/univariate/SG_Weather/D/long/run_0/prepared/manifest.json
TIME run allocation action=new run=/fslarge/scratch/users/h61084/codes/adaptime/outputs/adaptime/data/shared/univariate/SG_PM25/H/short/run_0 launch_id=selena_adaptime_unified_20260916T080019Z_10942_prepare slurm_job_id=3445478 launched_at=2026-09-16T08:01:48.364492+00:00
/fslarge/scratch/users/h61084/codes/adaptime/outputs/adaptime/data/shared/univariate/SG_PM25/H/short/run_0/prepared/manifest.json
TIME run allocation action=new run=/fslarge/scratch/users/h61084/codes/adaptime/outputs/adaptime/data/shared/univariate/SG_PM25/H/medium/run_0 launch_id=selena_adaptime_unified_20260916T080019Z_10942_prepare slurm_job_id=3445478 launched_at=2026-09-16T08:01:48.399832+00:00
/fslarge/scratch/users/h61084/codes/adaptime/outputs/adaptime/data/shared/univariate/SG_PM25/H/medium/run_0/prepared/manifest.json
TIME run allocation action=new run=/fslarge/scratch/users/h61084/codes/adaptime/outputs/adaptime/data/shared/univariate/SG_PM25/H/long/run_0 launch_id=selena_adaptime_unified_20260916T080019Z_10942_prepare slurm_job_id=3445478 launched_at=2026-09-16T08:01:48.440354+00:00
/fslarge/scratch/users/h61084/codes/adaptime/outputs/adaptime/data/shared/univariate/SG_PM25/H/long/run_0/prepared/manifest.json
TIME run allocation action=new run=/fslarge/scratch/users/h61084/codes/adaptime/outputs/adaptime/data/shared/univariate/NE_China_Wind/H/short/run_0 launch_id=selena_adaptime_unified_20260916T080019Z_10942_prepare slurm_job_id=3445478 launched_at=2026-09-16T08:01:48.483230+00:00
/fslarge/scratch/users/h61084/codes/adaptime/outputs/adaptime/data/shared/univariate/NE_China_Wind/H/short/run_0/prepared/manifest.json
TIME run allocation action=new run=/fslarge/scratch/users/h61084/codes/adaptime/outputs/adaptime/data/shared/univariate/NE_China_Wind/H/medium/run_0 launch_id=selena_adaptime_unified_20260916T080019Z_10942_prepare slurm_job_id=3445478 launched_at=2026-09-16T08:01:48.510116+00:00
/fslarge/scratch/users/h61084/codes/adaptime/outputs/adaptime/data/shared/univariate/NE_China_Wind/H/medium/run_0/prepared/manifest.json
TIME run allocation action=new run=/fslarge/scratch/users/h61084/codes/adaptime/outputs/adaptime/data/shared/univariate/NE_China_Wind/H/long/run_0 launch_id=selena_adaptime_unified_20260916T080019Z_10942_prepare slurm_job_id=3445478 launched_at=2026-09-16T08:01:48.536672+00:00
/fslarge/scratch/users/h61084/codes/adaptime/outputs/adaptime/data/shared/univariate/NE_China_Wind/H/long/run_0/prepared/manifest.json
TIME run allocation action=new run=/fslarge/scratch/users/h61084/codes/adaptime/outputs/adaptime/data/shared/univariate/Australia_Solar/H/short/run_0 launch_id=selena_adaptime_unified_20260916T080019Z_10942_prepare slurm_job_id=3445478 launched_at=2026-09-16T08:01:48.563233+00:00
/fslarge/scratch/users/h61084/codes/adaptime/outputs/adaptime/data/shared/univariate/Australia_Solar/H/short/run_0/prepared/manifest.json
TIME run allocation action=new run=/fslarge/scratch/users/h61084/codes/adaptime/outputs/adaptime/data/shared/univariate/Australia_Solar/H/medium/run_0 launch_id=selena_adaptime_unified_20260916T080019Z_10942_prepare slurm_job_id=3445478 launched_at=2026-09-16T08:01:48.593089+00:00
/fslarge/scratch/users/h61084/codes/adaptime/outputs/adaptime/data/shared/univariate/Australia_Solar/H/medium/run_0/prepared/manifest.json
TIME run allocation action=new run=/fslarge/scratch/users/h61084/codes/adaptime/outputs/adaptime/data/shared/univariate/Australia_Solar/H/long/run_0 launch_id=selena_adaptime_unified_20260916T080019Z_10942_prepare slurm_job_id=3445478 launched_at=2026-09-16T08:01:48.631210+00:00
/fslarge/scratch/users/h61084/codes/adaptime/outputs/adaptime/data/shared/univariate/Australia_Solar/H/long/run_0/prepared/manifest.json
TIME run allocation action=new run=/fslarge/scratch/users/h61084/codes/adaptime/outputs/adaptime/data/shared/univariate/epf_electricity_price/H/short/run_0 launch_id=selena_adaptime_unified_20260916T080019Z_10942_prepare slurm_job_id=3445478 launched_at=2026-09-16T08:01:48.666906+00:00
/fslarge/scratch/users/h61084/codes/adaptime/outputs/adaptime/data/shared/univariate/epf_electricity_price/H/short/run_0/prepared/manifest.json
TIME run allocation action=new run=/fslarge/scratch/users/h61084/codes/adaptime/outputs/adaptime/data/shared/univariate/epf_electricity_price/H/medium/run_0 launch_id=selena_adaptime_unified_20260916T080019Z_10942_prepare slurm_job_id=3445478 launched_at=2026-09-16T08:01:48.708510+00:00
/fslarge/scratch/users/h61084/codes/adaptime/outputs/adaptime/data/shared/univariate/epf_electricity_price/H/medium/run_0/prepared/manifest.json
TIME run allocation action=new run=/fslarge/scratch/users/h61084/codes/adaptime/outputs/adaptime/data/shared/univariate/epf_electricity_price/H/long/run_0 launch_id=selena_adaptime_unified_20260916T080019Z_10942_prepare slurm_job_id=3445478 launched_at=2026-09-16T08:01:48.758615+00:00
/fslarge/scratch/users/h61084/codes/adaptime/outputs/adaptime/data/shared/univariate/epf_electricity_price/H/long/run_0/prepared/manifest.json
TIME run allocation action=new run=/fslarge/scratch/users/h61084/codes/adaptime/outputs/adaptime/data/shared/univariate/OpenElectricity_NEM/5T/short/run_0 launch_id=selena_adaptime_unified_20260916T080019Z_10942_prepare slurm_job_id=3445478 launched_at=2026-09-16T08:01:48.806368+00:00
/fslarge/scratch/users/h61084/codes/adaptime/outputs/adaptime/data/shared/univariate/OpenElectricity_NEM/5T/short/run_0/prepared/manifest.json
TIME run allocation action=new run=/fslarge/scratch/users/h61084/codes/adaptime/outputs/adaptime/data/shared/univariate/OpenElectricity_NEM/5T/medium/run_0 launch_id=selena_adaptime_unified_20260916T080019Z_10942_prepare slurm_job_id=3445478 launched_at=2026-09-16T08:01:48.856440+00:00
/fslarge/scratch/users/h61084/codes/adaptime/outputs/adaptime/data/shared/univariate/OpenElectricity_NEM/5T/medium/run_0/prepared/manifest.json
TIME run allocation action=new run=/fslarge/scratch/users/h61084/codes/adaptime/outputs/adaptime/data/shared/univariate/OpenElectricity_NEM/5T/long/run_0 launch_id=selena_adaptime_unified_20260916T080019Z_10942_prepare slurm_job_id=3445478 launched_at=2026-09-16T08:01:48.906932+00:00
/fslarge/scratch/users/h61084/codes/adaptime/outputs/adaptime/data/shared/univariate/OpenElectricity_NEM/5T/long/run_0/prepared/manifest.json
TIME run allocation action=new run=/fslarge/scratch/users/h61084/codes/adaptime/outputs/adaptime/data/shared/univariate/EWELD_Load/15T/short/run_0 launch_id=selena_adaptime_unified_20260916T080019Z_10942_prepare slurm_job_id=3445478 launched_at=2026-09-16T08:01:48.957480+00:00
/fslarge/scratch/users/h61084/codes/adaptime/outputs/adaptime/data/shared/univariate/EWELD_Load/15T/short/run_0/prepared/manifest.json
TIME run allocation action=new run=/fslarge/scratch/users/h61084/codes/adaptime/outputs/adaptime/data/shared/univariate/EWELD_Load/15T/medium/run_0 launch_id=selena_adaptime_unified_20260916T080019Z_10942_prepare slurm_job_id=3445478 launched_at=2026-09-16T08:01:48.993442+00:00
/fslarge/scratch/users/h61084/codes/adaptime/outputs/adaptime/data/shared/univariate/EWELD_Load/15T/medium/run_0/prepared/manifest.json
TIME run allocation action=new run=/fslarge/scratch/users/h61084/codes/adaptime/outputs/adaptime/data/shared/univariate/EWELD_Load/15T/long/run_0 launch_id=selena_adaptime_unified_20260916T080019Z_10942_prepare slurm_job_id=3445478 launched_at=2026-09-16T08:01:49.028915+00:00
/fslarge/scratch/users/h61084/codes/adaptime/outputs/adaptime/data/shared/univariate/EWELD_Load/15T/long/run_0/prepared/manifest.json
TIME run allocation action=new run=/fslarge/scratch/users/h61084/codes/adaptime/outputs/adaptime/data/shared/univariate/SG_Carpark/15T/short/run_0 launch_id=selena_adaptime_unified_20260916T080019Z_10942_prepare slurm_job_id=3445478 launched_at=2026-09-16T08:01:49.064876+00:00
/fslarge/scratch/users/h61084/codes/adaptime/outputs/adaptime/data/shared/univariate/SG_Carpark/15T/short/run_0/prepared/manifest.json
TIME run allocation action=new run=/fslarge/scratch/users/h61084/codes/adaptime/outputs/adaptime/data/shared/univariate/SG_Carpark/15T/medium/run_0 launch_id=selena_adaptime_unified_20260916T080019Z_10942_prepare slurm_job_id=3445478 launched_at=2026-09-16T08:01:49.397273+00:00
/fslarge/scratch/users/h61084/codes/adaptime/outputs/adaptime/data/shared/univariate/SG_Carpark/15T/medium/run_0/prepared/manifest.json
TIME run allocation action=new run=/fslarge/scratch/users/h61084/codes/adaptime/outputs/adaptime/data/shared/univariate/SG_Carpark/15T/long/run_0 launch_id=selena_adaptime_unified_20260916T080019Z_10942_prepare slurm_job_id=3445478 launched_at=2026-09-16T08:01:49.728347+00:00
/fslarge/scratch/users/h61084/codes/adaptime/outputs/adaptime/data/shared/univariate/SG_Carpark/15T/long/run_0/prepared/manifest.json
TIME run allocation action=new run=/fslarge/scratch/users/h61084/codes/adaptime/outputs/adaptime/data/shared/univariate/Finland_Traffic/15T/short/run_0 launch_id=selena_adaptime_unified_20260916T080019Z_10942_prepare slurm_job_id=3445478 launched_at=2026-09-16T08:01:50.044927+00:00
/fslarge/scratch/users/h61084/codes/adaptime/outputs/adaptime/data/shared/univariate/Finland_Traffic/15T/short/run_0/prepared/manifest.json
TIME run allocation action=new run=/fslarge/scratch/users/h61084/codes/adaptime/outputs/adaptime/data/shared/univariate/Finland_Traffic/15T/medium/run_0 launch_id=selena_adaptime_unified_20260916T080019Z_10942_prepare slurm_job_id=3445478 launched_at=2026-09-16T08:01:50.072242+00:00
/fslarge/scratch/users/h61084/codes/adaptime/outputs/adaptime/data/shared/univariate/Finland_Traffic/15T/medium/run_0/prepared/manifest.json
TIME run allocation action=new run=/fslarge/scratch/users/h61084/codes/adaptime/outputs/adaptime/data/shared/univariate/Finland_Traffic/15T/long/run_0 launch_id=selena_adaptime_unified_20260916T080019Z_10942_prepare slurm_job_id=3445478 launched_at=2026-09-16T08:01:50.098748+00:00
/fslarge/scratch/users/h61084/codes/adaptime/outputs/adaptime/data/shared/univariate/Finland_Traffic/15T/long/run_0/prepared/manifest.json
TIME run allocation action=new run=/fslarge/scratch/users/h61084/codes/adaptime/outputs/adaptime/data/shared/univariate/Port_Activity/D/short/run_0 launch_id=selena_adaptime_unified_20260916T080019Z_10942_prepare slurm_job_id=3445478 launched_at=2026-09-16T08:01:50.125005+00:00
/fslarge/scratch/users/h61084/codes/adaptime/outputs/adaptime/data/shared/univariate/Port_Activity/D/short/run_0/prepared/manifest.json
TIME run allocation action=new run=/fslarge/scratch/users/h61084/codes/adaptime/outputs/adaptime/data/shared/univariate/Port_Activity/W/short/run_0 launch_id=selena_adaptime_unified_20260916T080019Z_10942_prepare slurm_job_id=3445478 launched_at=2026-09-16T08:01:50.191209+00:00
/fslarge/scratch/users/h61084/codes/adaptime/outputs/adaptime/data/shared/univariate/Port_Activity/W/short/run_0/prepared/manifest.json
TIME run allocation action=new run=/fslarge/scratch/users/h61084/codes/adaptime/outputs/adaptime/data/shared/univariate/ECDC_COVID/D/short/run_0 launch_id=selena_adaptime_unified_20260916T080019Z_10942_prepare slurm_job_id=3445478 launched_at=2026-09-16T08:01:50.230072+00:00
/fslarge/scratch/users/h61084/codes/adaptime/outputs/adaptime/data/shared/univariate/ECDC_COVID/D/short/run_0/prepared/manifest.json
TIME run allocation action=new run=/fslarge/scratch/users/h61084/codes/adaptime/outputs/adaptime/data/shared/univariate/ECDC_COVID/W/short/run_0 launch_id=selena_adaptime_unified_20260916T080019Z_10942_prepare slurm_job_id=3445478 launched_at=2026-09-16T08:01:50.256781+00:00
/fslarge/scratch/users/h61084/codes/adaptime/outputs/adaptime/data/shared/univariate/ECDC_COVID/W/short/run_0/prepared/manifest.json
TIME run allocation action=new run=/fslarge/scratch/users/h61084/codes/adaptime/outputs/adaptime/data/shared/univariate/Global_Influenza/W/short/run_0 launch_id=selena_adaptime_unified_20260916T080019Z_10942_prepare slurm_job_id=3445478 launched_at=2026-09-16T08:01:50.283506+00:00
/fslarge/scratch/users/h61084/codes/adaptime/outputs/adaptime/data/shared/univariate/Global_Influenza/W/short/run_0/prepared/manifest.json
TIME run allocation action=new run=/fslarge/scratch/users/h61084/codes/adaptime/outputs/adaptime/data/shared/univariate/Crypto/D/short/run_0 launch_id=selena_adaptime_unified_20260916T080019Z_10942_prepare slurm_job_id=3445478 launched_at=2026-09-16T08:01:50.310485+00:00
/fslarge/scratch/users/h61084/codes/adaptime/outputs/adaptime/data/shared/univariate/Crypto/D/short/run_0/prepared/manifest.json
TIME run allocation action=new run=/fslarge/scratch/users/h61084/codes/adaptime/outputs/adaptime/data/shared/univariate/US_Term_Structure/B/short/run_0 launch_id=selena_adaptime_unified_20260916T080019Z_10942_prepare slurm_job_id=3445478 launched_at=2026-09-16T08:01:50.336679+00:00
/fslarge/scratch/users/h61084/codes/adaptime/outputs/adaptime/data/shared/univariate/US_Term_Structure/B/short/run_0/prepared/manifest.json
TIME run allocation action=new run=/fslarge/scratch/users/h61084/codes/adaptime/outputs/adaptime/data/shared/univariate/Oil_Price/B/short/run_0 launch_id=selena_adaptime_unified_20260916T080019Z_10942_prepare slurm_job_id=3445478 launched_at=2026-09-16T08:01:50.393763+00:00
/fslarge/scratch/users/h61084/codes/adaptime/outputs/adaptime/data/shared/univariate/Oil_Price/B/short/run_0/prepared/manifest.json
TIME run allocation action=new run=/fslarge/scratch/users/h61084/codes/adaptime/outputs/adaptime/data/shared/univariate/Job_Claims/W/short/run_0 launch_id=selena_adaptime_unified_20260916T080019Z_10942_prepare slurm_job_id=3445478 launched_at=2026-09-16T08:01:50.422915+00:00
/fslarge/scratch/users/h61084/codes/adaptime/outputs/adaptime/data/shared/univariate/Job_Claims/W/short/run_0/prepared/manifest.json
TIME run allocation action=new run=/fslarge/scratch/users/h61084/codes/adaptime/outputs/adaptime/data/shared/univariate/Uncertainty_1M/M/short/run_0 launch_id=selena_adaptime_unified_20260916T080019Z_10942_prepare slurm_job_id=3445478 launched_at=2026-09-16T08:01:50.448134+00:00
/fslarge/scratch/users/h61084/codes/adaptime/outputs/adaptime/data/shared/univariate/Uncertainty_1M/M/short/run_0/prepared/manifest.json
TIME run allocation action=new run=/fslarge/scratch/users/h61084/codes/adaptime/outputs/adaptime/data/shared/univariate/Housing_Inventory/M/short/run_0 launch_id=selena_adaptime_unified_20260916T080019Z_10942_prepare slurm_job_id=3445478 launched_at=2026-09-16T08:01:50.472319+00:00
/fslarge/scratch/users/h61084/codes/adaptime/outputs/adaptime/data/shared/univariate/Housing_Inventory/M/short/run_0/prepared/manifest.json
TIME run allocation action=new run=/fslarge/scratch/users/h61084/codes/adaptime/outputs/adaptime/data/shared/univariate/JOLTS/M/short/run_0 launch_id=selena_adaptime_unified_20260916T080019Z_10942_prepare slurm_job_id=3445478 launched_at=2026-09-16T08:01:50.497234+00:00
/fslarge/scratch/users/h61084/codes/adaptime/outputs/adaptime/data/shared/univariate/JOLTS/M/short/run_0/prepared/manifest.json
TIME run allocation action=new run=/fslarge/scratch/users/h61084/codes/adaptime/outputs/adaptime/data/shared/univariate/US_Labor/M/short/run_0 launch_id=selena_adaptime_unified_20260916T080019Z_10942_prepare slurm_job_id=3445478 launched_at=2026-09-16T08:01:50.522228+00:00
/fslarge/scratch/users/h61084/codes/adaptime/outputs/adaptime/data/shared/univariate/US_Labor/M/short/run_0/prepared/manifest.json
TIME run allocation action=new run=/fslarge/scratch/users/h61084/codes/adaptime/outputs/adaptime/data/shared/univariate/Vehicle_Supply/M/short/run_0 launch_id=selena_adaptime_unified_20260916T080019Z_10942_prepare slurm_job_id=3445478 launched_at=2026-09-16T08:01:50.547516+00:00
/fslarge/scratch/users/h61084/codes/adaptime/outputs/adaptime/data/shared/univariate/Vehicle_Supply/M/short/run_0/prepared/manifest.json
TIME run allocation action=new run=/fslarge/scratch/users/h61084/codes/adaptime/outputs/adaptime/data/shared/univariate/Auto_Production_SF/M/short/run_0 launch_id=selena_adaptime_unified_20260916T080019Z_10942_prepare slurm_job_id=3445478 launched_at=2026-09-16T08:01:50.572239+00:00
/fslarge/scratch/users/h61084/codes/adaptime/outputs/adaptime/data/shared/univariate/Auto_Production_SF/M/short/run_0/prepared/manifest.json
TIME run allocation action=new run=/fslarge/scratch/users/h61084/codes/adaptime/outputs/adaptime/data/shared/univariate/Commodity_Production/M/short/run_0 launch_id=selena_adaptime_unified_20260916T080019Z_10942_prepare slurm_job_id=3445478 launched_at=2026-09-16T08:01:50.597081+00:00
/fslarge/scratch/users/h61084/codes/adaptime/outputs/adaptime/data/shared/univariate/Commodity_Production/M/short/run_0/prepared/manifest.json
TIME run allocation action=new run=/fslarge/scratch/users/h61084/codes/adaptime/outputs/adaptime/data/shared/univariate/Commodity_Import/M/short/run_0 launch_id=selena_adaptime_unified_20260916T080019Z_10942_prepare slurm_job_id=3445478 launched_at=2026-09-16T08:01:50.625982+00:00
/fslarge/scratch/users/h61084/codes/adaptime/outputs/adaptime/data/shared/univariate/Commodity_Import/M/short/run_0/prepared/manifest.json
TIME run allocation action=new run=/fslarge/scratch/users/h61084/codes/adaptime/outputs/adaptime/data/shared/univariate/WUI_Global/Q/short/run_0 launch_id=selena_adaptime_unified_20260916T080019Z_10942_prepare slurm_job_id=3445478 launched_at=2026-09-16T08:01:50.651942+00:00
/fslarge/scratch/users/h61084/codes/adaptime/outputs/adaptime/data/shared/univariate/WUI_Global/Q/short/run_0/prepared/manifest.json
TIME run allocation action=new run=/fslarge/scratch/users/h61084/codes/adaptime/outputs/adaptime/data/shared/univariate/Global_Price/Q/short/run_0 launch_id=selena_adaptime_unified_20260916T080019Z_10942_prepare slurm_job_id=3445478 launched_at=2026-09-16T08:01:50.677179+00:00
/fslarge/scratch/users/h61084/codes/adaptime/outputs/adaptime/data/shared/univariate/Global_Price/Q/short/run_0/prepared/manifest.json
TIME run allocation action=new run=/fslarge/scratch/users/h61084/codes/adaptime/outputs/adaptime/data/shared/univariate/Vehicle_Sales/M/short/run_0 launch_id=selena_adaptime_unified_20260916T080019Z_10942_prepare slurm_job_id=3445478 launched_at=2026-09-16T08:01:50.702724+00:00
/fslarge/scratch/users/h61084/codes/adaptime/outputs/adaptime/data/shared/univariate/Vehicle_Sales/M/short/run_0/prepared/manifest.json
TIME run allocation action=new run=/fslarge/scratch/users/h61084/codes/adaptime/outputs/adaptime/data/shared/univariate/Online_Retail_2_UCI/D/short/run_0 launch_id=selena_adaptime_unified_20260916T080019Z_10942_prepare slurm_job_id=3445478 launched_at=2026-09-16T08:01:50.727989+00:00
/fslarge/scratch/users/h61084/codes/adaptime/outputs/adaptime/data/shared/univariate/Online_Retail_2_UCI/D/short/run_0/prepared/manifest.json
TIME run allocation action=new run=/fslarge/scratch/users/h61084/codes/adaptime/outputs/adaptime/data/shared/univariate/Supply_Chain_Customer/D/short/run_0 launch_id=selena_adaptime_unified_20260916T080019Z_10942_prepare slurm_job_id=3445478 launched_at=2026-09-16T08:01:50.752977+00:00
/fslarge/scratch/users/h61084/codes/adaptime/outputs/adaptime/data/shared/univariate/Supply_Chain_Customer/D/short/run_0/prepared/manifest.json
TIME run allocation action=new run=/fslarge/scratch/users/h61084/codes/adaptime/outputs/adaptime/data/shared/univariate/Supply_Chain_Location/D/short/run_0 launch_id=selena_adaptime_unified_20260916T080019Z_10942_prepare slurm_job_id=3445478 launched_at=2026-09-16T08:01:50.781968+00:00
/fslarge/scratch/users/h61084/codes/adaptime/outputs/adaptime/data/shared/univariate/Supply_Chain_Location/D/short/run_0/prepared/manifest.json
TIME run allocation action=new run=/fslarge/scratch/users/h61084/codes/adaptime/outputs/adaptime/data/shared/univariate/azure2019_U/5T/short/run_0 launch_id=selena_adaptime_unified_20260916T080019Z_10942_prepare slurm_job_id=3445478 launched_at=2026-09-16T08:01:50.812955+00:00
/fslarge/scratch/users/h61084/codes/adaptime/outputs/adaptime/data/shared/univariate/azure2019_U/5T/short/run_0/prepared/manifest.json
TIME run allocation action=new run=/fslarge/scratch/users/h61084/codes/adaptime/outputs/adaptime/data/shared/univariate/Smart_Manufacturing/H/short/run_0 launch_id=selena_adaptime_unified_20260916T080019Z_10942_prepare slurm_job_id=3445478 launched_at=2026-09-16T08:01:50.874220+00:00
/fslarge/scratch/users/h61084/codes/adaptime/outputs/adaptime/data/shared/univariate/Smart_Manufacturing/H/short/run_0/prepared/manifest.json
TIME run allocation action=new run=/fslarge/scratch/users/h61084/codes/adaptime/outputs/adaptime/data/shared/univariate/Smart_Manufacturing/H/medium/run_0 launch_id=selena_adaptime_unified_20260916T080019Z_10942_prepare slurm_job_id=3445478 launched_at=2026-09-16T08:01:50.920300+00:00
/fslarge/scratch/users/h61084/codes/adaptime/outputs/adaptime/data/shared/univariate/Smart_Manufacturing/H/medium/run_0/prepared/manifest.json
TIME run allocation action=new run=/fslarge/scratch/users/h61084/codes/adaptime/outputs/adaptime/data/shared/univariate/Smart_Manufacturing/H/long/run_0 launch_id=selena_adaptime_unified_20260916T080019Z_10942_prepare slurm_job_id=3445478 launched_at=2026-09-16T08:01:50.964994+00:00
/fslarge/scratch/users/h61084/codes/adaptime/outputs/adaptime/data/shared/univariate/Smart_Manufacturing/H/long/run_0/prepared/manifest.json
TIME run allocation action=new run=/fslarge/scratch/users/h61084/codes/adaptime/outputs/adaptime/data/shared/univariate/MetroPT-3/5T/short/run_0 launch_id=selena_adaptime_unified_20260916T080019Z_10942_prepare slurm_job_id=3445478 launched_at=2026-09-16T08:01:51.010448+00:00
/fslarge/scratch/users/h61084/codes/adaptime/outputs/adaptime/data/shared/univariate/MetroPT-3/5T/short/run_0/prepared/manifest.json
TIME run allocation action=new run=/fslarge/scratch/users/h61084/codes/adaptime/outputs/adaptime/data/shared/univariate/MetroPT-3/5T/medium/run_0 launch_id=selena_adaptime_unified_20260916T080019Z_10942_prepare slurm_job_id=3445478 launched_at=2026-09-16T08:01:51.040884+00:00
/fslarge/scratch/users/h61084/codes/adaptime/outputs/adaptime/data/shared/univariate/MetroPT-3/5T/medium/run_0/prepared/manifest.json
TIME run allocation action=new run=/fslarge/scratch/users/h61084/codes/adaptime/outputs/adaptime/data/shared/univariate/MetroPT-3/5T/long/run_0 launch_id=selena_adaptime_unified_20260916T080019Z_10942_prepare slurm_job_id=3445478 launched_at=2026-09-16T08:01:51.069996+00:00
/fslarge/scratch/users/h61084/codes/adaptime/outputs/adaptime/data/shared/univariate/MetroPT-3/5T/long/run_0/prepared/manifest.json
2026-09-16 10:02:03 | task TIME-wide Adaptime method=vanilla stage=prepare completed status=success
2026-09-16 10:02:03 | stage prepare completed status=success
2026-09-16 10:02:03 | workflow adaptime completed status=success exit_code=0
