2026-09-15 11:35:25 | workflow adaptime started launch_id=selena_adaptime_unified_20260915T093500Z_51105_ridge task=ridge_pipeline slurm_job_id=3432398 slurm_array_job_id=none slurm_array_task_id=none
2026-09-15 11:35:25 | stage pipeline started
2026-09-15 11:35:25 | task TIME-wide Adaptime method=ridge stage=pipeline started
TIME run allocation action=skip run=/fslarge/scratch/users/h61084/codes/adaptime/outputs/adaptime/extractions/ridge/univariate/Water_Quality_Darwin/15T/short/run_0 source_launch=selena_adaptime_unified_20260914T204328Z_25264_ridge launch_id=selena_adaptime_unified_20260915T093500Z_51105_ridge slurm_job_id=3432398 launched_at=2026-09-15T09:35:32.158614+00:00
/fslarge/scratch/users/h61084/codes/adaptime/outputs/adaptime/extractions/ridge/univariate/Water_Quality_Darwin/15T/short/run_0/extraction/manifest.json
TIME run allocation action=skip run=/fslarge/scratch/users/h61084/codes/adaptime/outputs/adaptime/extractions/ridge/univariate/Water_Quality_Darwin/15T/medium/run_0 source_launch=selena_adaptime_unified_20260914T204328Z_25264_ridge launch_id=selena_adaptime_unified_20260915T093500Z_51105_ridge slurm_job_id=3432398 launched_at=2026-09-15T09:35:32.166236+00:00
/fslarge/scratch/users/h61084/codes/adaptime/outputs/adaptime/extractions/ridge/univariate/Water_Quality_Darwin/15T/medium/run_0/extraction/manifest.json
TIME run allocation action=skip run=/fslarge/scratch/users/h61084/codes/adaptime/outputs/adaptime/extractions/ridge/univariate/Water_Quality_Darwin/15T/long/run_0 source_launch=selena_adaptime_unified_20260914T204328Z_25264_ridge launch_id=selena_adaptime_unified_20260915T093500Z_51105_ridge slurm_job_id=3432398 launched_at=2026-09-15T09:35:32.183090+00:00
/fslarge/scratch/users/h61084/codes/adaptime/outputs/adaptime/extractions/ridge/univariate/Water_Quality_Darwin/15T/long/run_0/extraction/manifest.json
TIME run allocation action=skip run=/fslarge/scratch/users/h61084/codes/adaptime/outputs/adaptime/extractions/ridge/univariate/current_velocity/5T/short/run_0 source_launch=selena_adaptime_unified_20260914T204328Z_25264_ridge launch_id=selena_adaptime_unified_20260915T093500Z_51105_ridge slurm_job_id=3432398 launched_at=2026-09-15T09:35:32.201142+00:00
/fslarge/scratch/users/h61084/codes/adaptime/outputs/adaptime/extractions/ridge/univariate/current_velocity/5T/short/run_0/extraction/manifest.json
TIME run allocation action=skip run=/fslarge/scratch/users/h61084/codes/adaptime/outputs/adaptime/extractions/ridge/univariate/current_velocity/5T/medium/run_0 source_launch=selena_adaptime_unified_20260914T204328Z_25264_ridge launch_id=selena_adaptime_unified_20260915T093500Z_51105_ridge slurm_job_id=3432398 launched_at=2026-09-15T09:35:32.210687+00:00
/fslarge/scratch/users/h61084/codes/adaptime/outputs/adaptime/extractions/ridge/univariate/current_velocity/5T/medium/run_0/extraction/manifest.json
TIME run allocation action=skip run=/fslarge/scratch/users/h61084/codes/adaptime/outputs/adaptime/extractions/ridge/univariate/current_velocity/5T/long/run_0 source_launch=selena_adaptime_unified_20260914T204328Z_25264_ridge launch_id=selena_adaptime_unified_20260915T093500Z_51105_ridge slurm_job_id=3432398 launched_at=2026-09-15T09:35:32.219382+00:00
/fslarge/scratch/users/h61084/codes/adaptime/outputs/adaptime/extractions/ridge/univariate/current_velocity/5T/long/run_0/extraction/manifest.json
TIME run allocation action=skip run=/fslarge/scratch/users/h61084/codes/adaptime/outputs/adaptime/extractions/ridge/univariate/current_velocity/10T/short/run_0 source_launch=selena_adaptime_unified_20260914T204328Z_25264_ridge launch_id=selena_adaptime_unified_20260915T093500Z_51105_ridge slurm_job_id=3432398 launched_at=2026-09-15T09:35:32.236218+00:00
/fslarge/scratch/users/h61084/codes/adaptime/outputs/adaptime/extractions/ridge/univariate/current_velocity/10T/short/run_0/extraction/manifest.json
TIME run allocation action=skip run=/fslarge/scratch/users/h61084/codes/adaptime/outputs/adaptime/extractions/ridge/univariate/current_velocity/10T/medium/run_0 source_launch=selena_adaptime_unified_20260914T204328Z_25264_ridge launch_id=selena_adaptime_unified_20260915T093500Z_51105_ridge slurm_job_id=3432398 launched_at=2026-09-15T09:35:32.251457+00:00
/fslarge/scratch/users/h61084/codes/adaptime/outputs/adaptime/extractions/ridge/univariate/current_velocity/10T/medium/run_0/extraction/manifest.json
TIME run allocation action=skip run=/fslarge/scratch/users/h61084/codes/adaptime/outputs/adaptime/extractions/ridge/univariate/current_velocity/10T/long/run_0 source_launch=selena_adaptime_unified_20260914T204328Z_25264_ridge launch_id=selena_adaptime_unified_20260915T093500Z_51105_ridge slurm_job_id=3432398 launched_at=2026-09-15T09:35:32.258789+00:00
/fslarge/scratch/users/h61084/codes/adaptime/outputs/adaptime/extractions/ridge/univariate/current_velocity/10T/long/run_0/extraction/manifest.json
TIME run allocation action=skip run=/fslarge/scratch/users/h61084/codes/adaptime/outputs/adaptime/extractions/ridge/univariate/current_velocity/15T/short/run_0 source_launch=selena_adaptime_unified_20260914T204328Z_25264_ridge launch_id=selena_adaptime_unified_20260915T093500Z_51105_ridge slurm_job_id=3432398 launched_at=2026-09-15T09:35:32.269562+00:00
/fslarge/scratch/users/h61084/codes/adaptime/outputs/adaptime/extractions/ridge/univariate/current_velocity/15T/short/run_0/extraction/manifest.json
TIME run allocation action=skip run=/fslarge/scratch/users/h61084/codes/adaptime/outputs/adaptime/extractions/ridge/univariate/current_velocity/15T/medium/run_0 source_launch=selena_adaptime_unified_20260914T204328Z_25264_ridge launch_id=selena_adaptime_unified_20260915T093500Z_51105_ridge slurm_job_id=3432398 launched_at=2026-09-15T09:35:32.288533+00:00
/fslarge/scratch/users/h61084/codes/adaptime/outputs/adaptime/extractions/ridge/univariate/current_velocity/15T/medium/run_0/extraction/manifest.json
TIME run allocation action=skip run=/fslarge/scratch/users/h61084/codes/adaptime/outputs/adaptime/extractions/ridge/univariate/current_velocity/15T/long/run_0 source_launch=selena_adaptime_unified_20260914T204328Z_25264_ridge launch_id=selena_adaptime_unified_20260915T093500Z_51105_ridge slurm_job_id=3432398 launched_at=2026-09-15T09:35:32.302948+00:00
/fslarge/scratch/users/h61084/codes/adaptime/outputs/adaptime/extractions/ridge/univariate/current_velocity/15T/long/run_0/extraction/manifest.json
TIME run allocation action=skip run=/fslarge/scratch/users/h61084/codes/adaptime/outputs/adaptime/extractions/ridge/univariate/current_velocity/20T/short/run_0 source_launch=selena_adaptime_unified_20260914T204328Z_25264_ridge launch_id=selena_adaptime_unified_20260915T093500Z_51105_ridge slurm_job_id=3432398 launched_at=2026-09-15T09:35:32.310595+00:00
/fslarge/scratch/users/h61084/codes/adaptime/outputs/adaptime/extractions/ridge/univariate/current_velocity/20T/short/run_0/extraction/manifest.json
TIME run allocation action=skip run=/fslarge/scratch/users/h61084/codes/adaptime/outputs/adaptime/extractions/ridge/univariate/current_velocity/20T/medium/run_0 source_launch=selena_adaptime_unified_20260914T204328Z_25264_ridge launch_id=selena_adaptime_unified_20260915T093500Z_51105_ridge slurm_job_id=3432398 launched_at=2026-09-15T09:35:32.325369+00:00
/fslarge/scratch/users/h61084/codes/adaptime/outputs/adaptime/extractions/ridge/univariate/current_velocity/20T/medium/run_0/extraction/manifest.json
TIME run allocation action=skip run=/fslarge/scratch/users/h61084/codes/adaptime/outputs/adaptime/extractions/ridge/univariate/current_velocity/20T/long/run_0 source_launch=selena_adaptime_unified_20260914T204328Z_25264_ridge launch_id=selena_adaptime_unified_20260915T093500Z_51105_ridge slurm_job_id=3432398 launched_at=2026-09-15T09:35:32.342325+00:00
/fslarge/scratch/users/h61084/codes/adaptime/outputs/adaptime/extractions/ridge/univariate/current_velocity/20T/long/run_0/extraction/manifest.json
TIME run allocation action=skip run=/fslarge/scratch/users/h61084/codes/adaptime/outputs/adaptime/extractions/ridge/univariate/current_velocity/H/short/run_0 source_launch=selena_adaptime_unified_20260914T204328Z_25264_ridge launch_id=selena_adaptime_unified_20260915T093500Z_51105_ridge slurm_job_id=3432398 launched_at=2026-09-15T09:35:32.351824+00:00
/fslarge/scratch/users/h61084/codes/adaptime/outputs/adaptime/extractions/ridge/univariate/current_velocity/H/short/run_0/extraction/manifest.json
TIME run allocation action=skip run=/fslarge/scratch/users/h61084/codes/adaptime/outputs/adaptime/extractions/ridge/univariate/current_velocity/H/medium/run_0 source_launch=selena_adaptime_unified_20260914T204328Z_25264_ridge launch_id=selena_adaptime_unified_20260915T093500Z_51105_ridge slurm_job_id=3432398 launched_at=2026-09-15T09:35:32.360027+00:00
/fslarge/scratch/users/h61084/codes/adaptime/outputs/adaptime/extractions/ridge/univariate/current_velocity/H/medium/run_0/extraction/manifest.json
TIME run allocation action=skip run=/fslarge/scratch/users/h61084/codes/adaptime/outputs/adaptime/extractions/ridge/univariate/current_velocity/H/long/run_0 source_launch=selena_adaptime_unified_20260914T204328Z_25264_ridge launch_id=selena_adaptime_unified_20260915T093500Z_51105_ridge slurm_job_id=3432398 launched_at=2026-09-15T09:35:32.378540+00:00
/fslarge/scratch/users/h61084/codes/adaptime/outputs/adaptime/extractions/ridge/univariate/current_velocity/H/long/run_0/extraction/manifest.json
TIME run allocation action=skip run=/fslarge/scratch/users/h61084/codes/adaptime/outputs/adaptime/extractions/ridge/univariate/CPHL/15T/short/run_0 source_launch=selena_adaptime_unified_20260914T204328Z_25264_ridge launch_id=selena_adaptime_unified_20260915T093500Z_51105_ridge slurm_job_id=3432398 launched_at=2026-09-15T09:35:32.394866+00:00
/fslarge/scratch/users/h61084/codes/adaptime/outputs/adaptime/extractions/ridge/univariate/CPHL/15T/short/run_0/extraction/manifest.json
TIME run allocation action=skip run=/fslarge/scratch/users/h61084/codes/adaptime/outputs/adaptime/extractions/ridge/univariate/CPHL/15T/medium/run_0 source_launch=selena_adaptime_unified_20260914T204328Z_25264_ridge launch_id=selena_adaptime_unified_20260915T093500Z_51105_ridge slurm_job_id=3432398 launched_at=2026-09-15T09:35:32.403169+00:00
/fslarge/scratch/users/h61084/codes/adaptime/outputs/adaptime/extractions/ridge/univariate/CPHL/15T/medium/run_0/extraction/manifest.json
TIME run allocation action=skip run=/fslarge/scratch/users/h61084/codes/adaptime/outputs/adaptime/extractions/ridge/univariate/CPHL/15T/long/run_0 source_launch=selena_adaptime_unified_20260914T204328Z_25264_ridge launch_id=selena_adaptime_unified_20260915T093500Z_51105_ridge slurm_job_id=3432398 launched_at=2026-09-15T09:35:32.415340+00:00
/fslarge/scratch/users/h61084/codes/adaptime/outputs/adaptime/extractions/ridge/univariate/CPHL/15T/long/run_0/extraction/manifest.json
TIME run allocation action=skip run=/fslarge/scratch/users/h61084/codes/adaptime/outputs/adaptime/extractions/ridge/univariate/CPHL/30T/short/run_0 source_launch=selena_adaptime_unified_20260914T204328Z_25264_ridge launch_id=selena_adaptime_unified_20260915T093500Z_51105_ridge slurm_job_id=3432398 launched_at=2026-09-15T09:35:32.432369+00:00
/fslarge/scratch/users/h61084/codes/adaptime/outputs/adaptime/extractions/ridge/univariate/CPHL/30T/short/run_0/extraction/manifest.json
TIME run allocation action=skip run=/fslarge/scratch/users/h61084/codes/adaptime/outputs/adaptime/extractions/ridge/univariate/CPHL/30T/medium/run_0 source_launch=selena_adaptime_unified_20260914T204328Z_25264_ridge launch_id=selena_adaptime_unified_20260915T093500Z_51105_ridge slurm_job_id=3432398 launched_at=2026-09-15T09:35:32.443020+00:00
/fslarge/scratch/users/h61084/codes/adaptime/outputs/adaptime/extractions/ridge/univariate/CPHL/30T/medium/run_0/extraction/manifest.json
TIME run allocation action=skip run=/fslarge/scratch/users/h61084/codes/adaptime/outputs/adaptime/extractions/ridge/univariate/CPHL/30T/long/run_0 source_launch=selena_adaptime_unified_20260914T204328Z_25264_ridge launch_id=selena_adaptime_unified_20260915T093500Z_51105_ridge slurm_job_id=3432398 launched_at=2026-09-15T09:35:32.450311+00:00
/fslarge/scratch/users/h61084/codes/adaptime/outputs/adaptime/extractions/ridge/univariate/CPHL/30T/long/run_0/extraction/manifest.json
TIME run allocation action=skip run=/fslarge/scratch/users/h61084/codes/adaptime/outputs/adaptime/extractions/ridge/univariate/CPHL/H/short/run_0 source_launch=selena_adaptime_unified_20260914T204328Z_25264_ridge launch_id=selena_adaptime_unified_20260915T093500Z_51105_ridge slurm_job_id=3432398 launched_at=2026-09-15T09:35:32.466773+00:00
/fslarge/scratch/users/h61084/codes/adaptime/outputs/adaptime/extractions/ridge/univariate/CPHL/H/short/run_0/extraction/manifest.json
TIME run allocation action=skip run=/fslarge/scratch/users/h61084/codes/adaptime/outputs/adaptime/extractions/ridge/univariate/CPHL/H/medium/run_0 source_launch=selena_adaptime_unified_20260914T204328Z_25264_ridge launch_id=selena_adaptime_unified_20260915T093500Z_51105_ridge slurm_job_id=3432398 launched_at=2026-09-15T09:35:32.482766+00:00
/fslarge/scratch/users/h61084/codes/adaptime/outputs/adaptime/extractions/ridge/univariate/CPHL/H/medium/run_0/extraction/manifest.json
TIME run allocation action=skip run=/fslarge/scratch/users/h61084/codes/adaptime/outputs/adaptime/extractions/ridge/univariate/CPHL/H/long/run_0 source_launch=selena_adaptime_unified_20260914T204328Z_25264_ridge launch_id=selena_adaptime_unified_20260915T093500Z_51105_ridge slurm_job_id=3432398 launched_at=2026-09-15T09:35:32.490389+00:00
/fslarge/scratch/users/h61084/codes/adaptime/outputs/adaptime/extractions/ridge/univariate/CPHL/H/long/run_0/extraction/manifest.json
TIME run allocation action=skip run=/fslarge/scratch/users/h61084/codes/adaptime/outputs/adaptime/extractions/ridge/univariate/Coastal_T_S/5T/short/run_0 source_launch=selena_adaptime_unified_20260914T204328Z_25264_ridge launch_id=selena_adaptime_unified_20260915T093500Z_51105_ridge slurm_job_id=3432398 launched_at=2026-09-15T09:35:32.501283+00:00
/fslarge/scratch/users/h61084/codes/adaptime/outputs/adaptime/extractions/ridge/univariate/Coastal_T_S/5T/short/run_0/extraction/manifest.json
TIME run allocation action=skip run=/fslarge/scratch/users/h61084/codes/adaptime/outputs/adaptime/extractions/ridge/univariate/Coastal_T_S/5T/medium/run_0 source_launch=selena_adaptime_unified_20260914T204328Z_25264_ridge launch_id=selena_adaptime_unified_20260915T093500Z_51105_ridge slurm_job_id=3432398 launched_at=2026-09-15T09:35:32.520115+00:00
/fslarge/scratch/users/h61084/codes/adaptime/outputs/adaptime/extractions/ridge/univariate/Coastal_T_S/5T/medium/run_0/extraction/manifest.json
TIME run allocation action=resume run=/fslarge/scratch/users/h61084/codes/adaptime/outputs/adaptime/extractions/ridge/univariate/Coastal_T_S/5T/long/run_0 launch_id=selena_adaptime_unified_20260915T093500Z_51105_ridge slurm_job_id=3432398 launched_at=2026-09-15T09:35:32.534274+00:00 resumed_from_launch=selena_adaptime_unified_20260914T204328Z_25264_ridge resumed_from_job=3427123
/fslarge/scratch/users/h61084/codes/adaptime/outputs/adaptime/extractions/ridge/univariate/Coastal_T_S/5T/long/run_0/extraction/manifest.json
TIME run allocation action=new run=/fslarge/scratch/users/h61084/codes/adaptime/outputs/adaptime/extractions/ridge/univariate/Coastal_T_S/15T/short/run_0 launch_id=selena_adaptime_unified_20260915T093500Z_51105_ridge slurm_job_id=3432398 launched_at=2026-09-15T09:47:13.323898+00:00
/fslarge/scratch/users/h61084/codes/adaptime/outputs/adaptime/extractions/ridge/univariate/Coastal_T_S/15T/short/run_0/extraction/manifest.json
TIME run allocation action=new run=/fslarge/scratch/users/h61084/codes/adaptime/outputs/adaptime/extractions/ridge/univariate/Coastal_T_S/15T/medium/run_0 launch_id=selena_adaptime_unified_20260915T093500Z_51105_ridge slurm_job_id=3432398 launched_at=2026-09-15T09:47:57.618632+00:00
/fslarge/scratch/users/h61084/codes/adaptime/outputs/adaptime/extractions/ridge/univariate/Coastal_T_S/15T/medium/run_0/extraction/manifest.json
TIME run allocation action=new run=/fslarge/scratch/users/h61084/codes/adaptime/outputs/adaptime/extractions/ridge/univariate/Coastal_T_S/15T/long/run_0 launch_id=selena_adaptime_unified_20260915T093500Z_51105_ridge slurm_job_id=3432398 launched_at=2026-09-15T09:52:18.625737+00:00
/fslarge/scratch/users/h61084/codes/adaptime/outputs/adaptime/extractions/ridge/univariate/Coastal_T_S/15T/long/run_0/extraction/manifest.json
TIME run allocation action=new run=/fslarge/scratch/users/h61084/codes/adaptime/outputs/adaptime/extractions/ridge/univariate/Coastal_T_S/20T/short/run_0 launch_id=selena_adaptime_unified_20260915T093500Z_51105_ridge slurm_job_id=3432398 launched_at=2026-09-15T09:53:44.006009+00:00
/fslarge/scratch/users/h61084/codes/adaptime/outputs/adaptime/extractions/ridge/univariate/Coastal_T_S/20T/short/run_0/extraction/manifest.json
TIME run allocation action=new run=/fslarge/scratch/users/h61084/codes/adaptime/outputs/adaptime/extractions/ridge/univariate/Coastal_T_S/20T/medium/run_0 launch_id=selena_adaptime_unified_20260915T093500Z_51105_ridge slurm_job_id=3432398 launched_at=2026-09-15T09:53:47.838769+00:00
/fslarge/scratch/users/h61084/codes/adaptime/outputs/adaptime/extractions/ridge/univariate/Coastal_T_S/20T/medium/run_0/extraction/manifest.json
TIME run allocation action=new run=/fslarge/scratch/users/h61084/codes/adaptime/outputs/adaptime/extractions/ridge/univariate/Coastal_T_S/20T/long/run_0 launch_id=selena_adaptime_unified_20260915T093500Z_51105_ridge slurm_job_id=3432398 launched_at=2026-09-15T09:54:22.747818+00:00
/fslarge/scratch/users/h61084/codes/adaptime/outputs/adaptime/extractions/ridge/univariate/Coastal_T_S/20T/long/run_0/extraction/manifest.json
TIME run allocation action=new run=/fslarge/scratch/users/h61084/codes/adaptime/outputs/adaptime/extractions/ridge/univariate/Coastal_T_S/H/short/run_0 launch_id=selena_adaptime_unified_20260915T093500Z_51105_ridge slurm_job_id=3432398 launched_at=2026-09-15T09:54:38.054152+00:00
/fslarge/scratch/users/h61084/codes/adaptime/outputs/adaptime/extractions/ridge/univariate/Coastal_T_S/H/short/run_0/extraction/manifest.json
TIME run allocation action=new run=/fslarge/scratch/users/h61084/codes/adaptime/outputs/adaptime/extractions/ridge/univariate/Coastal_T_S/H/medium/run_0 launch_id=selena_adaptime_unified_20260915T093500Z_51105_ridge slurm_job_id=3432398 launched_at=2026-09-15T09:55:14.295726+00:00
/fslarge/scratch/users/h61084/codes/adaptime/outputs/adaptime/extractions/ridge/univariate/Coastal_T_S/H/medium/run_0/extraction/manifest.json
TIME run allocation action=new run=/fslarge/scratch/users/h61084/codes/adaptime/outputs/adaptime/extractions/ridge/univariate/Coastal_T_S/H/long/run_0 launch_id=selena_adaptime_unified_20260915T093500Z_51105_ridge slurm_job_id=3432398 launched_at=2026-09-15T09:59:19.495851+00:00
/fslarge/scratch/users/h61084/codes/adaptime/outputs/adaptime/extractions/ridge/univariate/Coastal_T_S/H/long/run_0/extraction/manifest.json
TIME run allocation action=new run=/fslarge/scratch/users/h61084/codes/adaptime/outputs/adaptime/extractions/ridge/univariate/SG_Weather/D/short/run_0 launch_id=selena_adaptime_unified_20260915T093500Z_51105_ridge slurm_job_id=3432398 launched_at=2026-09-15T10:01:24.386208+00:00
/fslarge/scratch/users/h61084/codes/adaptime/outputs/adaptime/extractions/ridge/univariate/SG_Weather/D/short/run_0/extraction/manifest.json
TIME run allocation action=new run=/fslarge/scratch/users/h61084/codes/adaptime/outputs/adaptime/extractions/ridge/univariate/SG_Weather/D/medium/run_0 launch_id=selena_adaptime_unified_20260915T093500Z_51105_ridge slurm_job_id=3432398 launched_at=2026-09-15T10:01:48.509052+00:00
/fslarge/scratch/users/h61084/codes/adaptime/outputs/adaptime/extractions/ridge/univariate/SG_Weather/D/medium/run_0/extraction/manifest.json
TIME run allocation action=new run=/fslarge/scratch/users/h61084/codes/adaptime/outputs/adaptime/extractions/ridge/univariate/SG_Weather/D/long/run_0 launch_id=selena_adaptime_unified_20260915T093500Z_51105_ridge slurm_job_id=3432398 launched_at=2026-09-15T10:02:06.095034+00:00
/fslarge/scratch/users/h61084/codes/adaptime/outputs/adaptime/extractions/ridge/univariate/SG_Weather/D/long/run_0/extraction/manifest.json
TIME run allocation action=new run=/fslarge/scratch/users/h61084/codes/adaptime/outputs/adaptime/extractions/ridge/univariate/SG_PM25/H/short/run_0 launch_id=selena_adaptime_unified_20260915T093500Z_51105_ridge slurm_job_id=3432398 launched_at=2026-09-15T10:02:22.918403+00:00
/fslarge/scratch/users/h61084/codes/adaptime/outputs/adaptime/extractions/ridge/univariate/SG_PM25/H/short/run_0/extraction/manifest.json
TIME run allocation action=new run=/fslarge/scratch/users/h61084/codes/adaptime/outputs/adaptime/extractions/ridge/univariate/SG_PM25/H/medium/run_0 launch_id=selena_adaptime_unified_20260915T093500Z_51105_ridge slurm_job_id=3432398 launched_at=2026-09-15T10:07:03.736443+00:00
/fslarge/scratch/users/h61084/codes/adaptime/outputs/adaptime/extractions/ridge/univariate/SG_PM25/H/medium/run_0/extraction/manifest.json
TIME run allocation action=new run=/fslarge/scratch/users/h61084/codes/adaptime/outputs/adaptime/extractions/ridge/univariate/SG_PM25/H/long/run_0 launch_id=selena_adaptime_unified_20260915T093500Z_51105_ridge slurm_job_id=3432398 launched_at=2026-09-15T10:09:06.893015+00:00
/fslarge/scratch/users/h61084/codes/adaptime/outputs/adaptime/extractions/ridge/univariate/SG_PM25/H/long/run_0/extraction/manifest.json
TIME run allocation action=new run=/fslarge/scratch/users/h61084/codes/adaptime/outputs/adaptime/extractions/ridge/univariate/NE_China_Wind/H/short/run_0 launch_id=selena_adaptime_unified_20260915T093500Z_51105_ridge slurm_job_id=3432398 launched_at=2026-09-15T10:10:00.323844+00:00
/fslarge/scratch/users/h61084/codes/adaptime/outputs/adaptime/extractions/ridge/univariate/NE_China_Wind/H/short/run_0/extraction/manifest.json
TIME run allocation action=new run=/fslarge/scratch/users/h61084/codes/adaptime/outputs/adaptime/extractions/ridge/univariate/NE_China_Wind/H/medium/run_0 launch_id=selena_adaptime_unified_20260915T093500Z_51105_ridge slurm_job_id=3432398 launched_at=2026-09-15T10:10:04.974309+00:00
/fslarge/scratch/users/h61084/codes/adaptime/outputs/adaptime/extractions/ridge/univariate/NE_China_Wind/H/medium/run_0/extraction/manifest.json
TIME run allocation action=new run=/fslarge/scratch/users/h61084/codes/adaptime/outputs/adaptime/extractions/ridge/univariate/NE_China_Wind/H/long/run_0 launch_id=selena_adaptime_unified_20260915T093500Z_51105_ridge slurm_job_id=3432398 launched_at=2026-09-15T10:10:44.090910+00:00
/fslarge/scratch/users/h61084/codes/adaptime/outputs/adaptime/extractions/ridge/univariate/NE_China_Wind/H/long/run_0/extraction/manifest.json
TIME run allocation action=new run=/fslarge/scratch/users/h61084/codes/adaptime/outputs/adaptime/extractions/ridge/univariate/Australia_Solar/H/short/run_0 launch_id=selena_adaptime_unified_20260915T093500Z_51105_ridge slurm_job_id=3432398 launched_at=2026-09-15T10:11:01.319957+00:00
/fslarge/scratch/users/h61084/codes/adaptime/outputs/adaptime/extractions/ridge/univariate/Australia_Solar/H/short/run_0/extraction/manifest.json
TIME run allocation action=new run=/fslarge/scratch/users/h61084/codes/adaptime/outputs/adaptime/extractions/ridge/univariate/Australia_Solar/H/medium/run_0 launch_id=selena_adaptime_unified_20260915T093500Z_51105_ridge slurm_job_id=3432398 launched_at=2026-09-15T10:11:06.736652+00:00
/fslarge/scratch/users/h61084/codes/adaptime/outputs/adaptime/extractions/ridge/univariate/Australia_Solar/H/medium/run_0/extraction/manifest.json
TIME run allocation action=new run=/fslarge/scratch/users/h61084/codes/adaptime/outputs/adaptime/extractions/ridge/univariate/Australia_Solar/H/long/run_0 launch_id=selena_adaptime_unified_20260915T093500Z_51105_ridge slurm_job_id=3432398 launched_at=2026-09-15T10:11:39.717112+00:00
/fslarge/scratch/users/h61084/codes/adaptime/outputs/adaptime/extractions/ridge/univariate/Australia_Solar/H/long/run_0/extraction/manifest.json
TIME run allocation action=new run=/fslarge/scratch/users/h61084/codes/adaptime/outputs/adaptime/extractions/ridge/univariate/epf_electricity_price/H/short/run_0 launch_id=selena_adaptime_unified_20260915T093500Z_51105_ridge slurm_job_id=3432398 launched_at=2026-09-15T10:11:54.900120+00:00
/fslarge/scratch/users/h61084/codes/adaptime/outputs/adaptime/extractions/ridge/univariate/epf_electricity_price/H/short/run_0/extraction/manifest.json
TIME run allocation action=new run=/fslarge/scratch/users/h61084/codes/adaptime/outputs/adaptime/extractions/ridge/univariate/epf_electricity_price/H/medium/run_0 launch_id=selena_adaptime_unified_20260915T093500Z_51105_ridge slurm_job_id=3432398 launched_at=2026-09-15T10:20:21.039333+00:00
/fslarge/scratch/users/h61084/codes/adaptime/outputs/adaptime/extractions/ridge/univariate/epf_electricity_price/H/medium/run_0/extraction/manifest.json
TIME run allocation action=new run=/fslarge/scratch/users/h61084/codes/adaptime/outputs/adaptime/extractions/ridge/univariate/epf_electricity_price/H/long/run_0 launch_id=selena_adaptime_unified_20260915T093500Z_51105_ridge slurm_job_id=3432398 launched_at=2026-09-15T10:22:58.382433+00:00
/fslarge/scratch/users/h61084/codes/adaptime/outputs/adaptime/extractions/ridge/univariate/epf_electricity_price/H/long/run_0/extraction/manifest.json
TIME run allocation action=new run=/fslarge/scratch/users/h61084/codes/adaptime/outputs/adaptime/extractions/ridge/univariate/OpenElectricity_NEM/5T/short/run_0 launch_id=selena_adaptime_unified_20260915T093500Z_51105_ridge slurm_job_id=3432398 launched_at=2026-09-15T10:24:03.932719+00:00
/fslarge/scratch/users/h61084/codes/adaptime/outputs/adaptime/extractions/ridge/univariate/OpenElectricity_NEM/5T/short/run_0/extraction/manifest.json
TIME run allocation action=new run=/fslarge/scratch/users/h61084/codes/adaptime/outputs/adaptime/extractions/ridge/univariate/OpenElectricity_NEM/5T/medium/run_0 launch_id=selena_adaptime_unified_20260915T093500Z_51105_ridge slurm_job_id=3432398 launched_at=2026-09-15T10:26:42.276558+00:00
/fslarge/scratch/users/h61084/codes/adaptime/outputs/adaptime/extractions/ridge/univariate/OpenElectricity_NEM/5T/medium/run_0/extraction/manifest.json
TIME run allocation action=new run=/fslarge/scratch/users/h61084/codes/adaptime/outputs/adaptime/extractions/ridge/univariate/OpenElectricity_NEM/5T/long/run_0 launch_id=selena_adaptime_unified_20260915T093500Z_51105_ridge slurm_job_id=3432398 launched_at=2026-09-15T10:32:20.047168+00:00
/fslarge/scratch/users/h61084/codes/adaptime/outputs/adaptime/extractions/ridge/univariate/OpenElectricity_NEM/5T/long/run_0/extraction/manifest.json
TIME run allocation action=new run=/fslarge/scratch/users/h61084/codes/adaptime/outputs/adaptime/extractions/ridge/univariate/EWELD_Load/15T/short/run_0 launch_id=selena_adaptime_unified_20260915T093500Z_51105_ridge slurm_job_id=3432398 launched_at=2026-09-15T10:34:16.496134+00:00
/fslarge/scratch/users/h61084/codes/adaptime/outputs/adaptime/extractions/ridge/univariate/EWELD_Load/15T/short/run_0/extraction/manifest.json
TIME run allocation action=new run=/fslarge/scratch/users/h61084/codes/adaptime/outputs/adaptime/extractions/ridge/univariate/EWELD_Load/15T/medium/run_0 launch_id=selena_adaptime_unified_20260915T093500Z_51105_ridge slurm_job_id=3432398 launched_at=2026-09-15T10:35:27.954877+00:00
/fslarge/scratch/users/h61084/codes/adaptime/outputs/adaptime/extractions/ridge/univariate/EWELD_Load/15T/medium/run_0/extraction/manifest.json
TIME run allocation action=new run=/fslarge/scratch/users/h61084/codes/adaptime/outputs/adaptime/extractions/ridge/univariate/EWELD_Load/15T/long/run_0 launch_id=selena_adaptime_unified_20260915T093500Z_51105_ridge slurm_job_id=3432398 launched_at=2026-09-15T10:37:46.574336+00:00
/fslarge/scratch/users/h61084/codes/adaptime/outputs/adaptime/extractions/ridge/univariate/EWELD_Load/15T/long/run_0/extraction/manifest.json
TIME run allocation action=new run=/fslarge/scratch/users/h61084/codes/adaptime/outputs/adaptime/extractions/ridge/univariate/SG_Carpark/15T/short/run_0 launch_id=selena_adaptime_unified_20260915T093500Z_51105_ridge slurm_job_id=3432398 launched_at=2026-09-15T10:38:06.694339+00:00
/fslarge/scratch/users/h61084/codes/adaptime/outputs/adaptime/extractions/ridge/univariate/SG_Carpark/15T/short/run_0/extraction/manifest.json
TIME run allocation action=new run=/fslarge/scratch/users/h61084/codes/adaptime/outputs/adaptime/extractions/ridge/univariate/SG_Carpark/15T/medium/run_0 launch_id=selena_adaptime_unified_20260915T093500Z_51105_ridge slurm_job_id=3432398 launched_at=2026-09-15T10:43:40.414901+00:00
/fslarge/scratch/users/h61084/codes/adaptime/outputs/adaptime/extractions/ridge/univariate/SG_Carpark/15T/medium/run_0/extraction/manifest.json
TIME run allocation action=new run=/fslarge/scratch/users/h61084/codes/adaptime/outputs/adaptime/extractions/ridge/univariate/SG_Carpark/15T/long/run_0 launch_id=selena_adaptime_unified_20260915T093500Z_51105_ridge slurm_job_id=3432398 launched_at=2026-09-15T10:44:22.371768+00:00
/fslarge/scratch/users/h61084/codes/adaptime/outputs/adaptime/extractions/ridge/univariate/SG_Carpark/15T/long/run_0/extraction/manifest.json
TIME run allocation action=new run=/fslarge/scratch/users/h61084/codes/adaptime/outputs/adaptime/extractions/ridge/univariate/Finland_Traffic/15T/short/run_0 launch_id=selena_adaptime_unified_20260915T093500Z_51105_ridge slurm_job_id=3432398 launched_at=2026-09-15T10:44:31.559937+00:00
/fslarge/scratch/users/h61084/codes/adaptime/outputs/adaptime/extractions/ridge/univariate/Finland_Traffic/15T/short/run_0/extraction/manifest.json
TIME run allocation action=new run=/fslarge/scratch/users/h61084/codes/adaptime/outputs/adaptime/extractions/ridge/univariate/Finland_Traffic/15T/medium/run_0 launch_id=selena_adaptime_unified_20260915T093500Z_51105_ridge slurm_job_id=3432398 launched_at=2026-09-15T10:44:33.395529+00:00
/fslarge/scratch/users/h61084/codes/adaptime/outputs/adaptime/extractions/ridge/univariate/Finland_Traffic/15T/medium/run_0/extraction/manifest.json
TIME run allocation action=new run=/fslarge/scratch/users/h61084/codes/adaptime/outputs/adaptime/extractions/ridge/univariate/Finland_Traffic/15T/long/run_0 launch_id=selena_adaptime_unified_20260915T093500Z_51105_ridge slurm_job_id=3432398 launched_at=2026-09-15T10:45:02.625912+00:00
/fslarge/scratch/users/h61084/codes/adaptime/outputs/adaptime/extractions/ridge/univariate/Finland_Traffic/15T/long/run_0/extraction/manifest.json
TIME run allocation action=new run=/fslarge/scratch/users/h61084/codes/adaptime/outputs/adaptime/extractions/ridge/univariate/Port_Activity/D/short/run_0 launch_id=selena_adaptime_unified_20260915T093500Z_51105_ridge slurm_job_id=3432398 launched_at=2026-09-15T10:45:06.723118+00:00
/fslarge/scratch/users/h61084/codes/adaptime/outputs/adaptime/extractions/ridge/univariate/Port_Activity/D/short/run_0/extraction/manifest.json
TIME run allocation action=new run=/fslarge/scratch/users/h61084/codes/adaptime/outputs/adaptime/extractions/ridge/univariate/Port_Activity/W/short/run_0 launch_id=selena_adaptime_unified_20260915T093500Z_51105_ridge slurm_job_id=3432398 launched_at=2026-09-15T10:58:49.642858+00:00
/fslarge/scratch/users/h61084/codes/adaptime/outputs/adaptime/extractions/ridge/univariate/Port_Activity/W/short/run_0/extraction/manifest.json
TIME run allocation action=new run=/fslarge/scratch/users/h61084/codes/adaptime/outputs/adaptime/extractions/ridge/univariate/ECDC_COVID/D/short/run_0 launch_id=selena_adaptime_unified_20260915T093500Z_51105_ridge slurm_job_id=3432398 launched_at=2026-09-15T10:58:49.920490+00:00
/fslarge/scratch/users/h61084/codes/adaptime/outputs/adaptime/extractions/ridge/univariate/ECDC_COVID/D/short/run_0/extraction/manifest.json
TIME run allocation action=new run=/fslarge/scratch/users/h61084/codes/adaptime/outputs/adaptime/extractions/ridge/univariate/ECDC_COVID/W/short/run_0 launch_id=selena_adaptime_unified_20260915T093500Z_51105_ridge slurm_job_id=3432398 launched_at=2026-09-15T10:59:01.353390+00:00
/fslarge/scratch/users/h61084/codes/adaptime/outputs/adaptime/extractions/ridge/univariate/ECDC_COVID/W/short/run_0/extraction/manifest.json
TIME run allocation action=new run=/fslarge/scratch/users/h61084/codes/adaptime/outputs/adaptime/extractions/ridge/univariate/Global_Influenza/W/short/run_0 launch_id=selena_adaptime_unified_20260915T093500Z_51105_ridge slurm_job_id=3432398 launched_at=2026-09-15T10:59:01.572631+00:00
/fslarge/scratch/users/h61084/codes/adaptime/outputs/adaptime/extractions/ridge/univariate/Global_Influenza/W/short/run_0/extraction/manifest.json
TIME run allocation action=new run=/fslarge/scratch/users/h61084/codes/adaptime/outputs/adaptime/extractions/ridge/univariate/Crypto/D/short/run_0 launch_id=selena_adaptime_unified_20260915T093500Z_51105_ridge slurm_job_id=3432398 launched_at=2026-09-15T10:59:01.739599+00:00
/fslarge/scratch/users/h61084/codes/adaptime/outputs/adaptime/extractions/ridge/univariate/Crypto/D/short/run_0/extraction/manifest.json
TIME run allocation action=new run=/fslarge/scratch/users/h61084/codes/adaptime/outputs/adaptime/extractions/ridge/univariate/US_Term_Structure/B/short/run_0 launch_id=selena_adaptime_unified_20260915T093500Z_51105_ridge slurm_job_id=3432398 launched_at=2026-09-15T10:59:23.375135+00:00
/fslarge/scratch/users/h61084/codes/adaptime/outputs/adaptime/extractions/ridge/univariate/US_Term_Structure/B/short/run_0/extraction/manifest.json
TIME run allocation action=new run=/fslarge/scratch/users/h61084/codes/adaptime/outputs/adaptime/extractions/ridge/univariate/Oil_Price/B/short/run_0 launch_id=selena_adaptime_unified_20260915T093500Z_51105_ridge slurm_job_id=3432398 launched_at=2026-09-15T11:13:15.190893+00:00
/fslarge/scratch/users/h61084/codes/adaptime/outputs/adaptime/extractions/ridge/univariate/Oil_Price/B/short/run_0/extraction/manifest.json
TIME run allocation action=new run=/fslarge/scratch/users/h61084/codes/adaptime/outputs/adaptime/extractions/ridge/univariate/Job_Claims/W/short/run_0 launch_id=selena_adaptime_unified_20260915T093500Z_51105_ridge slurm_job_id=3432398 launched_at=2026-09-15T11:15:53.790510+00:00
/fslarge/scratch/users/h61084/codes/adaptime/outputs/adaptime/extractions/ridge/univariate/Job_Claims/W/short/run_0/extraction/manifest.json
TIME run allocation action=new run=/fslarge/scratch/users/h61084/codes/adaptime/outputs/adaptime/extractions/ridge/univariate/Uncertainty_1M/M/short/run_0 launch_id=selena_adaptime_unified_20260915T093500Z_51105_ridge slurm_job_id=3432398 launched_at=2026-09-15T11:15:54.083931+00:00
/fslarge/scratch/users/h61084/codes/adaptime/outputs/adaptime/extractions/ridge/univariate/Uncertainty_1M/M/short/run_0/extraction/manifest.json
TIME run allocation action=new run=/fslarge/scratch/users/h61084/codes/adaptime/outputs/adaptime/extractions/ridge/univariate/Housing_Inventory/M/short/run_0 launch_id=selena_adaptime_unified_20260915T093500Z_51105_ridge slurm_job_id=3432398 launched_at=2026-09-15T11:15:57.844773+00:00
/fslarge/scratch/users/h61084/codes/adaptime/outputs/adaptime/extractions/ridge/univariate/Housing_Inventory/M/short/run_0/extraction/manifest.json
TIME run allocation action=new run=/fslarge/scratch/users/h61084/codes/adaptime/outputs/adaptime/extractions/ridge/univariate/JOLTS/M/short/run_0 launch_id=selena_adaptime_unified_20260915T093500Z_51105_ridge slurm_job_id=3432398 launched_at=2026-09-15T11:15:58.028605+00:00
/fslarge/scratch/users/h61084/codes/adaptime/outputs/adaptime/extractions/ridge/univariate/JOLTS/M/short/run_0/extraction/manifest.json
TIME run allocation action=new run=/fslarge/scratch/users/h61084/codes/adaptime/outputs/adaptime/extractions/ridge/univariate/US_Labor/M/short/run_0 launch_id=selena_adaptime_unified_20260915T093500Z_51105_ridge slurm_job_id=3432398 launched_at=2026-09-15T11:15:58.198322+00:00
/fslarge/scratch/users/h61084/codes/adaptime/outputs/adaptime/extractions/ridge/univariate/US_Labor/M/short/run_0/extraction/manifest.json
TIME run allocation action=new run=/fslarge/scratch/users/h61084/codes/adaptime/outputs/adaptime/extractions/ridge/univariate/Vehicle_Supply/M/short/run_0 launch_id=selena_adaptime_unified_20260915T093500Z_51105_ridge slurm_job_id=3432398 launched_at=2026-09-15T11:15:58.370352+00:00
/fslarge/scratch/users/h61084/codes/adaptime/outputs/adaptime/extractions/ridge/univariate/Vehicle_Supply/M/short/run_0/extraction/manifest.json
TIME run allocation action=new run=/fslarge/scratch/users/h61084/codes/adaptime/outputs/adaptime/extractions/ridge/univariate/Auto_Production_SF/M/short/run_0 launch_id=selena_adaptime_unified_20260915T093500Z_51105_ridge slurm_job_id=3432398 launched_at=2026-09-15T11:15:58.541248+00:00
/fslarge/scratch/users/h61084/codes/adaptime/outputs/adaptime/extractions/ridge/univariate/Auto_Production_SF/M/short/run_0/extraction/manifest.json
TIME run allocation action=new run=/fslarge/scratch/users/h61084/codes/adaptime/outputs/adaptime/extractions/ridge/univariate/Commodity_Production/M/short/run_0 launch_id=selena_adaptime_unified_20260915T093500Z_51105_ridge slurm_job_id=3432398 launched_at=2026-09-15T11:15:58.726840+00:00
/fslarge/scratch/users/h61084/codes/adaptime/outputs/adaptime/extractions/ridge/univariate/Commodity_Production/M/short/run_0/extraction/manifest.json
TIME run allocation action=new run=/fslarge/scratch/users/h61084/codes/adaptime/outputs/adaptime/extractions/ridge/univariate/Commodity_Import/M/short/run_0 launch_id=selena_adaptime_unified_20260915T093500Z_51105_ridge slurm_job_id=3432398 launched_at=2026-09-15T11:15:59.074186+00:00
/fslarge/scratch/users/h61084/codes/adaptime/outputs/adaptime/extractions/ridge/univariate/Commodity_Import/M/short/run_0/extraction/manifest.json
TIME run allocation action=new run=/fslarge/scratch/users/h61084/codes/adaptime/outputs/adaptime/extractions/ridge/univariate/WUI_Global/Q/short/run_0 launch_id=selena_adaptime_unified_20260915T093500Z_51105_ridge slurm_job_id=3432398 launched_at=2026-09-15T11:16:10.675544+00:00
/fslarge/scratch/users/h61084/codes/adaptime/outputs/adaptime/extractions/ridge/univariate/WUI_Global/Q/short/run_0/extraction/manifest.json
TIME run allocation action=new run=/fslarge/scratch/users/h61084/codes/adaptime/outputs/adaptime/extractions/ridge/univariate/Global_Price/Q/short/run_0 launch_id=selena_adaptime_unified_20260915T093500Z_51105_ridge slurm_job_id=3432398 launched_at=2026-09-15T11:16:10.865007+00:00
/fslarge/scratch/users/h61084/codes/adaptime/outputs/adaptime/extractions/ridge/univariate/Global_Price/Q/short/run_0/extraction/manifest.json
TIME run allocation action=new run=/fslarge/scratch/users/h61084/codes/adaptime/outputs/adaptime/extractions/ridge/univariate/Vehicle_Sales/M/short/run_0 launch_id=selena_adaptime_unified_20260915T093500Z_51105_ridge slurm_job_id=3432398 launched_at=2026-09-15T11:16:11.032912+00:00
/fslarge/scratch/users/h61084/codes/adaptime/outputs/adaptime/extractions/ridge/univariate/Vehicle_Sales/M/short/run_0/extraction/manifest.json
TIME run allocation action=new run=/fslarge/scratch/users/h61084/codes/adaptime/outputs/adaptime/extractions/ridge/univariate/Online_Retail_2_UCI/D/short/run_0 launch_id=selena_adaptime_unified_20260915T093500Z_51105_ridge slurm_job_id=3432398 launched_at=2026-09-15T11:16:11.363684+00:00
/fslarge/scratch/users/h61084/codes/adaptime/outputs/adaptime/extractions/ridge/univariate/Online_Retail_2_UCI/D/short/run_0/extraction/manifest.json
TIME run allocation action=new run=/fslarge/scratch/users/h61084/codes/adaptime/outputs/adaptime/extractions/ridge/univariate/Supply_Chain_Customer/D/short/run_0 launch_id=selena_adaptime_unified_20260915T093500Z_51105_ridge slurm_job_id=3432398 launched_at=2026-09-15T11:16:11.559605+00:00
/fslarge/scratch/users/h61084/codes/adaptime/outputs/adaptime/extractions/ridge/univariate/Supply_Chain_Customer/D/short/run_0/extraction/manifest.json
TIME run allocation action=new run=/fslarge/scratch/users/h61084/codes/adaptime/outputs/adaptime/extractions/ridge/univariate/Supply_Chain_Location/D/short/run_0 launch_id=selena_adaptime_unified_20260915T093500Z_51105_ridge slurm_job_id=3432398 launched_at=2026-09-15T11:17:58.453439+00:00
/fslarge/scratch/users/h61084/codes/adaptime/outputs/adaptime/extractions/ridge/univariate/Supply_Chain_Location/D/short/run_0/extraction/manifest.json
TIME run allocation action=new run=/fslarge/scratch/users/h61084/codes/adaptime/outputs/adaptime/extractions/ridge/univariate/azure2019_D/5T/short/run_0 launch_id=selena_adaptime_unified_20260915T093500Z_51105_ridge slurm_job_id=3432398 launched_at=2026-09-15T11:20:55.440412+00:00
