2026-09-16 10:07:14 | workflow adaptime started launch_id=selena_adaptime_unified_20260916T080019Z_10942_ridge task=ridge_pipeline slurm_job_id=3445480 slurm_array_job_id=none slurm_array_task_id=none
2026-09-16 10:07:14 | stage pipeline started
2026-09-16 10:07:14 | task TIME-wide Adaptime method=ridge stage=pipeline started
TIME run allocation action=new run=/fslarge/scratch/users/h61084/codes/adaptime/outputs/adaptime/extractions/ridge/univariate/Water_Quality_Darwin/15T/short/run_0 launch_id=selena_adaptime_unified_20260916T080019Z_10942_ridge slurm_job_id=3445480 launched_at=2026-09-16T08:07:18.979113+00:00
/fslarge/scratch/users/h61084/codes/adaptime/outputs/adaptime/extractions/ridge/univariate/Water_Quality_Darwin/15T/short/run_0/extraction/manifest.json
TIME run allocation action=new run=/fslarge/scratch/users/h61084/codes/adaptime/outputs/adaptime/extractions/ridge/univariate/Water_Quality_Darwin/15T/medium/run_0 launch_id=selena_adaptime_unified_20260916T080019Z_10942_ridge slurm_job_id=3445480 launched_at=2026-09-16T08:09:32.577889+00:00
/fslarge/scratch/users/h61084/codes/adaptime/outputs/adaptime/extractions/ridge/univariate/Water_Quality_Darwin/15T/medium/run_0/extraction/manifest.json
TIME run allocation action=new run=/fslarge/scratch/users/h61084/codes/adaptime/outputs/adaptime/extractions/ridge/univariate/Water_Quality_Darwin/15T/long/run_0 launch_id=selena_adaptime_unified_20260916T080019Z_10942_ridge slurm_job_id=3445480 launched_at=2026-09-16T08:21:04.355958+00:00
/fslarge/scratch/users/h61084/codes/adaptime/outputs/adaptime/extractions/ridge/univariate/Water_Quality_Darwin/15T/long/run_0/extraction/manifest.json
TIME run allocation action=new run=/fslarge/scratch/users/h61084/codes/adaptime/outputs/adaptime/extractions/ridge/univariate/current_velocity/5T/short/run_0 launch_id=selena_adaptime_unified_20260916T080019Z_10942_ridge slurm_job_id=3445480 launched_at=2026-09-16T08:24:55.327426+00:00
/fslarge/scratch/users/h61084/codes/adaptime/outputs/adaptime/extractions/ridge/univariate/current_velocity/5T/short/run_0/extraction/manifest.json
TIME run allocation action=new run=/fslarge/scratch/users/h61084/codes/adaptime/outputs/adaptime/extractions/ridge/univariate/current_velocity/5T/medium/run_0 launch_id=selena_adaptime_unified_20260916T080019Z_10942_ridge slurm_job_id=3445480 launched_at=2026-09-16T08:25:26.106713+00:00
/fslarge/scratch/users/h61084/codes/adaptime/outputs/adaptime/extractions/ridge/univariate/current_velocity/5T/medium/run_0/extraction/manifest.json
TIME run allocation action=new run=/fslarge/scratch/users/h61084/codes/adaptime/outputs/adaptime/extractions/ridge/univariate/current_velocity/5T/long/run_0 launch_id=selena_adaptime_unified_20260916T080019Z_10942_ridge slurm_job_id=3445480 launched_at=2026-09-16T08:26:49.630050+00:00
/fslarge/scratch/users/h61084/codes/adaptime/outputs/adaptime/extractions/ridge/univariate/current_velocity/5T/long/run_0/extraction/manifest.json
TIME run allocation action=new run=/fslarge/scratch/users/h61084/codes/adaptime/outputs/adaptime/extractions/ridge/univariate/current_velocity/10T/short/run_0 launch_id=selena_adaptime_unified_20260916T080019Z_10942_ridge slurm_job_id=3445480 launched_at=2026-09-16T08:27:19.124965+00:00
/fslarge/scratch/users/h61084/codes/adaptime/outputs/adaptime/extractions/ridge/univariate/current_velocity/10T/short/run_0/extraction/manifest.json
TIME run allocation action=new run=/fslarge/scratch/users/h61084/codes/adaptime/outputs/adaptime/extractions/ridge/univariate/current_velocity/10T/medium/run_0 launch_id=selena_adaptime_unified_20260916T080019Z_10942_ridge slurm_job_id=3445480 launched_at=2026-09-16T08:29:58.097319+00:00
/fslarge/scratch/users/h61084/codes/adaptime/outputs/adaptime/extractions/ridge/univariate/current_velocity/10T/medium/run_0/extraction/manifest.json
TIME run allocation action=new run=/fslarge/scratch/users/h61084/codes/adaptime/outputs/adaptime/extractions/ridge/univariate/current_velocity/10T/long/run_0 launch_id=selena_adaptime_unified_20260916T080019Z_10942_ridge slurm_job_id=3445480 launched_at=2026-09-16T08:46:16.857862+00:00
/fslarge/scratch/users/h61084/codes/adaptime/outputs/adaptime/extractions/ridge/univariate/current_velocity/10T/long/run_0/extraction/manifest.json
TIME run allocation action=new run=/fslarge/scratch/users/h61084/codes/adaptime/outputs/adaptime/extractions/ridge/univariate/current_velocity/15T/short/run_0 launch_id=selena_adaptime_unified_20260916T080019Z_10942_ridge slurm_job_id=3445480 launched_at=2026-09-16T08:52:41.715708+00:00
/fslarge/scratch/users/h61084/codes/adaptime/outputs/adaptime/extractions/ridge/univariate/current_velocity/15T/short/run_0/extraction/manifest.json
TIME run allocation action=new run=/fslarge/scratch/users/h61084/codes/adaptime/outputs/adaptime/extractions/ridge/univariate/current_velocity/15T/medium/run_0 launch_id=selena_adaptime_unified_20260916T080019Z_10942_ridge slurm_job_id=3445480 launched_at=2026-09-16T08:53:20.627665+00:00
/fslarge/scratch/users/h61084/codes/adaptime/outputs/adaptime/extractions/ridge/univariate/current_velocity/15T/medium/run_0/extraction/manifest.json
TIME run allocation action=new run=/fslarge/scratch/users/h61084/codes/adaptime/outputs/adaptime/extractions/ridge/univariate/current_velocity/15T/long/run_0 launch_id=selena_adaptime_unified_20260916T080019Z_10942_ridge slurm_job_id=3445480 launched_at=2026-09-16T08:57:26.292085+00:00
/fslarge/scratch/users/h61084/codes/adaptime/outputs/adaptime/extractions/ridge/univariate/current_velocity/15T/long/run_0/extraction/manifest.json
TIME run allocation action=new run=/fslarge/scratch/users/h61084/codes/adaptime/outputs/adaptime/extractions/ridge/univariate/current_velocity/H/short/run_0 launch_id=selena_adaptime_unified_20260916T080019Z_10942_ridge slurm_job_id=3445480 launched_at=2026-09-16T08:59:18.905366+00:00
/fslarge/scratch/users/h61084/codes/adaptime/outputs/adaptime/extractions/ridge/univariate/current_velocity/H/short/run_0/extraction/manifest.json
TIME run allocation action=new run=/fslarge/scratch/users/h61084/codes/adaptime/outputs/adaptime/extractions/ridge/univariate/current_velocity/H/medium/run_0 launch_id=selena_adaptime_unified_20260916T080019Z_10942_ridge slurm_job_id=3445480 launched_at=2026-09-16T08:59:46.315133+00:00
/fslarge/scratch/users/h61084/codes/adaptime/outputs/adaptime/extractions/ridge/univariate/current_velocity/H/medium/run_0/extraction/manifest.json
TIME run allocation action=new run=/fslarge/scratch/users/h61084/codes/adaptime/outputs/adaptime/extractions/ridge/univariate/current_velocity/H/long/run_0 launch_id=selena_adaptime_unified_20260916T080019Z_10942_ridge slurm_job_id=3445480 launched_at=2026-09-16T09:04:36.999439+00:00
/fslarge/scratch/users/h61084/codes/adaptime/outputs/adaptime/extractions/ridge/univariate/current_velocity/H/long/run_0/extraction/manifest.json
TIME run allocation action=new run=/fslarge/scratch/users/h61084/codes/adaptime/outputs/adaptime/extractions/ridge/univariate/CPHL/15T/short/run_0 launch_id=selena_adaptime_unified_20260916T080019Z_10942_ridge slurm_job_id=3445480 launched_at=2026-09-16T09:07:45.108069+00:00
/fslarge/scratch/users/h61084/codes/adaptime/outputs/adaptime/extractions/ridge/univariate/CPHL/15T/short/run_0/extraction/manifest.json
TIME run allocation action=new run=/fslarge/scratch/users/h61084/codes/adaptime/outputs/adaptime/extractions/ridge/univariate/CPHL/15T/medium/run_0 launch_id=selena_adaptime_unified_20260916T080019Z_10942_ridge slurm_job_id=3445480 launched_at=2026-09-16T09:07:46.910626+00:00
/fslarge/scratch/users/h61084/codes/adaptime/outputs/adaptime/extractions/ridge/univariate/CPHL/15T/medium/run_0/extraction/manifest.json
TIME run allocation action=new run=/fslarge/scratch/users/h61084/codes/adaptime/outputs/adaptime/extractions/ridge/univariate/CPHL/15T/long/run_0 launch_id=selena_adaptime_unified_20260916T080019Z_10942_ridge slurm_job_id=3445480 launched_at=2026-09-16T09:08:16.704735+00:00
/fslarge/scratch/users/h61084/codes/adaptime/outputs/adaptime/extractions/ridge/univariate/CPHL/15T/long/run_0/extraction/manifest.json
TIME run allocation action=new run=/fslarge/scratch/users/h61084/codes/adaptime/outputs/adaptime/extractions/ridge/univariate/CPHL/30T/short/run_0 launch_id=selena_adaptime_unified_20260916T080019Z_10942_ridge slurm_job_id=3445480 launched_at=2026-09-16T09:08:28.020412+00:00
/fslarge/scratch/users/h61084/codes/adaptime/outputs/adaptime/extractions/ridge/univariate/CPHL/30T/short/run_0/extraction/manifest.json
TIME run allocation action=new run=/fslarge/scratch/users/h61084/codes/adaptime/outputs/adaptime/extractions/ridge/univariate/CPHL/30T/medium/run_0 launch_id=selena_adaptime_unified_20260916T080019Z_10942_ridge slurm_job_id=3445480 launched_at=2026-09-16T09:08:30.141293+00:00
/fslarge/scratch/users/h61084/codes/adaptime/outputs/adaptime/extractions/ridge/univariate/CPHL/30T/medium/run_0/extraction/manifest.json
TIME run allocation action=new run=/fslarge/scratch/users/h61084/codes/adaptime/outputs/adaptime/extractions/ridge/univariate/CPHL/30T/long/run_0 launch_id=selena_adaptime_unified_20260916T080019Z_10942_ridge slurm_job_id=3445480 launched_at=2026-09-16T09:09:08.029256+00:00
/fslarge/scratch/users/h61084/codes/adaptime/outputs/adaptime/extractions/ridge/univariate/CPHL/30T/long/run_0/extraction/manifest.json
TIME run allocation action=new run=/fslarge/scratch/users/h61084/codes/adaptime/outputs/adaptime/extractions/ridge/univariate/CPHL/H/short/run_0 launch_id=selena_adaptime_unified_20260916T080019Z_10942_ridge slurm_job_id=3445480 launched_at=2026-09-16T09:09:28.224825+00:00
/fslarge/scratch/users/h61084/codes/adaptime/outputs/adaptime/extractions/ridge/univariate/CPHL/H/short/run_0/extraction/manifest.json
TIME run allocation action=new run=/fslarge/scratch/users/h61084/codes/adaptime/outputs/adaptime/extractions/ridge/univariate/CPHL/H/medium/run_0 launch_id=selena_adaptime_unified_20260916T080019Z_10942_ridge slurm_job_id=3445480 launched_at=2026-09-16T09:09:29.828784+00:00
/fslarge/scratch/users/h61084/codes/adaptime/outputs/adaptime/extractions/ridge/univariate/CPHL/H/medium/run_0/extraction/manifest.json
TIME run allocation action=new run=/fslarge/scratch/users/h61084/codes/adaptime/outputs/adaptime/extractions/ridge/univariate/CPHL/H/long/run_0 launch_id=selena_adaptime_unified_20260916T080019Z_10942_ridge slurm_job_id=3445480 launched_at=2026-09-16T09:09:38.480509+00:00
/fslarge/scratch/users/h61084/codes/adaptime/outputs/adaptime/extractions/ridge/univariate/CPHL/H/long/run_0/extraction/manifest.json
TIME run allocation action=new run=/fslarge/scratch/users/h61084/codes/adaptime/outputs/adaptime/extractions/ridge/univariate/Coastal_T_S/15T/short/run_0 launch_id=selena_adaptime_unified_20260916T080019Z_10942_ridge slurm_job_id=3445480 launched_at=2026-09-16T09:09:43.162634+00:00
/fslarge/scratch/users/h61084/codes/adaptime/outputs/adaptime/extractions/ridge/univariate/Coastal_T_S/15T/short/run_0/extraction/manifest.json
TIME run allocation action=new run=/fslarge/scratch/users/h61084/codes/adaptime/outputs/adaptime/extractions/ridge/univariate/Coastal_T_S/15T/medium/run_0 launch_id=selena_adaptime_unified_20260916T080019Z_10942_ridge slurm_job_id=3445480 launched_at=2026-09-16T09:10:25.688500+00:00
/fslarge/scratch/users/h61084/codes/adaptime/outputs/adaptime/extractions/ridge/univariate/Coastal_T_S/15T/medium/run_0/extraction/manifest.json
TIME run allocation action=new run=/fslarge/scratch/users/h61084/codes/adaptime/outputs/adaptime/extractions/ridge/univariate/Coastal_T_S/15T/long/run_0 launch_id=selena_adaptime_unified_20260916T080019Z_10942_ridge slurm_job_id=3445480 launched_at=2026-09-16T09:14:21.758825+00:00
/fslarge/scratch/users/h61084/codes/adaptime/outputs/adaptime/extractions/ridge/univariate/Coastal_T_S/15T/long/run_0/extraction/manifest.json
TIME run allocation action=new run=/fslarge/scratch/users/h61084/codes/adaptime/outputs/adaptime/extractions/ridge/univariate/Coastal_T_S/20T/short/run_0 launch_id=selena_adaptime_unified_20260916T080019Z_10942_ridge slurm_job_id=3445480 launched_at=2026-09-16T09:15:43.434378+00:00
/fslarge/scratch/users/h61084/codes/adaptime/outputs/adaptime/extractions/ridge/univariate/Coastal_T_S/20T/short/run_0/extraction/manifest.json
TIME run allocation action=new run=/fslarge/scratch/users/h61084/codes/adaptime/outputs/adaptime/extractions/ridge/univariate/Coastal_T_S/20T/medium/run_0 launch_id=selena_adaptime_unified_20260916T080019Z_10942_ridge slurm_job_id=3445480 launched_at=2026-09-16T09:15:46.486797+00:00
/fslarge/scratch/users/h61084/codes/adaptime/outputs/adaptime/extractions/ridge/univariate/Coastal_T_S/20T/medium/run_0/extraction/manifest.json
TIME run allocation action=new run=/fslarge/scratch/users/h61084/codes/adaptime/outputs/adaptime/extractions/ridge/univariate/Coastal_T_S/20T/long/run_0 launch_id=selena_adaptime_unified_20260916T080019Z_10942_ridge slurm_job_id=3445480 launched_at=2026-09-16T09:16:20.592890+00:00
/fslarge/scratch/users/h61084/codes/adaptime/outputs/adaptime/extractions/ridge/univariate/Coastal_T_S/20T/long/run_0/extraction/manifest.json
TIME run allocation action=new run=/fslarge/scratch/users/h61084/codes/adaptime/outputs/adaptime/extractions/ridge/univariate/Coastal_T_S/H/short/run_0 launch_id=selena_adaptime_unified_20260916T080019Z_10942_ridge slurm_job_id=3445480 launched_at=2026-09-16T09:16:35.097225+00:00
/fslarge/scratch/users/h61084/codes/adaptime/outputs/adaptime/extractions/ridge/univariate/Coastal_T_S/H/short/run_0/extraction/manifest.json
TIME run allocation action=new run=/fslarge/scratch/users/h61084/codes/adaptime/outputs/adaptime/extractions/ridge/univariate/Coastal_T_S/H/medium/run_0 launch_id=selena_adaptime_unified_20260916T080019Z_10942_ridge slurm_job_id=3445480 launched_at=2026-09-16T09:17:10.206786+00:00
/fslarge/scratch/users/h61084/codes/adaptime/outputs/adaptime/extractions/ridge/univariate/Coastal_T_S/H/medium/run_0/extraction/manifest.json
TIME run allocation action=new run=/fslarge/scratch/users/h61084/codes/adaptime/outputs/adaptime/extractions/ridge/univariate/Coastal_T_S/H/long/run_0 launch_id=selena_adaptime_unified_20260916T080019Z_10942_ridge slurm_job_id=3445480 launched_at=2026-09-16T09:21:14.779817+00:00
/fslarge/scratch/users/h61084/codes/adaptime/outputs/adaptime/extractions/ridge/univariate/Coastal_T_S/H/long/run_0/extraction/manifest.json
TIME run allocation action=new run=/fslarge/scratch/users/h61084/codes/adaptime/outputs/adaptime/extractions/ridge/univariate/SG_Weather/D/short/run_0 launch_id=selena_adaptime_unified_20260916T080019Z_10942_ridge slurm_job_id=3445480 launched_at=2026-09-16T09:23:38.602885+00:00
/fslarge/scratch/users/h61084/codes/adaptime/outputs/adaptime/extractions/ridge/univariate/SG_Weather/D/short/run_0/extraction/manifest.json
TIME run allocation action=new run=/fslarge/scratch/users/h61084/codes/adaptime/outputs/adaptime/extractions/ridge/univariate/SG_Weather/D/medium/run_0 launch_id=selena_adaptime_unified_20260916T080019Z_10942_ridge slurm_job_id=3445480 launched_at=2026-09-16T09:24:02.146603+00:00
/fslarge/scratch/users/h61084/codes/adaptime/outputs/adaptime/extractions/ridge/univariate/SG_Weather/D/medium/run_0/extraction/manifest.json
TIME run allocation action=new run=/fslarge/scratch/users/h61084/codes/adaptime/outputs/adaptime/extractions/ridge/univariate/SG_Weather/D/long/run_0 launch_id=selena_adaptime_unified_20260916T080019Z_10942_ridge slurm_job_id=3445480 launched_at=2026-09-16T09:24:19.213600+00:00
/fslarge/scratch/users/h61084/codes/adaptime/outputs/adaptime/extractions/ridge/univariate/SG_Weather/D/long/run_0/extraction/manifest.json
TIME run allocation action=new run=/fslarge/scratch/users/h61084/codes/adaptime/outputs/adaptime/extractions/ridge/univariate/SG_PM25/H/short/run_0 launch_id=selena_adaptime_unified_20260916T080019Z_10942_ridge slurm_job_id=3445480 launched_at=2026-09-16T09:24:35.611720+00:00
/fslarge/scratch/users/h61084/codes/adaptime/outputs/adaptime/extractions/ridge/univariate/SG_PM25/H/short/run_0/extraction/manifest.json
TIME run allocation action=new run=/fslarge/scratch/users/h61084/codes/adaptime/outputs/adaptime/extractions/ridge/univariate/SG_PM25/H/medium/run_0 launch_id=selena_adaptime_unified_20260916T080019Z_10942_ridge slurm_job_id=3445480 launched_at=2026-09-16T09:29:09.486855+00:00
/fslarge/scratch/users/h61084/codes/adaptime/outputs/adaptime/extractions/ridge/univariate/SG_PM25/H/medium/run_0/extraction/manifest.json
TIME run allocation action=new run=/fslarge/scratch/users/h61084/codes/adaptime/outputs/adaptime/extractions/ridge/univariate/SG_PM25/H/long/run_0 launch_id=selena_adaptime_unified_20260916T080019Z_10942_ridge slurm_job_id=3445480 launched_at=2026-09-16T09:31:10.079536+00:00
/fslarge/scratch/users/h61084/codes/adaptime/outputs/adaptime/extractions/ridge/univariate/SG_PM25/H/long/run_0/extraction/manifest.json
TIME run allocation action=new run=/fslarge/scratch/users/h61084/codes/adaptime/outputs/adaptime/extractions/ridge/univariate/NE_China_Wind/H/short/run_0 launch_id=selena_adaptime_unified_20260916T080019Z_10942_ridge slurm_job_id=3445480 launched_at=2026-09-16T09:32:02.352751+00:00
/fslarge/scratch/users/h61084/codes/adaptime/outputs/adaptime/extractions/ridge/univariate/NE_China_Wind/H/short/run_0/extraction/manifest.json
TIME run allocation action=new run=/fslarge/scratch/users/h61084/codes/adaptime/outputs/adaptime/extractions/ridge/univariate/NE_China_Wind/H/medium/run_0 launch_id=selena_adaptime_unified_20260916T080019Z_10942_ridge slurm_job_id=3445480 launched_at=2026-09-16T09:32:06.734397+00:00
/fslarge/scratch/users/h61084/codes/adaptime/outputs/adaptime/extractions/ridge/univariate/NE_China_Wind/H/medium/run_0/extraction/manifest.json
TIME run allocation action=new run=/fslarge/scratch/users/h61084/codes/adaptime/outputs/adaptime/extractions/ridge/univariate/NE_China_Wind/H/long/run_0 launch_id=selena_adaptime_unified_20260916T080019Z_10942_ridge slurm_job_id=3445480 launched_at=2026-09-16T09:32:45.737997+00:00
/fslarge/scratch/users/h61084/codes/adaptime/outputs/adaptime/extractions/ridge/univariate/NE_China_Wind/H/long/run_0/extraction/manifest.json
TIME run allocation action=new run=/fslarge/scratch/users/h61084/codes/adaptime/outputs/adaptime/extractions/ridge/univariate/Australia_Solar/H/short/run_0 launch_id=selena_adaptime_unified_20260916T080019Z_10942_ridge slurm_job_id=3445480 launched_at=2026-09-16T09:33:02.761119+00:00
/fslarge/scratch/users/h61084/codes/adaptime/outputs/adaptime/extractions/ridge/univariate/Australia_Solar/H/short/run_0/extraction/manifest.json
TIME run allocation action=new run=/fslarge/scratch/users/h61084/codes/adaptime/outputs/adaptime/extractions/ridge/univariate/Australia_Solar/H/medium/run_0 launch_id=selena_adaptime_unified_20260916T080019Z_10942_ridge slurm_job_id=3445480 launched_at=2026-09-16T09:33:07.966254+00:00
/fslarge/scratch/users/h61084/codes/adaptime/outputs/adaptime/extractions/ridge/univariate/Australia_Solar/H/medium/run_0/extraction/manifest.json
TIME run allocation action=new run=/fslarge/scratch/users/h61084/codes/adaptime/outputs/adaptime/extractions/ridge/univariate/Australia_Solar/H/long/run_0 launch_id=selena_adaptime_unified_20260916T080019Z_10942_ridge slurm_job_id=3445480 launched_at=2026-09-16T09:33:40.319560+00:00
/fslarge/scratch/users/h61084/codes/adaptime/outputs/adaptime/extractions/ridge/univariate/Australia_Solar/H/long/run_0/extraction/manifest.json
TIME run allocation action=new run=/fslarge/scratch/users/h61084/codes/adaptime/outputs/adaptime/extractions/ridge/univariate/epf_electricity_price/H/short/run_0 launch_id=selena_adaptime_unified_20260916T080019Z_10942_ridge slurm_job_id=3445480 launched_at=2026-09-16T09:33:54.998404+00:00
/fslarge/scratch/users/h61084/codes/adaptime/outputs/adaptime/extractions/ridge/univariate/epf_electricity_price/H/short/run_0/extraction/manifest.json
TIME run allocation action=new run=/fslarge/scratch/users/h61084/codes/adaptime/outputs/adaptime/extractions/ridge/univariate/epf_electricity_price/H/medium/run_0 launch_id=selena_adaptime_unified_20260916T080019Z_10942_ridge slurm_job_id=3445480 launched_at=2026-09-16T09:42:17.177098+00:00
/fslarge/scratch/users/h61084/codes/adaptime/outputs/adaptime/extractions/ridge/univariate/epf_electricity_price/H/medium/run_0/extraction/manifest.json
TIME run allocation action=new run=/fslarge/scratch/users/h61084/codes/adaptime/outputs/adaptime/extractions/ridge/univariate/epf_electricity_price/H/long/run_0 launch_id=selena_adaptime_unified_20260916T080019Z_10942_ridge slurm_job_id=3445480 launched_at=2026-09-16T09:44:48.075596+00:00
/fslarge/scratch/users/h61084/codes/adaptime/outputs/adaptime/extractions/ridge/univariate/epf_electricity_price/H/long/run_0/extraction/manifest.json
TIME run allocation action=new run=/fslarge/scratch/users/h61084/codes/adaptime/outputs/adaptime/extractions/ridge/univariate/OpenElectricity_NEM/5T/short/run_0 launch_id=selena_adaptime_unified_20260916T080019Z_10942_ridge slurm_job_id=3445480 launched_at=2026-09-16T09:45:52.385208+00:00
/fslarge/scratch/users/h61084/codes/adaptime/outputs/adaptime/extractions/ridge/univariate/OpenElectricity_NEM/5T/short/run_0/extraction/manifest.json
TIME run allocation action=new run=/fslarge/scratch/users/h61084/codes/adaptime/outputs/adaptime/extractions/ridge/univariate/OpenElectricity_NEM/5T/medium/run_0 launch_id=selena_adaptime_unified_20260916T080019Z_10942_ridge slurm_job_id=3445480 launched_at=2026-09-16T09:48:27.704227+00:00
/fslarge/scratch/users/h61084/codes/adaptime/outputs/adaptime/extractions/ridge/univariate/OpenElectricity_NEM/5T/medium/run_0/extraction/manifest.json
TIME run allocation action=new run=/fslarge/scratch/users/h61084/codes/adaptime/outputs/adaptime/extractions/ridge/univariate/OpenElectricity_NEM/5T/long/run_0 launch_id=selena_adaptime_unified_20260916T080019Z_10942_ridge slurm_job_id=3445480 launched_at=2026-09-16T09:53:58.347511+00:00
/fslarge/scratch/users/h61084/codes/adaptime/outputs/adaptime/extractions/ridge/univariate/OpenElectricity_NEM/5T/long/run_0/extraction/manifest.json
TIME run allocation action=new run=/fslarge/scratch/users/h61084/codes/adaptime/outputs/adaptime/extractions/ridge/univariate/EWELD_Load/15T/short/run_0 launch_id=selena_adaptime_unified_20260916T080019Z_10942_ridge slurm_job_id=3445480 launched_at=2026-09-16T09:55:51.853476+00:00
/fslarge/scratch/users/h61084/codes/adaptime/outputs/adaptime/extractions/ridge/univariate/EWELD_Load/15T/short/run_0/extraction/manifest.json
TIME run allocation action=new run=/fslarge/scratch/users/h61084/codes/adaptime/outputs/adaptime/extractions/ridge/univariate/EWELD_Load/15T/medium/run_0 launch_id=selena_adaptime_unified_20260916T080019Z_10942_ridge slurm_job_id=3445480 launched_at=2026-09-16T09:57:01.654939+00:00
/fslarge/scratch/users/h61084/codes/adaptime/outputs/adaptime/extractions/ridge/univariate/EWELD_Load/15T/medium/run_0/extraction/manifest.json
TIME run allocation action=new run=/fslarge/scratch/users/h61084/codes/adaptime/outputs/adaptime/extractions/ridge/univariate/EWELD_Load/15T/long/run_0 launch_id=selena_adaptime_unified_20260916T080019Z_10942_ridge slurm_job_id=3445480 launched_at=2026-09-16T09:59:17.877593+00:00
/fslarge/scratch/users/h61084/codes/adaptime/outputs/adaptime/extractions/ridge/univariate/EWELD_Load/15T/long/run_0/extraction/manifest.json
TIME run allocation action=new run=/fslarge/scratch/users/h61084/codes/adaptime/outputs/adaptime/extractions/ridge/univariate/SG_Carpark/15T/short/run_0 launch_id=selena_adaptime_unified_20260916T080019Z_10942_ridge slurm_job_id=3445480 launched_at=2026-09-16T09:59:37.320246+00:00
/fslarge/scratch/users/h61084/codes/adaptime/outputs/adaptime/extractions/ridge/univariate/SG_Carpark/15T/short/run_0/extraction/manifest.json
TIME run allocation action=new run=/fslarge/scratch/users/h61084/codes/adaptime/outputs/adaptime/extractions/ridge/univariate/SG_Carpark/15T/medium/run_0 launch_id=selena_adaptime_unified_20260916T080019Z_10942_ridge slurm_job_id=3445480 launched_at=2026-09-16T10:05:10.318099+00:00
/fslarge/scratch/users/h61084/codes/adaptime/outputs/adaptime/extractions/ridge/univariate/SG_Carpark/15T/medium/run_0/extraction/manifest.json
TIME run allocation action=new run=/fslarge/scratch/users/h61084/codes/adaptime/outputs/adaptime/extractions/ridge/univariate/SG_Carpark/15T/long/run_0 launch_id=selena_adaptime_unified_20260916T080019Z_10942_ridge slurm_job_id=3445480 launched_at=2026-09-16T10:05:51.158471+00:00
/fslarge/scratch/users/h61084/codes/adaptime/outputs/adaptime/extractions/ridge/univariate/SG_Carpark/15T/long/run_0/extraction/manifest.json
TIME run allocation action=new run=/fslarge/scratch/users/h61084/codes/adaptime/outputs/adaptime/extractions/ridge/univariate/Finland_Traffic/15T/short/run_0 launch_id=selena_adaptime_unified_20260916T080019Z_10942_ridge slurm_job_id=3445480 launched_at=2026-09-16T10:06:00.010279+00:00
/fslarge/scratch/users/h61084/codes/adaptime/outputs/adaptime/extractions/ridge/univariate/Finland_Traffic/15T/short/run_0/extraction/manifest.json
TIME run allocation action=new run=/fslarge/scratch/users/h61084/codes/adaptime/outputs/adaptime/extractions/ridge/univariate/Finland_Traffic/15T/medium/run_0 launch_id=selena_adaptime_unified_20260916T080019Z_10942_ridge slurm_job_id=3445480 launched_at=2026-09-16T10:06:01.787085+00:00
/fslarge/scratch/users/h61084/codes/adaptime/outputs/adaptime/extractions/ridge/univariate/Finland_Traffic/15T/medium/run_0/extraction/manifest.json
TIME run allocation action=new run=/fslarge/scratch/users/h61084/codes/adaptime/outputs/adaptime/extractions/ridge/univariate/Finland_Traffic/15T/long/run_0 launch_id=selena_adaptime_unified_20260916T080019Z_10942_ridge slurm_job_id=3445480 launched_at=2026-09-16T10:06:30.582993+00:00
/fslarge/scratch/users/h61084/codes/adaptime/outputs/adaptime/extractions/ridge/univariate/Finland_Traffic/15T/long/run_0/extraction/manifest.json
TIME run allocation action=new run=/fslarge/scratch/users/h61084/codes/adaptime/outputs/adaptime/extractions/ridge/univariate/Port_Activity/D/short/run_0 launch_id=selena_adaptime_unified_20260916T080019Z_10942_ridge slurm_job_id=3445480 launched_at=2026-09-16T10:06:34.503659+00:00
/fslarge/scratch/users/h61084/codes/adaptime/outputs/adaptime/extractions/ridge/univariate/Port_Activity/D/short/run_0/extraction/manifest.json
TIME run allocation action=new run=/fslarge/scratch/users/h61084/codes/adaptime/outputs/adaptime/extractions/ridge/univariate/Port_Activity/W/short/run_0 launch_id=selena_adaptime_unified_20260916T080019Z_10942_ridge slurm_job_id=3445480 launched_at=2026-09-16T10:20:18.427008+00:00
/fslarge/scratch/users/h61084/codes/adaptime/outputs/adaptime/extractions/ridge/univariate/Port_Activity/W/short/run_0/extraction/manifest.json
TIME run allocation action=new run=/fslarge/scratch/users/h61084/codes/adaptime/outputs/adaptime/extractions/ridge/univariate/ECDC_COVID/D/short/run_0 launch_id=selena_adaptime_unified_20260916T080019Z_10942_ridge slurm_job_id=3445480 launched_at=2026-09-16T10:20:18.750219+00:00
/fslarge/scratch/users/h61084/codes/adaptime/outputs/adaptime/extractions/ridge/univariate/ECDC_COVID/D/short/run_0/extraction/manifest.json
TIME run allocation action=new run=/fslarge/scratch/users/h61084/codes/adaptime/outputs/adaptime/extractions/ridge/univariate/ECDC_COVID/W/short/run_0 launch_id=selena_adaptime_unified_20260916T080019Z_10942_ridge slurm_job_id=3445480 launched_at=2026-09-16T10:20:30.307243+00:00
/fslarge/scratch/users/h61084/codes/adaptime/outputs/adaptime/extractions/ridge/univariate/ECDC_COVID/W/short/run_0/extraction/manifest.json
TIME run allocation action=new run=/fslarge/scratch/users/h61084/codes/adaptime/outputs/adaptime/extractions/ridge/univariate/Global_Influenza/W/short/run_0 launch_id=selena_adaptime_unified_20260916T080019Z_10942_ridge slurm_job_id=3445480 launched_at=2026-09-16T10:20:30.564402+00:00
/fslarge/scratch/users/h61084/codes/adaptime/outputs/adaptime/extractions/ridge/univariate/Global_Influenza/W/short/run_0/extraction/manifest.json
TIME run allocation action=new run=/fslarge/scratch/users/h61084/codes/adaptime/outputs/adaptime/extractions/ridge/univariate/Crypto/D/short/run_0 launch_id=selena_adaptime_unified_20260916T080019Z_10942_ridge slurm_job_id=3445480 launched_at=2026-09-16T10:20:30.727782+00:00
/fslarge/scratch/users/h61084/codes/adaptime/outputs/adaptime/extractions/ridge/univariate/Crypto/D/short/run_0/extraction/manifest.json
TIME run allocation action=new run=/fslarge/scratch/users/h61084/codes/adaptime/outputs/adaptime/extractions/ridge/univariate/US_Term_Structure/B/short/run_0 launch_id=selena_adaptime_unified_20260916T080019Z_10942_ridge slurm_job_id=3445480 launched_at=2026-09-16T10:20:52.555393+00:00
