2026-09-14 22:43:31 | workflow adaptime started launch_id=selena_adaptime_unified_20260914T204328Z_25264_prepare task=vanilla_prepare slurm_job_id=3427120 slurm_array_job_id=none slurm_array_task_id=none
2026-09-14 22:43:31 | stage prepare started
2026-09-14 22:43:31 | task TIME-wide Adaptime method=vanilla stage=prepare started
TIME run allocation action=new run=/fslarge/scratch/users/h61084/codes/adaptime/outputs/adaptime/data/shared/univariate/Water_Quality_Darwin/15T/short/run_0 launch_id=selena_adaptime_unified_20260914T204328Z_25264_prepare slurm_job_id=3427120 launched_at=2026-09-14T20:43:44.329809+00:00
/fslarge/scratch/users/h61084/codes/adaptime/outputs/adaptime/data/shared/univariate/Water_Quality_Darwin/15T/short/run_0/prepared/manifest.json
TIME run allocation action=new run=/fslarge/scratch/users/h61084/codes/adaptime/outputs/adaptime/data/shared/univariate/Water_Quality_Darwin/15T/medium/run_0 launch_id=selena_adaptime_unified_20260914T204328Z_25264_prepare slurm_job_id=3427120 launched_at=2026-09-14T20:43:44.393374+00:00
/fslarge/scratch/users/h61084/codes/adaptime/outputs/adaptime/data/shared/univariate/Water_Quality_Darwin/15T/medium/run_0/prepared/manifest.json
TIME run allocation action=new run=/fslarge/scratch/users/h61084/codes/adaptime/outputs/adaptime/data/shared/univariate/Water_Quality_Darwin/15T/long/run_0 launch_id=selena_adaptime_unified_20260914T204328Z_25264_prepare slurm_job_id=3427120 launched_at=2026-09-14T20:43:44.469067+00:00
/fslarge/scratch/users/h61084/codes/adaptime/outputs/adaptime/data/shared/univariate/Water_Quality_Darwin/15T/long/run_0/prepared/manifest.json
TIME run allocation action=new run=/fslarge/scratch/users/h61084/codes/adaptime/outputs/adaptime/data/shared/univariate/current_velocity/5T/short/run_0 launch_id=selena_adaptime_unified_20260914T204328Z_25264_prepare slurm_job_id=3427120 launched_at=2026-09-14T20:43:44.546636+00:00
/fslarge/scratch/users/h61084/codes/adaptime/outputs/adaptime/data/shared/univariate/current_velocity/5T/short/run_0/prepared/manifest.json
TIME run allocation action=new run=/fslarge/scratch/users/h61084/codes/adaptime/outputs/adaptime/data/shared/univariate/current_velocity/5T/medium/run_0 launch_id=selena_adaptime_unified_20260914T204328Z_25264_prepare slurm_job_id=3427120 launched_at=2026-09-14T20:43:44.580014+00:00
/fslarge/scratch/users/h61084/codes/adaptime/outputs/adaptime/data/shared/univariate/current_velocity/5T/medium/run_0/prepared/manifest.json
TIME run allocation action=new run=/fslarge/scratch/users/h61084/codes/adaptime/outputs/adaptime/data/shared/univariate/current_velocity/5T/long/run_0 launch_id=selena_adaptime_unified_20260914T204328Z_25264_prepare slurm_job_id=3427120 launched_at=2026-09-14T20:43:44.614286+00:00
/fslarge/scratch/users/h61084/codes/adaptime/outputs/adaptime/data/shared/univariate/current_velocity/5T/long/run_0/prepared/manifest.json
TIME run allocation action=new run=/fslarge/scratch/users/h61084/codes/adaptime/outputs/adaptime/data/shared/univariate/current_velocity/10T/short/run_0 launch_id=selena_adaptime_unified_20260914T204328Z_25264_prepare slurm_job_id=3427120 launched_at=2026-09-14T20:43:44.647383+00:00
/fslarge/scratch/users/h61084/codes/adaptime/outputs/adaptime/data/shared/univariate/current_velocity/10T/short/run_0/prepared/manifest.json
TIME run allocation action=new run=/fslarge/scratch/users/h61084/codes/adaptime/outputs/adaptime/data/shared/univariate/current_velocity/10T/medium/run_0 launch_id=selena_adaptime_unified_20260914T204328Z_25264_prepare slurm_job_id=3427120 launched_at=2026-09-14T20:43:44.738284+00:00
/fslarge/scratch/users/h61084/codes/adaptime/outputs/adaptime/data/shared/univariate/current_velocity/10T/medium/run_0/prepared/manifest.json
TIME run allocation action=new run=/fslarge/scratch/users/h61084/codes/adaptime/outputs/adaptime/data/shared/univariate/current_velocity/10T/long/run_0 launch_id=selena_adaptime_unified_20260914T204328Z_25264_prepare slurm_job_id=3427120 launched_at=2026-09-14T20:43:44.863179+00:00
/fslarge/scratch/users/h61084/codes/adaptime/outputs/adaptime/data/shared/univariate/current_velocity/10T/long/run_0/prepared/manifest.json
TIME run allocation action=new run=/fslarge/scratch/users/h61084/codes/adaptime/outputs/adaptime/data/shared/univariate/current_velocity/15T/short/run_0 launch_id=selena_adaptime_unified_20260914T204328Z_25264_prepare slurm_job_id=3427120 launched_at=2026-09-14T20:43:44.983185+00:00
/fslarge/scratch/users/h61084/codes/adaptime/outputs/adaptime/data/shared/univariate/current_velocity/15T/short/run_0/prepared/manifest.json
TIME run allocation action=new run=/fslarge/scratch/users/h61084/codes/adaptime/outputs/adaptime/data/shared/univariate/current_velocity/15T/medium/run_0 launch_id=selena_adaptime_unified_20260914T204328Z_25264_prepare slurm_job_id=3427120 launched_at=2026-09-14T20:43:45.022429+00:00
/fslarge/scratch/users/h61084/codes/adaptime/outputs/adaptime/data/shared/univariate/current_velocity/15T/medium/run_0/prepared/manifest.json
TIME run allocation action=new run=/fslarge/scratch/users/h61084/codes/adaptime/outputs/adaptime/data/shared/univariate/current_velocity/15T/long/run_0 launch_id=selena_adaptime_unified_20260914T204328Z_25264_prepare slurm_job_id=3427120 launched_at=2026-09-14T20:43:45.063458+00:00
/fslarge/scratch/users/h61084/codes/adaptime/outputs/adaptime/data/shared/univariate/current_velocity/15T/long/run_0/prepared/manifest.json
TIME run allocation action=new run=/fslarge/scratch/users/h61084/codes/adaptime/outputs/adaptime/data/shared/univariate/current_velocity/20T/short/run_0 launch_id=selena_adaptime_unified_20260914T204328Z_25264_prepare slurm_job_id=3427120 launched_at=2026-09-14T20:43:45.104374+00:00
/fslarge/scratch/users/h61084/codes/adaptime/outputs/adaptime/data/shared/univariate/current_velocity/20T/short/run_0/prepared/manifest.json
TIME run allocation action=new run=/fslarge/scratch/users/h61084/codes/adaptime/outputs/adaptime/data/shared/univariate/current_velocity/20T/medium/run_0 launch_id=selena_adaptime_unified_20260914T204328Z_25264_prepare slurm_job_id=3427120 launched_at=2026-09-14T20:43:45.186155+00:00
/fslarge/scratch/users/h61084/codes/adaptime/outputs/adaptime/data/shared/univariate/current_velocity/20T/medium/run_0/prepared/manifest.json
TIME run allocation action=new run=/fslarge/scratch/users/h61084/codes/adaptime/outputs/adaptime/data/shared/univariate/current_velocity/20T/long/run_0 launch_id=selena_adaptime_unified_20260914T204328Z_25264_prepare slurm_job_id=3427120 launched_at=2026-09-14T20:43:45.275573+00:00
/fslarge/scratch/users/h61084/codes/adaptime/outputs/adaptime/data/shared/univariate/current_velocity/20T/long/run_0/prepared/manifest.json
TIME run allocation action=new run=/fslarge/scratch/users/h61084/codes/adaptime/outputs/adaptime/data/shared/univariate/current_velocity/H/short/run_0 launch_id=selena_adaptime_unified_20260914T204328Z_25264_prepare slurm_job_id=3427120 launched_at=2026-09-14T20:43:45.377187+00:00
/fslarge/scratch/users/h61084/codes/adaptime/outputs/adaptime/data/shared/univariate/current_velocity/H/short/run_0/prepared/manifest.json
TIME run allocation action=new run=/fslarge/scratch/users/h61084/codes/adaptime/outputs/adaptime/data/shared/univariate/current_velocity/H/medium/run_0 launch_id=selena_adaptime_unified_20260914T204328Z_25264_prepare slurm_job_id=3427120 launched_at=2026-09-14T20:43:45.429925+00:00
/fslarge/scratch/users/h61084/codes/adaptime/outputs/adaptime/data/shared/univariate/current_velocity/H/medium/run_0/prepared/manifest.json
TIME run allocation action=new run=/fslarge/scratch/users/h61084/codes/adaptime/outputs/adaptime/data/shared/univariate/current_velocity/H/long/run_0 launch_id=selena_adaptime_unified_20260914T204328Z_25264_prepare slurm_job_id=3427120 launched_at=2026-09-14T20:43:45.487076+00:00
/fslarge/scratch/users/h61084/codes/adaptime/outputs/adaptime/data/shared/univariate/current_velocity/H/long/run_0/prepared/manifest.json
TIME run allocation action=new run=/fslarge/scratch/users/h61084/codes/adaptime/outputs/adaptime/data/shared/univariate/CPHL/15T/short/run_0 launch_id=selena_adaptime_unified_20260914T204328Z_25264_prepare slurm_job_id=3427120 launched_at=2026-09-14T20:43:45.544362+00:00
/fslarge/scratch/users/h61084/codes/adaptime/outputs/adaptime/data/shared/univariate/CPHL/15T/short/run_0/prepared/manifest.json
TIME run allocation action=new run=/fslarge/scratch/users/h61084/codes/adaptime/outputs/adaptime/data/shared/univariate/CPHL/15T/medium/run_0 launch_id=selena_adaptime_unified_20260914T204328Z_25264_prepare slurm_job_id=3427120 launched_at=2026-09-14T20:43:45.570047+00:00
/fslarge/scratch/users/h61084/codes/adaptime/outputs/adaptime/data/shared/univariate/CPHL/15T/medium/run_0/prepared/manifest.json
TIME run allocation action=new run=/fslarge/scratch/users/h61084/codes/adaptime/outputs/adaptime/data/shared/univariate/CPHL/15T/long/run_0 launch_id=selena_adaptime_unified_20260914T204328Z_25264_prepare slurm_job_id=3427120 launched_at=2026-09-14T20:43:45.595355+00:00
/fslarge/scratch/users/h61084/codes/adaptime/outputs/adaptime/data/shared/univariate/CPHL/15T/long/run_0/prepared/manifest.json
TIME run allocation action=new run=/fslarge/scratch/users/h61084/codes/adaptime/outputs/adaptime/data/shared/univariate/CPHL/30T/short/run_0 launch_id=selena_adaptime_unified_20260914T204328Z_25264_prepare slurm_job_id=3427120 launched_at=2026-09-14T20:43:45.620979+00:00
/fslarge/scratch/users/h61084/codes/adaptime/outputs/adaptime/data/shared/univariate/CPHL/30T/short/run_0/prepared/manifest.json
TIME run allocation action=new run=/fslarge/scratch/users/h61084/codes/adaptime/outputs/adaptime/data/shared/univariate/CPHL/30T/medium/run_0 launch_id=selena_adaptime_unified_20260914T204328Z_25264_prepare slurm_job_id=3427120 launched_at=2026-09-14T20:43:45.646654+00:00
/fslarge/scratch/users/h61084/codes/adaptime/outputs/adaptime/data/shared/univariate/CPHL/30T/medium/run_0/prepared/manifest.json
TIME run allocation action=new run=/fslarge/scratch/users/h61084/codes/adaptime/outputs/adaptime/data/shared/univariate/CPHL/30T/long/run_0 launch_id=selena_adaptime_unified_20260914T204328Z_25264_prepare slurm_job_id=3427120 launched_at=2026-09-14T20:43:45.672232+00:00
/fslarge/scratch/users/h61084/codes/adaptime/outputs/adaptime/data/shared/univariate/CPHL/30T/long/run_0/prepared/manifest.json
TIME run allocation action=new run=/fslarge/scratch/users/h61084/codes/adaptime/outputs/adaptime/data/shared/univariate/CPHL/H/short/run_0 launch_id=selena_adaptime_unified_20260914T204328Z_25264_prepare slurm_job_id=3427120 launched_at=2026-09-14T20:43:45.699038+00:00
/fslarge/scratch/users/h61084/codes/adaptime/outputs/adaptime/data/shared/univariate/CPHL/H/short/run_0/prepared/manifest.json
TIME run allocation action=new run=/fslarge/scratch/users/h61084/codes/adaptime/outputs/adaptime/data/shared/univariate/CPHL/H/medium/run_0 launch_id=selena_adaptime_unified_20260914T204328Z_25264_prepare slurm_job_id=3427120 launched_at=2026-09-14T20:43:45.724488+00:00
/fslarge/scratch/users/h61084/codes/adaptime/outputs/adaptime/data/shared/univariate/CPHL/H/medium/run_0/prepared/manifest.json
TIME run allocation action=new run=/fslarge/scratch/users/h61084/codes/adaptime/outputs/adaptime/data/shared/univariate/CPHL/H/long/run_0 launch_id=selena_adaptime_unified_20260914T204328Z_25264_prepare slurm_job_id=3427120 launched_at=2026-09-14T20:43:45.750583+00:00
/fslarge/scratch/users/h61084/codes/adaptime/outputs/adaptime/data/shared/univariate/CPHL/H/long/run_0/prepared/manifest.json
TIME run allocation action=new run=/fslarge/scratch/users/h61084/codes/adaptime/outputs/adaptime/data/shared/univariate/Coastal_T_S/5T/short/run_0 launch_id=selena_adaptime_unified_20260914T204328Z_25264_prepare slurm_job_id=3427120 launched_at=2026-09-14T20:43:45.777193+00:00
/fslarge/scratch/users/h61084/codes/adaptime/outputs/adaptime/data/shared/univariate/Coastal_T_S/5T/short/run_0/prepared/manifest.json
TIME run allocation action=new run=/fslarge/scratch/users/h61084/codes/adaptime/outputs/adaptime/data/shared/univariate/Coastal_T_S/5T/medium/run_0 launch_id=selena_adaptime_unified_20260914T204328Z_25264_prepare slurm_job_id=3427120 launched_at=2026-09-14T20:43:46.052074+00:00
/fslarge/scratch/users/h61084/codes/adaptime/outputs/adaptime/data/shared/univariate/Coastal_T_S/5T/medium/run_0/prepared/manifest.json
TIME run allocation action=new run=/fslarge/scratch/users/h61084/codes/adaptime/outputs/adaptime/data/shared/univariate/Coastal_T_S/5T/long/run_0 launch_id=selena_adaptime_unified_20260914T204328Z_25264_prepare slurm_job_id=3427120 launched_at=2026-09-14T20:43:46.436165+00:00
/fslarge/scratch/users/h61084/codes/adaptime/outputs/adaptime/data/shared/univariate/Coastal_T_S/5T/long/run_0/prepared/manifest.json
TIME run allocation action=new run=/fslarge/scratch/users/h61084/codes/adaptime/outputs/adaptime/data/shared/univariate/Coastal_T_S/15T/short/run_0 launch_id=selena_adaptime_unified_20260914T204328Z_25264_prepare slurm_job_id=3427120 launched_at=2026-09-14T20:43:46.745654+00:00
/fslarge/scratch/users/h61084/codes/adaptime/outputs/adaptime/data/shared/univariate/Coastal_T_S/15T/short/run_0/prepared/manifest.json
TIME run allocation action=new run=/fslarge/scratch/users/h61084/codes/adaptime/outputs/adaptime/data/shared/univariate/Coastal_T_S/15T/medium/run_0 launch_id=selena_adaptime_unified_20260914T204328Z_25264_prepare slurm_job_id=3427120 launched_at=2026-09-14T20:43:46.788585+00:00
/fslarge/scratch/users/h61084/codes/adaptime/outputs/adaptime/data/shared/univariate/Coastal_T_S/15T/medium/run_0/prepared/manifest.json
TIME run allocation action=new run=/fslarge/scratch/users/h61084/codes/adaptime/outputs/adaptime/data/shared/univariate/Coastal_T_S/15T/long/run_0 launch_id=selena_adaptime_unified_20260914T204328Z_25264_prepare slurm_job_id=3427120 launched_at=2026-09-14T20:43:46.840158+00:00
/fslarge/scratch/users/h61084/codes/adaptime/outputs/adaptime/data/shared/univariate/Coastal_T_S/15T/long/run_0/prepared/manifest.json
TIME run allocation action=new run=/fslarge/scratch/users/h61084/codes/adaptime/outputs/adaptime/data/shared/univariate/Coastal_T_S/20T/short/run_0 launch_id=selena_adaptime_unified_20260914T204328Z_25264_prepare slurm_job_id=3427120 launched_at=2026-09-14T20:43:46.889471+00:00
/fslarge/scratch/users/h61084/codes/adaptime/outputs/adaptime/data/shared/univariate/Coastal_T_S/20T/short/run_0/prepared/manifest.json
TIME run allocation action=new run=/fslarge/scratch/users/h61084/codes/adaptime/outputs/adaptime/data/shared/univariate/Coastal_T_S/20T/medium/run_0 launch_id=selena_adaptime_unified_20260914T204328Z_25264_prepare slurm_job_id=3427120 launched_at=2026-09-14T20:43:46.915734+00:00
/fslarge/scratch/users/h61084/codes/adaptime/outputs/adaptime/data/shared/univariate/Coastal_T_S/20T/medium/run_0/prepared/manifest.json
TIME run allocation action=new run=/fslarge/scratch/users/h61084/codes/adaptime/outputs/adaptime/data/shared/univariate/Coastal_T_S/20T/long/run_0 launch_id=selena_adaptime_unified_20260914T204328Z_25264_prepare slurm_job_id=3427120 launched_at=2026-09-14T20:43:46.941683+00:00
/fslarge/scratch/users/h61084/codes/adaptime/outputs/adaptime/data/shared/univariate/Coastal_T_S/20T/long/run_0/prepared/manifest.json
TIME run allocation action=new run=/fslarge/scratch/users/h61084/codes/adaptime/outputs/adaptime/data/shared/univariate/Coastal_T_S/H/short/run_0 launch_id=selena_adaptime_unified_20260914T204328Z_25264_prepare slurm_job_id=3427120 launched_at=2026-09-14T20:43:46.968465+00:00
/fslarge/scratch/users/h61084/codes/adaptime/outputs/adaptime/data/shared/univariate/Coastal_T_S/H/short/run_0/prepared/manifest.json
TIME run allocation action=new run=/fslarge/scratch/users/h61084/codes/adaptime/outputs/adaptime/data/shared/univariate/Coastal_T_S/H/medium/run_0 launch_id=selena_adaptime_unified_20260914T204328Z_25264_prepare slurm_job_id=3427120 launched_at=2026-09-14T20:43:47.018502+00:00
/fslarge/scratch/users/h61084/codes/adaptime/outputs/adaptime/data/shared/univariate/Coastal_T_S/H/medium/run_0/prepared/manifest.json
TIME run allocation action=new run=/fslarge/scratch/users/h61084/codes/adaptime/outputs/adaptime/data/shared/univariate/Coastal_T_S/H/long/run_0 launch_id=selena_adaptime_unified_20260914T204328Z_25264_prepare slurm_job_id=3427120 launched_at=2026-09-14T20:43:47.077015+00:00
/fslarge/scratch/users/h61084/codes/adaptime/outputs/adaptime/data/shared/univariate/Coastal_T_S/H/long/run_0/prepared/manifest.json
TIME run allocation action=new run=/fslarge/scratch/users/h61084/codes/adaptime/outputs/adaptime/data/shared/univariate/SG_Weather/D/short/run_0 launch_id=selena_adaptime_unified_20260914T204328Z_25264_prepare slurm_job_id=3427120 launched_at=2026-09-14T20:43:47.135258+00:00
/fslarge/scratch/users/h61084/codes/adaptime/outputs/adaptime/data/shared/univariate/SG_Weather/D/short/run_0/prepared/manifest.json
TIME run allocation action=new run=/fslarge/scratch/users/h61084/codes/adaptime/outputs/adaptime/data/shared/univariate/SG_Weather/D/medium/run_0 launch_id=selena_adaptime_unified_20260914T204328Z_25264_prepare slurm_job_id=3427120 launched_at=2026-09-14T20:43:47.165297+00:00
/fslarge/scratch/users/h61084/codes/adaptime/outputs/adaptime/data/shared/univariate/SG_Weather/D/medium/run_0/prepared/manifest.json
TIME run allocation action=new run=/fslarge/scratch/users/h61084/codes/adaptime/outputs/adaptime/data/shared/univariate/SG_Weather/D/long/run_0 launch_id=selena_adaptime_unified_20260914T204328Z_25264_prepare slurm_job_id=3427120 launched_at=2026-09-14T20:43:47.195460+00:00
/fslarge/scratch/users/h61084/codes/adaptime/outputs/adaptime/data/shared/univariate/SG_Weather/D/long/run_0/prepared/manifest.json
TIME run allocation action=new run=/fslarge/scratch/users/h61084/codes/adaptime/outputs/adaptime/data/shared/univariate/SG_PM25/H/short/run_0 launch_id=selena_adaptime_unified_20260914T204328Z_25264_prepare slurm_job_id=3427120 launched_at=2026-09-14T20:43:47.224627+00:00
/fslarge/scratch/users/h61084/codes/adaptime/outputs/adaptime/data/shared/univariate/SG_PM25/H/short/run_0/prepared/manifest.json
TIME run allocation action=new run=/fslarge/scratch/users/h61084/codes/adaptime/outputs/adaptime/data/shared/univariate/SG_PM25/H/medium/run_0 launch_id=selena_adaptime_unified_20260914T204328Z_25264_prepare slurm_job_id=3427120 launched_at=2026-09-14T20:43:47.259273+00:00
/fslarge/scratch/users/h61084/codes/adaptime/outputs/adaptime/data/shared/univariate/SG_PM25/H/medium/run_0/prepared/manifest.json
TIME run allocation action=new run=/fslarge/scratch/users/h61084/codes/adaptime/outputs/adaptime/data/shared/univariate/SG_PM25/H/long/run_0 launch_id=selena_adaptime_unified_20260914T204328Z_25264_prepare slurm_job_id=3427120 launched_at=2026-09-14T20:43:47.299868+00:00
/fslarge/scratch/users/h61084/codes/adaptime/outputs/adaptime/data/shared/univariate/SG_PM25/H/long/run_0/prepared/manifest.json
TIME run allocation action=new run=/fslarge/scratch/users/h61084/codes/adaptime/outputs/adaptime/data/shared/univariate/NE_China_Wind/H/short/run_0 launch_id=selena_adaptime_unified_20260914T204328Z_25264_prepare slurm_job_id=3427120 launched_at=2026-09-14T20:43:47.341807+00:00
/fslarge/scratch/users/h61084/codes/adaptime/outputs/adaptime/data/shared/univariate/NE_China_Wind/H/short/run_0/prepared/manifest.json
TIME run allocation action=new run=/fslarge/scratch/users/h61084/codes/adaptime/outputs/adaptime/data/shared/univariate/NE_China_Wind/H/medium/run_0 launch_id=selena_adaptime_unified_20260914T204328Z_25264_prepare slurm_job_id=3427120 launched_at=2026-09-14T20:43:47.368049+00:00
/fslarge/scratch/users/h61084/codes/adaptime/outputs/adaptime/data/shared/univariate/NE_China_Wind/H/medium/run_0/prepared/manifest.json
TIME run allocation action=new run=/fslarge/scratch/users/h61084/codes/adaptime/outputs/adaptime/data/shared/univariate/NE_China_Wind/H/long/run_0 launch_id=selena_adaptime_unified_20260914T204328Z_25264_prepare slurm_job_id=3427120 launched_at=2026-09-14T20:43:47.394547+00:00
/fslarge/scratch/users/h61084/codes/adaptime/outputs/adaptime/data/shared/univariate/NE_China_Wind/H/long/run_0/prepared/manifest.json
TIME run allocation action=new run=/fslarge/scratch/users/h61084/codes/adaptime/outputs/adaptime/data/shared/univariate/Australia_Solar/H/short/run_0 launch_id=selena_adaptime_unified_20260914T204328Z_25264_prepare slurm_job_id=3427120 launched_at=2026-09-14T20:43:47.421262+00:00
/fslarge/scratch/users/h61084/codes/adaptime/outputs/adaptime/data/shared/univariate/Australia_Solar/H/short/run_0/prepared/manifest.json
TIME run allocation action=new run=/fslarge/scratch/users/h61084/codes/adaptime/outputs/adaptime/data/shared/univariate/Australia_Solar/H/medium/run_0 launch_id=selena_adaptime_unified_20260914T204328Z_25264_prepare slurm_job_id=3427120 launched_at=2026-09-14T20:43:47.450829+00:00
/fslarge/scratch/users/h61084/codes/adaptime/outputs/adaptime/data/shared/univariate/Australia_Solar/H/medium/run_0/prepared/manifest.json
TIME run allocation action=new run=/fslarge/scratch/users/h61084/codes/adaptime/outputs/adaptime/data/shared/univariate/Australia_Solar/H/long/run_0 launch_id=selena_adaptime_unified_20260914T204328Z_25264_prepare slurm_job_id=3427120 launched_at=2026-09-14T20:43:47.483943+00:00
/fslarge/scratch/users/h61084/codes/adaptime/outputs/adaptime/data/shared/univariate/Australia_Solar/H/long/run_0/prepared/manifest.json
TIME run allocation action=new run=/fslarge/scratch/users/h61084/codes/adaptime/outputs/adaptime/data/shared/univariate/epf_electricity_price/H/short/run_0 launch_id=selena_adaptime_unified_20260914T204328Z_25264_prepare slurm_job_id=3427120 launched_at=2026-09-14T20:43:47.519175+00:00
/fslarge/scratch/users/h61084/codes/adaptime/outputs/adaptime/data/shared/univariate/epf_electricity_price/H/short/run_0/prepared/manifest.json
TIME run allocation action=new run=/fslarge/scratch/users/h61084/codes/adaptime/outputs/adaptime/data/shared/univariate/epf_electricity_price/H/medium/run_0 launch_id=selena_adaptime_unified_20260914T204328Z_25264_prepare slurm_job_id=3427120 launched_at=2026-09-14T20:43:47.561302+00:00
/fslarge/scratch/users/h61084/codes/adaptime/outputs/adaptime/data/shared/univariate/epf_electricity_price/H/medium/run_0/prepared/manifest.json
TIME run allocation action=new run=/fslarge/scratch/users/h61084/codes/adaptime/outputs/adaptime/data/shared/univariate/epf_electricity_price/H/long/run_0 launch_id=selena_adaptime_unified_20260914T204328Z_25264_prepare slurm_job_id=3427120 launched_at=2026-09-14T20:43:47.611306+00:00
/fslarge/scratch/users/h61084/codes/adaptime/outputs/adaptime/data/shared/univariate/epf_electricity_price/H/long/run_0/prepared/manifest.json
TIME run allocation action=new run=/fslarge/scratch/users/h61084/codes/adaptime/outputs/adaptime/data/shared/univariate/OpenElectricity_NEM/5T/short/run_0 launch_id=selena_adaptime_unified_20260914T204328Z_25264_prepare slurm_job_id=3427120 launched_at=2026-09-14T20:43:47.659537+00:00
/fslarge/scratch/users/h61084/codes/adaptime/outputs/adaptime/data/shared/univariate/OpenElectricity_NEM/5T/short/run_0/prepared/manifest.json
TIME run allocation action=new run=/fslarge/scratch/users/h61084/codes/adaptime/outputs/adaptime/data/shared/univariate/OpenElectricity_NEM/5T/medium/run_0 launch_id=selena_adaptime_unified_20260914T204328Z_25264_prepare slurm_job_id=3427120 launched_at=2026-09-14T20:43:47.709377+00:00
/fslarge/scratch/users/h61084/codes/adaptime/outputs/adaptime/data/shared/univariate/OpenElectricity_NEM/5T/medium/run_0/prepared/manifest.json
TIME run allocation action=new run=/fslarge/scratch/users/h61084/codes/adaptime/outputs/adaptime/data/shared/univariate/OpenElectricity_NEM/5T/long/run_0 launch_id=selena_adaptime_unified_20260914T204328Z_25264_prepare slurm_job_id=3427120 launched_at=2026-09-14T20:43:47.758955+00:00
/fslarge/scratch/users/h61084/codes/adaptime/outputs/adaptime/data/shared/univariate/OpenElectricity_NEM/5T/long/run_0/prepared/manifest.json
TIME run allocation action=new run=/fslarge/scratch/users/h61084/codes/adaptime/outputs/adaptime/data/shared/univariate/EWELD_Load/15T/short/run_0 launch_id=selena_adaptime_unified_20260914T204328Z_25264_prepare slurm_job_id=3427120 launched_at=2026-09-14T20:43:47.808268+00:00
/fslarge/scratch/users/h61084/codes/adaptime/outputs/adaptime/data/shared/univariate/EWELD_Load/15T/short/run_0/prepared/manifest.json
TIME run allocation action=new run=/fslarge/scratch/users/h61084/codes/adaptime/outputs/adaptime/data/shared/univariate/EWELD_Load/15T/medium/run_0 launch_id=selena_adaptime_unified_20260914T204328Z_25264_prepare slurm_job_id=3427120 launched_at=2026-09-14T20:43:47.843939+00:00
/fslarge/scratch/users/h61084/codes/adaptime/outputs/adaptime/data/shared/univariate/EWELD_Load/15T/medium/run_0/prepared/manifest.json
TIME run allocation action=new run=/fslarge/scratch/users/h61084/codes/adaptime/outputs/adaptime/data/shared/univariate/EWELD_Load/15T/long/run_0 launch_id=selena_adaptime_unified_20260914T204328Z_25264_prepare slurm_job_id=3427120 launched_at=2026-09-14T20:43:47.879720+00:00
/fslarge/scratch/users/h61084/codes/adaptime/outputs/adaptime/data/shared/univariate/EWELD_Load/15T/long/run_0/prepared/manifest.json
TIME run allocation action=new run=/fslarge/scratch/users/h61084/codes/adaptime/outputs/adaptime/data/shared/univariate/SG_Carpark/15T/short/run_0 launch_id=selena_adaptime_unified_20260914T204328Z_25264_prepare slurm_job_id=3427120 launched_at=2026-09-14T20:43:47.914788+00:00
/fslarge/scratch/users/h61084/codes/adaptime/outputs/adaptime/data/shared/univariate/SG_Carpark/15T/short/run_0/prepared/manifest.json
TIME run allocation action=new run=/fslarge/scratch/users/h61084/codes/adaptime/outputs/adaptime/data/shared/univariate/SG_Carpark/15T/medium/run_0 launch_id=selena_adaptime_unified_20260914T204328Z_25264_prepare slurm_job_id=3427120 launched_at=2026-09-14T20:43:48.247230+00:00
/fslarge/scratch/users/h61084/codes/adaptime/outputs/adaptime/data/shared/univariate/SG_Carpark/15T/medium/run_0/prepared/manifest.json
TIME run allocation action=new run=/fslarge/scratch/users/h61084/codes/adaptime/outputs/adaptime/data/shared/univariate/SG_Carpark/15T/long/run_0 launch_id=selena_adaptime_unified_20260914T204328Z_25264_prepare slurm_job_id=3427120 launched_at=2026-09-14T20:43:48.579844+00:00
/fslarge/scratch/users/h61084/codes/adaptime/outputs/adaptime/data/shared/univariate/SG_Carpark/15T/long/run_0/prepared/manifest.json
TIME run allocation action=new run=/fslarge/scratch/users/h61084/codes/adaptime/outputs/adaptime/data/shared/univariate/Finland_Traffic/15T/short/run_0 launch_id=selena_adaptime_unified_20260914T204328Z_25264_prepare slurm_job_id=3427120 launched_at=2026-09-14T20:43:48.898345+00:00
/fslarge/scratch/users/h61084/codes/adaptime/outputs/adaptime/data/shared/univariate/Finland_Traffic/15T/short/run_0/prepared/manifest.json
TIME run allocation action=new run=/fslarge/scratch/users/h61084/codes/adaptime/outputs/adaptime/data/shared/univariate/Finland_Traffic/15T/medium/run_0 launch_id=selena_adaptime_unified_20260914T204328Z_25264_prepare slurm_job_id=3427120 launched_at=2026-09-14T20:43:48.925007+00:00
/fslarge/scratch/users/h61084/codes/adaptime/outputs/adaptime/data/shared/univariate/Finland_Traffic/15T/medium/run_0/prepared/manifest.json
TIME run allocation action=new run=/fslarge/scratch/users/h61084/codes/adaptime/outputs/adaptime/data/shared/univariate/Finland_Traffic/15T/long/run_0 launch_id=selena_adaptime_unified_20260914T204328Z_25264_prepare slurm_job_id=3427120 launched_at=2026-09-14T20:43:48.951075+00:00
/fslarge/scratch/users/h61084/codes/adaptime/outputs/adaptime/data/shared/univariate/Finland_Traffic/15T/long/run_0/prepared/manifest.json
TIME run allocation action=new run=/fslarge/scratch/users/h61084/codes/adaptime/outputs/adaptime/data/shared/univariate/Port_Activity/D/short/run_0 launch_id=selena_adaptime_unified_20260914T204328Z_25264_prepare slurm_job_id=3427120 launched_at=2026-09-14T20:43:48.977522+00:00
/fslarge/scratch/users/h61084/codes/adaptime/outputs/adaptime/data/shared/univariate/Port_Activity/D/short/run_0/prepared/manifest.json
TIME run allocation action=new run=/fslarge/scratch/users/h61084/codes/adaptime/outputs/adaptime/data/shared/univariate/Port_Activity/W/short/run_0 launch_id=selena_adaptime_unified_20260914T204328Z_25264_prepare slurm_job_id=3427120 launched_at=2026-09-14T20:43:49.042950+00:00
/fslarge/scratch/users/h61084/codes/adaptime/outputs/adaptime/data/shared/univariate/Port_Activity/W/short/run_0/prepared/manifest.json
TIME run allocation action=new run=/fslarge/scratch/users/h61084/codes/adaptime/outputs/adaptime/data/shared/univariate/ECDC_COVID/D/short/run_0 launch_id=selena_adaptime_unified_20260914T204328Z_25264_prepare slurm_job_id=3427120 launched_at=2026-09-14T20:43:49.082166+00:00
/fslarge/scratch/users/h61084/codes/adaptime/outputs/adaptime/data/shared/univariate/ECDC_COVID/D/short/run_0/prepared/manifest.json
TIME run allocation action=new run=/fslarge/scratch/users/h61084/codes/adaptime/outputs/adaptime/data/shared/univariate/ECDC_COVID/W/short/run_0 launch_id=selena_adaptime_unified_20260914T204328Z_25264_prepare slurm_job_id=3427120 launched_at=2026-09-14T20:43:49.108495+00:00
/fslarge/scratch/users/h61084/codes/adaptime/outputs/adaptime/data/shared/univariate/ECDC_COVID/W/short/run_0/prepared/manifest.json
TIME run allocation action=new run=/fslarge/scratch/users/h61084/codes/adaptime/outputs/adaptime/data/shared/univariate/Global_Influenza/W/short/run_0 launch_id=selena_adaptime_unified_20260914T204328Z_25264_prepare slurm_job_id=3427120 launched_at=2026-09-14T20:43:49.134845+00:00
/fslarge/scratch/users/h61084/codes/adaptime/outputs/adaptime/data/shared/univariate/Global_Influenza/W/short/run_0/prepared/manifest.json
TIME run allocation action=new run=/fslarge/scratch/users/h61084/codes/adaptime/outputs/adaptime/data/shared/univariate/Crypto/D/short/run_0 launch_id=selena_adaptime_unified_20260914T204328Z_25264_prepare slurm_job_id=3427120 launched_at=2026-09-14T20:43:49.161838+00:00
/fslarge/scratch/users/h61084/codes/adaptime/outputs/adaptime/data/shared/univariate/Crypto/D/short/run_0/prepared/manifest.json
TIME run allocation action=new run=/fslarge/scratch/users/h61084/codes/adaptime/outputs/adaptime/data/shared/univariate/US_Term_Structure/B/short/run_0 launch_id=selena_adaptime_unified_20260914T204328Z_25264_prepare slurm_job_id=3427120 launched_at=2026-09-14T20:43:49.187495+00:00
/fslarge/scratch/users/h61084/codes/adaptime/outputs/adaptime/data/shared/univariate/US_Term_Structure/B/short/run_0/prepared/manifest.json
TIME run allocation action=new run=/fslarge/scratch/users/h61084/codes/adaptime/outputs/adaptime/data/shared/univariate/Oil_Price/B/short/run_0 launch_id=selena_adaptime_unified_20260914T204328Z_25264_prepare slurm_job_id=3427120 launched_at=2026-09-14T20:43:49.243115+00:00
/fslarge/scratch/users/h61084/codes/adaptime/outputs/adaptime/data/shared/univariate/Oil_Price/B/short/run_0/prepared/manifest.json
TIME run allocation action=new run=/fslarge/scratch/users/h61084/codes/adaptime/outputs/adaptime/data/shared/univariate/Job_Claims/W/short/run_0 launch_id=selena_adaptime_unified_20260914T204328Z_25264_prepare slurm_job_id=3427120 launched_at=2026-09-14T20:43:49.271976+00:00
/fslarge/scratch/users/h61084/codes/adaptime/outputs/adaptime/data/shared/univariate/Job_Claims/W/short/run_0/prepared/manifest.json
TIME run allocation action=new run=/fslarge/scratch/users/h61084/codes/adaptime/outputs/adaptime/data/shared/univariate/Uncertainty_1M/M/short/run_0 launch_id=selena_adaptime_unified_20260914T204328Z_25264_prepare slurm_job_id=3427120 launched_at=2026-09-14T20:43:49.296813+00:00
/fslarge/scratch/users/h61084/codes/adaptime/outputs/adaptime/data/shared/univariate/Uncertainty_1M/M/short/run_0/prepared/manifest.json
TIME run allocation action=new run=/fslarge/scratch/users/h61084/codes/adaptime/outputs/adaptime/data/shared/univariate/Housing_Inventory/M/short/run_0 launch_id=selena_adaptime_unified_20260914T204328Z_25264_prepare slurm_job_id=3427120 launched_at=2026-09-14T20:43:49.322104+00:00
/fslarge/scratch/users/h61084/codes/adaptime/outputs/adaptime/data/shared/univariate/Housing_Inventory/M/short/run_0/prepared/manifest.json
TIME run allocation action=new run=/fslarge/scratch/users/h61084/codes/adaptime/outputs/adaptime/data/shared/univariate/JOLTS/M/short/run_0 launch_id=selena_adaptime_unified_20260914T204328Z_25264_prepare slurm_job_id=3427120 launched_at=2026-09-14T20:43:49.347189+00:00
/fslarge/scratch/users/h61084/codes/adaptime/outputs/adaptime/data/shared/univariate/JOLTS/M/short/run_0/prepared/manifest.json
TIME run allocation action=new run=/fslarge/scratch/users/h61084/codes/adaptime/outputs/adaptime/data/shared/univariate/US_Labor/M/short/run_0 launch_id=selena_adaptime_unified_20260914T204328Z_25264_prepare slurm_job_id=3427120 launched_at=2026-09-14T20:43:49.372144+00:00
/fslarge/scratch/users/h61084/codes/adaptime/outputs/adaptime/data/shared/univariate/US_Labor/M/short/run_0/prepared/manifest.json
TIME run allocation action=new run=/fslarge/scratch/users/h61084/codes/adaptime/outputs/adaptime/data/shared/univariate/Vehicle_Supply/M/short/run_0 launch_id=selena_adaptime_unified_20260914T204328Z_25264_prepare slurm_job_id=3427120 launched_at=2026-09-14T20:43:49.397154+00:00
/fslarge/scratch/users/h61084/codes/adaptime/outputs/adaptime/data/shared/univariate/Vehicle_Supply/M/short/run_0/prepared/manifest.json
TIME run allocation action=new run=/fslarge/scratch/users/h61084/codes/adaptime/outputs/adaptime/data/shared/univariate/Auto_Production_SF/M/short/run_0 launch_id=selena_adaptime_unified_20260914T204328Z_25264_prepare slurm_job_id=3427120 launched_at=2026-09-14T20:43:49.421649+00:00
/fslarge/scratch/users/h61084/codes/adaptime/outputs/adaptime/data/shared/univariate/Auto_Production_SF/M/short/run_0/prepared/manifest.json
TIME run allocation action=new run=/fslarge/scratch/users/h61084/codes/adaptime/outputs/adaptime/data/shared/univariate/Commodity_Production/M/short/run_0 launch_id=selena_adaptime_unified_20260914T204328Z_25264_prepare slurm_job_id=3427120 launched_at=2026-09-14T20:43:49.445829+00:00
/fslarge/scratch/users/h61084/codes/adaptime/outputs/adaptime/data/shared/univariate/Commodity_Production/M/short/run_0/prepared/manifest.json
TIME run allocation action=new run=/fslarge/scratch/users/h61084/codes/adaptime/outputs/adaptime/data/shared/univariate/Commodity_Import/M/short/run_0 launch_id=selena_adaptime_unified_20260914T204328Z_25264_prepare slurm_job_id=3427120 launched_at=2026-09-14T20:43:49.474070+00:00
/fslarge/scratch/users/h61084/codes/adaptime/outputs/adaptime/data/shared/univariate/Commodity_Import/M/short/run_0/prepared/manifest.json
TIME run allocation action=new run=/fslarge/scratch/users/h61084/codes/adaptime/outputs/adaptime/data/shared/univariate/WUI_Global/Q/short/run_0 launch_id=selena_adaptime_unified_20260914T204328Z_25264_prepare slurm_job_id=3427120 launched_at=2026-09-14T20:43:49.499941+00:00
/fslarge/scratch/users/h61084/codes/adaptime/outputs/adaptime/data/shared/univariate/WUI_Global/Q/short/run_0/prepared/manifest.json
TIME run allocation action=new run=/fslarge/scratch/users/h61084/codes/adaptime/outputs/adaptime/data/shared/univariate/Global_Price/Q/short/run_0 launch_id=selena_adaptime_unified_20260914T204328Z_25264_prepare slurm_job_id=3427120 launched_at=2026-09-14T20:43:49.524625+00:00
/fslarge/scratch/users/h61084/codes/adaptime/outputs/adaptime/data/shared/univariate/Global_Price/Q/short/run_0/prepared/manifest.json
TIME run allocation action=new run=/fslarge/scratch/users/h61084/codes/adaptime/outputs/adaptime/data/shared/univariate/Vehicle_Sales/M/short/run_0 launch_id=selena_adaptime_unified_20260914T204328Z_25264_prepare slurm_job_id=3427120 launched_at=2026-09-14T20:43:49.550069+00:00
/fslarge/scratch/users/h61084/codes/adaptime/outputs/adaptime/data/shared/univariate/Vehicle_Sales/M/short/run_0/prepared/manifest.json
TIME run allocation action=new run=/fslarge/scratch/users/h61084/codes/adaptime/outputs/adaptime/data/shared/univariate/Online_Retail_2_UCI/D/short/run_0 launch_id=selena_adaptime_unified_20260914T204328Z_25264_prepare slurm_job_id=3427120 launched_at=2026-09-14T20:43:49.575351+00:00
/fslarge/scratch/users/h61084/codes/adaptime/outputs/adaptime/data/shared/univariate/Online_Retail_2_UCI/D/short/run_0/prepared/manifest.json
TIME run allocation action=new run=/fslarge/scratch/users/h61084/codes/adaptime/outputs/adaptime/data/shared/univariate/Supply_Chain_Customer/D/short/run_0 launch_id=selena_adaptime_unified_20260914T204328Z_25264_prepare slurm_job_id=3427120 launched_at=2026-09-14T20:43:49.600026+00:00
/fslarge/scratch/users/h61084/codes/adaptime/outputs/adaptime/data/shared/univariate/Supply_Chain_Customer/D/short/run_0/prepared/manifest.json
TIME run allocation action=new run=/fslarge/scratch/users/h61084/codes/adaptime/outputs/adaptime/data/shared/univariate/Supply_Chain_Location/D/short/run_0 launch_id=selena_adaptime_unified_20260914T204328Z_25264_prepare slurm_job_id=3427120 launched_at=2026-09-14T20:43:49.628820+00:00
/fslarge/scratch/users/h61084/codes/adaptime/outputs/adaptime/data/shared/univariate/Supply_Chain_Location/D/short/run_0/prepared/manifest.json
TIME run allocation action=new run=/fslarge/scratch/users/h61084/codes/adaptime/outputs/adaptime/data/shared/univariate/azure2019_D/5T/short/run_0 launch_id=selena_adaptime_unified_20260914T204328Z_25264_prepare slurm_job_id=3427120 launched_at=2026-09-14T20:43:49.659732+00:00
/fslarge/scratch/users/h61084/codes/adaptime/outputs/adaptime/data/shared/univariate/azure2019_D/5T/short/run_0/prepared/manifest.json
TIME run allocation action=new run=/fslarge/scratch/users/h61084/codes/adaptime/outputs/adaptime/data/shared/univariate/azure2019_I/5T/short/run_0 launch_id=selena_adaptime_unified_20260914T204328Z_25264_prepare slurm_job_id=3427120 launched_at=2026-09-14T20:43:51.982568+00:00
/fslarge/scratch/users/h61084/codes/adaptime/outputs/adaptime/data/shared/univariate/azure2019_I/5T/short/run_0/prepared/manifest.json
TIME run allocation action=new run=/fslarge/scratch/users/h61084/codes/adaptime/outputs/adaptime/data/shared/univariate/azure2019_U/5T/short/run_0 launch_id=selena_adaptime_unified_20260914T204328Z_25264_prepare slurm_job_id=3427120 launched_at=2026-09-14T20:43:52.934912+00:00
/fslarge/scratch/users/h61084/codes/adaptime/outputs/adaptime/data/shared/univariate/azure2019_U/5T/short/run_0/prepared/manifest.json
TIME run allocation action=new run=/fslarge/scratch/users/h61084/codes/adaptime/outputs/adaptime/data/shared/univariate/Smart_Manufacturing/H/short/run_0 launch_id=selena_adaptime_unified_20260914T204328Z_25264_prepare slurm_job_id=3427120 launched_at=2026-09-14T20:43:52.997323+00:00
/fslarge/scratch/users/h61084/codes/adaptime/outputs/adaptime/data/shared/univariate/Smart_Manufacturing/H/short/run_0/prepared/manifest.json
TIME run allocation action=new run=/fslarge/scratch/users/h61084/codes/adaptime/outputs/adaptime/data/shared/univariate/Smart_Manufacturing/H/medium/run_0 launch_id=selena_adaptime_unified_20260914T204328Z_25264_prepare slurm_job_id=3427120 launched_at=2026-09-14T20:43:53.060576+00:00
/fslarge/scratch/users/h61084/codes/adaptime/outputs/adaptime/data/shared/univariate/Smart_Manufacturing/H/medium/run_0/prepared/manifest.json
TIME run allocation action=new run=/fslarge/scratch/users/h61084/codes/adaptime/outputs/adaptime/data/shared/univariate/Smart_Manufacturing/H/long/run_0 launch_id=selena_adaptime_unified_20260914T204328Z_25264_prepare slurm_job_id=3427120 launched_at=2026-09-14T20:43:53.108038+00:00
/fslarge/scratch/users/h61084/codes/adaptime/outputs/adaptime/data/shared/univariate/Smart_Manufacturing/H/long/run_0/prepared/manifest.json
TIME run allocation action=new run=/fslarge/scratch/users/h61084/codes/adaptime/outputs/adaptime/data/shared/univariate/MetroPT-3/5T/short/run_0 launch_id=selena_adaptime_unified_20260914T204328Z_25264_prepare slurm_job_id=3427120 launched_at=2026-09-14T20:43:53.164914+00:00
/fslarge/scratch/users/h61084/codes/adaptime/outputs/adaptime/data/shared/univariate/MetroPT-3/5T/short/run_0/prepared/manifest.json
TIME run allocation action=new run=/fslarge/scratch/users/h61084/codes/adaptime/outputs/adaptime/data/shared/univariate/MetroPT-3/5T/medium/run_0 launch_id=selena_adaptime_unified_20260914T204328Z_25264_prepare slurm_job_id=3427120 launched_at=2026-09-14T20:43:53.196407+00:00
/fslarge/scratch/users/h61084/codes/adaptime/outputs/adaptime/data/shared/univariate/MetroPT-3/5T/medium/run_0/prepared/manifest.json
TIME run allocation action=new run=/fslarge/scratch/users/h61084/codes/adaptime/outputs/adaptime/data/shared/univariate/MetroPT-3/5T/long/run_0 launch_id=selena_adaptime_unified_20260914T204328Z_25264_prepare slurm_job_id=3427120 launched_at=2026-09-14T20:43:53.226500+00:00
/fslarge/scratch/users/h61084/codes/adaptime/outputs/adaptime/data/shared/univariate/MetroPT-3/5T/long/run_0/prepared/manifest.json
2026-09-14 22:43:53 | task TIME-wide Adaptime method=vanilla stage=prepare completed status=success
2026-09-14 22:43:53 | stage prepare completed status=success
2026-09-14 22:43:54 | workflow adaptime completed status=success exit_code=0
