2026-09-14 22:53:09 | workflow adaptime started launch_id=selena_adaptime_unified_20260914T204328Z_25264_ridge task=ridge_pipeline slurm_job_id=3427123 slurm_array_job_id=none slurm_array_task_id=none
2026-09-14 22:53:09 | stage pipeline started
2026-09-14 22:53:09 | task TIME-wide Adaptime method=ridge stage=pipeline started
TIME run allocation action=new run=/fslarge/scratch/users/h61084/codes/adaptime/outputs/adaptime/extractions/ridge/univariate/Water_Quality_Darwin/15T/short/run_0 launch_id=selena_adaptime_unified_20260914T204328Z_25264_ridge slurm_job_id=3427123 launched_at=2026-09-14T20:53:21.857610+00:00
/fslarge/scratch/users/h61084/codes/adaptime/outputs/adaptime/extractions/ridge/univariate/Water_Quality_Darwin/15T/short/run_0/extraction/manifest.json
TIME run allocation action=new run=/fslarge/scratch/users/h61084/codes/adaptime/outputs/adaptime/extractions/ridge/univariate/Water_Quality_Darwin/15T/medium/run_0 launch_id=selena_adaptime_unified_20260914T204328Z_25264_ridge slurm_job_id=3427123 launched_at=2026-09-14T20:56:02.757991+00:00
/fslarge/scratch/users/h61084/codes/adaptime/outputs/adaptime/extractions/ridge/univariate/Water_Quality_Darwin/15T/medium/run_0/extraction/manifest.json
TIME run allocation action=new run=/fslarge/scratch/users/h61084/codes/adaptime/outputs/adaptime/extractions/ridge/univariate/Water_Quality_Darwin/15T/long/run_0 launch_id=selena_adaptime_unified_20260914T204328Z_25264_ridge slurm_job_id=3427123 launched_at=2026-09-14T21:24:49.030512+00:00
/fslarge/scratch/users/h61084/codes/adaptime/outputs/adaptime/extractions/ridge/univariate/Water_Quality_Darwin/15T/long/run_0/extraction/manifest.json
TIME run allocation action=new run=/fslarge/scratch/users/h61084/codes/adaptime/outputs/adaptime/extractions/ridge/univariate/current_velocity/5T/short/run_0 launch_id=selena_adaptime_unified_20260914T204328Z_25264_ridge slurm_job_id=3427123 launched_at=2026-09-14T21:32:35.337103+00:00
/fslarge/scratch/users/h61084/codes/adaptime/outputs/adaptime/extractions/ridge/univariate/current_velocity/5T/short/run_0/extraction/manifest.json
TIME run allocation action=new run=/fslarge/scratch/users/h61084/codes/adaptime/outputs/adaptime/extractions/ridge/univariate/current_velocity/5T/medium/run_0 launch_id=selena_adaptime_unified_20260914T204328Z_25264_ridge slurm_job_id=3427123 launched_at=2026-09-14T21:33:08.988021+00:00
/fslarge/scratch/users/h61084/codes/adaptime/outputs/adaptime/extractions/ridge/univariate/current_velocity/5T/medium/run_0/extraction/manifest.json
TIME run allocation action=new run=/fslarge/scratch/users/h61084/codes/adaptime/outputs/adaptime/extractions/ridge/univariate/current_velocity/5T/long/run_0 launch_id=selena_adaptime_unified_20260914T204328Z_25264_ridge slurm_job_id=3427123 launched_at=2026-09-14T21:34:47.245524+00:00
/fslarge/scratch/users/h61084/codes/adaptime/outputs/adaptime/extractions/ridge/univariate/current_velocity/5T/long/run_0/extraction/manifest.json
TIME run allocation action=new run=/fslarge/scratch/users/h61084/codes/adaptime/outputs/adaptime/extractions/ridge/univariate/current_velocity/10T/short/run_0 launch_id=selena_adaptime_unified_20260914T204328Z_25264_ridge slurm_job_id=3427123 launched_at=2026-09-14T21:35:20.686354+00:00
/fslarge/scratch/users/h61084/codes/adaptime/outputs/adaptime/extractions/ridge/univariate/current_velocity/10T/short/run_0/extraction/manifest.json
TIME run allocation action=new run=/fslarge/scratch/users/h61084/codes/adaptime/outputs/adaptime/extractions/ridge/univariate/current_velocity/10T/medium/run_0 launch_id=selena_adaptime_unified_20260914T204328Z_25264_ridge slurm_job_id=3427123 launched_at=2026-09-14T21:38:40.847446+00:00
/fslarge/scratch/users/h61084/codes/adaptime/outputs/adaptime/extractions/ridge/univariate/current_velocity/10T/medium/run_0/extraction/manifest.json
TIME run allocation action=new run=/fslarge/scratch/users/h61084/codes/adaptime/outputs/adaptime/extractions/ridge/univariate/current_velocity/10T/long/run_0 launch_id=selena_adaptime_unified_20260914T204328Z_25264_ridge slurm_job_id=3427123 launched_at=2026-09-14T22:21:04.475149+00:00
/fslarge/scratch/users/h61084/codes/adaptime/outputs/adaptime/extractions/ridge/univariate/current_velocity/10T/long/run_0/extraction/manifest.json
TIME run allocation action=new run=/fslarge/scratch/users/h61084/codes/adaptime/outputs/adaptime/extractions/ridge/univariate/current_velocity/15T/short/run_0 launch_id=selena_adaptime_unified_20260914T204328Z_25264_ridge slurm_job_id=3427123 launched_at=2026-09-14T22:34:46.184523+00:00
/fslarge/scratch/users/h61084/codes/adaptime/outputs/adaptime/extractions/ridge/univariate/current_velocity/15T/short/run_0/extraction/manifest.json
TIME run allocation action=new run=/fslarge/scratch/users/h61084/codes/adaptime/outputs/adaptime/extractions/ridge/univariate/current_velocity/15T/medium/run_0 launch_id=selena_adaptime_unified_20260914T204328Z_25264_ridge slurm_job_id=3427123 launched_at=2026-09-14T22:35:33.137141+00:00
/fslarge/scratch/users/h61084/codes/adaptime/outputs/adaptime/extractions/ridge/univariate/current_velocity/15T/medium/run_0/extraction/manifest.json
TIME run allocation action=new run=/fslarge/scratch/users/h61084/codes/adaptime/outputs/adaptime/extractions/ridge/univariate/current_velocity/15T/long/run_0 launch_id=selena_adaptime_unified_20260914T204328Z_25264_ridge slurm_job_id=3427123 launched_at=2026-09-14T22:43:11.120141+00:00
/fslarge/scratch/users/h61084/codes/adaptime/outputs/adaptime/extractions/ridge/univariate/current_velocity/15T/long/run_0/extraction/manifest.json
TIME run allocation action=new run=/fslarge/scratch/users/h61084/codes/adaptime/outputs/adaptime/extractions/ridge/univariate/current_velocity/20T/short/run_0 launch_id=selena_adaptime_unified_20260914T204328Z_25264_ridge slurm_job_id=3427123 launched_at=2026-09-14T22:46:01.428552+00:00
/fslarge/scratch/users/h61084/codes/adaptime/outputs/adaptime/extractions/ridge/univariate/current_velocity/20T/short/run_0/extraction/manifest.json
TIME run allocation action=new run=/fslarge/scratch/users/h61084/codes/adaptime/outputs/adaptime/extractions/ridge/univariate/current_velocity/20T/medium/run_0 launch_id=selena_adaptime_unified_20260914T204328Z_25264_ridge slurm_job_id=3427123 launched_at=2026-09-14T22:49:35.347289+00:00
/fslarge/scratch/users/h61084/codes/adaptime/outputs/adaptime/extractions/ridge/univariate/current_velocity/20T/medium/run_0/extraction/manifest.json
TIME run allocation action=new run=/fslarge/scratch/users/h61084/codes/adaptime/outputs/adaptime/extractions/ridge/univariate/current_velocity/20T/long/run_0 launch_id=selena_adaptime_unified_20260914T204328Z_25264_ridge slurm_job_id=3427123 launched_at=2026-09-15T00:05:40.675224+00:00
/fslarge/scratch/users/h61084/codes/adaptime/outputs/adaptime/extractions/ridge/univariate/current_velocity/20T/long/run_0/extraction/manifest.json
TIME run allocation action=new run=/fslarge/scratch/users/h61084/codes/adaptime/outputs/adaptime/extractions/ridge/univariate/current_velocity/H/short/run_0 launch_id=selena_adaptime_unified_20260914T204328Z_25264_ridge slurm_job_id=3427123 launched_at=2026-09-15T00:54:29.347933+00:00
/fslarge/scratch/users/h61084/codes/adaptime/outputs/adaptime/extractions/ridge/univariate/current_velocity/H/short/run_0/extraction/manifest.json
TIME run allocation action=new run=/fslarge/scratch/users/h61084/codes/adaptime/outputs/adaptime/extractions/ridge/univariate/current_velocity/H/medium/run_0 launch_id=selena_adaptime_unified_20260914T204328Z_25264_ridge slurm_job_id=3427123 launched_at=2026-09-15T00:55:04.609134+00:00
/fslarge/scratch/users/h61084/codes/adaptime/outputs/adaptime/extractions/ridge/univariate/current_velocity/H/medium/run_0/extraction/manifest.json
TIME run allocation action=new run=/fslarge/scratch/users/h61084/codes/adaptime/outputs/adaptime/extractions/ridge/univariate/current_velocity/H/long/run_0 launch_id=selena_adaptime_unified_20260914T204328Z_25264_ridge slurm_job_id=3427123 launched_at=2026-09-15T01:08:15.859699+00:00
/fslarge/scratch/users/h61084/codes/adaptime/outputs/adaptime/extractions/ridge/univariate/current_velocity/H/long/run_0/extraction/manifest.json
TIME run allocation action=new run=/fslarge/scratch/users/h61084/codes/adaptime/outputs/adaptime/extractions/ridge/univariate/CPHL/15T/short/run_0 launch_id=selena_adaptime_unified_20260914T204328Z_25264_ridge slurm_job_id=3427123 launched_at=2026-09-15T01:14:53.054359+00:00
/fslarge/scratch/users/h61084/codes/adaptime/outputs/adaptime/extractions/ridge/univariate/CPHL/15T/short/run_0/extraction/manifest.json
TIME run allocation action=new run=/fslarge/scratch/users/h61084/codes/adaptime/outputs/adaptime/extractions/ridge/univariate/CPHL/15T/medium/run_0 launch_id=selena_adaptime_unified_20260914T204328Z_25264_ridge slurm_job_id=3427123 launched_at=2026-09-15T01:14:55.514553+00:00
/fslarge/scratch/users/h61084/codes/adaptime/outputs/adaptime/extractions/ridge/univariate/CPHL/15T/medium/run_0/extraction/manifest.json
TIME run allocation action=new run=/fslarge/scratch/users/h61084/codes/adaptime/outputs/adaptime/extractions/ridge/univariate/CPHL/15T/long/run_0 launch_id=selena_adaptime_unified_20260914T204328Z_25264_ridge slurm_job_id=3427123 launched_at=2026-09-15T01:15:35.696146+00:00
/fslarge/scratch/users/h61084/codes/adaptime/outputs/adaptime/extractions/ridge/univariate/CPHL/15T/long/run_0/extraction/manifest.json
TIME run allocation action=new run=/fslarge/scratch/users/h61084/codes/adaptime/outputs/adaptime/extractions/ridge/univariate/CPHL/30T/short/run_0 launch_id=selena_adaptime_unified_20260914T204328Z_25264_ridge slurm_job_id=3427123 launched_at=2026-09-15T01:15:50.047388+00:00
/fslarge/scratch/users/h61084/codes/adaptime/outputs/adaptime/extractions/ridge/univariate/CPHL/30T/short/run_0/extraction/manifest.json
TIME run allocation action=new run=/fslarge/scratch/users/h61084/codes/adaptime/outputs/adaptime/extractions/ridge/univariate/CPHL/30T/medium/run_0 launch_id=selena_adaptime_unified_20260914T204328Z_25264_ridge slurm_job_id=3427123 launched_at=2026-09-15T01:15:52.857982+00:00
/fslarge/scratch/users/h61084/codes/adaptime/outputs/adaptime/extractions/ridge/univariate/CPHL/30T/medium/run_0/extraction/manifest.json
TIME run allocation action=new run=/fslarge/scratch/users/h61084/codes/adaptime/outputs/adaptime/extractions/ridge/univariate/CPHL/30T/long/run_0 launch_id=selena_adaptime_unified_20260914T204328Z_25264_ridge slurm_job_id=3427123 launched_at=2026-09-15T01:16:40.472384+00:00
/fslarge/scratch/users/h61084/codes/adaptime/outputs/adaptime/extractions/ridge/univariate/CPHL/30T/long/run_0/extraction/manifest.json
TIME run allocation action=new run=/fslarge/scratch/users/h61084/codes/adaptime/outputs/adaptime/extractions/ridge/univariate/CPHL/H/short/run_0 launch_id=selena_adaptime_unified_20260914T204328Z_25264_ridge slurm_job_id=3427123 launched_at=2026-09-15T01:17:07.398257+00:00
/fslarge/scratch/users/h61084/codes/adaptime/outputs/adaptime/extractions/ridge/univariate/CPHL/H/short/run_0/extraction/manifest.json
TIME run allocation action=new run=/fslarge/scratch/users/h61084/codes/adaptime/outputs/adaptime/extractions/ridge/univariate/CPHL/H/medium/run_0 launch_id=selena_adaptime_unified_20260914T204328Z_25264_ridge slurm_job_id=3427123 launched_at=2026-09-15T01:17:09.720223+00:00
/fslarge/scratch/users/h61084/codes/adaptime/outputs/adaptime/extractions/ridge/univariate/CPHL/H/medium/run_0/extraction/manifest.json
TIME run allocation action=new run=/fslarge/scratch/users/h61084/codes/adaptime/outputs/adaptime/extractions/ridge/univariate/CPHL/H/long/run_0 launch_id=selena_adaptime_unified_20260914T204328Z_25264_ridge slurm_job_id=3427123 launched_at=2026-09-15T01:17:21.543609+00:00
/fslarge/scratch/users/h61084/codes/adaptime/outputs/adaptime/extractions/ridge/univariate/CPHL/H/long/run_0/extraction/manifest.json
TIME run allocation action=new run=/fslarge/scratch/users/h61084/codes/adaptime/outputs/adaptime/extractions/ridge/univariate/Coastal_T_S/5T/short/run_0 launch_id=selena_adaptime_unified_20260914T204328Z_25264_ridge slurm_job_id=3427123 launched_at=2026-09-15T01:17:28.030864+00:00
/fslarge/scratch/users/h61084/codes/adaptime/outputs/adaptime/extractions/ridge/univariate/Coastal_T_S/5T/short/run_0/extraction/manifest.json
TIME run allocation action=new run=/fslarge/scratch/users/h61084/codes/adaptime/outputs/adaptime/extractions/ridge/univariate/Coastal_T_S/5T/medium/run_0 launch_id=selena_adaptime_unified_20260914T204328Z_25264_ridge slurm_job_id=3427123 launched_at=2026-09-15T05:02:59.362891+00:00
/fslarge/scratch/users/h61084/codes/adaptime/outputs/adaptime/extractions/ridge/univariate/Coastal_T_S/5T/medium/run_0/extraction/manifest.json
TIME run allocation action=new run=/fslarge/scratch/users/h61084/codes/adaptime/outputs/adaptime/extractions/ridge/univariate/Coastal_T_S/5T/long/run_0 launch_id=selena_adaptime_unified_20260914T204328Z_25264_ridge slurm_job_id=3427123 launched_at=2026-09-15T06:35:57.582603+00:00
