2026-09-16 13:45:20 | workflow adaptime started launch_id=selena_adaptime_unified_20260916T114518Z_9070_prepare task=vanilla_prepare slurm_job_id=3447346 slurm_array_job_id=none slurm_array_task_id=none
2026-09-16 13:45:20 | stage prepare started
2026-09-16 13:45:20 | task TIME-wide Adaptime method=vanilla stage=prepare started
TIME run allocation action=skip run=/fslarge/scratch/users/h61084/codes/adaptime/outputs/adaptime/data/shared/univariate/Water_Quality_Darwin/15T/short/run_0 source_launch=selena_adaptime_unified_20260916T080019Z_10942_prepare launch_id=selena_adaptime_unified_20260916T114518Z_9070_prepare slurm_job_id=3447346 launched_at=2026-09-16T11:45:31.773063+00:00
/fslarge/scratch/users/h61084/codes/adaptime/outputs/adaptime/data/shared/univariate/Water_Quality_Darwin/15T/short/run_0/prepared/manifest.json
TIME run allocation action=skip run=/fslarge/scratch/users/h61084/codes/adaptime/outputs/adaptime/data/shared/univariate/Water_Quality_Darwin/15T/medium/run_0 source_launch=selena_adaptime_unified_20260916T080019Z_10942_prepare launch_id=selena_adaptime_unified_20260916T114518Z_9070_prepare slurm_job_id=3447346 launched_at=2026-09-16T11:45:31.777349+00:00
/fslarge/scratch/users/h61084/codes/adaptime/outputs/adaptime/data/shared/univariate/Water_Quality_Darwin/15T/medium/run_0/prepared/manifest.json
TIME run allocation action=skip run=/fslarge/scratch/users/h61084/codes/adaptime/outputs/adaptime/data/shared/univariate/Water_Quality_Darwin/15T/long/run_0 source_launch=selena_adaptime_unified_20260916T080019Z_10942_prepare launch_id=selena_adaptime_unified_20260916T114518Z_9070_prepare slurm_job_id=3447346 launched_at=2026-09-16T11:45:31.781487+00:00
/fslarge/scratch/users/h61084/codes/adaptime/outputs/adaptime/data/shared/univariate/Water_Quality_Darwin/15T/long/run_0/prepared/manifest.json
TIME run allocation action=skip run=/fslarge/scratch/users/h61084/codes/adaptime/outputs/adaptime/data/shared/univariate/current_velocity/5T/short/run_0 source_launch=selena_adaptime_unified_20260916T080019Z_10942_prepare launch_id=selena_adaptime_unified_20260916T114518Z_9070_prepare slurm_job_id=3447346 launched_at=2026-09-16T11:45:31.785624+00:00
/fslarge/scratch/users/h61084/codes/adaptime/outputs/adaptime/data/shared/univariate/current_velocity/5T/short/run_0/prepared/manifest.json
TIME run allocation action=skip run=/fslarge/scratch/users/h61084/codes/adaptime/outputs/adaptime/data/shared/univariate/current_velocity/5T/medium/run_0 source_launch=selena_adaptime_unified_20260916T080019Z_10942_prepare launch_id=selena_adaptime_unified_20260916T114518Z_9070_prepare slurm_job_id=3447346 launched_at=2026-09-16T11:45:31.789768+00:00
/fslarge/scratch/users/h61084/codes/adaptime/outputs/adaptime/data/shared/univariate/current_velocity/5T/medium/run_0/prepared/manifest.json
TIME run allocation action=skip run=/fslarge/scratch/users/h61084/codes/adaptime/outputs/adaptime/data/shared/univariate/current_velocity/5T/long/run_0 source_launch=selena_adaptime_unified_20260916T080019Z_10942_prepare launch_id=selena_adaptime_unified_20260916T114518Z_9070_prepare slurm_job_id=3447346 launched_at=2026-09-16T11:45:31.793673+00:00
/fslarge/scratch/users/h61084/codes/adaptime/outputs/adaptime/data/shared/univariate/current_velocity/5T/long/run_0/prepared/manifest.json
TIME run allocation action=skip run=/fslarge/scratch/users/h61084/codes/adaptime/outputs/adaptime/data/shared/univariate/current_velocity/10T/short/run_0 source_launch=selena_adaptime_unified_20260916T080019Z_10942_prepare launch_id=selena_adaptime_unified_20260916T114518Z_9070_prepare slurm_job_id=3447346 launched_at=2026-09-16T11:45:31.797624+00:00
/fslarge/scratch/users/h61084/codes/adaptime/outputs/adaptime/data/shared/univariate/current_velocity/10T/short/run_0/prepared/manifest.json
TIME run allocation action=skip run=/fslarge/scratch/users/h61084/codes/adaptime/outputs/adaptime/data/shared/univariate/current_velocity/10T/medium/run_0 source_launch=selena_adaptime_unified_20260916T080019Z_10942_prepare launch_id=selena_adaptime_unified_20260916T114518Z_9070_prepare slurm_job_id=3447346 launched_at=2026-09-16T11:45:31.801573+00:00
/fslarge/scratch/users/h61084/codes/adaptime/outputs/adaptime/data/shared/univariate/current_velocity/10T/medium/run_0/prepared/manifest.json
TIME run allocation action=skip run=/fslarge/scratch/users/h61084/codes/adaptime/outputs/adaptime/data/shared/univariate/current_velocity/10T/long/run_0 source_launch=selena_adaptime_unified_20260916T080019Z_10942_prepare launch_id=selena_adaptime_unified_20260916T114518Z_9070_prepare slurm_job_id=3447346 launched_at=2026-09-16T11:45:31.805451+00:00
/fslarge/scratch/users/h61084/codes/adaptime/outputs/adaptime/data/shared/univariate/current_velocity/10T/long/run_0/prepared/manifest.json
TIME run allocation action=skip run=/fslarge/scratch/users/h61084/codes/adaptime/outputs/adaptime/data/shared/univariate/current_velocity/15T/short/run_0 source_launch=selena_adaptime_unified_20260916T080019Z_10942_prepare launch_id=selena_adaptime_unified_20260916T114518Z_9070_prepare slurm_job_id=3447346 launched_at=2026-09-16T11:45:31.809544+00:00
/fslarge/scratch/users/h61084/codes/adaptime/outputs/adaptime/data/shared/univariate/current_velocity/15T/short/run_0/prepared/manifest.json
TIME run allocation action=skip run=/fslarge/scratch/users/h61084/codes/adaptime/outputs/adaptime/data/shared/univariate/current_velocity/15T/medium/run_0 source_launch=selena_adaptime_unified_20260916T080019Z_10942_prepare launch_id=selena_adaptime_unified_20260916T114518Z_9070_prepare slurm_job_id=3447346 launched_at=2026-09-16T11:45:31.813797+00:00
/fslarge/scratch/users/h61084/codes/adaptime/outputs/adaptime/data/shared/univariate/current_velocity/15T/medium/run_0/prepared/manifest.json
TIME run allocation action=skip run=/fslarge/scratch/users/h61084/codes/adaptime/outputs/adaptime/data/shared/univariate/current_velocity/15T/long/run_0 source_launch=selena_adaptime_unified_20260916T080019Z_10942_prepare launch_id=selena_adaptime_unified_20260916T114518Z_9070_prepare slurm_job_id=3447346 launched_at=2026-09-16T11:45:31.817535+00:00
/fslarge/scratch/users/h61084/codes/adaptime/outputs/adaptime/data/shared/univariate/current_velocity/15T/long/run_0/prepared/manifest.json
TIME run allocation action=skip run=/fslarge/scratch/users/h61084/codes/adaptime/outputs/adaptime/data/shared/univariate/current_velocity/H/short/run_0 source_launch=selena_adaptime_unified_20260916T080019Z_10942_prepare launch_id=selena_adaptime_unified_20260916T114518Z_9070_prepare slurm_job_id=3447346 launched_at=2026-09-16T11:45:31.821634+00:00
/fslarge/scratch/users/h61084/codes/adaptime/outputs/adaptime/data/shared/univariate/current_velocity/H/short/run_0/prepared/manifest.json
TIME run allocation action=skip run=/fslarge/scratch/users/h61084/codes/adaptime/outputs/adaptime/data/shared/univariate/current_velocity/H/medium/run_0 source_launch=selena_adaptime_unified_20260916T080019Z_10942_prepare launch_id=selena_adaptime_unified_20260916T114518Z_9070_prepare slurm_job_id=3447346 launched_at=2026-09-16T11:45:31.825393+00:00
/fslarge/scratch/users/h61084/codes/adaptime/outputs/adaptime/data/shared/univariate/current_velocity/H/medium/run_0/prepared/manifest.json
TIME run allocation action=skip run=/fslarge/scratch/users/h61084/codes/adaptime/outputs/adaptime/data/shared/univariate/current_velocity/H/long/run_0 source_launch=selena_adaptime_unified_20260916T080019Z_10942_prepare launch_id=selena_adaptime_unified_20260916T114518Z_9070_prepare slurm_job_id=3447346 launched_at=2026-09-16T11:45:31.829360+00:00
/fslarge/scratch/users/h61084/codes/adaptime/outputs/adaptime/data/shared/univariate/current_velocity/H/long/run_0/prepared/manifest.json
TIME run allocation action=skip run=/fslarge/scratch/users/h61084/codes/adaptime/outputs/adaptime/data/shared/univariate/CPHL/15T/short/run_0 source_launch=selena_adaptime_unified_20260916T080019Z_10942_prepare launch_id=selena_adaptime_unified_20260916T114518Z_9070_prepare slurm_job_id=3447346 launched_at=2026-09-16T11:45:31.833407+00:00
/fslarge/scratch/users/h61084/codes/adaptime/outputs/adaptime/data/shared/univariate/CPHL/15T/short/run_0/prepared/manifest.json
TIME run allocation action=skip run=/fslarge/scratch/users/h61084/codes/adaptime/outputs/adaptime/data/shared/univariate/CPHL/15T/medium/run_0 source_launch=selena_adaptime_unified_20260916T080019Z_10942_prepare launch_id=selena_adaptime_unified_20260916T114518Z_9070_prepare slurm_job_id=3447346 launched_at=2026-09-16T11:45:31.837358+00:00
/fslarge/scratch/users/h61084/codes/adaptime/outputs/adaptime/data/shared/univariate/CPHL/15T/medium/run_0/prepared/manifest.json
TIME run allocation action=skip run=/fslarge/scratch/users/h61084/codes/adaptime/outputs/adaptime/data/shared/univariate/CPHL/15T/long/run_0 source_launch=selena_adaptime_unified_20260916T080019Z_10942_prepare launch_id=selena_adaptime_unified_20260916T114518Z_9070_prepare slurm_job_id=3447346 launched_at=2026-09-16T11:45:31.841312+00:00
/fslarge/scratch/users/h61084/codes/adaptime/outputs/adaptime/data/shared/univariate/CPHL/15T/long/run_0/prepared/manifest.json
TIME run allocation action=skip run=/fslarge/scratch/users/h61084/codes/adaptime/outputs/adaptime/data/shared/univariate/CPHL/30T/short/run_0 source_launch=selena_adaptime_unified_20260916T080019Z_10942_prepare launch_id=selena_adaptime_unified_20260916T114518Z_9070_prepare slurm_job_id=3447346 launched_at=2026-09-16T11:45:31.845350+00:00
/fslarge/scratch/users/h61084/codes/adaptime/outputs/adaptime/data/shared/univariate/CPHL/30T/short/run_0/prepared/manifest.json
TIME run allocation action=skip run=/fslarge/scratch/users/h61084/codes/adaptime/outputs/adaptime/data/shared/univariate/CPHL/30T/medium/run_0 source_launch=selena_adaptime_unified_20260916T080019Z_10942_prepare launch_id=selena_adaptime_unified_20260916T114518Z_9070_prepare slurm_job_id=3447346 launched_at=2026-09-16T11:45:31.849139+00:00
/fslarge/scratch/users/h61084/codes/adaptime/outputs/adaptime/data/shared/univariate/CPHL/30T/medium/run_0/prepared/manifest.json
TIME run allocation action=skip run=/fslarge/scratch/users/h61084/codes/adaptime/outputs/adaptime/data/shared/univariate/CPHL/30T/long/run_0 source_launch=selena_adaptime_unified_20260916T080019Z_10942_prepare launch_id=selena_adaptime_unified_20260916T114518Z_9070_prepare slurm_job_id=3447346 launched_at=2026-09-16T11:45:31.852988+00:00
/fslarge/scratch/users/h61084/codes/adaptime/outputs/adaptime/data/shared/univariate/CPHL/30T/long/run_0/prepared/manifest.json
TIME run allocation action=skip run=/fslarge/scratch/users/h61084/codes/adaptime/outputs/adaptime/data/shared/univariate/CPHL/H/short/run_0 source_launch=selena_adaptime_unified_20260916T080019Z_10942_prepare launch_id=selena_adaptime_unified_20260916T114518Z_9070_prepare slurm_job_id=3447346 launched_at=2026-09-16T11:45:31.856880+00:00
/fslarge/scratch/users/h61084/codes/adaptime/outputs/adaptime/data/shared/univariate/CPHL/H/short/run_0/prepared/manifest.json
TIME run allocation action=skip run=/fslarge/scratch/users/h61084/codes/adaptime/outputs/adaptime/data/shared/univariate/CPHL/H/medium/run_0 source_launch=selena_adaptime_unified_20260916T080019Z_10942_prepare launch_id=selena_adaptime_unified_20260916T114518Z_9070_prepare slurm_job_id=3447346 launched_at=2026-09-16T11:45:31.860651+00:00
/fslarge/scratch/users/h61084/codes/adaptime/outputs/adaptime/data/shared/univariate/CPHL/H/medium/run_0/prepared/manifest.json
TIME run allocation action=skip run=/fslarge/scratch/users/h61084/codes/adaptime/outputs/adaptime/data/shared/univariate/CPHL/H/long/run_0 source_launch=selena_adaptime_unified_20260916T080019Z_10942_prepare launch_id=selena_adaptime_unified_20260916T114518Z_9070_prepare slurm_job_id=3447346 launched_at=2026-09-16T11:45:31.864578+00:00
/fslarge/scratch/users/h61084/codes/adaptime/outputs/adaptime/data/shared/univariate/CPHL/H/long/run_0/prepared/manifest.json
TIME run allocation action=skip run=/fslarge/scratch/users/h61084/codes/adaptime/outputs/adaptime/data/shared/univariate/Coastal_T_S/15T/short/run_0 source_launch=selena_adaptime_unified_20260916T080019Z_10942_prepare launch_id=selena_adaptime_unified_20260916T114518Z_9070_prepare slurm_job_id=3447346 launched_at=2026-09-16T11:45:31.868602+00:00
/fslarge/scratch/users/h61084/codes/adaptime/outputs/adaptime/data/shared/univariate/Coastal_T_S/15T/short/run_0/prepared/manifest.json
TIME run allocation action=skip run=/fslarge/scratch/users/h61084/codes/adaptime/outputs/adaptime/data/shared/univariate/Coastal_T_S/15T/medium/run_0 source_launch=selena_adaptime_unified_20260916T080019Z_10942_prepare launch_id=selena_adaptime_unified_20260916T114518Z_9070_prepare slurm_job_id=3447346 launched_at=2026-09-16T11:45:31.872419+00:00
/fslarge/scratch/users/h61084/codes/adaptime/outputs/adaptime/data/shared/univariate/Coastal_T_S/15T/medium/run_0/prepared/manifest.json
TIME run allocation action=skip run=/fslarge/scratch/users/h61084/codes/adaptime/outputs/adaptime/data/shared/univariate/Coastal_T_S/15T/long/run_0 source_launch=selena_adaptime_unified_20260916T080019Z_10942_prepare launch_id=selena_adaptime_unified_20260916T114518Z_9070_prepare slurm_job_id=3447346 launched_at=2026-09-16T11:45:31.876310+00:00
/fslarge/scratch/users/h61084/codes/adaptime/outputs/adaptime/data/shared/univariate/Coastal_T_S/15T/long/run_0/prepared/manifest.json
TIME run allocation action=skip run=/fslarge/scratch/users/h61084/codes/adaptime/outputs/adaptime/data/shared/univariate/Coastal_T_S/20T/short/run_0 source_launch=selena_adaptime_unified_20260916T080019Z_10942_prepare launch_id=selena_adaptime_unified_20260916T114518Z_9070_prepare slurm_job_id=3447346 launched_at=2026-09-16T11:45:31.880230+00:00
/fslarge/scratch/users/h61084/codes/adaptime/outputs/adaptime/data/shared/univariate/Coastal_T_S/20T/short/run_0/prepared/manifest.json
TIME run allocation action=skip run=/fslarge/scratch/users/h61084/codes/adaptime/outputs/adaptime/data/shared/univariate/Coastal_T_S/20T/medium/run_0 source_launch=selena_adaptime_unified_20260916T080019Z_10942_prepare launch_id=selena_adaptime_unified_20260916T114518Z_9070_prepare slurm_job_id=3447346 launched_at=2026-09-16T11:45:31.883954+00:00
/fslarge/scratch/users/h61084/codes/adaptime/outputs/adaptime/data/shared/univariate/Coastal_T_S/20T/medium/run_0/prepared/manifest.json
TIME run allocation action=skip run=/fslarge/scratch/users/h61084/codes/adaptime/outputs/adaptime/data/shared/univariate/Coastal_T_S/20T/long/run_0 source_launch=selena_adaptime_unified_20260916T080019Z_10942_prepare launch_id=selena_adaptime_unified_20260916T114518Z_9070_prepare slurm_job_id=3447346 launched_at=2026-09-16T11:45:31.887805+00:00
/fslarge/scratch/users/h61084/codes/adaptime/outputs/adaptime/data/shared/univariate/Coastal_T_S/20T/long/run_0/prepared/manifest.json
TIME run allocation action=skip run=/fslarge/scratch/users/h61084/codes/adaptime/outputs/adaptime/data/shared/univariate/Coastal_T_S/H/short/run_0 source_launch=selena_adaptime_unified_20260916T080019Z_10942_prepare launch_id=selena_adaptime_unified_20260916T114518Z_9070_prepare slurm_job_id=3447346 launched_at=2026-09-16T11:45:31.891683+00:00
/fslarge/scratch/users/h61084/codes/adaptime/outputs/adaptime/data/shared/univariate/Coastal_T_S/H/short/run_0/prepared/manifest.json
TIME run allocation action=skip run=/fslarge/scratch/users/h61084/codes/adaptime/outputs/adaptime/data/shared/univariate/Coastal_T_S/H/medium/run_0 source_launch=selena_adaptime_unified_20260916T080019Z_10942_prepare launch_id=selena_adaptime_unified_20260916T114518Z_9070_prepare slurm_job_id=3447346 launched_at=2026-09-16T11:45:31.895437+00:00
/fslarge/scratch/users/h61084/codes/adaptime/outputs/adaptime/data/shared/univariate/Coastal_T_S/H/medium/run_0/prepared/manifest.json
TIME run allocation action=skip run=/fslarge/scratch/users/h61084/codes/adaptime/outputs/adaptime/data/shared/univariate/Coastal_T_S/H/long/run_0 source_launch=selena_adaptime_unified_20260916T080019Z_10942_prepare launch_id=selena_adaptime_unified_20260916T114518Z_9070_prepare slurm_job_id=3447346 launched_at=2026-09-16T11:45:31.899348+00:00
/fslarge/scratch/users/h61084/codes/adaptime/outputs/adaptime/data/shared/univariate/Coastal_T_S/H/long/run_0/prepared/manifest.json
TIME run allocation action=skip run=/fslarge/scratch/users/h61084/codes/adaptime/outputs/adaptime/data/shared/univariate/SG_Weather/D/short/run_0 source_launch=selena_adaptime_unified_20260916T080019Z_10942_prepare launch_id=selena_adaptime_unified_20260916T114518Z_9070_prepare slurm_job_id=3447346 launched_at=2026-09-16T11:45:31.903343+00:00
/fslarge/scratch/users/h61084/codes/adaptime/outputs/adaptime/data/shared/univariate/SG_Weather/D/short/run_0/prepared/manifest.json
TIME run allocation action=skip run=/fslarge/scratch/users/h61084/codes/adaptime/outputs/adaptime/data/shared/univariate/SG_Weather/D/medium/run_0 source_launch=selena_adaptime_unified_20260916T080019Z_10942_prepare launch_id=selena_adaptime_unified_20260916T114518Z_9070_prepare slurm_job_id=3447346 launched_at=2026-09-16T11:45:31.907331+00:00
/fslarge/scratch/users/h61084/codes/adaptime/outputs/adaptime/data/shared/univariate/SG_Weather/D/medium/run_0/prepared/manifest.json
TIME run allocation action=skip run=/fslarge/scratch/users/h61084/codes/adaptime/outputs/adaptime/data/shared/univariate/SG_Weather/D/long/run_0 source_launch=selena_adaptime_unified_20260916T080019Z_10942_prepare launch_id=selena_adaptime_unified_20260916T114518Z_9070_prepare slurm_job_id=3447346 launched_at=2026-09-16T11:45:31.911371+00:00
/fslarge/scratch/users/h61084/codes/adaptime/outputs/adaptime/data/shared/univariate/SG_Weather/D/long/run_0/prepared/manifest.json
TIME run allocation action=skip run=/fslarge/scratch/users/h61084/codes/adaptime/outputs/adaptime/data/shared/univariate/SG_PM25/H/short/run_0 source_launch=selena_adaptime_unified_20260916T080019Z_10942_prepare launch_id=selena_adaptime_unified_20260916T114518Z_9070_prepare slurm_job_id=3447346 launched_at=2026-09-16T11:45:31.915351+00:00
/fslarge/scratch/users/h61084/codes/adaptime/outputs/adaptime/data/shared/univariate/SG_PM25/H/short/run_0/prepared/manifest.json
TIME run allocation action=skip run=/fslarge/scratch/users/h61084/codes/adaptime/outputs/adaptime/data/shared/univariate/SG_PM25/H/medium/run_0 source_launch=selena_adaptime_unified_20260916T080019Z_10942_prepare launch_id=selena_adaptime_unified_20260916T114518Z_9070_prepare slurm_job_id=3447346 launched_at=2026-09-16T11:45:31.919342+00:00
/fslarge/scratch/users/h61084/codes/adaptime/outputs/adaptime/data/shared/univariate/SG_PM25/H/medium/run_0/prepared/manifest.json
TIME run allocation action=skip run=/fslarge/scratch/users/h61084/codes/adaptime/outputs/adaptime/data/shared/univariate/SG_PM25/H/long/run_0 source_launch=selena_adaptime_unified_20260916T080019Z_10942_prepare launch_id=selena_adaptime_unified_20260916T114518Z_9070_prepare slurm_job_id=3447346 launched_at=2026-09-16T11:45:31.923264+00:00
/fslarge/scratch/users/h61084/codes/adaptime/outputs/adaptime/data/shared/univariate/SG_PM25/H/long/run_0/prepared/manifest.json
TIME run allocation action=skip run=/fslarge/scratch/users/h61084/codes/adaptime/outputs/adaptime/data/shared/univariate/NE_China_Wind/H/short/run_0 source_launch=selena_adaptime_unified_20260916T080019Z_10942_prepare launch_id=selena_adaptime_unified_20260916T114518Z_9070_prepare slurm_job_id=3447346 launched_at=2026-09-16T11:45:31.927445+00:00
/fslarge/scratch/users/h61084/codes/adaptime/outputs/adaptime/data/shared/univariate/NE_China_Wind/H/short/run_0/prepared/manifest.json
TIME run allocation action=skip run=/fslarge/scratch/users/h61084/codes/adaptime/outputs/adaptime/data/shared/univariate/NE_China_Wind/H/medium/run_0 source_launch=selena_adaptime_unified_20260916T080019Z_10942_prepare launch_id=selena_adaptime_unified_20260916T114518Z_9070_prepare slurm_job_id=3447346 launched_at=2026-09-16T11:45:31.931391+00:00
/fslarge/scratch/users/h61084/codes/adaptime/outputs/adaptime/data/shared/univariate/NE_China_Wind/H/medium/run_0/prepared/manifest.json
TIME run allocation action=skip run=/fslarge/scratch/users/h61084/codes/adaptime/outputs/adaptime/data/shared/univariate/NE_China_Wind/H/long/run_0 source_launch=selena_adaptime_unified_20260916T080019Z_10942_prepare launch_id=selena_adaptime_unified_20260916T114518Z_9070_prepare slurm_job_id=3447346 launched_at=2026-09-16T11:45:31.935333+00:00
/fslarge/scratch/users/h61084/codes/adaptime/outputs/adaptime/data/shared/univariate/NE_China_Wind/H/long/run_0/prepared/manifest.json
TIME run allocation action=skip run=/fslarge/scratch/users/h61084/codes/adaptime/outputs/adaptime/data/shared/univariate/Australia_Solar/H/short/run_0 source_launch=selena_adaptime_unified_20260916T080019Z_10942_prepare launch_id=selena_adaptime_unified_20260916T114518Z_9070_prepare slurm_job_id=3447346 launched_at=2026-09-16T11:45:31.939400+00:00
/fslarge/scratch/users/h61084/codes/adaptime/outputs/adaptime/data/shared/univariate/Australia_Solar/H/short/run_0/prepared/manifest.json
TIME run allocation action=skip run=/fslarge/scratch/users/h61084/codes/adaptime/outputs/adaptime/data/shared/univariate/Australia_Solar/H/medium/run_0 source_launch=selena_adaptime_unified_20260916T080019Z_10942_prepare launch_id=selena_adaptime_unified_20260916T114518Z_9070_prepare slurm_job_id=3447346 launched_at=2026-09-16T11:45:31.943234+00:00
/fslarge/scratch/users/h61084/codes/adaptime/outputs/adaptime/data/shared/univariate/Australia_Solar/H/medium/run_0/prepared/manifest.json
TIME run allocation action=skip run=/fslarge/scratch/users/h61084/codes/adaptime/outputs/adaptime/data/shared/univariate/Australia_Solar/H/long/run_0 source_launch=selena_adaptime_unified_20260916T080019Z_10942_prepare launch_id=selena_adaptime_unified_20260916T114518Z_9070_prepare slurm_job_id=3447346 launched_at=2026-09-16T11:45:31.947030+00:00
/fslarge/scratch/users/h61084/codes/adaptime/outputs/adaptime/data/shared/univariate/Australia_Solar/H/long/run_0/prepared/manifest.json
TIME run allocation action=skip run=/fslarge/scratch/users/h61084/codes/adaptime/outputs/adaptime/data/shared/univariate/epf_electricity_price/H/short/run_0 source_launch=selena_adaptime_unified_20260916T080019Z_10942_prepare launch_id=selena_adaptime_unified_20260916T114518Z_9070_prepare slurm_job_id=3447346 launched_at=2026-09-16T11:45:31.951220+00:00
/fslarge/scratch/users/h61084/codes/adaptime/outputs/adaptime/data/shared/univariate/epf_electricity_price/H/short/run_0/prepared/manifest.json
TIME run allocation action=skip run=/fslarge/scratch/users/h61084/codes/adaptime/outputs/adaptime/data/shared/univariate/epf_electricity_price/H/medium/run_0 source_launch=selena_adaptime_unified_20260916T080019Z_10942_prepare launch_id=selena_adaptime_unified_20260916T114518Z_9070_prepare slurm_job_id=3447346 launched_at=2026-09-16T11:45:31.955061+00:00
/fslarge/scratch/users/h61084/codes/adaptime/outputs/adaptime/data/shared/univariate/epf_electricity_price/H/medium/run_0/prepared/manifest.json
TIME run allocation action=skip run=/fslarge/scratch/users/h61084/codes/adaptime/outputs/adaptime/data/shared/univariate/epf_electricity_price/H/long/run_0 source_launch=selena_adaptime_unified_20260916T080019Z_10942_prepare launch_id=selena_adaptime_unified_20260916T114518Z_9070_prepare slurm_job_id=3447346 launched_at=2026-09-16T11:45:31.958891+00:00
/fslarge/scratch/users/h61084/codes/adaptime/outputs/adaptime/data/shared/univariate/epf_electricity_price/H/long/run_0/prepared/manifest.json
TIME run allocation action=skip run=/fslarge/scratch/users/h61084/codes/adaptime/outputs/adaptime/data/shared/univariate/OpenElectricity_NEM/5T/short/run_0 source_launch=selena_adaptime_unified_20260916T080019Z_10942_prepare launch_id=selena_adaptime_unified_20260916T114518Z_9070_prepare slurm_job_id=3447346 launched_at=2026-09-16T11:45:31.962884+00:00
/fslarge/scratch/users/h61084/codes/adaptime/outputs/adaptime/data/shared/univariate/OpenElectricity_NEM/5T/short/run_0/prepared/manifest.json
TIME run allocation action=skip run=/fslarge/scratch/users/h61084/codes/adaptime/outputs/adaptime/data/shared/univariate/OpenElectricity_NEM/5T/medium/run_0 source_launch=selena_adaptime_unified_20260916T080019Z_10942_prepare launch_id=selena_adaptime_unified_20260916T114518Z_9070_prepare slurm_job_id=3447346 launched_at=2026-09-16T11:45:31.966623+00:00
/fslarge/scratch/users/h61084/codes/adaptime/outputs/adaptime/data/shared/univariate/OpenElectricity_NEM/5T/medium/run_0/prepared/manifest.json
TIME run allocation action=skip run=/fslarge/scratch/users/h61084/codes/adaptime/outputs/adaptime/data/shared/univariate/OpenElectricity_NEM/5T/long/run_0 source_launch=selena_adaptime_unified_20260916T080019Z_10942_prepare launch_id=selena_adaptime_unified_20260916T114518Z_9070_prepare slurm_job_id=3447346 launched_at=2026-09-16T11:45:31.970379+00:00
/fslarge/scratch/users/h61084/codes/adaptime/outputs/adaptime/data/shared/univariate/OpenElectricity_NEM/5T/long/run_0/prepared/manifest.json
TIME run allocation action=skip run=/fslarge/scratch/users/h61084/codes/adaptime/outputs/adaptime/data/shared/univariate/EWELD_Load/15T/short/run_0 source_launch=selena_adaptime_unified_20260916T080019Z_10942_prepare launch_id=selena_adaptime_unified_20260916T114518Z_9070_prepare slurm_job_id=3447346 launched_at=2026-09-16T11:45:31.974332+00:00
/fslarge/scratch/users/h61084/codes/adaptime/outputs/adaptime/data/shared/univariate/EWELD_Load/15T/short/run_0/prepared/manifest.json
TIME run allocation action=skip run=/fslarge/scratch/users/h61084/codes/adaptime/outputs/adaptime/data/shared/univariate/EWELD_Load/15T/medium/run_0 source_launch=selena_adaptime_unified_20260916T080019Z_10942_prepare launch_id=selena_adaptime_unified_20260916T114518Z_9070_prepare slurm_job_id=3447346 launched_at=2026-09-16T11:45:31.978140+00:00
/fslarge/scratch/users/h61084/codes/adaptime/outputs/adaptime/data/shared/univariate/EWELD_Load/15T/medium/run_0/prepared/manifest.json
TIME run allocation action=skip run=/fslarge/scratch/users/h61084/codes/adaptime/outputs/adaptime/data/shared/univariate/EWELD_Load/15T/long/run_0 source_launch=selena_adaptime_unified_20260916T080019Z_10942_prepare launch_id=selena_adaptime_unified_20260916T114518Z_9070_prepare slurm_job_id=3447346 launched_at=2026-09-16T11:45:31.981767+00:00
/fslarge/scratch/users/h61084/codes/adaptime/outputs/adaptime/data/shared/univariate/EWELD_Load/15T/long/run_0/prepared/manifest.json
TIME run allocation action=skip run=/fslarge/scratch/users/h61084/codes/adaptime/outputs/adaptime/data/shared/univariate/SG_Carpark/15T/short/run_0 source_launch=selena_adaptime_unified_20260916T080019Z_10942_prepare launch_id=selena_adaptime_unified_20260916T114518Z_9070_prepare slurm_job_id=3447346 launched_at=2026-09-16T11:45:31.985794+00:00
/fslarge/scratch/users/h61084/codes/adaptime/outputs/adaptime/data/shared/univariate/SG_Carpark/15T/short/run_0/prepared/manifest.json
TIME run allocation action=skip run=/fslarge/scratch/users/h61084/codes/adaptime/outputs/adaptime/data/shared/univariate/SG_Carpark/15T/medium/run_0 source_launch=selena_adaptime_unified_20260916T080019Z_10942_prepare launch_id=selena_adaptime_unified_20260916T114518Z_9070_prepare slurm_job_id=3447346 launched_at=2026-09-16T11:45:31.989473+00:00
/fslarge/scratch/users/h61084/codes/adaptime/outputs/adaptime/data/shared/univariate/SG_Carpark/15T/medium/run_0/prepared/manifest.json
TIME run allocation action=skip run=/fslarge/scratch/users/h61084/codes/adaptime/outputs/adaptime/data/shared/univariate/SG_Carpark/15T/long/run_0 source_launch=selena_adaptime_unified_20260916T080019Z_10942_prepare launch_id=selena_adaptime_unified_20260916T114518Z_9070_prepare slurm_job_id=3447346 launched_at=2026-09-16T11:45:31.993269+00:00
/fslarge/scratch/users/h61084/codes/adaptime/outputs/adaptime/data/shared/univariate/SG_Carpark/15T/long/run_0/prepared/manifest.json
TIME run allocation action=skip run=/fslarge/scratch/users/h61084/codes/adaptime/outputs/adaptime/data/shared/univariate/Finland_Traffic/15T/short/run_0 source_launch=selena_adaptime_unified_20260916T080019Z_10942_prepare launch_id=selena_adaptime_unified_20260916T114518Z_9070_prepare slurm_job_id=3447346 launched_at=2026-09-16T11:45:31.997202+00:00
/fslarge/scratch/users/h61084/codes/adaptime/outputs/adaptime/data/shared/univariate/Finland_Traffic/15T/short/run_0/prepared/manifest.json
TIME run allocation action=skip run=/fslarge/scratch/users/h61084/codes/adaptime/outputs/adaptime/data/shared/univariate/Finland_Traffic/15T/medium/run_0 source_launch=selena_adaptime_unified_20260916T080019Z_10942_prepare launch_id=selena_adaptime_unified_20260916T114518Z_9070_prepare slurm_job_id=3447346 launched_at=2026-09-16T11:45:32.000807+00:00
/fslarge/scratch/users/h61084/codes/adaptime/outputs/adaptime/data/shared/univariate/Finland_Traffic/15T/medium/run_0/prepared/manifest.json
TIME run allocation action=skip run=/fslarge/scratch/users/h61084/codes/adaptime/outputs/adaptime/data/shared/univariate/Finland_Traffic/15T/long/run_0 source_launch=selena_adaptime_unified_20260916T080019Z_10942_prepare launch_id=selena_adaptime_unified_20260916T114518Z_9070_prepare slurm_job_id=3447346 launched_at=2026-09-16T11:45:32.004432+00:00
/fslarge/scratch/users/h61084/codes/adaptime/outputs/adaptime/data/shared/univariate/Finland_Traffic/15T/long/run_0/prepared/manifest.json
TIME run allocation action=skip run=/fslarge/scratch/users/h61084/codes/adaptime/outputs/adaptime/data/shared/univariate/Port_Activity/D/short/run_0 source_launch=selena_adaptime_unified_20260916T080019Z_10942_prepare launch_id=selena_adaptime_unified_20260916T114518Z_9070_prepare slurm_job_id=3447346 launched_at=2026-09-16T11:45:32.008490+00:00
/fslarge/scratch/users/h61084/codes/adaptime/outputs/adaptime/data/shared/univariate/Port_Activity/D/short/run_0/prepared/manifest.json
TIME run allocation action=skip run=/fslarge/scratch/users/h61084/codes/adaptime/outputs/adaptime/data/shared/univariate/Port_Activity/W/short/run_0 source_launch=selena_adaptime_unified_20260916T080019Z_10942_prepare launch_id=selena_adaptime_unified_20260916T114518Z_9070_prepare slurm_job_id=3447346 launched_at=2026-09-16T11:45:32.012296+00:00
/fslarge/scratch/users/h61084/codes/adaptime/outputs/adaptime/data/shared/univariate/Port_Activity/W/short/run_0/prepared/manifest.json
TIME run allocation action=skip run=/fslarge/scratch/users/h61084/codes/adaptime/outputs/adaptime/data/shared/univariate/ECDC_COVID/D/short/run_0 source_launch=selena_adaptime_unified_20260916T080019Z_10942_prepare launch_id=selena_adaptime_unified_20260916T114518Z_9070_prepare slurm_job_id=3447346 launched_at=2026-09-16T11:45:32.016409+00:00
/fslarge/scratch/users/h61084/codes/adaptime/outputs/adaptime/data/shared/univariate/ECDC_COVID/D/short/run_0/prepared/manifest.json
TIME run allocation action=skip run=/fslarge/scratch/users/h61084/codes/adaptime/outputs/adaptime/data/shared/univariate/ECDC_COVID/W/short/run_0 source_launch=selena_adaptime_unified_20260916T080019Z_10942_prepare launch_id=selena_adaptime_unified_20260916T114518Z_9070_prepare slurm_job_id=3447346 launched_at=2026-09-16T11:45:32.020354+00:00
/fslarge/scratch/users/h61084/codes/adaptime/outputs/adaptime/data/shared/univariate/ECDC_COVID/W/short/run_0/prepared/manifest.json
TIME run allocation action=skip run=/fslarge/scratch/users/h61084/codes/adaptime/outputs/adaptime/data/shared/univariate/Global_Influenza/W/short/run_0 source_launch=selena_adaptime_unified_20260916T080019Z_10942_prepare launch_id=selena_adaptime_unified_20260916T114518Z_9070_prepare slurm_job_id=3447346 launched_at=2026-09-16T11:45:32.024440+00:00
/fslarge/scratch/users/h61084/codes/adaptime/outputs/adaptime/data/shared/univariate/Global_Influenza/W/short/run_0/prepared/manifest.json
TIME run allocation action=skip run=/fslarge/scratch/users/h61084/codes/adaptime/outputs/adaptime/data/shared/univariate/Crypto/D/short/run_0 source_launch=selena_adaptime_unified_20260916T080019Z_10942_prepare launch_id=selena_adaptime_unified_20260916T114518Z_9070_prepare slurm_job_id=3447346 launched_at=2026-09-16T11:45:32.028392+00:00
/fslarge/scratch/users/h61084/codes/adaptime/outputs/adaptime/data/shared/univariate/Crypto/D/short/run_0/prepared/manifest.json
TIME run allocation action=skip run=/fslarge/scratch/users/h61084/codes/adaptime/outputs/adaptime/data/shared/univariate/US_Term_Structure/B/short/run_0 source_launch=selena_adaptime_unified_20260916T080019Z_10942_prepare launch_id=selena_adaptime_unified_20260916T114518Z_9070_prepare slurm_job_id=3447346 launched_at=2026-09-16T11:45:32.032548+00:00
/fslarge/scratch/users/h61084/codes/adaptime/outputs/adaptime/data/shared/univariate/US_Term_Structure/B/short/run_0/prepared/manifest.json
TIME run allocation action=skip run=/fslarge/scratch/users/h61084/codes/adaptime/outputs/adaptime/data/shared/univariate/Oil_Price/B/short/run_0 source_launch=selena_adaptime_unified_20260916T080019Z_10942_prepare launch_id=selena_adaptime_unified_20260916T114518Z_9070_prepare slurm_job_id=3447346 launched_at=2026-09-16T11:45:32.036518+00:00
/fslarge/scratch/users/h61084/codes/adaptime/outputs/adaptime/data/shared/univariate/Oil_Price/B/short/run_0/prepared/manifest.json
TIME run allocation action=skip run=/fslarge/scratch/users/h61084/codes/adaptime/outputs/adaptime/data/shared/univariate/Job_Claims/W/short/run_0 source_launch=selena_adaptime_unified_20260916T080019Z_10942_prepare launch_id=selena_adaptime_unified_20260916T114518Z_9070_prepare slurm_job_id=3447346 launched_at=2026-09-16T11:45:32.040415+00:00
/fslarge/scratch/users/h61084/codes/adaptime/outputs/adaptime/data/shared/univariate/Job_Claims/W/short/run_0/prepared/manifest.json
TIME run allocation action=skip run=/fslarge/scratch/users/h61084/codes/adaptime/outputs/adaptime/data/shared/univariate/Uncertainty_1M/M/short/run_0 source_launch=selena_adaptime_unified_20260916T080019Z_10942_prepare launch_id=selena_adaptime_unified_20260916T114518Z_9070_prepare slurm_job_id=3447346 launched_at=2026-09-16T11:45:32.044693+00:00
/fslarge/scratch/users/h61084/codes/adaptime/outputs/adaptime/data/shared/univariate/Uncertainty_1M/M/short/run_0/prepared/manifest.json
TIME run allocation action=skip run=/fslarge/scratch/users/h61084/codes/adaptime/outputs/adaptime/data/shared/univariate/Housing_Inventory/M/short/run_0 source_launch=selena_adaptime_unified_20260916T080019Z_10942_prepare launch_id=selena_adaptime_unified_20260916T114518Z_9070_prepare slurm_job_id=3447346 launched_at=2026-09-16T11:45:32.048789+00:00
/fslarge/scratch/users/h61084/codes/adaptime/outputs/adaptime/data/shared/univariate/Housing_Inventory/M/short/run_0/prepared/manifest.json
TIME run allocation action=skip run=/fslarge/scratch/users/h61084/codes/adaptime/outputs/adaptime/data/shared/univariate/JOLTS/M/short/run_0 source_launch=selena_adaptime_unified_20260916T080019Z_10942_prepare launch_id=selena_adaptime_unified_20260916T114518Z_9070_prepare slurm_job_id=3447346 launched_at=2026-09-16T11:45:32.052757+00:00
/fslarge/scratch/users/h61084/codes/adaptime/outputs/adaptime/data/shared/univariate/JOLTS/M/short/run_0/prepared/manifest.json
TIME run allocation action=skip run=/fslarge/scratch/users/h61084/codes/adaptime/outputs/adaptime/data/shared/univariate/US_Labor/M/short/run_0 source_launch=selena_adaptime_unified_20260916T080019Z_10942_prepare launch_id=selena_adaptime_unified_20260916T114518Z_9070_prepare slurm_job_id=3447346 launched_at=2026-09-16T11:45:32.056702+00:00
/fslarge/scratch/users/h61084/codes/adaptime/outputs/adaptime/data/shared/univariate/US_Labor/M/short/run_0/prepared/manifest.json
TIME run allocation action=skip run=/fslarge/scratch/users/h61084/codes/adaptime/outputs/adaptime/data/shared/univariate/Vehicle_Supply/M/short/run_0 source_launch=selena_adaptime_unified_20260916T080019Z_10942_prepare launch_id=selena_adaptime_unified_20260916T114518Z_9070_prepare slurm_job_id=3447346 launched_at=2026-09-16T11:45:32.060907+00:00
/fslarge/scratch/users/h61084/codes/adaptime/outputs/adaptime/data/shared/univariate/Vehicle_Supply/M/short/run_0/prepared/manifest.json
TIME run allocation action=skip run=/fslarge/scratch/users/h61084/codes/adaptime/outputs/adaptime/data/shared/univariate/Auto_Production_SF/M/short/run_0 source_launch=selena_adaptime_unified_20260916T080019Z_10942_prepare launch_id=selena_adaptime_unified_20260916T114518Z_9070_prepare slurm_job_id=3447346 launched_at=2026-09-16T11:45:32.064850+00:00
/fslarge/scratch/users/h61084/codes/adaptime/outputs/adaptime/data/shared/univariate/Auto_Production_SF/M/short/run_0/prepared/manifest.json
TIME run allocation action=skip run=/fslarge/scratch/users/h61084/codes/adaptime/outputs/adaptime/data/shared/univariate/Commodity_Production/M/short/run_0 source_launch=selena_adaptime_unified_20260916T080019Z_10942_prepare launch_id=selena_adaptime_unified_20260916T114518Z_9070_prepare slurm_job_id=3447346 launched_at=2026-09-16T11:45:32.068877+00:00
/fslarge/scratch/users/h61084/codes/adaptime/outputs/adaptime/data/shared/univariate/Commodity_Production/M/short/run_0/prepared/manifest.json
TIME run allocation action=skip run=/fslarge/scratch/users/h61084/codes/adaptime/outputs/adaptime/data/shared/univariate/Commodity_Import/M/short/run_0 source_launch=selena_adaptime_unified_20260916T080019Z_10942_prepare launch_id=selena_adaptime_unified_20260916T114518Z_9070_prepare slurm_job_id=3447346 launched_at=2026-09-16T11:45:32.072812+00:00
/fslarge/scratch/users/h61084/codes/adaptime/outputs/adaptime/data/shared/univariate/Commodity_Import/M/short/run_0/prepared/manifest.json
TIME run allocation action=skip run=/fslarge/scratch/users/h61084/codes/adaptime/outputs/adaptime/data/shared/univariate/WUI_Global/Q/short/run_0 source_launch=selena_adaptime_unified_20260916T080019Z_10942_prepare launch_id=selena_adaptime_unified_20260916T114518Z_9070_prepare slurm_job_id=3447346 launched_at=2026-09-16T11:45:32.076876+00:00
/fslarge/scratch/users/h61084/codes/adaptime/outputs/adaptime/data/shared/univariate/WUI_Global/Q/short/run_0/prepared/manifest.json
TIME run allocation action=skip run=/fslarge/scratch/users/h61084/codes/adaptime/outputs/adaptime/data/shared/univariate/Global_Price/Q/short/run_0 source_launch=selena_adaptime_unified_20260916T080019Z_10942_prepare launch_id=selena_adaptime_unified_20260916T114518Z_9070_prepare slurm_job_id=3447346 launched_at=2026-09-16T11:45:32.080866+00:00
/fslarge/scratch/users/h61084/codes/adaptime/outputs/adaptime/data/shared/univariate/Global_Price/Q/short/run_0/prepared/manifest.json
TIME run allocation action=skip run=/fslarge/scratch/users/h61084/codes/adaptime/outputs/adaptime/data/shared/univariate/Vehicle_Sales/M/short/run_0 source_launch=selena_adaptime_unified_20260916T080019Z_10942_prepare launch_id=selena_adaptime_unified_20260916T114518Z_9070_prepare slurm_job_id=3447346 launched_at=2026-09-16T11:45:32.084707+00:00
/fslarge/scratch/users/h61084/codes/adaptime/outputs/adaptime/data/shared/univariate/Vehicle_Sales/M/short/run_0/prepared/manifest.json
TIME run allocation action=skip run=/fslarge/scratch/users/h61084/codes/adaptime/outputs/adaptime/data/shared/univariate/Online_Retail_2_UCI/D/short/run_0 source_launch=selena_adaptime_unified_20260916T080019Z_10942_prepare launch_id=selena_adaptime_unified_20260916T114518Z_9070_prepare slurm_job_id=3447346 launched_at=2026-09-16T11:45:32.088744+00:00
/fslarge/scratch/users/h61084/codes/adaptime/outputs/adaptime/data/shared/univariate/Online_Retail_2_UCI/D/short/run_0/prepared/manifest.json
TIME run allocation action=skip run=/fslarge/scratch/users/h61084/codes/adaptime/outputs/adaptime/data/shared/univariate/Supply_Chain_Customer/D/short/run_0 source_launch=selena_adaptime_unified_20260916T080019Z_10942_prepare launch_id=selena_adaptime_unified_20260916T114518Z_9070_prepare slurm_job_id=3447346 launched_at=2026-09-16T11:45:32.092772+00:00
/fslarge/scratch/users/h61084/codes/adaptime/outputs/adaptime/data/shared/univariate/Supply_Chain_Customer/D/short/run_0/prepared/manifest.json
TIME run allocation action=skip run=/fslarge/scratch/users/h61084/codes/adaptime/outputs/adaptime/data/shared/univariate/Supply_Chain_Location/D/short/run_0 source_launch=selena_adaptime_unified_20260916T080019Z_10942_prepare launch_id=selena_adaptime_unified_20260916T114518Z_9070_prepare slurm_job_id=3447346 launched_at=2026-09-16T11:45:32.096719+00:00
/fslarge/scratch/users/h61084/codes/adaptime/outputs/adaptime/data/shared/univariate/Supply_Chain_Location/D/short/run_0/prepared/manifest.json
TIME run allocation action=skip run=/fslarge/scratch/users/h61084/codes/adaptime/outputs/adaptime/data/shared/univariate/azure2019_U/5T/short/run_0 source_launch=selena_adaptime_unified_20260916T080019Z_10942_prepare launch_id=selena_adaptime_unified_20260916T114518Z_9070_prepare slurm_job_id=3447346 launched_at=2026-09-16T11:45:32.100962+00:00
/fslarge/scratch/users/h61084/codes/adaptime/outputs/adaptime/data/shared/univariate/azure2019_U/5T/short/run_0/prepared/manifest.json
TIME run allocation action=skip run=/fslarge/scratch/users/h61084/codes/adaptime/outputs/adaptime/data/shared/univariate/Smart_Manufacturing/H/short/run_0 source_launch=selena_adaptime_unified_20260916T080019Z_10942_prepare launch_id=selena_adaptime_unified_20260916T114518Z_9070_prepare slurm_job_id=3447346 launched_at=2026-09-16T11:45:32.104920+00:00
/fslarge/scratch/users/h61084/codes/adaptime/outputs/adaptime/data/shared/univariate/Smart_Manufacturing/H/short/run_0/prepared/manifest.json
TIME run allocation action=skip run=/fslarge/scratch/users/h61084/codes/adaptime/outputs/adaptime/data/shared/univariate/Smart_Manufacturing/H/medium/run_0 source_launch=selena_adaptime_unified_20260916T080019Z_10942_prepare launch_id=selena_adaptime_unified_20260916T114518Z_9070_prepare slurm_job_id=3447346 launched_at=2026-09-16T11:45:32.108880+00:00
/fslarge/scratch/users/h61084/codes/adaptime/outputs/adaptime/data/shared/univariate/Smart_Manufacturing/H/medium/run_0/prepared/manifest.json
TIME run allocation action=skip run=/fslarge/scratch/users/h61084/codes/adaptime/outputs/adaptime/data/shared/univariate/Smart_Manufacturing/H/long/run_0 source_launch=selena_adaptime_unified_20260916T080019Z_10942_prepare launch_id=selena_adaptime_unified_20260916T114518Z_9070_prepare slurm_job_id=3447346 launched_at=2026-09-16T11:45:32.112579+00:00
/fslarge/scratch/users/h61084/codes/adaptime/outputs/adaptime/data/shared/univariate/Smart_Manufacturing/H/long/run_0/prepared/manifest.json
TIME run allocation action=skip run=/fslarge/scratch/users/h61084/codes/adaptime/outputs/adaptime/data/shared/univariate/MetroPT-3/5T/short/run_0 source_launch=selena_adaptime_unified_20260916T080019Z_10942_prepare launch_id=selena_adaptime_unified_20260916T114518Z_9070_prepare slurm_job_id=3447346 launched_at=2026-09-16T11:45:32.116670+00:00
/fslarge/scratch/users/h61084/codes/adaptime/outputs/adaptime/data/shared/univariate/MetroPT-3/5T/short/run_0/prepared/manifest.json
TIME run allocation action=skip run=/fslarge/scratch/users/h61084/codes/adaptime/outputs/adaptime/data/shared/univariate/MetroPT-3/5T/medium/run_0 source_launch=selena_adaptime_unified_20260916T080019Z_10942_prepare launch_id=selena_adaptime_unified_20260916T114518Z_9070_prepare slurm_job_id=3447346 launched_at=2026-09-16T11:45:32.120394+00:00
/fslarge/scratch/users/h61084/codes/adaptime/outputs/adaptime/data/shared/univariate/MetroPT-3/5T/medium/run_0/prepared/manifest.json
TIME run allocation action=skip run=/fslarge/scratch/users/h61084/codes/adaptime/outputs/adaptime/data/shared/univariate/MetroPT-3/5T/long/run_0 source_launch=selena_adaptime_unified_20260916T080019Z_10942_prepare launch_id=selena_adaptime_unified_20260916T114518Z_9070_prepare slurm_job_id=3447346 launched_at=2026-09-16T11:45:32.124255+00:00
/fslarge/scratch/users/h61084/codes/adaptime/outputs/adaptime/data/shared/univariate/MetroPT-3/5T/long/run_0/prepared/manifest.json
2026-09-16 13:45:32 | task TIME-wide Adaptime method=vanilla stage=prepare completed status=success
2026-09-16 13:45:32 | stage prepare completed status=success
2026-09-16 13:45:32 | workflow adaptime completed status=success exit_code=0
