2026-09-15 11:35:02 | workflow adaptime started launch_id=selena_adaptime_unified_20260915T093500Z_51105_prepare task=vanilla_prepare slurm_job_id=3432396 slurm_array_job_id=none slurm_array_task_id=none
2026-09-15 11:35:02 | stage prepare started
2026-09-15 11:35:02 | task TIME-wide Adaptime method=vanilla stage=prepare started
TIME run allocation action=skip run=/fslarge/scratch/users/h61084/codes/adaptime/outputs/adaptime/data/shared/univariate/Water_Quality_Darwin/15T/short/run_0 source_launch=selena_adaptime_unified_20260914T204328Z_25264_prepare launch_id=selena_adaptime_unified_20260915T093500Z_51105_prepare slurm_job_id=3432396 launched_at=2026-09-15T09:35:12.646028+00:00
/fslarge/scratch/users/h61084/codes/adaptime/outputs/adaptime/data/shared/univariate/Water_Quality_Darwin/15T/short/run_0/prepared/manifest.json
TIME run allocation action=skip run=/fslarge/scratch/users/h61084/codes/adaptime/outputs/adaptime/data/shared/univariate/Water_Quality_Darwin/15T/medium/run_0 source_launch=selena_adaptime_unified_20260914T204328Z_25264_prepare launch_id=selena_adaptime_unified_20260915T093500Z_51105_prepare slurm_job_id=3432396 launched_at=2026-09-15T09:35:12.652640+00:00
/fslarge/scratch/users/h61084/codes/adaptime/outputs/adaptime/data/shared/univariate/Water_Quality_Darwin/15T/medium/run_0/prepared/manifest.json
TIME run allocation action=skip run=/fslarge/scratch/users/h61084/codes/adaptime/outputs/adaptime/data/shared/univariate/Water_Quality_Darwin/15T/long/run_0 source_launch=selena_adaptime_unified_20260914T204328Z_25264_prepare launch_id=selena_adaptime_unified_20260915T093500Z_51105_prepare slurm_job_id=3432396 launched_at=2026-09-15T09:35:12.659218+00:00
/fslarge/scratch/users/h61084/codes/adaptime/outputs/adaptime/data/shared/univariate/Water_Quality_Darwin/15T/long/run_0/prepared/manifest.json
TIME run allocation action=skip run=/fslarge/scratch/users/h61084/codes/adaptime/outputs/adaptime/data/shared/univariate/current_velocity/5T/short/run_0 source_launch=selena_adaptime_unified_20260914T204328Z_25264_prepare launch_id=selena_adaptime_unified_20260915T093500Z_51105_prepare slurm_job_id=3432396 launched_at=2026-09-15T09:35:12.666180+00:00
/fslarge/scratch/users/h61084/codes/adaptime/outputs/adaptime/data/shared/univariate/current_velocity/5T/short/run_0/prepared/manifest.json
TIME run allocation action=skip run=/fslarge/scratch/users/h61084/codes/adaptime/outputs/adaptime/data/shared/univariate/current_velocity/5T/medium/run_0 source_launch=selena_adaptime_unified_20260914T204328Z_25264_prepare launch_id=selena_adaptime_unified_20260915T093500Z_51105_prepare slurm_job_id=3432396 launched_at=2026-09-15T09:35:12.672515+00:00
/fslarge/scratch/users/h61084/codes/adaptime/outputs/adaptime/data/shared/univariate/current_velocity/5T/medium/run_0/prepared/manifest.json
TIME run allocation action=skip run=/fslarge/scratch/users/h61084/codes/adaptime/outputs/adaptime/data/shared/univariate/current_velocity/5T/long/run_0 source_launch=selena_adaptime_unified_20260914T204328Z_25264_prepare launch_id=selena_adaptime_unified_20260915T093500Z_51105_prepare slurm_job_id=3432396 launched_at=2026-09-15T09:35:12.677928+00:00
/fslarge/scratch/users/h61084/codes/adaptime/outputs/adaptime/data/shared/univariate/current_velocity/5T/long/run_0/prepared/manifest.json
TIME run allocation action=skip run=/fslarge/scratch/users/h61084/codes/adaptime/outputs/adaptime/data/shared/univariate/current_velocity/10T/short/run_0 source_launch=selena_adaptime_unified_20260914T204328Z_25264_prepare launch_id=selena_adaptime_unified_20260915T093500Z_51105_prepare slurm_job_id=3432396 launched_at=2026-09-15T09:35:12.682257+00:00
/fslarge/scratch/users/h61084/codes/adaptime/outputs/adaptime/data/shared/univariate/current_velocity/10T/short/run_0/prepared/manifest.json
TIME run allocation action=skip run=/fslarge/scratch/users/h61084/codes/adaptime/outputs/adaptime/data/shared/univariate/current_velocity/10T/medium/run_0 source_launch=selena_adaptime_unified_20260914T204328Z_25264_prepare launch_id=selena_adaptime_unified_20260915T093500Z_51105_prepare slurm_job_id=3432396 launched_at=2026-09-15T09:35:12.686275+00:00
/fslarge/scratch/users/h61084/codes/adaptime/outputs/adaptime/data/shared/univariate/current_velocity/10T/medium/run_0/prepared/manifest.json
TIME run allocation action=skip run=/fslarge/scratch/users/h61084/codes/adaptime/outputs/adaptime/data/shared/univariate/current_velocity/10T/long/run_0 source_launch=selena_adaptime_unified_20260914T204328Z_25264_prepare launch_id=selena_adaptime_unified_20260915T093500Z_51105_prepare slurm_job_id=3432396 launched_at=2026-09-15T09:35:12.691169+00:00
/fslarge/scratch/users/h61084/codes/adaptime/outputs/adaptime/data/shared/univariate/current_velocity/10T/long/run_0/prepared/manifest.json
TIME run allocation action=skip run=/fslarge/scratch/users/h61084/codes/adaptime/outputs/adaptime/data/shared/univariate/current_velocity/15T/short/run_0 source_launch=selena_adaptime_unified_20260914T204328Z_25264_prepare launch_id=selena_adaptime_unified_20260915T093500Z_51105_prepare slurm_job_id=3432396 launched_at=2026-09-15T09:35:12.697331+00:00
/fslarge/scratch/users/h61084/codes/adaptime/outputs/adaptime/data/shared/univariate/current_velocity/15T/short/run_0/prepared/manifest.json
TIME run allocation action=skip run=/fslarge/scratch/users/h61084/codes/adaptime/outputs/adaptime/data/shared/univariate/current_velocity/15T/medium/run_0 source_launch=selena_adaptime_unified_20260914T204328Z_25264_prepare launch_id=selena_adaptime_unified_20260915T093500Z_51105_prepare slurm_job_id=3432396 launched_at=2026-09-15T09:35:12.703282+00:00
/fslarge/scratch/users/h61084/codes/adaptime/outputs/adaptime/data/shared/univariate/current_velocity/15T/medium/run_0/prepared/manifest.json
TIME run allocation action=skip run=/fslarge/scratch/users/h61084/codes/adaptime/outputs/adaptime/data/shared/univariate/current_velocity/15T/long/run_0 source_launch=selena_adaptime_unified_20260914T204328Z_25264_prepare launch_id=selena_adaptime_unified_20260915T093500Z_51105_prepare slurm_job_id=3432396 launched_at=2026-09-15T09:35:12.709210+00:00
/fslarge/scratch/users/h61084/codes/adaptime/outputs/adaptime/data/shared/univariate/current_velocity/15T/long/run_0/prepared/manifest.json
TIME run allocation action=skip run=/fslarge/scratch/users/h61084/codes/adaptime/outputs/adaptime/data/shared/univariate/current_velocity/20T/short/run_0 source_launch=selena_adaptime_unified_20260914T204328Z_25264_prepare launch_id=selena_adaptime_unified_20260915T093500Z_51105_prepare slurm_job_id=3432396 launched_at=2026-09-15T09:35:12.715099+00:00
/fslarge/scratch/users/h61084/codes/adaptime/outputs/adaptime/data/shared/univariate/current_velocity/20T/short/run_0/prepared/manifest.json
TIME run allocation action=skip run=/fslarge/scratch/users/h61084/codes/adaptime/outputs/adaptime/data/shared/univariate/current_velocity/20T/medium/run_0 source_launch=selena_adaptime_unified_20260914T204328Z_25264_prepare launch_id=selena_adaptime_unified_20260915T093500Z_51105_prepare slurm_job_id=3432396 launched_at=2026-09-15T09:35:12.720134+00:00
/fslarge/scratch/users/h61084/codes/adaptime/outputs/adaptime/data/shared/univariate/current_velocity/20T/medium/run_0/prepared/manifest.json
TIME run allocation action=skip run=/fslarge/scratch/users/h61084/codes/adaptime/outputs/adaptime/data/shared/univariate/current_velocity/20T/long/run_0 source_launch=selena_adaptime_unified_20260914T204328Z_25264_prepare launch_id=selena_adaptime_unified_20260915T093500Z_51105_prepare slurm_job_id=3432396 launched_at=2026-09-15T09:35:12.724355+00:00
/fslarge/scratch/users/h61084/codes/adaptime/outputs/adaptime/data/shared/univariate/current_velocity/20T/long/run_0/prepared/manifest.json
TIME run allocation action=skip run=/fslarge/scratch/users/h61084/codes/adaptime/outputs/adaptime/data/shared/univariate/current_velocity/H/short/run_0 source_launch=selena_adaptime_unified_20260914T204328Z_25264_prepare launch_id=selena_adaptime_unified_20260915T093500Z_51105_prepare slurm_job_id=3432396 launched_at=2026-09-15T09:35:12.728583+00:00
/fslarge/scratch/users/h61084/codes/adaptime/outputs/adaptime/data/shared/univariate/current_velocity/H/short/run_0/prepared/manifest.json
TIME run allocation action=skip run=/fslarge/scratch/users/h61084/codes/adaptime/outputs/adaptime/data/shared/univariate/current_velocity/H/medium/run_0 source_launch=selena_adaptime_unified_20260914T204328Z_25264_prepare launch_id=selena_adaptime_unified_20260915T093500Z_51105_prepare slurm_job_id=3432396 launched_at=2026-09-15T09:35:12.732457+00:00
/fslarge/scratch/users/h61084/codes/adaptime/outputs/adaptime/data/shared/univariate/current_velocity/H/medium/run_0/prepared/manifest.json
TIME run allocation action=skip run=/fslarge/scratch/users/h61084/codes/adaptime/outputs/adaptime/data/shared/univariate/current_velocity/H/long/run_0 source_launch=selena_adaptime_unified_20260914T204328Z_25264_prepare launch_id=selena_adaptime_unified_20260915T093500Z_51105_prepare slurm_job_id=3432396 launched_at=2026-09-15T09:35:12.736550+00:00
/fslarge/scratch/users/h61084/codes/adaptime/outputs/adaptime/data/shared/univariate/current_velocity/H/long/run_0/prepared/manifest.json
TIME run allocation action=skip run=/fslarge/scratch/users/h61084/codes/adaptime/outputs/adaptime/data/shared/univariate/CPHL/15T/short/run_0 source_launch=selena_adaptime_unified_20260914T204328Z_25264_prepare launch_id=selena_adaptime_unified_20260915T093500Z_51105_prepare slurm_job_id=3432396 launched_at=2026-09-15T09:35:12.741261+00:00
/fslarge/scratch/users/h61084/codes/adaptime/outputs/adaptime/data/shared/univariate/CPHL/15T/short/run_0/prepared/manifest.json
TIME run allocation action=skip run=/fslarge/scratch/users/h61084/codes/adaptime/outputs/adaptime/data/shared/univariate/CPHL/15T/medium/run_0 source_launch=selena_adaptime_unified_20260914T204328Z_25264_prepare launch_id=selena_adaptime_unified_20260915T093500Z_51105_prepare slurm_job_id=3432396 launched_at=2026-09-15T09:35:12.746433+00:00
/fslarge/scratch/users/h61084/codes/adaptime/outputs/adaptime/data/shared/univariate/CPHL/15T/medium/run_0/prepared/manifest.json
TIME run allocation action=skip run=/fslarge/scratch/users/h61084/codes/adaptime/outputs/adaptime/data/shared/univariate/CPHL/15T/long/run_0 source_launch=selena_adaptime_unified_20260914T204328Z_25264_prepare launch_id=selena_adaptime_unified_20260915T093500Z_51105_prepare slurm_job_id=3432396 launched_at=2026-09-15T09:35:12.752538+00:00
/fslarge/scratch/users/h61084/codes/adaptime/outputs/adaptime/data/shared/univariate/CPHL/15T/long/run_0/prepared/manifest.json
TIME run allocation action=skip run=/fslarge/scratch/users/h61084/codes/adaptime/outputs/adaptime/data/shared/univariate/CPHL/30T/short/run_0 source_launch=selena_adaptime_unified_20260914T204328Z_25264_prepare launch_id=selena_adaptime_unified_20260915T093500Z_51105_prepare slurm_job_id=3432396 launched_at=2026-09-15T09:35:12.758948+00:00
/fslarge/scratch/users/h61084/codes/adaptime/outputs/adaptime/data/shared/univariate/CPHL/30T/short/run_0/prepared/manifest.json
TIME run allocation action=skip run=/fslarge/scratch/users/h61084/codes/adaptime/outputs/adaptime/data/shared/univariate/CPHL/30T/medium/run_0 source_launch=selena_adaptime_unified_20260914T204328Z_25264_prepare launch_id=selena_adaptime_unified_20260915T093500Z_51105_prepare slurm_job_id=3432396 launched_at=2026-09-15T09:35:12.765116+00:00
/fslarge/scratch/users/h61084/codes/adaptime/outputs/adaptime/data/shared/univariate/CPHL/30T/medium/run_0/prepared/manifest.json
TIME run allocation action=skip run=/fslarge/scratch/users/h61084/codes/adaptime/outputs/adaptime/data/shared/univariate/CPHL/30T/long/run_0 source_launch=selena_adaptime_unified_20260914T204328Z_25264_prepare launch_id=selena_adaptime_unified_20260915T093500Z_51105_prepare slurm_job_id=3432396 launched_at=2026-09-15T09:35:12.771111+00:00
/fslarge/scratch/users/h61084/codes/adaptime/outputs/adaptime/data/shared/univariate/CPHL/30T/long/run_0/prepared/manifest.json
TIME run allocation action=skip run=/fslarge/scratch/users/h61084/codes/adaptime/outputs/adaptime/data/shared/univariate/CPHL/H/short/run_0 source_launch=selena_adaptime_unified_20260914T204328Z_25264_prepare launch_id=selena_adaptime_unified_20260915T093500Z_51105_prepare slurm_job_id=3432396 launched_at=2026-09-15T09:35:12.775868+00:00
/fslarge/scratch/users/h61084/codes/adaptime/outputs/adaptime/data/shared/univariate/CPHL/H/short/run_0/prepared/manifest.json
TIME run allocation action=skip run=/fslarge/scratch/users/h61084/codes/adaptime/outputs/adaptime/data/shared/univariate/CPHL/H/medium/run_0 source_launch=selena_adaptime_unified_20260914T204328Z_25264_prepare launch_id=selena_adaptime_unified_20260915T093500Z_51105_prepare slurm_job_id=3432396 launched_at=2026-09-15T09:35:12.779981+00:00
/fslarge/scratch/users/h61084/codes/adaptime/outputs/adaptime/data/shared/univariate/CPHL/H/medium/run_0/prepared/manifest.json
TIME run allocation action=skip run=/fslarge/scratch/users/h61084/codes/adaptime/outputs/adaptime/data/shared/univariate/CPHL/H/long/run_0 source_launch=selena_adaptime_unified_20260914T204328Z_25264_prepare launch_id=selena_adaptime_unified_20260915T093500Z_51105_prepare slurm_job_id=3432396 launched_at=2026-09-15T09:35:12.784205+00:00
/fslarge/scratch/users/h61084/codes/adaptime/outputs/adaptime/data/shared/univariate/CPHL/H/long/run_0/prepared/manifest.json
TIME run allocation action=skip run=/fslarge/scratch/users/h61084/codes/adaptime/outputs/adaptime/data/shared/univariate/Coastal_T_S/5T/short/run_0 source_launch=selena_adaptime_unified_20260914T204328Z_25264_prepare launch_id=selena_adaptime_unified_20260915T093500Z_51105_prepare slurm_job_id=3432396 launched_at=2026-09-15T09:35:12.789811+00:00
/fslarge/scratch/users/h61084/codes/adaptime/outputs/adaptime/data/shared/univariate/Coastal_T_S/5T/short/run_0/prepared/manifest.json
TIME run allocation action=skip run=/fslarge/scratch/users/h61084/codes/adaptime/outputs/adaptime/data/shared/univariate/Coastal_T_S/5T/medium/run_0 source_launch=selena_adaptime_unified_20260914T204328Z_25264_prepare launch_id=selena_adaptime_unified_20260915T093500Z_51105_prepare slurm_job_id=3432396 launched_at=2026-09-15T09:35:12.796017+00:00
/fslarge/scratch/users/h61084/codes/adaptime/outputs/adaptime/data/shared/univariate/Coastal_T_S/5T/medium/run_0/prepared/manifest.json
TIME run allocation action=skip run=/fslarge/scratch/users/h61084/codes/adaptime/outputs/adaptime/data/shared/univariate/Coastal_T_S/5T/long/run_0 source_launch=selena_adaptime_unified_20260914T204328Z_25264_prepare launch_id=selena_adaptime_unified_20260915T093500Z_51105_prepare slurm_job_id=3432396 launched_at=2026-09-15T09:35:12.802311+00:00
/fslarge/scratch/users/h61084/codes/adaptime/outputs/adaptime/data/shared/univariate/Coastal_T_S/5T/long/run_0/prepared/manifest.json
TIME run allocation action=skip run=/fslarge/scratch/users/h61084/codes/adaptime/outputs/adaptime/data/shared/univariate/Coastal_T_S/15T/short/run_0 source_launch=selena_adaptime_unified_20260914T204328Z_25264_prepare launch_id=selena_adaptime_unified_20260915T093500Z_51105_prepare slurm_job_id=3432396 launched_at=2026-09-15T09:35:12.808695+00:00
/fslarge/scratch/users/h61084/codes/adaptime/outputs/adaptime/data/shared/univariate/Coastal_T_S/15T/short/run_0/prepared/manifest.json
TIME run allocation action=skip run=/fslarge/scratch/users/h61084/codes/adaptime/outputs/adaptime/data/shared/univariate/Coastal_T_S/15T/medium/run_0 source_launch=selena_adaptime_unified_20260914T204328Z_25264_prepare launch_id=selena_adaptime_unified_20260915T093500Z_51105_prepare slurm_job_id=3432396 launched_at=2026-09-15T09:35:12.814439+00:00
/fslarge/scratch/users/h61084/codes/adaptime/outputs/adaptime/data/shared/univariate/Coastal_T_S/15T/medium/run_0/prepared/manifest.json
TIME run allocation action=skip run=/fslarge/scratch/users/h61084/codes/adaptime/outputs/adaptime/data/shared/univariate/Coastal_T_S/15T/long/run_0 source_launch=selena_adaptime_unified_20260914T204328Z_25264_prepare launch_id=selena_adaptime_unified_20260915T093500Z_51105_prepare slurm_job_id=3432396 launched_at=2026-09-15T09:35:12.818735+00:00
/fslarge/scratch/users/h61084/codes/adaptime/outputs/adaptime/data/shared/univariate/Coastal_T_S/15T/long/run_0/prepared/manifest.json
TIME run allocation action=skip run=/fslarge/scratch/users/h61084/codes/adaptime/outputs/adaptime/data/shared/univariate/Coastal_T_S/20T/short/run_0 source_launch=selena_adaptime_unified_20260914T204328Z_25264_prepare launch_id=selena_adaptime_unified_20260915T093500Z_51105_prepare slurm_job_id=3432396 launched_at=2026-09-15T09:35:12.823015+00:00
/fslarge/scratch/users/h61084/codes/adaptime/outputs/adaptime/data/shared/univariate/Coastal_T_S/20T/short/run_0/prepared/manifest.json
TIME run allocation action=skip run=/fslarge/scratch/users/h61084/codes/adaptime/outputs/adaptime/data/shared/univariate/Coastal_T_S/20T/medium/run_0 source_launch=selena_adaptime_unified_20260914T204328Z_25264_prepare launch_id=selena_adaptime_unified_20260915T093500Z_51105_prepare slurm_job_id=3432396 launched_at=2026-09-15T09:35:12.827391+00:00
/fslarge/scratch/users/h61084/codes/adaptime/outputs/adaptime/data/shared/univariate/Coastal_T_S/20T/medium/run_0/prepared/manifest.json
TIME run allocation action=skip run=/fslarge/scratch/users/h61084/codes/adaptime/outputs/adaptime/data/shared/univariate/Coastal_T_S/20T/long/run_0 source_launch=selena_adaptime_unified_20260914T204328Z_25264_prepare launch_id=selena_adaptime_unified_20260915T093500Z_51105_prepare slurm_job_id=3432396 launched_at=2026-09-15T09:35:12.834163+00:00
/fslarge/scratch/users/h61084/codes/adaptime/outputs/adaptime/data/shared/univariate/Coastal_T_S/20T/long/run_0/prepared/manifest.json
TIME run allocation action=skip run=/fslarge/scratch/users/h61084/codes/adaptime/outputs/adaptime/data/shared/univariate/Coastal_T_S/H/short/run_0 source_launch=selena_adaptime_unified_20260914T204328Z_25264_prepare launch_id=selena_adaptime_unified_20260915T093500Z_51105_prepare slurm_job_id=3432396 launched_at=2026-09-15T09:35:12.840806+00:00
/fslarge/scratch/users/h61084/codes/adaptime/outputs/adaptime/data/shared/univariate/Coastal_T_S/H/short/run_0/prepared/manifest.json
TIME run allocation action=skip run=/fslarge/scratch/users/h61084/codes/adaptime/outputs/adaptime/data/shared/univariate/Coastal_T_S/H/medium/run_0 source_launch=selena_adaptime_unified_20260914T204328Z_25264_prepare launch_id=selena_adaptime_unified_20260915T093500Z_51105_prepare slurm_job_id=3432396 launched_at=2026-09-15T09:35:12.847496+00:00
/fslarge/scratch/users/h61084/codes/adaptime/outputs/adaptime/data/shared/univariate/Coastal_T_S/H/medium/run_0/prepared/manifest.json
TIME run allocation action=skip run=/fslarge/scratch/users/h61084/codes/adaptime/outputs/adaptime/data/shared/univariate/Coastal_T_S/H/long/run_0 source_launch=selena_adaptime_unified_20260914T204328Z_25264_prepare launch_id=selena_adaptime_unified_20260915T093500Z_51105_prepare slurm_job_id=3432396 launched_at=2026-09-15T09:35:12.853799+00:00
/fslarge/scratch/users/h61084/codes/adaptime/outputs/adaptime/data/shared/univariate/Coastal_T_S/H/long/run_0/prepared/manifest.json
TIME run allocation action=skip run=/fslarge/scratch/users/h61084/codes/adaptime/outputs/adaptime/data/shared/univariate/SG_Weather/D/short/run_0 source_launch=selena_adaptime_unified_20260914T204328Z_25264_prepare launch_id=selena_adaptime_unified_20260915T093500Z_51105_prepare slurm_job_id=3432396 launched_at=2026-09-15T09:35:12.859518+00:00
/fslarge/scratch/users/h61084/codes/adaptime/outputs/adaptime/data/shared/univariate/SG_Weather/D/short/run_0/prepared/manifest.json
TIME run allocation action=skip run=/fslarge/scratch/users/h61084/codes/adaptime/outputs/adaptime/data/shared/univariate/SG_Weather/D/medium/run_0 source_launch=selena_adaptime_unified_20260914T204328Z_25264_prepare launch_id=selena_adaptime_unified_20260915T093500Z_51105_prepare slurm_job_id=3432396 launched_at=2026-09-15T09:35:12.863622+00:00
/fslarge/scratch/users/h61084/codes/adaptime/outputs/adaptime/data/shared/univariate/SG_Weather/D/medium/run_0/prepared/manifest.json
TIME run allocation action=skip run=/fslarge/scratch/users/h61084/codes/adaptime/outputs/adaptime/data/shared/univariate/SG_Weather/D/long/run_0 source_launch=selena_adaptime_unified_20260914T204328Z_25264_prepare launch_id=selena_adaptime_unified_20260915T093500Z_51105_prepare slurm_job_id=3432396 launched_at=2026-09-15T09:35:12.867654+00:00
/fslarge/scratch/users/h61084/codes/adaptime/outputs/adaptime/data/shared/univariate/SG_Weather/D/long/run_0/prepared/manifest.json
TIME run allocation action=skip run=/fslarge/scratch/users/h61084/codes/adaptime/outputs/adaptime/data/shared/univariate/SG_PM25/H/short/run_0 source_launch=selena_adaptime_unified_20260914T204328Z_25264_prepare launch_id=selena_adaptime_unified_20260915T093500Z_51105_prepare slurm_job_id=3432396 launched_at=2026-09-15T09:35:12.872182+00:00
/fslarge/scratch/users/h61084/codes/adaptime/outputs/adaptime/data/shared/univariate/SG_PM25/H/short/run_0/prepared/manifest.json
TIME run allocation action=skip run=/fslarge/scratch/users/h61084/codes/adaptime/outputs/adaptime/data/shared/univariate/SG_PM25/H/medium/run_0 source_launch=selena_adaptime_unified_20260914T204328Z_25264_prepare launch_id=selena_adaptime_unified_20260915T093500Z_51105_prepare slurm_job_id=3432396 launched_at=2026-09-15T09:35:12.877453+00:00
/fslarge/scratch/users/h61084/codes/adaptime/outputs/adaptime/data/shared/univariate/SG_PM25/H/medium/run_0/prepared/manifest.json
TIME run allocation action=skip run=/fslarge/scratch/users/h61084/codes/adaptime/outputs/adaptime/data/shared/univariate/SG_PM25/H/long/run_0 source_launch=selena_adaptime_unified_20260914T204328Z_25264_prepare launch_id=selena_adaptime_unified_20260915T093500Z_51105_prepare slurm_job_id=3432396 launched_at=2026-09-15T09:35:12.883441+00:00
/fslarge/scratch/users/h61084/codes/adaptime/outputs/adaptime/data/shared/univariate/SG_PM25/H/long/run_0/prepared/manifest.json
TIME run allocation action=skip run=/fslarge/scratch/users/h61084/codes/adaptime/outputs/adaptime/data/shared/univariate/NE_China_Wind/H/short/run_0 source_launch=selena_adaptime_unified_20260914T204328Z_25264_prepare launch_id=selena_adaptime_unified_20260915T093500Z_51105_prepare slurm_job_id=3432396 launched_at=2026-09-15T09:35:12.890002+00:00
/fslarge/scratch/users/h61084/codes/adaptime/outputs/adaptime/data/shared/univariate/NE_China_Wind/H/short/run_0/prepared/manifest.json
TIME run allocation action=skip run=/fslarge/scratch/users/h61084/codes/adaptime/outputs/adaptime/data/shared/univariate/NE_China_Wind/H/medium/run_0 source_launch=selena_adaptime_unified_20260914T204328Z_25264_prepare launch_id=selena_adaptime_unified_20260915T093500Z_51105_prepare slurm_job_id=3432396 launched_at=2026-09-15T09:35:12.896043+00:00
/fslarge/scratch/users/h61084/codes/adaptime/outputs/adaptime/data/shared/univariate/NE_China_Wind/H/medium/run_0/prepared/manifest.json
TIME run allocation action=skip run=/fslarge/scratch/users/h61084/codes/adaptime/outputs/adaptime/data/shared/univariate/NE_China_Wind/H/long/run_0 source_launch=selena_adaptime_unified_20260914T204328Z_25264_prepare launch_id=selena_adaptime_unified_20260915T093500Z_51105_prepare slurm_job_id=3432396 launched_at=2026-09-15T09:35:12.901724+00:00
/fslarge/scratch/users/h61084/codes/adaptime/outputs/adaptime/data/shared/univariate/NE_China_Wind/H/long/run_0/prepared/manifest.json
TIME run allocation action=skip run=/fslarge/scratch/users/h61084/codes/adaptime/outputs/adaptime/data/shared/univariate/Australia_Solar/H/short/run_0 source_launch=selena_adaptime_unified_20260914T204328Z_25264_prepare launch_id=selena_adaptime_unified_20260915T093500Z_51105_prepare slurm_job_id=3432396 launched_at=2026-09-15T09:35:12.906294+00:00
/fslarge/scratch/users/h61084/codes/adaptime/outputs/adaptime/data/shared/univariate/Australia_Solar/H/short/run_0/prepared/manifest.json
TIME run allocation action=skip run=/fslarge/scratch/users/h61084/codes/adaptime/outputs/adaptime/data/shared/univariate/Australia_Solar/H/medium/run_0 source_launch=selena_adaptime_unified_20260914T204328Z_25264_prepare launch_id=selena_adaptime_unified_20260915T093500Z_51105_prepare slurm_job_id=3432396 launched_at=2026-09-15T09:35:12.910394+00:00
/fslarge/scratch/users/h61084/codes/adaptime/outputs/adaptime/data/shared/univariate/Australia_Solar/H/medium/run_0/prepared/manifest.json
TIME run allocation action=skip run=/fslarge/scratch/users/h61084/codes/adaptime/outputs/adaptime/data/shared/univariate/Australia_Solar/H/long/run_0 source_launch=selena_adaptime_unified_20260914T204328Z_25264_prepare launch_id=selena_adaptime_unified_20260915T093500Z_51105_prepare slurm_job_id=3432396 launched_at=2026-09-15T09:35:12.914639+00:00
/fslarge/scratch/users/h61084/codes/adaptime/outputs/adaptime/data/shared/univariate/Australia_Solar/H/long/run_0/prepared/manifest.json
TIME run allocation action=skip run=/fslarge/scratch/users/h61084/codes/adaptime/outputs/adaptime/data/shared/univariate/epf_electricity_price/H/short/run_0 source_launch=selena_adaptime_unified_20260914T204328Z_25264_prepare launch_id=selena_adaptime_unified_20260915T093500Z_51105_prepare slurm_job_id=3432396 launched_at=2026-09-15T09:35:12.921274+00:00
/fslarge/scratch/users/h61084/codes/adaptime/outputs/adaptime/data/shared/univariate/epf_electricity_price/H/short/run_0/prepared/manifest.json
TIME run allocation action=skip run=/fslarge/scratch/users/h61084/codes/adaptime/outputs/adaptime/data/shared/univariate/epf_electricity_price/H/medium/run_0 source_launch=selena_adaptime_unified_20260914T204328Z_25264_prepare launch_id=selena_adaptime_unified_20260915T093500Z_51105_prepare slurm_job_id=3432396 launched_at=2026-09-15T09:35:12.927658+00:00
/fslarge/scratch/users/h61084/codes/adaptime/outputs/adaptime/data/shared/univariate/epf_electricity_price/H/medium/run_0/prepared/manifest.json
TIME run allocation action=skip run=/fslarge/scratch/users/h61084/codes/adaptime/outputs/adaptime/data/shared/univariate/epf_electricity_price/H/long/run_0 source_launch=selena_adaptime_unified_20260914T204328Z_25264_prepare launch_id=selena_adaptime_unified_20260915T093500Z_51105_prepare slurm_job_id=3432396 launched_at=2026-09-15T09:35:12.934287+00:00
/fslarge/scratch/users/h61084/codes/adaptime/outputs/adaptime/data/shared/univariate/epf_electricity_price/H/long/run_0/prepared/manifest.json
TIME run allocation action=skip run=/fslarge/scratch/users/h61084/codes/adaptime/outputs/adaptime/data/shared/univariate/OpenElectricity_NEM/5T/short/run_0 source_launch=selena_adaptime_unified_20260914T204328Z_25264_prepare launch_id=selena_adaptime_unified_20260915T093500Z_51105_prepare slurm_job_id=3432396 launched_at=2026-09-15T09:35:12.940949+00:00
/fslarge/scratch/users/h61084/codes/adaptime/outputs/adaptime/data/shared/univariate/OpenElectricity_NEM/5T/short/run_0/prepared/manifest.json
TIME run allocation action=skip run=/fslarge/scratch/users/h61084/codes/adaptime/outputs/adaptime/data/shared/univariate/OpenElectricity_NEM/5T/medium/run_0 source_launch=selena_adaptime_unified_20260914T204328Z_25264_prepare launch_id=selena_adaptime_unified_20260915T093500Z_51105_prepare slurm_job_id=3432396 launched_at=2026-09-15T09:35:12.946299+00:00
/fslarge/scratch/users/h61084/codes/adaptime/outputs/adaptime/data/shared/univariate/OpenElectricity_NEM/5T/medium/run_0/prepared/manifest.json
TIME run allocation action=skip run=/fslarge/scratch/users/h61084/codes/adaptime/outputs/adaptime/data/shared/univariate/OpenElectricity_NEM/5T/long/run_0 source_launch=selena_adaptime_unified_20260914T204328Z_25264_prepare launch_id=selena_adaptime_unified_20260915T093500Z_51105_prepare slurm_job_id=3432396 launched_at=2026-09-15T09:35:12.950864+00:00
/fslarge/scratch/users/h61084/codes/adaptime/outputs/adaptime/data/shared/univariate/OpenElectricity_NEM/5T/long/run_0/prepared/manifest.json
TIME run allocation action=skip run=/fslarge/scratch/users/h61084/codes/adaptime/outputs/adaptime/data/shared/univariate/EWELD_Load/15T/short/run_0 source_launch=selena_adaptime_unified_20260914T204328Z_25264_prepare launch_id=selena_adaptime_unified_20260915T093500Z_51105_prepare slurm_job_id=3432396 launched_at=2026-09-15T09:35:12.956686+00:00
/fslarge/scratch/users/h61084/codes/adaptime/outputs/adaptime/data/shared/univariate/EWELD_Load/15T/short/run_0/prepared/manifest.json
TIME run allocation action=skip run=/fslarge/scratch/users/h61084/codes/adaptime/outputs/adaptime/data/shared/univariate/EWELD_Load/15T/medium/run_0 source_launch=selena_adaptime_unified_20260914T204328Z_25264_prepare launch_id=selena_adaptime_unified_20260915T093500Z_51105_prepare slurm_job_id=3432396 launched_at=2026-09-15T09:35:12.962266+00:00
/fslarge/scratch/users/h61084/codes/adaptime/outputs/adaptime/data/shared/univariate/EWELD_Load/15T/medium/run_0/prepared/manifest.json
TIME run allocation action=skip run=/fslarge/scratch/users/h61084/codes/adaptime/outputs/adaptime/data/shared/univariate/EWELD_Load/15T/long/run_0 source_launch=selena_adaptime_unified_20260914T204328Z_25264_prepare launch_id=selena_adaptime_unified_20260915T093500Z_51105_prepare slurm_job_id=3432396 launched_at=2026-09-15T09:35:12.968900+00:00
/fslarge/scratch/users/h61084/codes/adaptime/outputs/adaptime/data/shared/univariate/EWELD_Load/15T/long/run_0/prepared/manifest.json
TIME run allocation action=skip run=/fslarge/scratch/users/h61084/codes/adaptime/outputs/adaptime/data/shared/univariate/SG_Carpark/15T/short/run_0 source_launch=selena_adaptime_unified_20260914T204328Z_25264_prepare launch_id=selena_adaptime_unified_20260915T093500Z_51105_prepare slurm_job_id=3432396 launched_at=2026-09-15T09:35:12.975932+00:00
/fslarge/scratch/users/h61084/codes/adaptime/outputs/adaptime/data/shared/univariate/SG_Carpark/15T/short/run_0/prepared/manifest.json
TIME run allocation action=skip run=/fslarge/scratch/users/h61084/codes/adaptime/outputs/adaptime/data/shared/univariate/SG_Carpark/15T/medium/run_0 source_launch=selena_adaptime_unified_20260914T204328Z_25264_prepare launch_id=selena_adaptime_unified_20260915T093500Z_51105_prepare slurm_job_id=3432396 launched_at=2026-09-15T09:35:12.982441+00:00
/fslarge/scratch/users/h61084/codes/adaptime/outputs/adaptime/data/shared/univariate/SG_Carpark/15T/medium/run_0/prepared/manifest.json
TIME run allocation action=skip run=/fslarge/scratch/users/h61084/codes/adaptime/outputs/adaptime/data/shared/univariate/SG_Carpark/15T/long/run_0 source_launch=selena_adaptime_unified_20260914T204328Z_25264_prepare launch_id=selena_adaptime_unified_20260915T093500Z_51105_prepare slurm_job_id=3432396 launched_at=2026-09-15T09:35:12.988178+00:00
/fslarge/scratch/users/h61084/codes/adaptime/outputs/adaptime/data/shared/univariate/SG_Carpark/15T/long/run_0/prepared/manifest.json
TIME run allocation action=skip run=/fslarge/scratch/users/h61084/codes/adaptime/outputs/adaptime/data/shared/univariate/Finland_Traffic/15T/short/run_0 source_launch=selena_adaptime_unified_20260914T204328Z_25264_prepare launch_id=selena_adaptime_unified_20260915T093500Z_51105_prepare slurm_job_id=3432396 launched_at=2026-09-15T09:35:12.992833+00:00
/fslarge/scratch/users/h61084/codes/adaptime/outputs/adaptime/data/shared/univariate/Finland_Traffic/15T/short/run_0/prepared/manifest.json
TIME run allocation action=skip run=/fslarge/scratch/users/h61084/codes/adaptime/outputs/adaptime/data/shared/univariate/Finland_Traffic/15T/medium/run_0 source_launch=selena_adaptime_unified_20260914T204328Z_25264_prepare launch_id=selena_adaptime_unified_20260915T093500Z_51105_prepare slurm_job_id=3432396 launched_at=2026-09-15T09:35:12.996933+00:00
/fslarge/scratch/users/h61084/codes/adaptime/outputs/adaptime/data/shared/univariate/Finland_Traffic/15T/medium/run_0/prepared/manifest.json
TIME run allocation action=skip run=/fslarge/scratch/users/h61084/codes/adaptime/outputs/adaptime/data/shared/univariate/Finland_Traffic/15T/long/run_0 source_launch=selena_adaptime_unified_20260914T204328Z_25264_prepare launch_id=selena_adaptime_unified_20260915T093500Z_51105_prepare slurm_job_id=3432396 launched_at=2026-09-15T09:35:13.001076+00:00
/fslarge/scratch/users/h61084/codes/adaptime/outputs/adaptime/data/shared/univariate/Finland_Traffic/15T/long/run_0/prepared/manifest.json
TIME run allocation action=skip run=/fslarge/scratch/users/h61084/codes/adaptime/outputs/adaptime/data/shared/univariate/Port_Activity/D/short/run_0 source_launch=selena_adaptime_unified_20260914T204328Z_25264_prepare launch_id=selena_adaptime_unified_20260915T093500Z_51105_prepare slurm_job_id=3432396 launched_at=2026-09-15T09:35:13.007241+00:00
/fslarge/scratch/users/h61084/codes/adaptime/outputs/adaptime/data/shared/univariate/Port_Activity/D/short/run_0/prepared/manifest.json
TIME run allocation action=skip run=/fslarge/scratch/users/h61084/codes/adaptime/outputs/adaptime/data/shared/univariate/Port_Activity/W/short/run_0 source_launch=selena_adaptime_unified_20260914T204328Z_25264_prepare launch_id=selena_adaptime_unified_20260915T093500Z_51105_prepare slurm_job_id=3432396 launched_at=2026-09-15T09:35:13.014140+00:00
/fslarge/scratch/users/h61084/codes/adaptime/outputs/adaptime/data/shared/univariate/Port_Activity/W/short/run_0/prepared/manifest.json
TIME run allocation action=skip run=/fslarge/scratch/users/h61084/codes/adaptime/outputs/adaptime/data/shared/univariate/ECDC_COVID/D/short/run_0 source_launch=selena_adaptime_unified_20260914T204328Z_25264_prepare launch_id=selena_adaptime_unified_20260915T093500Z_51105_prepare slurm_job_id=3432396 launched_at=2026-09-15T09:35:13.020711+00:00
/fslarge/scratch/users/h61084/codes/adaptime/outputs/adaptime/data/shared/univariate/ECDC_COVID/D/short/run_0/prepared/manifest.json
TIME run allocation action=skip run=/fslarge/scratch/users/h61084/codes/adaptime/outputs/adaptime/data/shared/univariate/ECDC_COVID/W/short/run_0 source_launch=selena_adaptime_unified_20260914T204328Z_25264_prepare launch_id=selena_adaptime_unified_20260915T093500Z_51105_prepare slurm_job_id=3432396 launched_at=2026-09-15T09:35:13.027097+00:00
/fslarge/scratch/users/h61084/codes/adaptime/outputs/adaptime/data/shared/univariate/ECDC_COVID/W/short/run_0/prepared/manifest.json
TIME run allocation action=skip run=/fslarge/scratch/users/h61084/codes/adaptime/outputs/adaptime/data/shared/univariate/Global_Influenza/W/short/run_0 source_launch=selena_adaptime_unified_20260914T204328Z_25264_prepare launch_id=selena_adaptime_unified_20260915T093500Z_51105_prepare slurm_job_id=3432396 launched_at=2026-09-15T09:35:13.033005+00:00
/fslarge/scratch/users/h61084/codes/adaptime/outputs/adaptime/data/shared/univariate/Global_Influenza/W/short/run_0/prepared/manifest.json
TIME run allocation action=skip run=/fslarge/scratch/users/h61084/codes/adaptime/outputs/adaptime/data/shared/univariate/Crypto/D/short/run_0 source_launch=selena_adaptime_unified_20260914T204328Z_25264_prepare launch_id=selena_adaptime_unified_20260915T093500Z_51105_prepare slurm_job_id=3432396 launched_at=2026-09-15T09:35:13.037432+00:00
/fslarge/scratch/users/h61084/codes/adaptime/outputs/adaptime/data/shared/univariate/Crypto/D/short/run_0/prepared/manifest.json
TIME run allocation action=skip run=/fslarge/scratch/users/h61084/codes/adaptime/outputs/adaptime/data/shared/univariate/US_Term_Structure/B/short/run_0 source_launch=selena_adaptime_unified_20260914T204328Z_25264_prepare launch_id=selena_adaptime_unified_20260915T093500Z_51105_prepare slurm_job_id=3432396 launched_at=2026-09-15T09:35:13.041657+00:00
/fslarge/scratch/users/h61084/codes/adaptime/outputs/adaptime/data/shared/univariate/US_Term_Structure/B/short/run_0/prepared/manifest.json
TIME run allocation action=skip run=/fslarge/scratch/users/h61084/codes/adaptime/outputs/adaptime/data/shared/univariate/Oil_Price/B/short/run_0 source_launch=selena_adaptime_unified_20260914T204328Z_25264_prepare launch_id=selena_adaptime_unified_20260915T093500Z_51105_prepare slurm_job_id=3432396 launched_at=2026-09-15T09:35:13.047043+00:00
/fslarge/scratch/users/h61084/codes/adaptime/outputs/adaptime/data/shared/univariate/Oil_Price/B/short/run_0/prepared/manifest.json
TIME run allocation action=skip run=/fslarge/scratch/users/h61084/codes/adaptime/outputs/adaptime/data/shared/univariate/Job_Claims/W/short/run_0 source_launch=selena_adaptime_unified_20260914T204328Z_25264_prepare launch_id=selena_adaptime_unified_20260915T093500Z_51105_prepare slurm_job_id=3432396 launched_at=2026-09-15T09:35:13.053672+00:00
/fslarge/scratch/users/h61084/codes/adaptime/outputs/adaptime/data/shared/univariate/Job_Claims/W/short/run_0/prepared/manifest.json
TIME run allocation action=skip run=/fslarge/scratch/users/h61084/codes/adaptime/outputs/adaptime/data/shared/univariate/Uncertainty_1M/M/short/run_0 source_launch=selena_adaptime_unified_20260914T204328Z_25264_prepare launch_id=selena_adaptime_unified_20260915T093500Z_51105_prepare slurm_job_id=3432396 launched_at=2026-09-15T09:35:13.060480+00:00
/fslarge/scratch/users/h61084/codes/adaptime/outputs/adaptime/data/shared/univariate/Uncertainty_1M/M/short/run_0/prepared/manifest.json
TIME run allocation action=skip run=/fslarge/scratch/users/h61084/codes/adaptime/outputs/adaptime/data/shared/univariate/Housing_Inventory/M/short/run_0 source_launch=selena_adaptime_unified_20260914T204328Z_25264_prepare launch_id=selena_adaptime_unified_20260915T093500Z_51105_prepare slurm_job_id=3432396 launched_at=2026-09-15T09:35:13.067284+00:00
/fslarge/scratch/users/h61084/codes/adaptime/outputs/adaptime/data/shared/univariate/Housing_Inventory/M/short/run_0/prepared/manifest.json
TIME run allocation action=skip run=/fslarge/scratch/users/h61084/codes/adaptime/outputs/adaptime/data/shared/univariate/JOLTS/M/short/run_0 source_launch=selena_adaptime_unified_20260914T204328Z_25264_prepare launch_id=selena_adaptime_unified_20260915T093500Z_51105_prepare slurm_job_id=3432396 launched_at=2026-09-15T09:35:13.073447+00:00
/fslarge/scratch/users/h61084/codes/adaptime/outputs/adaptime/data/shared/univariate/JOLTS/M/short/run_0/prepared/manifest.json
TIME run allocation action=skip run=/fslarge/scratch/users/h61084/codes/adaptime/outputs/adaptime/data/shared/univariate/US_Labor/M/short/run_0 source_launch=selena_adaptime_unified_20260914T204328Z_25264_prepare launch_id=selena_adaptime_unified_20260915T093500Z_51105_prepare slurm_job_id=3432396 launched_at=2026-09-15T09:35:13.078653+00:00
/fslarge/scratch/users/h61084/codes/adaptime/outputs/adaptime/data/shared/univariate/US_Labor/M/short/run_0/prepared/manifest.json
TIME run allocation action=skip run=/fslarge/scratch/users/h61084/codes/adaptime/outputs/adaptime/data/shared/univariate/Vehicle_Supply/M/short/run_0 source_launch=selena_adaptime_unified_20260914T204328Z_25264_prepare launch_id=selena_adaptime_unified_20260915T093500Z_51105_prepare slurm_job_id=3432396 launched_at=2026-09-15T09:35:13.083240+00:00
/fslarge/scratch/users/h61084/codes/adaptime/outputs/adaptime/data/shared/univariate/Vehicle_Supply/M/short/run_0/prepared/manifest.json
TIME run allocation action=skip run=/fslarge/scratch/users/h61084/codes/adaptime/outputs/adaptime/data/shared/univariate/Auto_Production_SF/M/short/run_0 source_launch=selena_adaptime_unified_20260914T204328Z_25264_prepare launch_id=selena_adaptime_unified_20260915T093500Z_51105_prepare slurm_job_id=3432396 launched_at=2026-09-15T09:35:13.088186+00:00
/fslarge/scratch/users/h61084/codes/adaptime/outputs/adaptime/data/shared/univariate/Auto_Production_SF/M/short/run_0/prepared/manifest.json
TIME run allocation action=skip run=/fslarge/scratch/users/h61084/codes/adaptime/outputs/adaptime/data/shared/univariate/Commodity_Production/M/short/run_0 source_launch=selena_adaptime_unified_20260914T204328Z_25264_prepare launch_id=selena_adaptime_unified_20260915T093500Z_51105_prepare slurm_job_id=3432396 launched_at=2026-09-15T09:35:13.094435+00:00
/fslarge/scratch/users/h61084/codes/adaptime/outputs/adaptime/data/shared/univariate/Commodity_Production/M/short/run_0/prepared/manifest.json
TIME run allocation action=skip run=/fslarge/scratch/users/h61084/codes/adaptime/outputs/adaptime/data/shared/univariate/Commodity_Import/M/short/run_0 source_launch=selena_adaptime_unified_20260914T204328Z_25264_prepare launch_id=selena_adaptime_unified_20260915T093500Z_51105_prepare slurm_job_id=3432396 launched_at=2026-09-15T09:35:13.101097+00:00
/fslarge/scratch/users/h61084/codes/adaptime/outputs/adaptime/data/shared/univariate/Commodity_Import/M/short/run_0/prepared/manifest.json
TIME run allocation action=skip run=/fslarge/scratch/users/h61084/codes/adaptime/outputs/adaptime/data/shared/univariate/WUI_Global/Q/short/run_0 source_launch=selena_adaptime_unified_20260914T204328Z_25264_prepare launch_id=selena_adaptime_unified_20260915T093500Z_51105_prepare slurm_job_id=3432396 launched_at=2026-09-15T09:35:13.107787+00:00
/fslarge/scratch/users/h61084/codes/adaptime/outputs/adaptime/data/shared/univariate/WUI_Global/Q/short/run_0/prepared/manifest.json
TIME run allocation action=skip run=/fslarge/scratch/users/h61084/codes/adaptime/outputs/adaptime/data/shared/univariate/Global_Price/Q/short/run_0 source_launch=selena_adaptime_unified_20260914T204328Z_25264_prepare launch_id=selena_adaptime_unified_20260915T093500Z_51105_prepare slurm_job_id=3432396 launched_at=2026-09-15T09:35:13.114171+00:00
/fslarge/scratch/users/h61084/codes/adaptime/outputs/adaptime/data/shared/univariate/Global_Price/Q/short/run_0/prepared/manifest.json
TIME run allocation action=skip run=/fslarge/scratch/users/h61084/codes/adaptime/outputs/adaptime/data/shared/univariate/Vehicle_Sales/M/short/run_0 source_launch=selena_adaptime_unified_20260914T204328Z_25264_prepare launch_id=selena_adaptime_unified_20260915T093500Z_51105_prepare slurm_job_id=3432396 launched_at=2026-09-15T09:35:13.119772+00:00
/fslarge/scratch/users/h61084/codes/adaptime/outputs/adaptime/data/shared/univariate/Vehicle_Sales/M/short/run_0/prepared/manifest.json
TIME run allocation action=skip run=/fslarge/scratch/users/h61084/codes/adaptime/outputs/adaptime/data/shared/univariate/Online_Retail_2_UCI/D/short/run_0 source_launch=selena_adaptime_unified_20260914T204328Z_25264_prepare launch_id=selena_adaptime_unified_20260915T093500Z_51105_prepare slurm_job_id=3432396 launched_at=2026-09-15T09:35:13.124451+00:00
/fslarge/scratch/users/h61084/codes/adaptime/outputs/adaptime/data/shared/univariate/Online_Retail_2_UCI/D/short/run_0/prepared/manifest.json
TIME run allocation action=skip run=/fslarge/scratch/users/h61084/codes/adaptime/outputs/adaptime/data/shared/univariate/Supply_Chain_Customer/D/short/run_0 source_launch=selena_adaptime_unified_20260914T204328Z_25264_prepare launch_id=selena_adaptime_unified_20260915T093500Z_51105_prepare slurm_job_id=3432396 launched_at=2026-09-15T09:35:13.128724+00:00
/fslarge/scratch/users/h61084/codes/adaptime/outputs/adaptime/data/shared/univariate/Supply_Chain_Customer/D/short/run_0/prepared/manifest.json
TIME run allocation action=skip run=/fslarge/scratch/users/h61084/codes/adaptime/outputs/adaptime/data/shared/univariate/Supply_Chain_Location/D/short/run_0 source_launch=selena_adaptime_unified_20260914T204328Z_25264_prepare launch_id=selena_adaptime_unified_20260915T093500Z_51105_prepare slurm_job_id=3432396 launched_at=2026-09-15T09:35:13.133964+00:00
/fslarge/scratch/users/h61084/codes/adaptime/outputs/adaptime/data/shared/univariate/Supply_Chain_Location/D/short/run_0/prepared/manifest.json
TIME run allocation action=skip run=/fslarge/scratch/users/h61084/codes/adaptime/outputs/adaptime/data/shared/univariate/azure2019_D/5T/short/run_0 source_launch=selena_adaptime_unified_20260914T204328Z_25264_prepare launch_id=selena_adaptime_unified_20260915T093500Z_51105_prepare slurm_job_id=3432396 launched_at=2026-09-15T09:35:13.140903+00:00
/fslarge/scratch/users/h61084/codes/adaptime/outputs/adaptime/data/shared/univariate/azure2019_D/5T/short/run_0/prepared/manifest.json
TIME run allocation action=skip run=/fslarge/scratch/users/h61084/codes/adaptime/outputs/adaptime/data/shared/univariate/azure2019_I/5T/short/run_0 source_launch=selena_adaptime_unified_20260914T204328Z_25264_prepare launch_id=selena_adaptime_unified_20260915T093500Z_51105_prepare slurm_job_id=3432396 launched_at=2026-09-15T09:35:13.147647+00:00
/fslarge/scratch/users/h61084/codes/adaptime/outputs/adaptime/data/shared/univariate/azure2019_I/5T/short/run_0/prepared/manifest.json
TIME run allocation action=skip run=/fslarge/scratch/users/h61084/codes/adaptime/outputs/adaptime/data/shared/univariate/azure2019_U/5T/short/run_0 source_launch=selena_adaptime_unified_20260914T204328Z_25264_prepare launch_id=selena_adaptime_unified_20260915T093500Z_51105_prepare slurm_job_id=3432396 launched_at=2026-09-15T09:35:13.154290+00:00
/fslarge/scratch/users/h61084/codes/adaptime/outputs/adaptime/data/shared/univariate/azure2019_U/5T/short/run_0/prepared/manifest.json
TIME run allocation action=skip run=/fslarge/scratch/users/h61084/codes/adaptime/outputs/adaptime/data/shared/univariate/Smart_Manufacturing/H/short/run_0 source_launch=selena_adaptime_unified_20260914T204328Z_25264_prepare launch_id=selena_adaptime_unified_20260915T093500Z_51105_prepare slurm_job_id=3432396 launched_at=2026-09-15T09:35:13.160374+00:00
/fslarge/scratch/users/h61084/codes/adaptime/outputs/adaptime/data/shared/univariate/Smart_Manufacturing/H/short/run_0/prepared/manifest.json
TIME run allocation action=skip run=/fslarge/scratch/users/h61084/codes/adaptime/outputs/adaptime/data/shared/univariate/Smart_Manufacturing/H/medium/run_0 source_launch=selena_adaptime_unified_20260914T204328Z_25264_prepare launch_id=selena_adaptime_unified_20260915T093500Z_51105_prepare slurm_job_id=3432396 launched_at=2026-09-15T09:35:13.164997+00:00
/fslarge/scratch/users/h61084/codes/adaptime/outputs/adaptime/data/shared/univariate/Smart_Manufacturing/H/medium/run_0/prepared/manifest.json
TIME run allocation action=skip run=/fslarge/scratch/users/h61084/codes/adaptime/outputs/adaptime/data/shared/univariate/Smart_Manufacturing/H/long/run_0 source_launch=selena_adaptime_unified_20260914T204328Z_25264_prepare launch_id=selena_adaptime_unified_20260915T093500Z_51105_prepare slurm_job_id=3432396 launched_at=2026-09-15T09:35:13.169140+00:00
/fslarge/scratch/users/h61084/codes/adaptime/outputs/adaptime/data/shared/univariate/Smart_Manufacturing/H/long/run_0/prepared/manifest.json
TIME run allocation action=skip run=/fslarge/scratch/users/h61084/codes/adaptime/outputs/adaptime/data/shared/univariate/MetroPT-3/5T/short/run_0 source_launch=selena_adaptime_unified_20260914T204328Z_25264_prepare launch_id=selena_adaptime_unified_20260915T093500Z_51105_prepare slurm_job_id=3432396 launched_at=2026-09-15T09:35:13.173692+00:00
/fslarge/scratch/users/h61084/codes/adaptime/outputs/adaptime/data/shared/univariate/MetroPT-3/5T/short/run_0/prepared/manifest.json
TIME run allocation action=skip run=/fslarge/scratch/users/h61084/codes/adaptime/outputs/adaptime/data/shared/univariate/MetroPT-3/5T/medium/run_0 source_launch=selena_adaptime_unified_20260914T204328Z_25264_prepare launch_id=selena_adaptime_unified_20260915T093500Z_51105_prepare slurm_job_id=3432396 launched_at=2026-09-15T09:35:13.179457+00:00
/fslarge/scratch/users/h61084/codes/adaptime/outputs/adaptime/data/shared/univariate/MetroPT-3/5T/medium/run_0/prepared/manifest.json
TIME run allocation action=skip run=/fslarge/scratch/users/h61084/codes/adaptime/outputs/adaptime/data/shared/univariate/MetroPT-3/5T/long/run_0 source_launch=selena_adaptime_unified_20260914T204328Z_25264_prepare launch_id=selena_adaptime_unified_20260915T093500Z_51105_prepare slurm_job_id=3432396 launched_at=2026-09-15T09:35:13.185678+00:00
/fslarge/scratch/users/h61084/codes/adaptime/outputs/adaptime/data/shared/univariate/MetroPT-3/5T/long/run_0/prepared/manifest.json
2026-09-15 11:35:13 | task TIME-wide Adaptime method=vanilla stage=prepare completed status=success
2026-09-15 11:35:13 | stage prepare completed status=success
2026-09-15 11:35:13 | workflow adaptime completed status=success exit_code=0
