2026-09-16 10:02:04 | workflow adaptime started launch_id=selena_adaptime_unified_20260916T080019Z_10942_vanilla task=vanilla_vanilla slurm_job_id=3445479 slurm_array_job_id=none slurm_array_task_id=none
2026-09-16 10:02:04 | stage vanilla started
2026-09-16 10:02:04 | task TIME-wide Adaptime method=vanilla stage=vanilla started
TIME run allocation action=new run=/fslarge/scratch/users/h61084/codes/adaptime/outputs/adaptime/vanilla/univariate/Water_Quality_Darwin/15T/short/run_0 launch_id=selena_adaptime_unified_20260916T080019Z_10942_vanilla slurm_job_id=3445479 launched_at=2026-09-16T08:02:08.447883+00:00
/fslarge/scratch/users/h61084/codes/adaptime/outputs/adaptime/vanilla/univariate/Water_Quality_Darwin/15T/short/run_0/vanilla/manifest.json
TIME run allocation action=new run=/fslarge/scratch/users/h61084/codes/adaptime/outputs/adaptime/vanilla/univariate/Water_Quality_Darwin/15T/medium/run_0 launch_id=selena_adaptime_unified_20260916T080019Z_10942_vanilla slurm_job_id=3445479 launched_at=2026-09-16T08:03:07.264199+00:00
/fslarge/scratch/users/h61084/codes/adaptime/outputs/adaptime/vanilla/univariate/Water_Quality_Darwin/15T/medium/run_0/vanilla/manifest.json
TIME run allocation action=new run=/fslarge/scratch/users/h61084/codes/adaptime/outputs/adaptime/vanilla/univariate/Water_Quality_Darwin/15T/long/run_0 launch_id=selena_adaptime_unified_20260916T080019Z_10942_vanilla slurm_job_id=3445479 launched_at=2026-09-16T08:03:10.189654+00:00
/fslarge/scratch/users/h61084/codes/adaptime/outputs/adaptime/vanilla/univariate/Water_Quality_Darwin/15T/long/run_0/vanilla/manifest.json
TIME run allocation action=new run=/fslarge/scratch/users/h61084/codes/adaptime/outputs/adaptime/vanilla/univariate/current_velocity/5T/short/run_0 launch_id=selena_adaptime_unified_20260916T080019Z_10942_vanilla slurm_job_id=3445479 launched_at=2026-09-16T08:03:11.251047+00:00
/fslarge/scratch/users/h61084/codes/adaptime/outputs/adaptime/vanilla/univariate/current_velocity/5T/short/run_0/vanilla/manifest.json
TIME run allocation action=new run=/fslarge/scratch/users/h61084/codes/adaptime/outputs/adaptime/vanilla/univariate/current_velocity/5T/medium/run_0 launch_id=selena_adaptime_unified_20260916T080019Z_10942_vanilla slurm_job_id=3445479 launched_at=2026-09-16T08:03:14.554429+00:00
/fslarge/scratch/users/h61084/codes/adaptime/outputs/adaptime/vanilla/univariate/current_velocity/5T/medium/run_0/vanilla/manifest.json
TIME run allocation action=new run=/fslarge/scratch/users/h61084/codes/adaptime/outputs/adaptime/vanilla/univariate/current_velocity/5T/long/run_0 launch_id=selena_adaptime_unified_20260916T080019Z_10942_vanilla slurm_job_id=3445479 launched_at=2026-09-16T08:03:15.013533+00:00
/fslarge/scratch/users/h61084/codes/adaptime/outputs/adaptime/vanilla/univariate/current_velocity/5T/long/run_0/vanilla/manifest.json
TIME run allocation action=new run=/fslarge/scratch/users/h61084/codes/adaptime/outputs/adaptime/vanilla/univariate/current_velocity/10T/short/run_0 launch_id=selena_adaptime_unified_20260916T080019Z_10942_vanilla slurm_job_id=3445479 launched_at=2026-09-16T08:03:15.208494+00:00
/fslarge/scratch/users/h61084/codes/adaptime/outputs/adaptime/vanilla/univariate/current_velocity/10T/short/run_0/vanilla/manifest.json
TIME run allocation action=new run=/fslarge/scratch/users/h61084/codes/adaptime/outputs/adaptime/vanilla/univariate/current_velocity/10T/medium/run_0 launch_id=selena_adaptime_unified_20260916T080019Z_10942_vanilla slurm_job_id=3445479 launched_at=2026-09-16T08:03:47.601093+00:00
/fslarge/scratch/users/h61084/codes/adaptime/outputs/adaptime/vanilla/univariate/current_velocity/10T/medium/run_0/vanilla/manifest.json
TIME run allocation action=new run=/fslarge/scratch/users/h61084/codes/adaptime/outputs/adaptime/vanilla/univariate/current_velocity/10T/long/run_0 launch_id=selena_adaptime_unified_20260916T080019Z_10942_vanilla slurm_job_id=3445479 launched_at=2026-09-16T08:03:51.756317+00:00
/fslarge/scratch/users/h61084/codes/adaptime/outputs/adaptime/vanilla/univariate/current_velocity/10T/long/run_0/vanilla/manifest.json
TIME run allocation action=new run=/fslarge/scratch/users/h61084/codes/adaptime/outputs/adaptime/vanilla/univariate/current_velocity/15T/short/run_0 launch_id=selena_adaptime_unified_20260916T080019Z_10942_vanilla slurm_job_id=3445479 launched_at=2026-09-16T08:03:53.269553+00:00
/fslarge/scratch/users/h61084/codes/adaptime/outputs/adaptime/vanilla/univariate/current_velocity/15T/short/run_0/vanilla/manifest.json
TIME run allocation action=new run=/fslarge/scratch/users/h61084/codes/adaptime/outputs/adaptime/vanilla/univariate/current_velocity/15T/medium/run_0 launch_id=selena_adaptime_unified_20260916T080019Z_10942_vanilla slurm_job_id=3445479 launched_at=2026-09-16T08:04:05.735588+00:00
/fslarge/scratch/users/h61084/codes/adaptime/outputs/adaptime/vanilla/univariate/current_velocity/15T/medium/run_0/vanilla/manifest.json
TIME run allocation action=new run=/fslarge/scratch/users/h61084/codes/adaptime/outputs/adaptime/vanilla/univariate/current_velocity/15T/long/run_0 launch_id=selena_adaptime_unified_20260916T080019Z_10942_vanilla slurm_job_id=3445479 launched_at=2026-09-16T08:04:07.449668+00:00
/fslarge/scratch/users/h61084/codes/adaptime/outputs/adaptime/vanilla/univariate/current_velocity/15T/long/run_0/vanilla/manifest.json
TIME run allocation action=new run=/fslarge/scratch/users/h61084/codes/adaptime/outputs/adaptime/vanilla/univariate/current_velocity/H/short/run_0 launch_id=selena_adaptime_unified_20260916T080019Z_10942_vanilla slurm_job_id=3445479 launched_at=2026-09-16T08:04:08.049675+00:00
/fslarge/scratch/users/h61084/codes/adaptime/outputs/adaptime/vanilla/univariate/current_velocity/H/short/run_0/vanilla/manifest.json
TIME run allocation action=new run=/fslarge/scratch/users/h61084/codes/adaptime/outputs/adaptime/vanilla/univariate/current_velocity/H/medium/run_0 launch_id=selena_adaptime_unified_20260916T080019Z_10942_vanilla slurm_job_id=3445479 launched_at=2026-09-16T08:04:17.388810+00:00
/fslarge/scratch/users/h61084/codes/adaptime/outputs/adaptime/vanilla/univariate/current_velocity/H/medium/run_0/vanilla/manifest.json
TIME run allocation action=new run=/fslarge/scratch/users/h61084/codes/adaptime/outputs/adaptime/vanilla/univariate/current_velocity/H/long/run_0 launch_id=selena_adaptime_unified_20260916T080019Z_10942_vanilla slurm_job_id=3445479 launched_at=2026-09-16T08:04:18.857377+00:00
/fslarge/scratch/users/h61084/codes/adaptime/outputs/adaptime/vanilla/univariate/current_velocity/H/long/run_0/vanilla/manifest.json
TIME run allocation action=new run=/fslarge/scratch/users/h61084/codes/adaptime/outputs/adaptime/vanilla/univariate/CPHL/15T/short/run_0 launch_id=selena_adaptime_unified_20260916T080019Z_10942_vanilla slurm_job_id=3445479 launched_at=2026-09-16T08:04:19.630817+00:00
/fslarge/scratch/users/h61084/codes/adaptime/outputs/adaptime/vanilla/univariate/CPHL/15T/short/run_0/vanilla/manifest.json
TIME run allocation action=new run=/fslarge/scratch/users/h61084/codes/adaptime/outputs/adaptime/vanilla/univariate/CPHL/15T/medium/run_0 launch_id=selena_adaptime_unified_20260916T080019Z_10942_vanilla slurm_job_id=3445479 launched_at=2026-09-16T08:04:20.734580+00:00
/fslarge/scratch/users/h61084/codes/adaptime/outputs/adaptime/vanilla/univariate/CPHL/15T/medium/run_0/vanilla/manifest.json
TIME run allocation action=new run=/fslarge/scratch/users/h61084/codes/adaptime/outputs/adaptime/vanilla/univariate/CPHL/15T/long/run_0 launch_id=selena_adaptime_unified_20260916T080019Z_10942_vanilla slurm_job_id=3445479 launched_at=2026-09-16T08:04:20.893801+00:00
/fslarge/scratch/users/h61084/codes/adaptime/outputs/adaptime/vanilla/univariate/CPHL/15T/long/run_0/vanilla/manifest.json
TIME run allocation action=new run=/fslarge/scratch/users/h61084/codes/adaptime/outputs/adaptime/vanilla/univariate/CPHL/30T/short/run_0 launch_id=selena_adaptime_unified_20260916T080019Z_10942_vanilla slurm_job_id=3445479 launched_at=2026-09-16T08:04:20.968657+00:00
/fslarge/scratch/users/h61084/codes/adaptime/outputs/adaptime/vanilla/univariate/CPHL/30T/short/run_0/vanilla/manifest.json
TIME run allocation action=new run=/fslarge/scratch/users/h61084/codes/adaptime/outputs/adaptime/vanilla/univariate/CPHL/30T/medium/run_0 launch_id=selena_adaptime_unified_20260916T080019Z_10942_vanilla slurm_job_id=3445479 launched_at=2026-09-16T08:04:22.075820+00:00
/fslarge/scratch/users/h61084/codes/adaptime/outputs/adaptime/vanilla/univariate/CPHL/30T/medium/run_0/vanilla/manifest.json
TIME run allocation action=new run=/fslarge/scratch/users/h61084/codes/adaptime/outputs/adaptime/vanilla/univariate/CPHL/30T/long/run_0 launch_id=selena_adaptime_unified_20260916T080019Z_10942_vanilla slurm_job_id=3445479 launched_at=2026-09-16T08:04:22.363371+00:00
/fslarge/scratch/users/h61084/codes/adaptime/outputs/adaptime/vanilla/univariate/CPHL/30T/long/run_0/vanilla/manifest.json
TIME run allocation action=new run=/fslarge/scratch/users/h61084/codes/adaptime/outputs/adaptime/vanilla/univariate/CPHL/H/short/run_0 launch_id=selena_adaptime_unified_20260916T080019Z_10942_vanilla slurm_job_id=3445479 launched_at=2026-09-16T08:04:22.479190+00:00
/fslarge/scratch/users/h61084/codes/adaptime/outputs/adaptime/vanilla/univariate/CPHL/H/short/run_0/vanilla/manifest.json
TIME run allocation action=new run=/fslarge/scratch/users/h61084/codes/adaptime/outputs/adaptime/vanilla/univariate/CPHL/H/medium/run_0 launch_id=selena_adaptime_unified_20260916T080019Z_10942_vanilla slurm_job_id=3445479 launched_at=2026-09-16T08:04:24.145222+00:00
/fslarge/scratch/users/h61084/codes/adaptime/outputs/adaptime/vanilla/univariate/CPHL/H/medium/run_0/vanilla/manifest.json
TIME run allocation action=new run=/fslarge/scratch/users/h61084/codes/adaptime/outputs/adaptime/vanilla/univariate/CPHL/H/long/run_0 launch_id=selena_adaptime_unified_20260916T080019Z_10942_vanilla slurm_job_id=3445479 launched_at=2026-09-16T08:04:24.366092+00:00
/fslarge/scratch/users/h61084/codes/adaptime/outputs/adaptime/vanilla/univariate/CPHL/H/long/run_0/vanilla/manifest.json
TIME run allocation action=new run=/fslarge/scratch/users/h61084/codes/adaptime/outputs/adaptime/vanilla/univariate/Coastal_T_S/15T/short/run_0 launch_id=selena_adaptime_unified_20260916T080019Z_10942_vanilla slurm_job_id=3445479 launched_at=2026-09-16T08:04:24.499946+00:00
/fslarge/scratch/users/h61084/codes/adaptime/outputs/adaptime/vanilla/univariate/Coastal_T_S/15T/short/run_0/vanilla/manifest.json
TIME run allocation action=new run=/fslarge/scratch/users/h61084/codes/adaptime/outputs/adaptime/vanilla/univariate/Coastal_T_S/15T/medium/run_0 launch_id=selena_adaptime_unified_20260916T080019Z_10942_vanilla slurm_job_id=3445479 launched_at=2026-09-16T08:04:32.682664+00:00
/fslarge/scratch/users/h61084/codes/adaptime/outputs/adaptime/vanilla/univariate/Coastal_T_S/15T/medium/run_0/vanilla/manifest.json
TIME run allocation action=new run=/fslarge/scratch/users/h61084/codes/adaptime/outputs/adaptime/vanilla/univariate/Coastal_T_S/15T/long/run_0 launch_id=selena_adaptime_unified_20260916T080019Z_10942_vanilla slurm_job_id=3445479 launched_at=2026-09-16T08:04:33.770194+00:00
/fslarge/scratch/users/h61084/codes/adaptime/outputs/adaptime/vanilla/univariate/Coastal_T_S/15T/long/run_0/vanilla/manifest.json
TIME run allocation action=new run=/fslarge/scratch/users/h61084/codes/adaptime/outputs/adaptime/vanilla/univariate/Coastal_T_S/20T/short/run_0 launch_id=selena_adaptime_unified_20260916T080019Z_10942_vanilla slurm_job_id=3445479 launched_at=2026-09-16T08:04:34.168784+00:00
/fslarge/scratch/users/h61084/codes/adaptime/outputs/adaptime/vanilla/univariate/Coastal_T_S/20T/short/run_0/vanilla/manifest.json
TIME run allocation action=new run=/fslarge/scratch/users/h61084/codes/adaptime/outputs/adaptime/vanilla/univariate/Coastal_T_S/20T/medium/run_0 launch_id=selena_adaptime_unified_20260916T080019Z_10942_vanilla slurm_job_id=3445479 launched_at=2026-09-16T08:04:36.388601+00:00
/fslarge/scratch/users/h61084/codes/adaptime/outputs/adaptime/vanilla/univariate/Coastal_T_S/20T/medium/run_0/vanilla/manifest.json
TIME run allocation action=new run=/fslarge/scratch/users/h61084/codes/adaptime/outputs/adaptime/vanilla/univariate/Coastal_T_S/20T/long/run_0 launch_id=selena_adaptime_unified_20260916T080019Z_10942_vanilla slurm_job_id=3445479 launched_at=2026-09-16T08:04:36.691960+00:00
/fslarge/scratch/users/h61084/codes/adaptime/outputs/adaptime/vanilla/univariate/Coastal_T_S/20T/long/run_0/vanilla/manifest.json
TIME run allocation action=new run=/fslarge/scratch/users/h61084/codes/adaptime/outputs/adaptime/vanilla/univariate/Coastal_T_S/H/short/run_0 launch_id=selena_adaptime_unified_20260916T080019Z_10942_vanilla slurm_job_id=3445479 launched_at=2026-09-16T08:04:36.817118+00:00
/fslarge/scratch/users/h61084/codes/adaptime/outputs/adaptime/vanilla/univariate/Coastal_T_S/H/short/run_0/vanilla/manifest.json
TIME run allocation action=new run=/fslarge/scratch/users/h61084/codes/adaptime/outputs/adaptime/vanilla/univariate/Coastal_T_S/H/medium/run_0 launch_id=selena_adaptime_unified_20260916T080019Z_10942_vanilla slurm_job_id=3445479 launched_at=2026-09-16T08:04:46.681346+00:00
/fslarge/scratch/users/h61084/codes/adaptime/outputs/adaptime/vanilla/univariate/Coastal_T_S/H/medium/run_0/vanilla/manifest.json
TIME run allocation action=new run=/fslarge/scratch/users/h61084/codes/adaptime/outputs/adaptime/vanilla/univariate/Coastal_T_S/H/long/run_0 launch_id=selena_adaptime_unified_20260916T080019Z_10942_vanilla slurm_job_id=3445479 launched_at=2026-09-16T08:04:48.154832+00:00
/fslarge/scratch/users/h61084/codes/adaptime/outputs/adaptime/vanilla/univariate/Coastal_T_S/H/long/run_0/vanilla/manifest.json
TIME run allocation action=new run=/fslarge/scratch/users/h61084/codes/adaptime/outputs/adaptime/vanilla/univariate/SG_Weather/D/short/run_0 launch_id=selena_adaptime_unified_20260916T080019Z_10942_vanilla slurm_job_id=3445479 launched_at=2026-09-16T08:04:48.944372+00:00
/fslarge/scratch/users/h61084/codes/adaptime/outputs/adaptime/vanilla/univariate/SG_Weather/D/short/run_0/vanilla/manifest.json
TIME run allocation action=new run=/fslarge/scratch/users/h61084/codes/adaptime/outputs/adaptime/vanilla/univariate/SG_Weather/D/medium/run_0 launch_id=selena_adaptime_unified_20260916T080019Z_10942_vanilla slurm_job_id=3445479 launched_at=2026-09-16T08:04:54.094899+00:00
/fslarge/scratch/users/h61084/codes/adaptime/outputs/adaptime/vanilla/univariate/SG_Weather/D/medium/run_0/vanilla/manifest.json
TIME run allocation action=new run=/fslarge/scratch/users/h61084/codes/adaptime/outputs/adaptime/vanilla/univariate/SG_Weather/D/long/run_0 launch_id=selena_adaptime_unified_20260916T080019Z_10942_vanilla slurm_job_id=3445479 launched_at=2026-09-16T08:04:56.319284+00:00
/fslarge/scratch/users/h61084/codes/adaptime/outputs/adaptime/vanilla/univariate/SG_Weather/D/long/run_0/vanilla/manifest.json
TIME run allocation action=new run=/fslarge/scratch/users/h61084/codes/adaptime/outputs/adaptime/vanilla/univariate/SG_PM25/H/short/run_0 launch_id=selena_adaptime_unified_20260916T080019Z_10942_vanilla slurm_job_id=3445479 launched_at=2026-09-16T08:04:57.441893+00:00
/fslarge/scratch/users/h61084/codes/adaptime/outputs/adaptime/vanilla/univariate/SG_PM25/H/short/run_0/vanilla/manifest.json
TIME run allocation action=new run=/fslarge/scratch/users/h61084/codes/adaptime/outputs/adaptime/vanilla/univariate/SG_PM25/H/medium/run_0 launch_id=selena_adaptime_unified_20260916T080019Z_10942_vanilla slurm_job_id=3445479 launched_at=2026-09-16T08:04:59.583550+00:00
/fslarge/scratch/users/h61084/codes/adaptime/outputs/adaptime/vanilla/univariate/SG_PM25/H/medium/run_0/vanilla/manifest.json
TIME run allocation action=new run=/fslarge/scratch/users/h61084/codes/adaptime/outputs/adaptime/vanilla/univariate/SG_PM25/H/long/run_0 launch_id=selena_adaptime_unified_20260916T080019Z_10942_vanilla slurm_job_id=3445479 launched_at=2026-09-16T08:05:00.288865+00:00
/fslarge/scratch/users/h61084/codes/adaptime/outputs/adaptime/vanilla/univariate/SG_PM25/H/long/run_0/vanilla/manifest.json
TIME run allocation action=new run=/fslarge/scratch/users/h61084/codes/adaptime/outputs/adaptime/vanilla/univariate/NE_China_Wind/H/short/run_0 launch_id=selena_adaptime_unified_20260916T080019Z_10942_vanilla slurm_job_id=3445479 launched_at=2026-09-16T08:05:00.639862+00:00
/fslarge/scratch/users/h61084/codes/adaptime/outputs/adaptime/vanilla/univariate/NE_China_Wind/H/short/run_0/vanilla/manifest.json
TIME run allocation action=new run=/fslarge/scratch/users/h61084/codes/adaptime/outputs/adaptime/vanilla/univariate/NE_China_Wind/H/medium/run_0 launch_id=selena_adaptime_unified_20260916T080019Z_10942_vanilla slurm_job_id=3445479 launched_at=2026-09-16T08:05:01.231068+00:00
/fslarge/scratch/users/h61084/codes/adaptime/outputs/adaptime/vanilla/univariate/NE_China_Wind/H/medium/run_0/vanilla/manifest.json
TIME run allocation action=new run=/fslarge/scratch/users/h61084/codes/adaptime/outputs/adaptime/vanilla/univariate/NE_China_Wind/H/long/run_0 launch_id=selena_adaptime_unified_20260916T080019Z_10942_vanilla slurm_job_id=3445479 launched_at=2026-09-16T08:05:01.456543+00:00
/fslarge/scratch/users/h61084/codes/adaptime/outputs/adaptime/vanilla/univariate/NE_China_Wind/H/long/run_0/vanilla/manifest.json
TIME run allocation action=new run=/fslarge/scratch/users/h61084/codes/adaptime/outputs/adaptime/vanilla/univariate/Australia_Solar/H/short/run_0 launch_id=selena_adaptime_unified_20260916T080019Z_10942_vanilla slurm_job_id=3445479 launched_at=2026-09-16T08:05:01.568451+00:00
/fslarge/scratch/users/h61084/codes/adaptime/outputs/adaptime/vanilla/univariate/Australia_Solar/H/short/run_0/vanilla/manifest.json
TIME run allocation action=new run=/fslarge/scratch/users/h61084/codes/adaptime/outputs/adaptime/vanilla/univariate/Australia_Solar/H/medium/run_0 launch_id=selena_adaptime_unified_20260916T080019Z_10942_vanilla slurm_job_id=3445479 launched_at=2026-09-16T08:05:03.018579+00:00
/fslarge/scratch/users/h61084/codes/adaptime/outputs/adaptime/vanilla/univariate/Australia_Solar/H/medium/run_0/vanilla/manifest.json
TIME run allocation action=new run=/fslarge/scratch/users/h61084/codes/adaptime/outputs/adaptime/vanilla/univariate/Australia_Solar/H/long/run_0 launch_id=selena_adaptime_unified_20260916T080019Z_10942_vanilla slurm_job_id=3445479 launched_at=2026-09-16T08:05:03.518591+00:00
/fslarge/scratch/users/h61084/codes/adaptime/outputs/adaptime/vanilla/univariate/Australia_Solar/H/long/run_0/vanilla/manifest.json
TIME run allocation action=new run=/fslarge/scratch/users/h61084/codes/adaptime/outputs/adaptime/vanilla/univariate/epf_electricity_price/H/short/run_0 launch_id=selena_adaptime_unified_20260916T080019Z_10942_vanilla slurm_job_id=3445479 launched_at=2026-09-16T08:05:03.758952+00:00
/fslarge/scratch/users/h61084/codes/adaptime/outputs/adaptime/vanilla/univariate/epf_electricity_price/H/short/run_0/vanilla/manifest.json
TIME run allocation action=new run=/fslarge/scratch/users/h61084/codes/adaptime/outputs/adaptime/vanilla/univariate/epf_electricity_price/H/medium/run_0 launch_id=selena_adaptime_unified_20260916T080019Z_10942_vanilla slurm_job_id=3445479 launched_at=2026-09-16T08:05:06.197099+00:00
/fslarge/scratch/users/h61084/codes/adaptime/outputs/adaptime/vanilla/univariate/epf_electricity_price/H/medium/run_0/vanilla/manifest.json
TIME run allocation action=new run=/fslarge/scratch/users/h61084/codes/adaptime/outputs/adaptime/vanilla/univariate/epf_electricity_price/H/long/run_0 launch_id=selena_adaptime_unified_20260916T080019Z_10942_vanilla slurm_job_id=3445479 launched_at=2026-09-16T08:05:07.024586+00:00
/fslarge/scratch/users/h61084/codes/adaptime/outputs/adaptime/vanilla/univariate/epf_electricity_price/H/long/run_0/vanilla/manifest.json
TIME run allocation action=new run=/fslarge/scratch/users/h61084/codes/adaptime/outputs/adaptime/vanilla/univariate/OpenElectricity_NEM/5T/short/run_0 launch_id=selena_adaptime_unified_20260916T080019Z_10942_vanilla slurm_job_id=3445479 launched_at=2026-09-16T08:05:07.410610+00:00
/fslarge/scratch/users/h61084/codes/adaptime/outputs/adaptime/vanilla/univariate/OpenElectricity_NEM/5T/short/run_0/vanilla/manifest.json
TIME run allocation action=new run=/fslarge/scratch/users/h61084/codes/adaptime/outputs/adaptime/vanilla/univariate/OpenElectricity_NEM/5T/medium/run_0 launch_id=selena_adaptime_unified_20260916T080019Z_10942_vanilla slurm_job_id=3445479 launched_at=2026-09-16T08:05:15.119401+00:00
/fslarge/scratch/users/h61084/codes/adaptime/outputs/adaptime/vanilla/univariate/OpenElectricity_NEM/5T/medium/run_0/vanilla/manifest.json
TIME run allocation action=new run=/fslarge/scratch/users/h61084/codes/adaptime/outputs/adaptime/vanilla/univariate/OpenElectricity_NEM/5T/long/run_0 launch_id=selena_adaptime_unified_20260916T080019Z_10942_vanilla slurm_job_id=3445479 launched_at=2026-09-16T08:05:17.109515+00:00
/fslarge/scratch/users/h61084/codes/adaptime/outputs/adaptime/vanilla/univariate/OpenElectricity_NEM/5T/long/run_0/vanilla/manifest.json
TIME run allocation action=new run=/fslarge/scratch/users/h61084/codes/adaptime/outputs/adaptime/vanilla/univariate/EWELD_Load/15T/short/run_0 launch_id=selena_adaptime_unified_20260916T080019Z_10942_vanilla slurm_job_id=3445479 launched_at=2026-09-16T08:05:17.818852+00:00
/fslarge/scratch/users/h61084/codes/adaptime/outputs/adaptime/vanilla/univariate/EWELD_Load/15T/short/run_0/vanilla/manifest.json
TIME run allocation action=new run=/fslarge/scratch/users/h61084/codes/adaptime/outputs/adaptime/vanilla/univariate/EWELD_Load/15T/medium/run_0 launch_id=selena_adaptime_unified_20260916T080019Z_10942_vanilla slurm_job_id=3445479 launched_at=2026-09-16T08:05:20.423028+00:00
/fslarge/scratch/users/h61084/codes/adaptime/outputs/adaptime/vanilla/univariate/EWELD_Load/15T/medium/run_0/vanilla/manifest.json
TIME run allocation action=new run=/fslarge/scratch/users/h61084/codes/adaptime/outputs/adaptime/vanilla/univariate/EWELD_Load/15T/long/run_0 launch_id=selena_adaptime_unified_20260916T080019Z_10942_vanilla slurm_job_id=3445479 launched_at=2026-09-16T08:05:21.092022+00:00
/fslarge/scratch/users/h61084/codes/adaptime/outputs/adaptime/vanilla/univariate/EWELD_Load/15T/long/run_0/vanilla/manifest.json
TIME run allocation action=new run=/fslarge/scratch/users/h61084/codes/adaptime/outputs/adaptime/vanilla/univariate/SG_Carpark/15T/short/run_0 launch_id=selena_adaptime_unified_20260916T080019Z_10942_vanilla slurm_job_id=3445479 launched_at=2026-09-16T08:05:21.223169+00:00
/fslarge/scratch/users/h61084/codes/adaptime/outputs/adaptime/vanilla/univariate/SG_Carpark/15T/short/run_0/vanilla/manifest.json
TIME run allocation action=new run=/fslarge/scratch/users/h61084/codes/adaptime/outputs/adaptime/vanilla/univariate/SG_Carpark/15T/medium/run_0 launch_id=selena_adaptime_unified_20260916T080019Z_10942_vanilla slurm_job_id=3445479 launched_at=2026-09-16T08:06:29.350732+00:00
/fslarge/scratch/users/h61084/codes/adaptime/outputs/adaptime/vanilla/univariate/SG_Carpark/15T/medium/run_0/vanilla/manifest.json
TIME run allocation action=new run=/fslarge/scratch/users/h61084/codes/adaptime/outputs/adaptime/vanilla/univariate/SG_Carpark/15T/long/run_0 launch_id=selena_adaptime_unified_20260916T080019Z_10942_vanilla slurm_job_id=3445479 launched_at=2026-09-16T08:06:40.929545+00:00
/fslarge/scratch/users/h61084/codes/adaptime/outputs/adaptime/vanilla/univariate/SG_Carpark/15T/long/run_0/vanilla/manifest.json
TIME run allocation action=new run=/fslarge/scratch/users/h61084/codes/adaptime/outputs/adaptime/vanilla/univariate/Finland_Traffic/15T/short/run_0 launch_id=selena_adaptime_unified_20260916T080019Z_10942_vanilla slurm_job_id=3445479 launched_at=2026-09-16T08:06:42.897535+00:00
/fslarge/scratch/users/h61084/codes/adaptime/outputs/adaptime/vanilla/univariate/Finland_Traffic/15T/short/run_0/vanilla/manifest.json
TIME run allocation action=new run=/fslarge/scratch/users/h61084/codes/adaptime/outputs/adaptime/vanilla/univariate/Finland_Traffic/15T/medium/run_0 launch_id=selena_adaptime_unified_20260916T080019Z_10942_vanilla slurm_job_id=3445479 launched_at=2026-09-16T08:06:43.790240+00:00
/fslarge/scratch/users/h61084/codes/adaptime/outputs/adaptime/vanilla/univariate/Finland_Traffic/15T/medium/run_0/vanilla/manifest.json
TIME run allocation action=new run=/fslarge/scratch/users/h61084/codes/adaptime/outputs/adaptime/vanilla/univariate/Finland_Traffic/15T/long/run_0 launch_id=selena_adaptime_unified_20260916T080019Z_10942_vanilla slurm_job_id=3445479 launched_at=2026-09-16T08:06:43.951854+00:00
/fslarge/scratch/users/h61084/codes/adaptime/outputs/adaptime/vanilla/univariate/Finland_Traffic/15T/long/run_0/vanilla/manifest.json
TIME run allocation action=new run=/fslarge/scratch/users/h61084/codes/adaptime/outputs/adaptime/vanilla/univariate/Port_Activity/D/short/run_0 launch_id=selena_adaptime_unified_20260916T080019Z_10942_vanilla slurm_job_id=3445479 launched_at=2026-09-16T08:06:44.006753+00:00
/fslarge/scratch/users/h61084/codes/adaptime/outputs/adaptime/vanilla/univariate/Port_Activity/D/short/run_0/vanilla/manifest.json
TIME run allocation action=new run=/fslarge/scratch/users/h61084/codes/adaptime/outputs/adaptime/vanilla/univariate/Port_Activity/W/short/run_0 launch_id=selena_adaptime_unified_20260916T080019Z_10942_vanilla slurm_job_id=3445479 launched_at=2026-09-16T08:06:46.995088+00:00
/fslarge/scratch/users/h61084/codes/adaptime/outputs/adaptime/vanilla/univariate/Port_Activity/W/short/run_0/vanilla/manifest.json
TIME run allocation action=new run=/fslarge/scratch/users/h61084/codes/adaptime/outputs/adaptime/vanilla/univariate/ECDC_COVID/D/short/run_0 launch_id=selena_adaptime_unified_20260916T080019Z_10942_vanilla slurm_job_id=3445479 launched_at=2026-09-16T08:06:47.312528+00:00
/fslarge/scratch/users/h61084/codes/adaptime/outputs/adaptime/vanilla/univariate/ECDC_COVID/D/short/run_0/vanilla/manifest.json
TIME run allocation action=new run=/fslarge/scratch/users/h61084/codes/adaptime/outputs/adaptime/vanilla/univariate/ECDC_COVID/W/short/run_0 launch_id=selena_adaptime_unified_20260916T080019Z_10942_vanilla slurm_job_id=3445479 launched_at=2026-09-16T08:06:47.933803+00:00
/fslarge/scratch/users/h61084/codes/adaptime/outputs/adaptime/vanilla/univariate/ECDC_COVID/W/short/run_0/vanilla/manifest.json
TIME run allocation action=new run=/fslarge/scratch/users/h61084/codes/adaptime/outputs/adaptime/vanilla/univariate/Global_Influenza/W/short/run_0 launch_id=selena_adaptime_unified_20260916T080019Z_10942_vanilla slurm_job_id=3445479 launched_at=2026-09-16T08:06:48.686905+00:00
/fslarge/scratch/users/h61084/codes/adaptime/outputs/adaptime/vanilla/univariate/Global_Influenza/W/short/run_0/vanilla/manifest.json
TIME run allocation action=new run=/fslarge/scratch/users/h61084/codes/adaptime/outputs/adaptime/vanilla/univariate/Crypto/D/short/run_0 launch_id=selena_adaptime_unified_20260916T080019Z_10942_vanilla slurm_job_id=3445479 launched_at=2026-09-16T08:06:49.062116+00:00
/fslarge/scratch/users/h61084/codes/adaptime/outputs/adaptime/vanilla/univariate/Crypto/D/short/run_0/vanilla/manifest.json
TIME run allocation action=new run=/fslarge/scratch/users/h61084/codes/adaptime/outputs/adaptime/vanilla/univariate/US_Term_Structure/B/short/run_0 launch_id=selena_adaptime_unified_20260916T080019Z_10942_vanilla slurm_job_id=3445479 launched_at=2026-09-16T08:06:49.218379+00:00
/fslarge/scratch/users/h61084/codes/adaptime/outputs/adaptime/vanilla/univariate/US_Term_Structure/B/short/run_0/vanilla/manifest.json
TIME run allocation action=new run=/fslarge/scratch/users/h61084/codes/adaptime/outputs/adaptime/vanilla/univariate/Oil_Price/B/short/run_0 launch_id=selena_adaptime_unified_20260916T080019Z_10942_vanilla slurm_job_id=3445479 launched_at=2026-09-16T08:06:55.627034+00:00
/fslarge/scratch/users/h61084/codes/adaptime/outputs/adaptime/vanilla/univariate/Oil_Price/B/short/run_0/vanilla/manifest.json
TIME run allocation action=new run=/fslarge/scratch/users/h61084/codes/adaptime/outputs/adaptime/vanilla/univariate/Job_Claims/W/short/run_0 launch_id=selena_adaptime_unified_20260916T080019Z_10942_vanilla slurm_job_id=3445479 launched_at=2026-09-16T08:06:56.838961+00:00
/fslarge/scratch/users/h61084/codes/adaptime/outputs/adaptime/vanilla/univariate/Job_Claims/W/short/run_0/vanilla/manifest.json
TIME run allocation action=new run=/fslarge/scratch/users/h61084/codes/adaptime/outputs/adaptime/vanilla/univariate/Uncertainty_1M/M/short/run_0 launch_id=selena_adaptime_unified_20260916T080019Z_10942_vanilla slurm_job_id=3445479 launched_at=2026-09-16T08:06:56.923704+00:00
/fslarge/scratch/users/h61084/codes/adaptime/outputs/adaptime/vanilla/univariate/Uncertainty_1M/M/short/run_0/vanilla/manifest.json
TIME run allocation action=new run=/fslarge/scratch/users/h61084/codes/adaptime/outputs/adaptime/vanilla/univariate/Housing_Inventory/M/short/run_0 launch_id=selena_adaptime_unified_20260916T080019Z_10942_vanilla slurm_job_id=3445479 launched_at=2026-09-16T08:06:57.050360+00:00
/fslarge/scratch/users/h61084/codes/adaptime/outputs/adaptime/vanilla/univariate/Housing_Inventory/M/short/run_0/vanilla/manifest.json
TIME run allocation action=new run=/fslarge/scratch/users/h61084/codes/adaptime/outputs/adaptime/vanilla/univariate/JOLTS/M/short/run_0 launch_id=selena_adaptime_unified_20260916T080019Z_10942_vanilla slurm_job_id=3445479 launched_at=2026-09-16T08:06:57.119847+00:00
/fslarge/scratch/users/h61084/codes/adaptime/outputs/adaptime/vanilla/univariate/JOLTS/M/short/run_0/vanilla/manifest.json
TIME run allocation action=new run=/fslarge/scratch/users/h61084/codes/adaptime/outputs/adaptime/vanilla/univariate/US_Labor/M/short/run_0 launch_id=selena_adaptime_unified_20260916T080019Z_10942_vanilla slurm_job_id=3445479 launched_at=2026-09-16T08:06:57.216037+00:00
/fslarge/scratch/users/h61084/codes/adaptime/outputs/adaptime/vanilla/univariate/US_Labor/M/short/run_0/vanilla/manifest.json
TIME run allocation action=new run=/fslarge/scratch/users/h61084/codes/adaptime/outputs/adaptime/vanilla/univariate/Vehicle_Supply/M/short/run_0 launch_id=selena_adaptime_unified_20260916T080019Z_10942_vanilla slurm_job_id=3445479 launched_at=2026-09-16T08:06:57.316937+00:00
/fslarge/scratch/users/h61084/codes/adaptime/outputs/adaptime/vanilla/univariate/Vehicle_Supply/M/short/run_0/vanilla/manifest.json
TIME run allocation action=new run=/fslarge/scratch/users/h61084/codes/adaptime/outputs/adaptime/vanilla/univariate/Auto_Production_SF/M/short/run_0 launch_id=selena_adaptime_unified_20260916T080019Z_10942_vanilla slurm_job_id=3445479 launched_at=2026-09-16T08:06:57.417249+00:00
/fslarge/scratch/users/h61084/codes/adaptime/outputs/adaptime/vanilla/univariate/Auto_Production_SF/M/short/run_0/vanilla/manifest.json
TIME run allocation action=new run=/fslarge/scratch/users/h61084/codes/adaptime/outputs/adaptime/vanilla/univariate/Commodity_Production/M/short/run_0 launch_id=selena_adaptime_unified_20260916T080019Z_10942_vanilla slurm_job_id=3445479 launched_at=2026-09-16T08:06:57.509239+00:00
/fslarge/scratch/users/h61084/codes/adaptime/outputs/adaptime/vanilla/univariate/Commodity_Production/M/short/run_0/vanilla/manifest.json
TIME run allocation action=new run=/fslarge/scratch/users/h61084/codes/adaptime/outputs/adaptime/vanilla/univariate/Commodity_Import/M/short/run_0 launch_id=selena_adaptime_unified_20260916T080019Z_10942_vanilla slurm_job_id=3445479 launched_at=2026-09-16T08:06:59.211819+00:00
/fslarge/scratch/users/h61084/codes/adaptime/outputs/adaptime/vanilla/univariate/Commodity_Import/M/short/run_0/vanilla/manifest.json
TIME run allocation action=new run=/fslarge/scratch/users/h61084/codes/adaptime/outputs/adaptime/vanilla/univariate/WUI_Global/Q/short/run_0 launch_id=selena_adaptime_unified_20260916T080019Z_10942_vanilla slurm_job_id=3445479 launched_at=2026-09-16T08:06:59.660396+00:00
/fslarge/scratch/users/h61084/codes/adaptime/outputs/adaptime/vanilla/univariate/WUI_Global/Q/short/run_0/vanilla/manifest.json
TIME run allocation action=new run=/fslarge/scratch/users/h61084/codes/adaptime/outputs/adaptime/vanilla/univariate/Global_Price/Q/short/run_0 launch_id=selena_adaptime_unified_20260916T080019Z_10942_vanilla slurm_job_id=3445479 launched_at=2026-09-16T08:06:59.761283+00:00
/fslarge/scratch/users/h61084/codes/adaptime/outputs/adaptime/vanilla/univariate/Global_Price/Q/short/run_0/vanilla/manifest.json
TIME run allocation action=new run=/fslarge/scratch/users/h61084/codes/adaptime/outputs/adaptime/vanilla/univariate/Vehicle_Sales/M/short/run_0 launch_id=selena_adaptime_unified_20260916T080019Z_10942_vanilla slurm_job_id=3445479 launched_at=2026-09-16T08:06:59.868702+00:00
/fslarge/scratch/users/h61084/codes/adaptime/outputs/adaptime/vanilla/univariate/Vehicle_Sales/M/short/run_0/vanilla/manifest.json
TIME run allocation action=new run=/fslarge/scratch/users/h61084/codes/adaptime/outputs/adaptime/vanilla/univariate/Online_Retail_2_UCI/D/short/run_0 launch_id=selena_adaptime_unified_20260916T080019Z_10942_vanilla slurm_job_id=3445479 launched_at=2026-09-16T08:06:59.968037+00:00
/fslarge/scratch/users/h61084/codes/adaptime/outputs/adaptime/vanilla/univariate/Online_Retail_2_UCI/D/short/run_0/vanilla/manifest.json
TIME run allocation action=new run=/fslarge/scratch/users/h61084/codes/adaptime/outputs/adaptime/vanilla/univariate/Supply_Chain_Customer/D/short/run_0 launch_id=selena_adaptime_unified_20260916T080019Z_10942_vanilla slurm_job_id=3445479 launched_at=2026-09-16T08:07:00.074358+00:00
/fslarge/scratch/users/h61084/codes/adaptime/outputs/adaptime/vanilla/univariate/Supply_Chain_Customer/D/short/run_0/vanilla/manifest.json
TIME run allocation action=new run=/fslarge/scratch/users/h61084/codes/adaptime/outputs/adaptime/vanilla/univariate/Supply_Chain_Location/D/short/run_0 launch_id=selena_adaptime_unified_20260916T080019Z_10942_vanilla slurm_job_id=3445479 launched_at=2026-09-16T08:07:00.575545+00:00
/fslarge/scratch/users/h61084/codes/adaptime/outputs/adaptime/vanilla/univariate/Supply_Chain_Location/D/short/run_0/vanilla/manifest.json
TIME run allocation action=new run=/fslarge/scratch/users/h61084/codes/adaptime/outputs/adaptime/vanilla/univariate/azure2019_U/5T/short/run_0 launch_id=selena_adaptime_unified_20260916T080019Z_10942_vanilla slurm_job_id=3445479 launched_at=2026-09-16T08:07:01.252417+00:00
/fslarge/scratch/users/h61084/codes/adaptime/outputs/adaptime/vanilla/univariate/azure2019_U/5T/short/run_0/vanilla/manifest.json
TIME run allocation action=new run=/fslarge/scratch/users/h61084/codes/adaptime/outputs/adaptime/vanilla/univariate/Smart_Manufacturing/H/short/run_0 launch_id=selena_adaptime_unified_20260916T080019Z_10942_vanilla slurm_job_id=3445479 launched_at=2026-09-16T08:07:06.797561+00:00
/fslarge/scratch/users/h61084/codes/adaptime/outputs/adaptime/vanilla/univariate/Smart_Manufacturing/H/short/run_0/vanilla/manifest.json
TIME run allocation action=new run=/fslarge/scratch/users/h61084/codes/adaptime/outputs/adaptime/vanilla/univariate/Smart_Manufacturing/H/medium/run_0 launch_id=selena_adaptime_unified_20260916T080019Z_10942_vanilla slurm_job_id=3445479 launched_at=2026-09-16T08:07:09.619870+00:00
/fslarge/scratch/users/h61084/codes/adaptime/outputs/adaptime/vanilla/univariate/Smart_Manufacturing/H/medium/run_0/vanilla/manifest.json
TIME run allocation action=new run=/fslarge/scratch/users/h61084/codes/adaptime/outputs/adaptime/vanilla/univariate/Smart_Manufacturing/H/long/run_0 launch_id=selena_adaptime_unified_20260916T080019Z_10942_vanilla slurm_job_id=3445479 launched_at=2026-09-16T08:07:10.063279+00:00
/fslarge/scratch/users/h61084/codes/adaptime/outputs/adaptime/vanilla/univariate/Smart_Manufacturing/H/long/run_0/vanilla/manifest.json
TIME run allocation action=new run=/fslarge/scratch/users/h61084/codes/adaptime/outputs/adaptime/vanilla/univariate/MetroPT-3/5T/short/run_0 launch_id=selena_adaptime_unified_20260916T080019Z_10942_vanilla slurm_job_id=3445479 launched_at=2026-09-16T08:07:10.312897+00:00
/fslarge/scratch/users/h61084/codes/adaptime/outputs/adaptime/vanilla/univariate/MetroPT-3/5T/short/run_0/vanilla/manifest.json
TIME run allocation action=new run=/fslarge/scratch/users/h61084/codes/adaptime/outputs/adaptime/vanilla/univariate/MetroPT-3/5T/medium/run_0 launch_id=selena_adaptime_unified_20260916T080019Z_10942_vanilla slurm_job_id=3445479 launched_at=2026-09-16T08:07:11.318249+00:00
/fslarge/scratch/users/h61084/codes/adaptime/outputs/adaptime/vanilla/univariate/MetroPT-3/5T/medium/run_0/vanilla/manifest.json
TIME run allocation action=new run=/fslarge/scratch/users/h61084/codes/adaptime/outputs/adaptime/vanilla/univariate/MetroPT-3/5T/long/run_0 launch_id=selena_adaptime_unified_20260916T080019Z_10942_vanilla slurm_job_id=3445479 launched_at=2026-09-16T08:07:11.521305+00:00
/fslarge/scratch/users/h61084/codes/adaptime/outputs/adaptime/vanilla/univariate/MetroPT-3/5T/long/run_0/vanilla/manifest.json
2026-09-16 10:07:12 | task TIME-wide Adaptime method=vanilla stage=vanilla completed status=success
2026-09-16 10:07:12 | stage vanilla completed status=success
2026-09-16 10:07:12 | workflow adaptime completed status=success exit_code=0
