2026-09-15 11:35:15 | workflow adaptime started launch_id=selena_adaptime_unified_20260915T093500Z_51105_vanilla task=vanilla_vanilla slurm_job_id=3432397 slurm_array_job_id=none slurm_array_task_id=none
2026-09-15 11:35:15 | stage vanilla started
2026-09-15 11:35:15 | task TIME-wide Adaptime method=vanilla stage=vanilla started
TIME run allocation action=skip run=/fslarge/scratch/users/h61084/codes/adaptime/outputs/adaptime/vanilla/univariate/Water_Quality_Darwin/15T/short/run_0 source_launch=selena_adaptime_unified_20260914T204328Z_25264_vanilla launch_id=selena_adaptime_unified_20260915T093500Z_51105_vanilla slurm_job_id=3432397 launched_at=2026-09-15T09:35:22.407857+00:00
/fslarge/scratch/users/h61084/codes/adaptime/outputs/adaptime/vanilla/univariate/Water_Quality_Darwin/15T/short/run_0/vanilla/manifest.json
TIME run allocation action=skip run=/fslarge/scratch/users/h61084/codes/adaptime/outputs/adaptime/vanilla/univariate/Water_Quality_Darwin/15T/medium/run_0 source_launch=selena_adaptime_unified_20260914T204328Z_25264_vanilla launch_id=selena_adaptime_unified_20260915T093500Z_51105_vanilla slurm_job_id=3432397 launched_at=2026-09-15T09:35:22.417117+00:00
/fslarge/scratch/users/h61084/codes/adaptime/outputs/adaptime/vanilla/univariate/Water_Quality_Darwin/15T/medium/run_0/vanilla/manifest.json
TIME run allocation action=skip run=/fslarge/scratch/users/h61084/codes/adaptime/outputs/adaptime/vanilla/univariate/Water_Quality_Darwin/15T/long/run_0 source_launch=selena_adaptime_unified_20260914T204328Z_25264_vanilla launch_id=selena_adaptime_unified_20260915T093500Z_51105_vanilla slurm_job_id=3432397 launched_at=2026-09-15T09:35:22.434729+00:00
/fslarge/scratch/users/h61084/codes/adaptime/outputs/adaptime/vanilla/univariate/Water_Quality_Darwin/15T/long/run_0/vanilla/manifest.json
TIME run allocation action=skip run=/fslarge/scratch/users/h61084/codes/adaptime/outputs/adaptime/vanilla/univariate/current_velocity/5T/short/run_0 source_launch=selena_adaptime_unified_20260914T204328Z_25264_vanilla launch_id=selena_adaptime_unified_20260915T093500Z_51105_vanilla slurm_job_id=3432397 launched_at=2026-09-15T09:35:22.451680+00:00
/fslarge/scratch/users/h61084/codes/adaptime/outputs/adaptime/vanilla/univariate/current_velocity/5T/short/run_0/vanilla/manifest.json
TIME run allocation action=skip run=/fslarge/scratch/users/h61084/codes/adaptime/outputs/adaptime/vanilla/univariate/current_velocity/5T/medium/run_0 source_launch=selena_adaptime_unified_20260914T204328Z_25264_vanilla launch_id=selena_adaptime_unified_20260915T093500Z_51105_vanilla slurm_job_id=3432397 launched_at=2026-09-15T09:35:22.461219+00:00
/fslarge/scratch/users/h61084/codes/adaptime/outputs/adaptime/vanilla/univariate/current_velocity/5T/medium/run_0/vanilla/manifest.json
TIME run allocation action=skip run=/fslarge/scratch/users/h61084/codes/adaptime/outputs/adaptime/vanilla/univariate/current_velocity/5T/long/run_0 source_launch=selena_adaptime_unified_20260914T204328Z_25264_vanilla launch_id=selena_adaptime_unified_20260915T093500Z_51105_vanilla slurm_job_id=3432397 launched_at=2026-09-15T09:35:22.480057+00:00
/fslarge/scratch/users/h61084/codes/adaptime/outputs/adaptime/vanilla/univariate/current_velocity/5T/long/run_0/vanilla/manifest.json
TIME run allocation action=skip run=/fslarge/scratch/users/h61084/codes/adaptime/outputs/adaptime/vanilla/univariate/current_velocity/10T/short/run_0 source_launch=selena_adaptime_unified_20260914T204328Z_25264_vanilla launch_id=selena_adaptime_unified_20260915T093500Z_51105_vanilla slurm_job_id=3432397 launched_at=2026-09-15T09:35:22.495357+00:00
/fslarge/scratch/users/h61084/codes/adaptime/outputs/adaptime/vanilla/univariate/current_velocity/10T/short/run_0/vanilla/manifest.json
TIME run allocation action=skip run=/fslarge/scratch/users/h61084/codes/adaptime/outputs/adaptime/vanilla/univariate/current_velocity/10T/medium/run_0 source_launch=selena_adaptime_unified_20260914T204328Z_25264_vanilla launch_id=selena_adaptime_unified_20260915T093500Z_51105_vanilla slurm_job_id=3432397 launched_at=2026-09-15T09:35:22.504499+00:00
/fslarge/scratch/users/h61084/codes/adaptime/outputs/adaptime/vanilla/univariate/current_velocity/10T/medium/run_0/vanilla/manifest.json
TIME run allocation action=skip run=/fslarge/scratch/users/h61084/codes/adaptime/outputs/adaptime/vanilla/univariate/current_velocity/10T/long/run_0 source_launch=selena_adaptime_unified_20260914T204328Z_25264_vanilla launch_id=selena_adaptime_unified_20260915T093500Z_51105_vanilla slurm_job_id=3432397 launched_at=2026-09-15T09:35:22.522154+00:00
/fslarge/scratch/users/h61084/codes/adaptime/outputs/adaptime/vanilla/univariate/current_velocity/10T/long/run_0/vanilla/manifest.json
TIME run allocation action=skip run=/fslarge/scratch/users/h61084/codes/adaptime/outputs/adaptime/vanilla/univariate/current_velocity/15T/short/run_0 source_launch=selena_adaptime_unified_20260914T204328Z_25264_vanilla launch_id=selena_adaptime_unified_20260915T093500Z_51105_vanilla slurm_job_id=3432397 launched_at=2026-09-15T09:35:22.538229+00:00
/fslarge/scratch/users/h61084/codes/adaptime/outputs/adaptime/vanilla/univariate/current_velocity/15T/short/run_0/vanilla/manifest.json
TIME run allocation action=skip run=/fslarge/scratch/users/h61084/codes/adaptime/outputs/adaptime/vanilla/univariate/current_velocity/15T/medium/run_0 source_launch=selena_adaptime_unified_20260914T204328Z_25264_vanilla launch_id=selena_adaptime_unified_20260915T093500Z_51105_vanilla slurm_job_id=3432397 launched_at=2026-09-15T09:35:22.547303+00:00
/fslarge/scratch/users/h61084/codes/adaptime/outputs/adaptime/vanilla/univariate/current_velocity/15T/medium/run_0/vanilla/manifest.json
TIME run allocation action=skip run=/fslarge/scratch/users/h61084/codes/adaptime/outputs/adaptime/vanilla/univariate/current_velocity/15T/long/run_0 source_launch=selena_adaptime_unified_20260914T204328Z_25264_vanilla launch_id=selena_adaptime_unified_20260915T093500Z_51105_vanilla slurm_job_id=3432397 launched_at=2026-09-15T09:35:22.565349+00:00
/fslarge/scratch/users/h61084/codes/adaptime/outputs/adaptime/vanilla/univariate/current_velocity/15T/long/run_0/vanilla/manifest.json
TIME run allocation action=skip run=/fslarge/scratch/users/h61084/codes/adaptime/outputs/adaptime/vanilla/univariate/current_velocity/20T/short/run_0 source_launch=selena_adaptime_unified_20260914T204328Z_25264_vanilla launch_id=selena_adaptime_unified_20260915T093500Z_51105_vanilla slurm_job_id=3432397 launched_at=2026-09-15T09:35:22.581352+00:00
/fslarge/scratch/users/h61084/codes/adaptime/outputs/adaptime/vanilla/univariate/current_velocity/20T/short/run_0/vanilla/manifest.json
TIME run allocation action=skip run=/fslarge/scratch/users/h61084/codes/adaptime/outputs/adaptime/vanilla/univariate/current_velocity/20T/medium/run_0 source_launch=selena_adaptime_unified_20260914T204328Z_25264_vanilla launch_id=selena_adaptime_unified_20260915T093500Z_51105_vanilla slurm_job_id=3432397 launched_at=2026-09-15T09:35:22.590268+00:00
/fslarge/scratch/users/h61084/codes/adaptime/outputs/adaptime/vanilla/univariate/current_velocity/20T/medium/run_0/vanilla/manifest.json
TIME run allocation action=skip run=/fslarge/scratch/users/h61084/codes/adaptime/outputs/adaptime/vanilla/univariate/current_velocity/20T/long/run_0 source_launch=selena_adaptime_unified_20260914T204328Z_25264_vanilla launch_id=selena_adaptime_unified_20260915T093500Z_51105_vanilla slurm_job_id=3432397 launched_at=2026-09-15T09:35:22.608923+00:00
/fslarge/scratch/users/h61084/codes/adaptime/outputs/adaptime/vanilla/univariate/current_velocity/20T/long/run_0/vanilla/manifest.json
TIME run allocation action=skip run=/fslarge/scratch/users/h61084/codes/adaptime/outputs/adaptime/vanilla/univariate/current_velocity/H/short/run_0 source_launch=selena_adaptime_unified_20260914T204328Z_25264_vanilla launch_id=selena_adaptime_unified_20260915T093500Z_51105_vanilla slurm_job_id=3432397 launched_at=2026-09-15T09:35:22.624859+00:00
/fslarge/scratch/users/h61084/codes/adaptime/outputs/adaptime/vanilla/univariate/current_velocity/H/short/run_0/vanilla/manifest.json
TIME run allocation action=skip run=/fslarge/scratch/users/h61084/codes/adaptime/outputs/adaptime/vanilla/univariate/current_velocity/H/medium/run_0 source_launch=selena_adaptime_unified_20260914T204328Z_25264_vanilla launch_id=selena_adaptime_unified_20260915T093500Z_51105_vanilla slurm_job_id=3432397 launched_at=2026-09-15T09:35:22.633687+00:00
/fslarge/scratch/users/h61084/codes/adaptime/outputs/adaptime/vanilla/univariate/current_velocity/H/medium/run_0/vanilla/manifest.json
TIME run allocation action=skip run=/fslarge/scratch/users/h61084/codes/adaptime/outputs/adaptime/vanilla/univariate/current_velocity/H/long/run_0 source_launch=selena_adaptime_unified_20260914T204328Z_25264_vanilla launch_id=selena_adaptime_unified_20260915T093500Z_51105_vanilla slurm_job_id=3432397 launched_at=2026-09-15T09:35:22.651700+00:00
/fslarge/scratch/users/h61084/codes/adaptime/outputs/adaptime/vanilla/univariate/current_velocity/H/long/run_0/vanilla/manifest.json
TIME run allocation action=skip run=/fslarge/scratch/users/h61084/codes/adaptime/outputs/adaptime/vanilla/univariate/CPHL/15T/short/run_0 source_launch=selena_adaptime_unified_20260914T204328Z_25264_vanilla launch_id=selena_adaptime_unified_20260915T093500Z_51105_vanilla slurm_job_id=3432397 launched_at=2026-09-15T09:35:22.667903+00:00
/fslarge/scratch/users/h61084/codes/adaptime/outputs/adaptime/vanilla/univariate/CPHL/15T/short/run_0/vanilla/manifest.json
TIME run allocation action=skip run=/fslarge/scratch/users/h61084/codes/adaptime/outputs/adaptime/vanilla/univariate/CPHL/15T/medium/run_0 source_launch=selena_adaptime_unified_20260914T204328Z_25264_vanilla launch_id=selena_adaptime_unified_20260915T093500Z_51105_vanilla slurm_job_id=3432397 launched_at=2026-09-15T09:35:22.677058+00:00
/fslarge/scratch/users/h61084/codes/adaptime/outputs/adaptime/vanilla/univariate/CPHL/15T/medium/run_0/vanilla/manifest.json
TIME run allocation action=skip run=/fslarge/scratch/users/h61084/codes/adaptime/outputs/adaptime/vanilla/univariate/CPHL/15T/long/run_0 source_launch=selena_adaptime_unified_20260914T204328Z_25264_vanilla launch_id=selena_adaptime_unified_20260915T093500Z_51105_vanilla slurm_job_id=3432397 launched_at=2026-09-15T09:35:22.694876+00:00
/fslarge/scratch/users/h61084/codes/adaptime/outputs/adaptime/vanilla/univariate/CPHL/15T/long/run_0/vanilla/manifest.json
TIME run allocation action=skip run=/fslarge/scratch/users/h61084/codes/adaptime/outputs/adaptime/vanilla/univariate/CPHL/30T/short/run_0 source_launch=selena_adaptime_unified_20260914T204328Z_25264_vanilla launch_id=selena_adaptime_unified_20260915T093500Z_51105_vanilla slurm_job_id=3432397 launched_at=2026-09-15T09:35:22.710705+00:00
/fslarge/scratch/users/h61084/codes/adaptime/outputs/adaptime/vanilla/univariate/CPHL/30T/short/run_0/vanilla/manifest.json
TIME run allocation action=skip run=/fslarge/scratch/users/h61084/codes/adaptime/outputs/adaptime/vanilla/univariate/CPHL/30T/medium/run_0 source_launch=selena_adaptime_unified_20260914T204328Z_25264_vanilla launch_id=selena_adaptime_unified_20260915T093500Z_51105_vanilla slurm_job_id=3432397 launched_at=2026-09-15T09:35:22.719658+00:00
/fslarge/scratch/users/h61084/codes/adaptime/outputs/adaptime/vanilla/univariate/CPHL/30T/medium/run_0/vanilla/manifest.json
TIME run allocation action=skip run=/fslarge/scratch/users/h61084/codes/adaptime/outputs/adaptime/vanilla/univariate/CPHL/30T/long/run_0 source_launch=selena_adaptime_unified_20260914T204328Z_25264_vanilla launch_id=selena_adaptime_unified_20260915T093500Z_51105_vanilla slurm_job_id=3432397 launched_at=2026-09-15T09:35:22.737529+00:00
/fslarge/scratch/users/h61084/codes/adaptime/outputs/adaptime/vanilla/univariate/CPHL/30T/long/run_0/vanilla/manifest.json
TIME run allocation action=skip run=/fslarge/scratch/users/h61084/codes/adaptime/outputs/adaptime/vanilla/univariate/CPHL/H/short/run_0 source_launch=selena_adaptime_unified_20260914T204328Z_25264_vanilla launch_id=selena_adaptime_unified_20260915T093500Z_51105_vanilla slurm_job_id=3432397 launched_at=2026-09-15T09:35:22.753450+00:00
/fslarge/scratch/users/h61084/codes/adaptime/outputs/adaptime/vanilla/univariate/CPHL/H/short/run_0/vanilla/manifest.json
TIME run allocation action=skip run=/fslarge/scratch/users/h61084/codes/adaptime/outputs/adaptime/vanilla/univariate/CPHL/H/medium/run_0 source_launch=selena_adaptime_unified_20260914T204328Z_25264_vanilla launch_id=selena_adaptime_unified_20260915T093500Z_51105_vanilla slurm_job_id=3432397 launched_at=2026-09-15T09:35:22.762585+00:00
/fslarge/scratch/users/h61084/codes/adaptime/outputs/adaptime/vanilla/univariate/CPHL/H/medium/run_0/vanilla/manifest.json
TIME run allocation action=skip run=/fslarge/scratch/users/h61084/codes/adaptime/outputs/adaptime/vanilla/univariate/CPHL/H/long/run_0 source_launch=selena_adaptime_unified_20260914T204328Z_25264_vanilla launch_id=selena_adaptime_unified_20260915T093500Z_51105_vanilla slurm_job_id=3432397 launched_at=2026-09-15T09:35:22.779901+00:00
/fslarge/scratch/users/h61084/codes/adaptime/outputs/adaptime/vanilla/univariate/CPHL/H/long/run_0/vanilla/manifest.json
TIME run allocation action=skip run=/fslarge/scratch/users/h61084/codes/adaptime/outputs/adaptime/vanilla/univariate/Coastal_T_S/5T/short/run_0 source_launch=selena_adaptime_unified_20260914T204328Z_25264_vanilla launch_id=selena_adaptime_unified_20260915T093500Z_51105_vanilla slurm_job_id=3432397 launched_at=2026-09-15T09:35:22.796407+00:00
/fslarge/scratch/users/h61084/codes/adaptime/outputs/adaptime/vanilla/univariate/Coastal_T_S/5T/short/run_0/vanilla/manifest.json
TIME run allocation action=skip run=/fslarge/scratch/users/h61084/codes/adaptime/outputs/adaptime/vanilla/univariate/Coastal_T_S/5T/medium/run_0 source_launch=selena_adaptime_unified_20260914T204328Z_25264_vanilla launch_id=selena_adaptime_unified_20260915T093500Z_51105_vanilla slurm_job_id=3432397 launched_at=2026-09-15T09:35:22.805248+00:00
/fslarge/scratch/users/h61084/codes/adaptime/outputs/adaptime/vanilla/univariate/Coastal_T_S/5T/medium/run_0/vanilla/manifest.json
TIME run allocation action=skip run=/fslarge/scratch/users/h61084/codes/adaptime/outputs/adaptime/vanilla/univariate/Coastal_T_S/5T/long/run_0 source_launch=selena_adaptime_unified_20260914T204328Z_25264_vanilla launch_id=selena_adaptime_unified_20260915T093500Z_51105_vanilla slurm_job_id=3432397 launched_at=2026-09-15T09:35:22.823174+00:00
/fslarge/scratch/users/h61084/codes/adaptime/outputs/adaptime/vanilla/univariate/Coastal_T_S/5T/long/run_0/vanilla/manifest.json
TIME run allocation action=skip run=/fslarge/scratch/users/h61084/codes/adaptime/outputs/adaptime/vanilla/univariate/Coastal_T_S/15T/short/run_0 source_launch=selena_adaptime_unified_20260914T204328Z_25264_vanilla launch_id=selena_adaptime_unified_20260915T093500Z_51105_vanilla slurm_job_id=3432397 launched_at=2026-09-15T09:35:22.838891+00:00
/fslarge/scratch/users/h61084/codes/adaptime/outputs/adaptime/vanilla/univariate/Coastal_T_S/15T/short/run_0/vanilla/manifest.json
TIME run allocation action=skip run=/fslarge/scratch/users/h61084/codes/adaptime/outputs/adaptime/vanilla/univariate/Coastal_T_S/15T/medium/run_0 source_launch=selena_adaptime_unified_20260914T204328Z_25264_vanilla launch_id=selena_adaptime_unified_20260915T093500Z_51105_vanilla slurm_job_id=3432397 launched_at=2026-09-15T09:35:22.847941+00:00
/fslarge/scratch/users/h61084/codes/adaptime/outputs/adaptime/vanilla/univariate/Coastal_T_S/15T/medium/run_0/vanilla/manifest.json
TIME run allocation action=skip run=/fslarge/scratch/users/h61084/codes/adaptime/outputs/adaptime/vanilla/univariate/Coastal_T_S/15T/long/run_0 source_launch=selena_adaptime_unified_20260914T204328Z_25264_vanilla launch_id=selena_adaptime_unified_20260915T093500Z_51105_vanilla slurm_job_id=3432397 launched_at=2026-09-15T09:35:22.866161+00:00
/fslarge/scratch/users/h61084/codes/adaptime/outputs/adaptime/vanilla/univariate/Coastal_T_S/15T/long/run_0/vanilla/manifest.json
TIME run allocation action=skip run=/fslarge/scratch/users/h61084/codes/adaptime/outputs/adaptime/vanilla/univariate/Coastal_T_S/20T/short/run_0 source_launch=selena_adaptime_unified_20260914T204328Z_25264_vanilla launch_id=selena_adaptime_unified_20260915T093500Z_51105_vanilla slurm_job_id=3432397 launched_at=2026-09-15T09:35:22.882817+00:00
/fslarge/scratch/users/h61084/codes/adaptime/outputs/adaptime/vanilla/univariate/Coastal_T_S/20T/short/run_0/vanilla/manifest.json
TIME run allocation action=skip run=/fslarge/scratch/users/h61084/codes/adaptime/outputs/adaptime/vanilla/univariate/Coastal_T_S/20T/medium/run_0 source_launch=selena_adaptime_unified_20260914T204328Z_25264_vanilla launch_id=selena_adaptime_unified_20260915T093500Z_51105_vanilla slurm_job_id=3432397 launched_at=2026-09-15T09:35:22.891870+00:00
/fslarge/scratch/users/h61084/codes/adaptime/outputs/adaptime/vanilla/univariate/Coastal_T_S/20T/medium/run_0/vanilla/manifest.json
TIME run allocation action=skip run=/fslarge/scratch/users/h61084/codes/adaptime/outputs/adaptime/vanilla/univariate/Coastal_T_S/20T/long/run_0 source_launch=selena_adaptime_unified_20260914T204328Z_25264_vanilla launch_id=selena_adaptime_unified_20260915T093500Z_51105_vanilla slurm_job_id=3432397 launched_at=2026-09-15T09:35:22.909665+00:00
/fslarge/scratch/users/h61084/codes/adaptime/outputs/adaptime/vanilla/univariate/Coastal_T_S/20T/long/run_0/vanilla/manifest.json
TIME run allocation action=skip run=/fslarge/scratch/users/h61084/codes/adaptime/outputs/adaptime/vanilla/univariate/Coastal_T_S/H/short/run_0 source_launch=selena_adaptime_unified_20260914T204328Z_25264_vanilla launch_id=selena_adaptime_unified_20260915T093500Z_51105_vanilla slurm_job_id=3432397 launched_at=2026-09-15T09:35:22.925640+00:00
/fslarge/scratch/users/h61084/codes/adaptime/outputs/adaptime/vanilla/univariate/Coastal_T_S/H/short/run_0/vanilla/manifest.json
TIME run allocation action=skip run=/fslarge/scratch/users/h61084/codes/adaptime/outputs/adaptime/vanilla/univariate/Coastal_T_S/H/medium/run_0 source_launch=selena_adaptime_unified_20260914T204328Z_25264_vanilla launch_id=selena_adaptime_unified_20260915T093500Z_51105_vanilla slurm_job_id=3432397 launched_at=2026-09-15T09:35:22.934809+00:00
/fslarge/scratch/users/h61084/codes/adaptime/outputs/adaptime/vanilla/univariate/Coastal_T_S/H/medium/run_0/vanilla/manifest.json
TIME run allocation action=skip run=/fslarge/scratch/users/h61084/codes/adaptime/outputs/adaptime/vanilla/univariate/Coastal_T_S/H/long/run_0 source_launch=selena_adaptime_unified_20260914T204328Z_25264_vanilla launch_id=selena_adaptime_unified_20260915T093500Z_51105_vanilla slurm_job_id=3432397 launched_at=2026-09-15T09:35:22.953413+00:00
/fslarge/scratch/users/h61084/codes/adaptime/outputs/adaptime/vanilla/univariate/Coastal_T_S/H/long/run_0/vanilla/manifest.json
TIME run allocation action=skip run=/fslarge/scratch/users/h61084/codes/adaptime/outputs/adaptime/vanilla/univariate/SG_Weather/D/short/run_0 source_launch=selena_adaptime_unified_20260914T204328Z_25264_vanilla launch_id=selena_adaptime_unified_20260915T093500Z_51105_vanilla slurm_job_id=3432397 launched_at=2026-09-15T09:35:22.969979+00:00
/fslarge/scratch/users/h61084/codes/adaptime/outputs/adaptime/vanilla/univariate/SG_Weather/D/short/run_0/vanilla/manifest.json
TIME run allocation action=skip run=/fslarge/scratch/users/h61084/codes/adaptime/outputs/adaptime/vanilla/univariate/SG_Weather/D/medium/run_0 source_launch=selena_adaptime_unified_20260914T204328Z_25264_vanilla launch_id=selena_adaptime_unified_20260915T093500Z_51105_vanilla slurm_job_id=3432397 launched_at=2026-09-15T09:35:22.981734+00:00
/fslarge/scratch/users/h61084/codes/adaptime/outputs/adaptime/vanilla/univariate/SG_Weather/D/medium/run_0/vanilla/manifest.json
TIME run allocation action=skip run=/fslarge/scratch/users/h61084/codes/adaptime/outputs/adaptime/vanilla/univariate/SG_Weather/D/long/run_0 source_launch=selena_adaptime_unified_20260914T204328Z_25264_vanilla launch_id=selena_adaptime_unified_20260915T093500Z_51105_vanilla slurm_job_id=3432397 launched_at=2026-09-15T09:35:23.001293+00:00
/fslarge/scratch/users/h61084/codes/adaptime/outputs/adaptime/vanilla/univariate/SG_Weather/D/long/run_0/vanilla/manifest.json
TIME run allocation action=skip run=/fslarge/scratch/users/h61084/codes/adaptime/outputs/adaptime/vanilla/univariate/SG_PM25/H/short/run_0 source_launch=selena_adaptime_unified_20260914T204328Z_25264_vanilla launch_id=selena_adaptime_unified_20260915T093500Z_51105_vanilla slurm_job_id=3432397 launched_at=2026-09-15T09:35:23.016791+00:00
/fslarge/scratch/users/h61084/codes/adaptime/outputs/adaptime/vanilla/univariate/SG_PM25/H/short/run_0/vanilla/manifest.json
TIME run allocation action=skip run=/fslarge/scratch/users/h61084/codes/adaptime/outputs/adaptime/vanilla/univariate/SG_PM25/H/medium/run_0 source_launch=selena_adaptime_unified_20260914T204328Z_25264_vanilla launch_id=selena_adaptime_unified_20260915T093500Z_51105_vanilla slurm_job_id=3432397 launched_at=2026-09-15T09:35:23.026828+00:00
/fslarge/scratch/users/h61084/codes/adaptime/outputs/adaptime/vanilla/univariate/SG_PM25/H/medium/run_0/vanilla/manifest.json
TIME run allocation action=skip run=/fslarge/scratch/users/h61084/codes/adaptime/outputs/adaptime/vanilla/univariate/SG_PM25/H/long/run_0 source_launch=selena_adaptime_unified_20260914T204328Z_25264_vanilla launch_id=selena_adaptime_unified_20260915T093500Z_51105_vanilla slurm_job_id=3432397 launched_at=2026-09-15T09:35:23.044416+00:00
/fslarge/scratch/users/h61084/codes/adaptime/outputs/adaptime/vanilla/univariate/SG_PM25/H/long/run_0/vanilla/manifest.json
TIME run allocation action=skip run=/fslarge/scratch/users/h61084/codes/adaptime/outputs/adaptime/vanilla/univariate/NE_China_Wind/H/short/run_0 source_launch=selena_adaptime_unified_20260914T204328Z_25264_vanilla launch_id=selena_adaptime_unified_20260915T093500Z_51105_vanilla slurm_job_id=3432397 launched_at=2026-09-15T09:35:23.059720+00:00
/fslarge/scratch/users/h61084/codes/adaptime/outputs/adaptime/vanilla/univariate/NE_China_Wind/H/short/run_0/vanilla/manifest.json
TIME run allocation action=skip run=/fslarge/scratch/users/h61084/codes/adaptime/outputs/adaptime/vanilla/univariate/NE_China_Wind/H/medium/run_0 source_launch=selena_adaptime_unified_20260914T204328Z_25264_vanilla launch_id=selena_adaptime_unified_20260915T093500Z_51105_vanilla slurm_job_id=3432397 launched_at=2026-09-15T09:35:23.069096+00:00
/fslarge/scratch/users/h61084/codes/adaptime/outputs/adaptime/vanilla/univariate/NE_China_Wind/H/medium/run_0/vanilla/manifest.json
TIME run allocation action=skip run=/fslarge/scratch/users/h61084/codes/adaptime/outputs/adaptime/vanilla/univariate/NE_China_Wind/H/long/run_0 source_launch=selena_adaptime_unified_20260914T204328Z_25264_vanilla launch_id=selena_adaptime_unified_20260915T093500Z_51105_vanilla slurm_job_id=3432397 launched_at=2026-09-15T09:35:23.087606+00:00
/fslarge/scratch/users/h61084/codes/adaptime/outputs/adaptime/vanilla/univariate/NE_China_Wind/H/long/run_0/vanilla/manifest.json
TIME run allocation action=skip run=/fslarge/scratch/users/h61084/codes/adaptime/outputs/adaptime/vanilla/univariate/Australia_Solar/H/short/run_0 source_launch=selena_adaptime_unified_20260914T204328Z_25264_vanilla launch_id=selena_adaptime_unified_20260915T093500Z_51105_vanilla slurm_job_id=3432397 launched_at=2026-09-15T09:35:23.103120+00:00
/fslarge/scratch/users/h61084/codes/adaptime/outputs/adaptime/vanilla/univariate/Australia_Solar/H/short/run_0/vanilla/manifest.json
TIME run allocation action=skip run=/fslarge/scratch/users/h61084/codes/adaptime/outputs/adaptime/vanilla/univariate/Australia_Solar/H/medium/run_0 source_launch=selena_adaptime_unified_20260914T204328Z_25264_vanilla launch_id=selena_adaptime_unified_20260915T093500Z_51105_vanilla slurm_job_id=3432397 launched_at=2026-09-15T09:35:23.112930+00:00
/fslarge/scratch/users/h61084/codes/adaptime/outputs/adaptime/vanilla/univariate/Australia_Solar/H/medium/run_0/vanilla/manifest.json
TIME run allocation action=skip run=/fslarge/scratch/users/h61084/codes/adaptime/outputs/adaptime/vanilla/univariate/Australia_Solar/H/long/run_0 source_launch=selena_adaptime_unified_20260914T204328Z_25264_vanilla launch_id=selena_adaptime_unified_20260915T093500Z_51105_vanilla slurm_job_id=3432397 launched_at=2026-09-15T09:35:23.131753+00:00
/fslarge/scratch/users/h61084/codes/adaptime/outputs/adaptime/vanilla/univariate/Australia_Solar/H/long/run_0/vanilla/manifest.json
TIME run allocation action=skip run=/fslarge/scratch/users/h61084/codes/adaptime/outputs/adaptime/vanilla/univariate/epf_electricity_price/H/short/run_0 source_launch=selena_adaptime_unified_20260914T204328Z_25264_vanilla launch_id=selena_adaptime_unified_20260915T093500Z_51105_vanilla slurm_job_id=3432397 launched_at=2026-09-15T09:35:23.146793+00:00
/fslarge/scratch/users/h61084/codes/adaptime/outputs/adaptime/vanilla/univariate/epf_electricity_price/H/short/run_0/vanilla/manifest.json
TIME run allocation action=skip run=/fslarge/scratch/users/h61084/codes/adaptime/outputs/adaptime/vanilla/univariate/epf_electricity_price/H/medium/run_0 source_launch=selena_adaptime_unified_20260914T204328Z_25264_vanilla launch_id=selena_adaptime_unified_20260915T093500Z_51105_vanilla slurm_job_id=3432397 launched_at=2026-09-15T09:35:23.156093+00:00
/fslarge/scratch/users/h61084/codes/adaptime/outputs/adaptime/vanilla/univariate/epf_electricity_price/H/medium/run_0/vanilla/manifest.json
TIME run allocation action=skip run=/fslarge/scratch/users/h61084/codes/adaptime/outputs/adaptime/vanilla/univariate/epf_electricity_price/H/long/run_0 source_launch=selena_adaptime_unified_20260914T204328Z_25264_vanilla launch_id=selena_adaptime_unified_20260915T093500Z_51105_vanilla slurm_job_id=3432397 launched_at=2026-09-15T09:35:23.174345+00:00
/fslarge/scratch/users/h61084/codes/adaptime/outputs/adaptime/vanilla/univariate/epf_electricity_price/H/long/run_0/vanilla/manifest.json
TIME run allocation action=skip run=/fslarge/scratch/users/h61084/codes/adaptime/outputs/adaptime/vanilla/univariate/OpenElectricity_NEM/5T/short/run_0 source_launch=selena_adaptime_unified_20260914T204328Z_25264_vanilla launch_id=selena_adaptime_unified_20260915T093500Z_51105_vanilla slurm_job_id=3432397 launched_at=2026-09-15T09:35:23.189966+00:00
/fslarge/scratch/users/h61084/codes/adaptime/outputs/adaptime/vanilla/univariate/OpenElectricity_NEM/5T/short/run_0/vanilla/manifest.json
TIME run allocation action=skip run=/fslarge/scratch/users/h61084/codes/adaptime/outputs/adaptime/vanilla/univariate/OpenElectricity_NEM/5T/medium/run_0 source_launch=selena_adaptime_unified_20260914T204328Z_25264_vanilla launch_id=selena_adaptime_unified_20260915T093500Z_51105_vanilla slurm_job_id=3432397 launched_at=2026-09-15T09:35:23.199179+00:00
/fslarge/scratch/users/h61084/codes/adaptime/outputs/adaptime/vanilla/univariate/OpenElectricity_NEM/5T/medium/run_0/vanilla/manifest.json
TIME run allocation action=skip run=/fslarge/scratch/users/h61084/codes/adaptime/outputs/adaptime/vanilla/univariate/OpenElectricity_NEM/5T/long/run_0 source_launch=selena_adaptime_unified_20260914T204328Z_25264_vanilla launch_id=selena_adaptime_unified_20260915T093500Z_51105_vanilla slurm_job_id=3432397 launched_at=2026-09-15T09:35:23.217425+00:00
/fslarge/scratch/users/h61084/codes/adaptime/outputs/adaptime/vanilla/univariate/OpenElectricity_NEM/5T/long/run_0/vanilla/manifest.json
TIME run allocation action=skip run=/fslarge/scratch/users/h61084/codes/adaptime/outputs/adaptime/vanilla/univariate/EWELD_Load/15T/short/run_0 source_launch=selena_adaptime_unified_20260914T204328Z_25264_vanilla launch_id=selena_adaptime_unified_20260915T093500Z_51105_vanilla slurm_job_id=3432397 launched_at=2026-09-15T09:35:23.232673+00:00
/fslarge/scratch/users/h61084/codes/adaptime/outputs/adaptime/vanilla/univariate/EWELD_Load/15T/short/run_0/vanilla/manifest.json
TIME run allocation action=skip run=/fslarge/scratch/users/h61084/codes/adaptime/outputs/adaptime/vanilla/univariate/EWELD_Load/15T/medium/run_0 source_launch=selena_adaptime_unified_20260914T204328Z_25264_vanilla launch_id=selena_adaptime_unified_20260915T093500Z_51105_vanilla slurm_job_id=3432397 launched_at=2026-09-15T09:35:23.241974+00:00
/fslarge/scratch/users/h61084/codes/adaptime/outputs/adaptime/vanilla/univariate/EWELD_Load/15T/medium/run_0/vanilla/manifest.json
TIME run allocation action=skip run=/fslarge/scratch/users/h61084/codes/adaptime/outputs/adaptime/vanilla/univariate/EWELD_Load/15T/long/run_0 source_launch=selena_adaptime_unified_20260914T204328Z_25264_vanilla launch_id=selena_adaptime_unified_20260915T093500Z_51105_vanilla slurm_job_id=3432397 launched_at=2026-09-15T09:35:23.260276+00:00
/fslarge/scratch/users/h61084/codes/adaptime/outputs/adaptime/vanilla/univariate/EWELD_Load/15T/long/run_0/vanilla/manifest.json
TIME run allocation action=skip run=/fslarge/scratch/users/h61084/codes/adaptime/outputs/adaptime/vanilla/univariate/SG_Carpark/15T/short/run_0 source_launch=selena_adaptime_unified_20260914T204328Z_25264_vanilla launch_id=selena_adaptime_unified_20260915T093500Z_51105_vanilla slurm_job_id=3432397 launched_at=2026-09-15T09:35:23.276200+00:00
/fslarge/scratch/users/h61084/codes/adaptime/outputs/adaptime/vanilla/univariate/SG_Carpark/15T/short/run_0/vanilla/manifest.json
TIME run allocation action=skip run=/fslarge/scratch/users/h61084/codes/adaptime/outputs/adaptime/vanilla/univariate/SG_Carpark/15T/medium/run_0 source_launch=selena_adaptime_unified_20260914T204328Z_25264_vanilla launch_id=selena_adaptime_unified_20260915T093500Z_51105_vanilla slurm_job_id=3432397 launched_at=2026-09-15T09:35:23.285506+00:00
/fslarge/scratch/users/h61084/codes/adaptime/outputs/adaptime/vanilla/univariate/SG_Carpark/15T/medium/run_0/vanilla/manifest.json
TIME run allocation action=skip run=/fslarge/scratch/users/h61084/codes/adaptime/outputs/adaptime/vanilla/univariate/SG_Carpark/15T/long/run_0 source_launch=selena_adaptime_unified_20260914T204328Z_25264_vanilla launch_id=selena_adaptime_unified_20260915T093500Z_51105_vanilla slurm_job_id=3432397 launched_at=2026-09-15T09:35:23.304068+00:00
/fslarge/scratch/users/h61084/codes/adaptime/outputs/adaptime/vanilla/univariate/SG_Carpark/15T/long/run_0/vanilla/manifest.json
TIME run allocation action=skip run=/fslarge/scratch/users/h61084/codes/adaptime/outputs/adaptime/vanilla/univariate/Finland_Traffic/15T/short/run_0 source_launch=selena_adaptime_unified_20260914T204328Z_25264_vanilla launch_id=selena_adaptime_unified_20260915T093500Z_51105_vanilla slurm_job_id=3432397 launched_at=2026-09-15T09:35:23.319256+00:00
/fslarge/scratch/users/h61084/codes/adaptime/outputs/adaptime/vanilla/univariate/Finland_Traffic/15T/short/run_0/vanilla/manifest.json
TIME run allocation action=skip run=/fslarge/scratch/users/h61084/codes/adaptime/outputs/adaptime/vanilla/univariate/Finland_Traffic/15T/medium/run_0 source_launch=selena_adaptime_unified_20260914T204328Z_25264_vanilla launch_id=selena_adaptime_unified_20260915T093500Z_51105_vanilla slurm_job_id=3432397 launched_at=2026-09-15T09:35:23.328463+00:00
/fslarge/scratch/users/h61084/codes/adaptime/outputs/adaptime/vanilla/univariate/Finland_Traffic/15T/medium/run_0/vanilla/manifest.json
TIME run allocation action=skip run=/fslarge/scratch/users/h61084/codes/adaptime/outputs/adaptime/vanilla/univariate/Finland_Traffic/15T/long/run_0 source_launch=selena_adaptime_unified_20260914T204328Z_25264_vanilla launch_id=selena_adaptime_unified_20260915T093500Z_51105_vanilla slurm_job_id=3432397 launched_at=2026-09-15T09:35:23.346810+00:00
/fslarge/scratch/users/h61084/codes/adaptime/outputs/adaptime/vanilla/univariate/Finland_Traffic/15T/long/run_0/vanilla/manifest.json
TIME run allocation action=skip run=/fslarge/scratch/users/h61084/codes/adaptime/outputs/adaptime/vanilla/univariate/Port_Activity/D/short/run_0 source_launch=selena_adaptime_unified_20260914T204328Z_25264_vanilla launch_id=selena_adaptime_unified_20260915T093500Z_51105_vanilla slurm_job_id=3432397 launched_at=2026-09-15T09:35:23.361928+00:00
/fslarge/scratch/users/h61084/codes/adaptime/outputs/adaptime/vanilla/univariate/Port_Activity/D/short/run_0/vanilla/manifest.json
TIME run allocation action=skip run=/fslarge/scratch/users/h61084/codes/adaptime/outputs/adaptime/vanilla/univariate/Port_Activity/W/short/run_0 source_launch=selena_adaptime_unified_20260914T204328Z_25264_vanilla launch_id=selena_adaptime_unified_20260915T093500Z_51105_vanilla slurm_job_id=3432397 launched_at=2026-09-15T09:35:23.371194+00:00
/fslarge/scratch/users/h61084/codes/adaptime/outputs/adaptime/vanilla/univariate/Port_Activity/W/short/run_0/vanilla/manifest.json
TIME run allocation action=skip run=/fslarge/scratch/users/h61084/codes/adaptime/outputs/adaptime/vanilla/univariate/ECDC_COVID/D/short/run_0 source_launch=selena_adaptime_unified_20260914T204328Z_25264_vanilla launch_id=selena_adaptime_unified_20260915T093500Z_51105_vanilla slurm_job_id=3432397 launched_at=2026-09-15T09:35:23.389876+00:00
/fslarge/scratch/users/h61084/codes/adaptime/outputs/adaptime/vanilla/univariate/ECDC_COVID/D/short/run_0/vanilla/manifest.json
TIME run allocation action=skip run=/fslarge/scratch/users/h61084/codes/adaptime/outputs/adaptime/vanilla/univariate/ECDC_COVID/W/short/run_0 source_launch=selena_adaptime_unified_20260914T204328Z_25264_vanilla launch_id=selena_adaptime_unified_20260915T093500Z_51105_vanilla slurm_job_id=3432397 launched_at=2026-09-15T09:35:23.405144+00:00
/fslarge/scratch/users/h61084/codes/adaptime/outputs/adaptime/vanilla/univariate/ECDC_COVID/W/short/run_0/vanilla/manifest.json
TIME run allocation action=skip run=/fslarge/scratch/users/h61084/codes/adaptime/outputs/adaptime/vanilla/univariate/Global_Influenza/W/short/run_0 source_launch=selena_adaptime_unified_20260914T204328Z_25264_vanilla launch_id=selena_adaptime_unified_20260915T093500Z_51105_vanilla slurm_job_id=3432397 launched_at=2026-09-15T09:35:23.415033+00:00
/fslarge/scratch/users/h61084/codes/adaptime/outputs/adaptime/vanilla/univariate/Global_Influenza/W/short/run_0/vanilla/manifest.json
TIME run allocation action=skip run=/fslarge/scratch/users/h61084/codes/adaptime/outputs/adaptime/vanilla/univariate/Crypto/D/short/run_0 source_launch=selena_adaptime_unified_20260914T204328Z_25264_vanilla launch_id=selena_adaptime_unified_20260915T093500Z_51105_vanilla slurm_job_id=3432397 launched_at=2026-09-15T09:35:23.433897+00:00
/fslarge/scratch/users/h61084/codes/adaptime/outputs/adaptime/vanilla/univariate/Crypto/D/short/run_0/vanilla/manifest.json
TIME run allocation action=skip run=/fslarge/scratch/users/h61084/codes/adaptime/outputs/adaptime/vanilla/univariate/US_Term_Structure/B/short/run_0 source_launch=selena_adaptime_unified_20260914T204328Z_25264_vanilla launch_id=selena_adaptime_unified_20260915T093500Z_51105_vanilla slurm_job_id=3432397 launched_at=2026-09-15T09:35:23.448833+00:00
/fslarge/scratch/users/h61084/codes/adaptime/outputs/adaptime/vanilla/univariate/US_Term_Structure/B/short/run_0/vanilla/manifest.json
TIME run allocation action=skip run=/fslarge/scratch/users/h61084/codes/adaptime/outputs/adaptime/vanilla/univariate/Oil_Price/B/short/run_0 source_launch=selena_adaptime_unified_20260914T204328Z_25264_vanilla launch_id=selena_adaptime_unified_20260915T093500Z_51105_vanilla slurm_job_id=3432397 launched_at=2026-09-15T09:35:23.458200+00:00
/fslarge/scratch/users/h61084/codes/adaptime/outputs/adaptime/vanilla/univariate/Oil_Price/B/short/run_0/vanilla/manifest.json
TIME run allocation action=skip run=/fslarge/scratch/users/h61084/codes/adaptime/outputs/adaptime/vanilla/univariate/Job_Claims/W/short/run_0 source_launch=selena_adaptime_unified_20260914T204328Z_25264_vanilla launch_id=selena_adaptime_unified_20260915T093500Z_51105_vanilla slurm_job_id=3432397 launched_at=2026-09-15T09:35:23.476806+00:00
/fslarge/scratch/users/h61084/codes/adaptime/outputs/adaptime/vanilla/univariate/Job_Claims/W/short/run_0/vanilla/manifest.json
TIME run allocation action=skip run=/fslarge/scratch/users/h61084/codes/adaptime/outputs/adaptime/vanilla/univariate/Uncertainty_1M/M/short/run_0 source_launch=selena_adaptime_unified_20260914T204328Z_25264_vanilla launch_id=selena_adaptime_unified_20260915T093500Z_51105_vanilla slurm_job_id=3432397 launched_at=2026-09-15T09:35:23.492357+00:00
/fslarge/scratch/users/h61084/codes/adaptime/outputs/adaptime/vanilla/univariate/Uncertainty_1M/M/short/run_0/vanilla/manifest.json
TIME run allocation action=skip run=/fslarge/scratch/users/h61084/codes/adaptime/outputs/adaptime/vanilla/univariate/Housing_Inventory/M/short/run_0 source_launch=selena_adaptime_unified_20260914T204328Z_25264_vanilla launch_id=selena_adaptime_unified_20260915T093500Z_51105_vanilla slurm_job_id=3432397 launched_at=2026-09-15T09:35:23.502674+00:00
/fslarge/scratch/users/h61084/codes/adaptime/outputs/adaptime/vanilla/univariate/Housing_Inventory/M/short/run_0/vanilla/manifest.json
TIME run allocation action=skip run=/fslarge/scratch/users/h61084/codes/adaptime/outputs/adaptime/vanilla/univariate/JOLTS/M/short/run_0 source_launch=selena_adaptime_unified_20260914T204328Z_25264_vanilla launch_id=selena_adaptime_unified_20260915T093500Z_51105_vanilla slurm_job_id=3432397 launched_at=2026-09-15T09:35:23.521741+00:00
/fslarge/scratch/users/h61084/codes/adaptime/outputs/adaptime/vanilla/univariate/JOLTS/M/short/run_0/vanilla/manifest.json
TIME run allocation action=skip run=/fslarge/scratch/users/h61084/codes/adaptime/outputs/adaptime/vanilla/univariate/US_Labor/M/short/run_0 source_launch=selena_adaptime_unified_20260914T204328Z_25264_vanilla launch_id=selena_adaptime_unified_20260915T093500Z_51105_vanilla slurm_job_id=3432397 launched_at=2026-09-15T09:35:23.536473+00:00
/fslarge/scratch/users/h61084/codes/adaptime/outputs/adaptime/vanilla/univariate/US_Labor/M/short/run_0/vanilla/manifest.json
TIME run allocation action=skip run=/fslarge/scratch/users/h61084/codes/adaptime/outputs/adaptime/vanilla/univariate/Vehicle_Supply/M/short/run_0 source_launch=selena_adaptime_unified_20260914T204328Z_25264_vanilla launch_id=selena_adaptime_unified_20260915T093500Z_51105_vanilla slurm_job_id=3432397 launched_at=2026-09-15T09:35:23.545973+00:00
/fslarge/scratch/users/h61084/codes/adaptime/outputs/adaptime/vanilla/univariate/Vehicle_Supply/M/short/run_0/vanilla/manifest.json
TIME run allocation action=skip run=/fslarge/scratch/users/h61084/codes/adaptime/outputs/adaptime/vanilla/univariate/Auto_Production_SF/M/short/run_0 source_launch=selena_adaptime_unified_20260914T204328Z_25264_vanilla launch_id=selena_adaptime_unified_20260915T093500Z_51105_vanilla slurm_job_id=3432397 launched_at=2026-09-15T09:35:23.564571+00:00
/fslarge/scratch/users/h61084/codes/adaptime/outputs/adaptime/vanilla/univariate/Auto_Production_SF/M/short/run_0/vanilla/manifest.json
TIME run allocation action=skip run=/fslarge/scratch/users/h61084/codes/adaptime/outputs/adaptime/vanilla/univariate/Commodity_Production/M/short/run_0 source_launch=selena_adaptime_unified_20260914T204328Z_25264_vanilla launch_id=selena_adaptime_unified_20260915T093500Z_51105_vanilla slurm_job_id=3432397 launched_at=2026-09-15T09:35:23.579238+00:00
/fslarge/scratch/users/h61084/codes/adaptime/outputs/adaptime/vanilla/univariate/Commodity_Production/M/short/run_0/vanilla/manifest.json
TIME run allocation action=skip run=/fslarge/scratch/users/h61084/codes/adaptime/outputs/adaptime/vanilla/univariate/Commodity_Import/M/short/run_0 source_launch=selena_adaptime_unified_20260914T204328Z_25264_vanilla launch_id=selena_adaptime_unified_20260915T093500Z_51105_vanilla slurm_job_id=3432397 launched_at=2026-09-15T09:35:23.588900+00:00
/fslarge/scratch/users/h61084/codes/adaptime/outputs/adaptime/vanilla/univariate/Commodity_Import/M/short/run_0/vanilla/manifest.json
TIME run allocation action=skip run=/fslarge/scratch/users/h61084/codes/adaptime/outputs/adaptime/vanilla/univariate/WUI_Global/Q/short/run_0 source_launch=selena_adaptime_unified_20260914T204328Z_25264_vanilla launch_id=selena_adaptime_unified_20260915T093500Z_51105_vanilla slurm_job_id=3432397 launched_at=2026-09-15T09:35:23.607814+00:00
/fslarge/scratch/users/h61084/codes/adaptime/outputs/adaptime/vanilla/univariate/WUI_Global/Q/short/run_0/vanilla/manifest.json
TIME run allocation action=skip run=/fslarge/scratch/users/h61084/codes/adaptime/outputs/adaptime/vanilla/univariate/Global_Price/Q/short/run_0 source_launch=selena_adaptime_unified_20260914T204328Z_25264_vanilla launch_id=selena_adaptime_unified_20260915T093500Z_51105_vanilla slurm_job_id=3432397 launched_at=2026-09-15T09:35:23.623407+00:00
/fslarge/scratch/users/h61084/codes/adaptime/outputs/adaptime/vanilla/univariate/Global_Price/Q/short/run_0/vanilla/manifest.json
TIME run allocation action=skip run=/fslarge/scratch/users/h61084/codes/adaptime/outputs/adaptime/vanilla/univariate/Vehicle_Sales/M/short/run_0 source_launch=selena_adaptime_unified_20260914T204328Z_25264_vanilla launch_id=selena_adaptime_unified_20260915T093500Z_51105_vanilla slurm_job_id=3432397 launched_at=2026-09-15T09:35:23.633106+00:00
/fslarge/scratch/users/h61084/codes/adaptime/outputs/adaptime/vanilla/univariate/Vehicle_Sales/M/short/run_0/vanilla/manifest.json
TIME run allocation action=skip run=/fslarge/scratch/users/h61084/codes/adaptime/outputs/adaptime/vanilla/univariate/Online_Retail_2_UCI/D/short/run_0 source_launch=selena_adaptime_unified_20260914T204328Z_25264_vanilla launch_id=selena_adaptime_unified_20260915T093500Z_51105_vanilla slurm_job_id=3432397 launched_at=2026-09-15T09:35:23.651716+00:00
/fslarge/scratch/users/h61084/codes/adaptime/outputs/adaptime/vanilla/univariate/Online_Retail_2_UCI/D/short/run_0/vanilla/manifest.json
TIME run allocation action=skip run=/fslarge/scratch/users/h61084/codes/adaptime/outputs/adaptime/vanilla/univariate/Supply_Chain_Customer/D/short/run_0 source_launch=selena_adaptime_unified_20260914T204328Z_25264_vanilla launch_id=selena_adaptime_unified_20260915T093500Z_51105_vanilla slurm_job_id=3432397 launched_at=2026-09-15T09:35:23.666622+00:00
/fslarge/scratch/users/h61084/codes/adaptime/outputs/adaptime/vanilla/univariate/Supply_Chain_Customer/D/short/run_0/vanilla/manifest.json
TIME run allocation action=skip run=/fslarge/scratch/users/h61084/codes/adaptime/outputs/adaptime/vanilla/univariate/Supply_Chain_Location/D/short/run_0 source_launch=selena_adaptime_unified_20260914T204328Z_25264_vanilla launch_id=selena_adaptime_unified_20260915T093500Z_51105_vanilla slurm_job_id=3432397 launched_at=2026-09-15T09:35:23.676380+00:00
/fslarge/scratch/users/h61084/codes/adaptime/outputs/adaptime/vanilla/univariate/Supply_Chain_Location/D/short/run_0/vanilla/manifest.json
TIME run allocation action=skip run=/fslarge/scratch/users/h61084/codes/adaptime/outputs/adaptime/vanilla/univariate/azure2019_D/5T/short/run_0 source_launch=selena_adaptime_unified_20260914T204328Z_25264_vanilla launch_id=selena_adaptime_unified_20260915T093500Z_51105_vanilla slurm_job_id=3432397 launched_at=2026-09-15T09:35:23.695125+00:00
/fslarge/scratch/users/h61084/codes/adaptime/outputs/adaptime/vanilla/univariate/azure2019_D/5T/short/run_0/vanilla/manifest.json
TIME run allocation action=skip run=/fslarge/scratch/users/h61084/codes/adaptime/outputs/adaptime/vanilla/univariate/azure2019_I/5T/short/run_0 source_launch=selena_adaptime_unified_20260914T204328Z_25264_vanilla launch_id=selena_adaptime_unified_20260915T093500Z_51105_vanilla slurm_job_id=3432397 launched_at=2026-09-15T09:35:23.710034+00:00
/fslarge/scratch/users/h61084/codes/adaptime/outputs/adaptime/vanilla/univariate/azure2019_I/5T/short/run_0/vanilla/manifest.json
TIME run allocation action=skip run=/fslarge/scratch/users/h61084/codes/adaptime/outputs/adaptime/vanilla/univariate/azure2019_U/5T/short/run_0 source_launch=selena_adaptime_unified_20260914T204328Z_25264_vanilla launch_id=selena_adaptime_unified_20260915T093500Z_51105_vanilla slurm_job_id=3432397 launched_at=2026-09-15T09:35:23.720089+00:00
/fslarge/scratch/users/h61084/codes/adaptime/outputs/adaptime/vanilla/univariate/azure2019_U/5T/short/run_0/vanilla/manifest.json
TIME run allocation action=skip run=/fslarge/scratch/users/h61084/codes/adaptime/outputs/adaptime/vanilla/univariate/Smart_Manufacturing/H/short/run_0 source_launch=selena_adaptime_unified_20260914T204328Z_25264_vanilla launch_id=selena_adaptime_unified_20260915T093500Z_51105_vanilla slurm_job_id=3432397 launched_at=2026-09-15T09:35:23.738945+00:00
/fslarge/scratch/users/h61084/codes/adaptime/outputs/adaptime/vanilla/univariate/Smart_Manufacturing/H/short/run_0/vanilla/manifest.json
TIME run allocation action=skip run=/fslarge/scratch/users/h61084/codes/adaptime/outputs/adaptime/vanilla/univariate/Smart_Manufacturing/H/medium/run_0 source_launch=selena_adaptime_unified_20260914T204328Z_25264_vanilla launch_id=selena_adaptime_unified_20260915T093500Z_51105_vanilla slurm_job_id=3432397 launched_at=2026-09-15T09:35:23.753143+00:00
/fslarge/scratch/users/h61084/codes/adaptime/outputs/adaptime/vanilla/univariate/Smart_Manufacturing/H/medium/run_0/vanilla/manifest.json
TIME run allocation action=skip run=/fslarge/scratch/users/h61084/codes/adaptime/outputs/adaptime/vanilla/univariate/Smart_Manufacturing/H/long/run_0 source_launch=selena_adaptime_unified_20260914T204328Z_25264_vanilla launch_id=selena_adaptime_unified_20260915T093500Z_51105_vanilla slurm_job_id=3432397 launched_at=2026-09-15T09:35:23.762104+00:00
/fslarge/scratch/users/h61084/codes/adaptime/outputs/adaptime/vanilla/univariate/Smart_Manufacturing/H/long/run_0/vanilla/manifest.json
TIME run allocation action=skip run=/fslarge/scratch/users/h61084/codes/adaptime/outputs/adaptime/vanilla/univariate/MetroPT-3/5T/short/run_0 source_launch=selena_adaptime_unified_20260914T204328Z_25264_vanilla launch_id=selena_adaptime_unified_20260915T093500Z_51105_vanilla slurm_job_id=3432397 launched_at=2026-09-15T09:35:23.777883+00:00
/fslarge/scratch/users/h61084/codes/adaptime/outputs/adaptime/vanilla/univariate/MetroPT-3/5T/short/run_0/vanilla/manifest.json
TIME run allocation action=skip run=/fslarge/scratch/users/h61084/codes/adaptime/outputs/adaptime/vanilla/univariate/MetroPT-3/5T/medium/run_0 source_launch=selena_adaptime_unified_20260914T204328Z_25264_vanilla launch_id=selena_adaptime_unified_20260915T093500Z_51105_vanilla slurm_job_id=3432397 launched_at=2026-09-15T09:35:23.795090+00:00
/fslarge/scratch/users/h61084/codes/adaptime/outputs/adaptime/vanilla/univariate/MetroPT-3/5T/medium/run_0/vanilla/manifest.json
TIME run allocation action=skip run=/fslarge/scratch/users/h61084/codes/adaptime/outputs/adaptime/vanilla/univariate/MetroPT-3/5T/long/run_0 source_launch=selena_adaptime_unified_20260914T204328Z_25264_vanilla launch_id=selena_adaptime_unified_20260915T093500Z_51105_vanilla slurm_job_id=3432397 launched_at=2026-09-15T09:35:23.804218+00:00
/fslarge/scratch/users/h61084/codes/adaptime/outputs/adaptime/vanilla/univariate/MetroPT-3/5T/long/run_0/vanilla/manifest.json
2026-09-15 11:35:24 | task TIME-wide Adaptime method=vanilla stage=vanilla completed status=success
2026-09-15 11:35:24 | stage vanilla completed status=success
2026-09-15 11:35:24 | workflow adaptime completed status=success exit_code=0
