2026-09-15 17:34:18 | workflow adaptime started launch_id=selena_adaptime_unified_20260915T153415Z_57382_prepare task=vanilla_prepare slurm_job_id=3437177 slurm_array_job_id=none slurm_array_task_id=none
2026-09-15 17:34:18 | stage prepare started
2026-09-15 17:34:18 | task TIME-wide Adaptime method=vanilla stage=prepare started
TIME run allocation action=skip run=/fslarge/scratch/users/h61084/codes/adaptime/outputs/adaptime/data/shared/univariate/Water_Quality_Darwin/15T/short/run_0 source_launch=selena_adaptime_unified_20260914T204328Z_25264_prepare launch_id=selena_adaptime_unified_20260915T153415Z_57382_prepare slurm_job_id=3437177 launched_at=2026-09-15T15:34:29.130938+00:00
/fslarge/scratch/users/h61084/codes/adaptime/outputs/adaptime/data/shared/univariate/Water_Quality_Darwin/15T/short/run_0/prepared/manifest.json
TIME run allocation action=skip run=/fslarge/scratch/users/h61084/codes/adaptime/outputs/adaptime/data/shared/univariate/Water_Quality_Darwin/15T/medium/run_0 source_launch=selena_adaptime_unified_20260914T204328Z_25264_prepare launch_id=selena_adaptime_unified_20260915T153415Z_57382_prepare slurm_job_id=3437177 launched_at=2026-09-15T15:34:29.134356+00:00
/fslarge/scratch/users/h61084/codes/adaptime/outputs/adaptime/data/shared/univariate/Water_Quality_Darwin/15T/medium/run_0/prepared/manifest.json
TIME run allocation action=skip run=/fslarge/scratch/users/h61084/codes/adaptime/outputs/adaptime/data/shared/univariate/Water_Quality_Darwin/15T/long/run_0 source_launch=selena_adaptime_unified_20260914T204328Z_25264_prepare launch_id=selena_adaptime_unified_20260915T153415Z_57382_prepare slurm_job_id=3437177 launched_at=2026-09-15T15:34:29.137633+00:00
/fslarge/scratch/users/h61084/codes/adaptime/outputs/adaptime/data/shared/univariate/Water_Quality_Darwin/15T/long/run_0/prepared/manifest.json
TIME run allocation action=skip run=/fslarge/scratch/users/h61084/codes/adaptime/outputs/adaptime/data/shared/univariate/current_velocity/5T/short/run_0 source_launch=selena_adaptime_unified_20260914T204328Z_25264_prepare launch_id=selena_adaptime_unified_20260915T153415Z_57382_prepare slurm_job_id=3437177 launched_at=2026-09-15T15:34:29.140541+00:00
/fslarge/scratch/users/h61084/codes/adaptime/outputs/adaptime/data/shared/univariate/current_velocity/5T/short/run_0/prepared/manifest.json
TIME run allocation action=skip run=/fslarge/scratch/users/h61084/codes/adaptime/outputs/adaptime/data/shared/univariate/current_velocity/5T/medium/run_0 source_launch=selena_adaptime_unified_20260914T204328Z_25264_prepare launch_id=selena_adaptime_unified_20260915T153415Z_57382_prepare slurm_job_id=3437177 launched_at=2026-09-15T15:34:29.143461+00:00
/fslarge/scratch/users/h61084/codes/adaptime/outputs/adaptime/data/shared/univariate/current_velocity/5T/medium/run_0/prepared/manifest.json
TIME run allocation action=skip run=/fslarge/scratch/users/h61084/codes/adaptime/outputs/adaptime/data/shared/univariate/current_velocity/5T/long/run_0 source_launch=selena_adaptime_unified_20260914T204328Z_25264_prepare launch_id=selena_adaptime_unified_20260915T153415Z_57382_prepare slurm_job_id=3437177 launched_at=2026-09-15T15:34:29.146352+00:00
/fslarge/scratch/users/h61084/codes/adaptime/outputs/adaptime/data/shared/univariate/current_velocity/5T/long/run_0/prepared/manifest.json
TIME run allocation action=skip run=/fslarge/scratch/users/h61084/codes/adaptime/outputs/adaptime/data/shared/univariate/current_velocity/10T/short/run_0 source_launch=selena_adaptime_unified_20260914T204328Z_25264_prepare launch_id=selena_adaptime_unified_20260915T153415Z_57382_prepare slurm_job_id=3437177 launched_at=2026-09-15T15:34:29.149120+00:00
/fslarge/scratch/users/h61084/codes/adaptime/outputs/adaptime/data/shared/univariate/current_velocity/10T/short/run_0/prepared/manifest.json
TIME run allocation action=skip run=/fslarge/scratch/users/h61084/codes/adaptime/outputs/adaptime/data/shared/univariate/current_velocity/10T/medium/run_0 source_launch=selena_adaptime_unified_20260914T204328Z_25264_prepare launch_id=selena_adaptime_unified_20260915T153415Z_57382_prepare slurm_job_id=3437177 launched_at=2026-09-15T15:34:29.151860+00:00
/fslarge/scratch/users/h61084/codes/adaptime/outputs/adaptime/data/shared/univariate/current_velocity/10T/medium/run_0/prepared/manifest.json
TIME run allocation action=skip run=/fslarge/scratch/users/h61084/codes/adaptime/outputs/adaptime/data/shared/univariate/current_velocity/10T/long/run_0 source_launch=selena_adaptime_unified_20260914T204328Z_25264_prepare launch_id=selena_adaptime_unified_20260915T153415Z_57382_prepare slurm_job_id=3437177 launched_at=2026-09-15T15:34:29.155119+00:00
/fslarge/scratch/users/h61084/codes/adaptime/outputs/adaptime/data/shared/univariate/current_velocity/10T/long/run_0/prepared/manifest.json
TIME run allocation action=skip run=/fslarge/scratch/users/h61084/codes/adaptime/outputs/adaptime/data/shared/univariate/current_velocity/15T/short/run_0 source_launch=selena_adaptime_unified_20260914T204328Z_25264_prepare launch_id=selena_adaptime_unified_20260915T153415Z_57382_prepare slurm_job_id=3437177 launched_at=2026-09-15T15:34:29.157774+00:00
/fslarge/scratch/users/h61084/codes/adaptime/outputs/adaptime/data/shared/univariate/current_velocity/15T/short/run_0/prepared/manifest.json
TIME run allocation action=skip run=/fslarge/scratch/users/h61084/codes/adaptime/outputs/adaptime/data/shared/univariate/current_velocity/15T/medium/run_0 source_launch=selena_adaptime_unified_20260914T204328Z_25264_prepare launch_id=selena_adaptime_unified_20260915T153415Z_57382_prepare slurm_job_id=3437177 launched_at=2026-09-15T15:34:29.160691+00:00
/fslarge/scratch/users/h61084/codes/adaptime/outputs/adaptime/data/shared/univariate/current_velocity/15T/medium/run_0/prepared/manifest.json
TIME run allocation action=skip run=/fslarge/scratch/users/h61084/codes/adaptime/outputs/adaptime/data/shared/univariate/current_velocity/15T/long/run_0 source_launch=selena_adaptime_unified_20260914T204328Z_25264_prepare launch_id=selena_adaptime_unified_20260915T153415Z_57382_prepare slurm_job_id=3437177 launched_at=2026-09-15T15:34:29.163521+00:00
/fslarge/scratch/users/h61084/codes/adaptime/outputs/adaptime/data/shared/univariate/current_velocity/15T/long/run_0/prepared/manifest.json
TIME run allocation action=skip run=/fslarge/scratch/users/h61084/codes/adaptime/outputs/adaptime/data/shared/univariate/current_velocity/H/short/run_0 source_launch=selena_adaptime_unified_20260914T204328Z_25264_prepare launch_id=selena_adaptime_unified_20260915T153415Z_57382_prepare slurm_job_id=3437177 launched_at=2026-09-15T15:34:29.166877+00:00
/fslarge/scratch/users/h61084/codes/adaptime/outputs/adaptime/data/shared/univariate/current_velocity/H/short/run_0/prepared/manifest.json
TIME run allocation action=skip run=/fslarge/scratch/users/h61084/codes/adaptime/outputs/adaptime/data/shared/univariate/current_velocity/H/medium/run_0 source_launch=selena_adaptime_unified_20260914T204328Z_25264_prepare launch_id=selena_adaptime_unified_20260915T153415Z_57382_prepare slurm_job_id=3437177 launched_at=2026-09-15T15:34:29.169931+00:00
/fslarge/scratch/users/h61084/codes/adaptime/outputs/adaptime/data/shared/univariate/current_velocity/H/medium/run_0/prepared/manifest.json
TIME run allocation action=skip run=/fslarge/scratch/users/h61084/codes/adaptime/outputs/adaptime/data/shared/univariate/current_velocity/H/long/run_0 source_launch=selena_adaptime_unified_20260914T204328Z_25264_prepare launch_id=selena_adaptime_unified_20260915T153415Z_57382_prepare slurm_job_id=3437177 launched_at=2026-09-15T15:34:29.172826+00:00
/fslarge/scratch/users/h61084/codes/adaptime/outputs/adaptime/data/shared/univariate/current_velocity/H/long/run_0/prepared/manifest.json
TIME run allocation action=skip run=/fslarge/scratch/users/h61084/codes/adaptime/outputs/adaptime/data/shared/univariate/CPHL/15T/short/run_0 source_launch=selena_adaptime_unified_20260914T204328Z_25264_prepare launch_id=selena_adaptime_unified_20260915T153415Z_57382_prepare slurm_job_id=3437177 launched_at=2026-09-15T15:34:29.175807+00:00
/fslarge/scratch/users/h61084/codes/adaptime/outputs/adaptime/data/shared/univariate/CPHL/15T/short/run_0/prepared/manifest.json
TIME run allocation action=skip run=/fslarge/scratch/users/h61084/codes/adaptime/outputs/adaptime/data/shared/univariate/CPHL/15T/medium/run_0 source_launch=selena_adaptime_unified_20260914T204328Z_25264_prepare launch_id=selena_adaptime_unified_20260915T153415Z_57382_prepare slurm_job_id=3437177 launched_at=2026-09-15T15:34:29.178652+00:00
/fslarge/scratch/users/h61084/codes/adaptime/outputs/adaptime/data/shared/univariate/CPHL/15T/medium/run_0/prepared/manifest.json
TIME run allocation action=skip run=/fslarge/scratch/users/h61084/codes/adaptime/outputs/adaptime/data/shared/univariate/CPHL/15T/long/run_0 source_launch=selena_adaptime_unified_20260914T204328Z_25264_prepare launch_id=selena_adaptime_unified_20260915T153415Z_57382_prepare slurm_job_id=3437177 launched_at=2026-09-15T15:34:29.181432+00:00
/fslarge/scratch/users/h61084/codes/adaptime/outputs/adaptime/data/shared/univariate/CPHL/15T/long/run_0/prepared/manifest.json
TIME run allocation action=skip run=/fslarge/scratch/users/h61084/codes/adaptime/outputs/adaptime/data/shared/univariate/CPHL/30T/short/run_0 source_launch=selena_adaptime_unified_20260914T204328Z_25264_prepare launch_id=selena_adaptime_unified_20260915T153415Z_57382_prepare slurm_job_id=3437177 launched_at=2026-09-15T15:34:29.184331+00:00
/fslarge/scratch/users/h61084/codes/adaptime/outputs/adaptime/data/shared/univariate/CPHL/30T/short/run_0/prepared/manifest.json
TIME run allocation action=skip run=/fslarge/scratch/users/h61084/codes/adaptime/outputs/adaptime/data/shared/univariate/CPHL/30T/medium/run_0 source_launch=selena_adaptime_unified_20260914T204328Z_25264_prepare launch_id=selena_adaptime_unified_20260915T153415Z_57382_prepare slurm_job_id=3437177 launched_at=2026-09-15T15:34:29.187027+00:00
/fslarge/scratch/users/h61084/codes/adaptime/outputs/adaptime/data/shared/univariate/CPHL/30T/medium/run_0/prepared/manifest.json
TIME run allocation action=skip run=/fslarge/scratch/users/h61084/codes/adaptime/outputs/adaptime/data/shared/univariate/CPHL/30T/long/run_0 source_launch=selena_adaptime_unified_20260914T204328Z_25264_prepare launch_id=selena_adaptime_unified_20260915T153415Z_57382_prepare slurm_job_id=3437177 launched_at=2026-09-15T15:34:29.189781+00:00
/fslarge/scratch/users/h61084/codes/adaptime/outputs/adaptime/data/shared/univariate/CPHL/30T/long/run_0/prepared/manifest.json
TIME run allocation action=skip run=/fslarge/scratch/users/h61084/codes/adaptime/outputs/adaptime/data/shared/univariate/CPHL/H/short/run_0 source_launch=selena_adaptime_unified_20260914T204328Z_25264_prepare launch_id=selena_adaptime_unified_20260915T153415Z_57382_prepare slurm_job_id=3437177 launched_at=2026-09-15T15:34:29.192593+00:00
/fslarge/scratch/users/h61084/codes/adaptime/outputs/adaptime/data/shared/univariate/CPHL/H/short/run_0/prepared/manifest.json
TIME run allocation action=skip run=/fslarge/scratch/users/h61084/codes/adaptime/outputs/adaptime/data/shared/univariate/CPHL/H/medium/run_0 source_launch=selena_adaptime_unified_20260914T204328Z_25264_prepare launch_id=selena_adaptime_unified_20260915T153415Z_57382_prepare slurm_job_id=3437177 launched_at=2026-09-15T15:34:29.195317+00:00
/fslarge/scratch/users/h61084/codes/adaptime/outputs/adaptime/data/shared/univariate/CPHL/H/medium/run_0/prepared/manifest.json
TIME run allocation action=skip run=/fslarge/scratch/users/h61084/codes/adaptime/outputs/adaptime/data/shared/univariate/CPHL/H/long/run_0 source_launch=selena_adaptime_unified_20260914T204328Z_25264_prepare launch_id=selena_adaptime_unified_20260915T153415Z_57382_prepare slurm_job_id=3437177 launched_at=2026-09-15T15:34:29.198109+00:00
/fslarge/scratch/users/h61084/codes/adaptime/outputs/adaptime/data/shared/univariate/CPHL/H/long/run_0/prepared/manifest.json
TIME run allocation action=skip run=/fslarge/scratch/users/h61084/codes/adaptime/outputs/adaptime/data/shared/univariate/Coastal_T_S/15T/short/run_0 source_launch=selena_adaptime_unified_20260914T204328Z_25264_prepare launch_id=selena_adaptime_unified_20260915T153415Z_57382_prepare slurm_job_id=3437177 launched_at=2026-09-15T15:34:29.200813+00:00
/fslarge/scratch/users/h61084/codes/adaptime/outputs/adaptime/data/shared/univariate/Coastal_T_S/15T/short/run_0/prepared/manifest.json
TIME run allocation action=skip run=/fslarge/scratch/users/h61084/codes/adaptime/outputs/adaptime/data/shared/univariate/Coastal_T_S/15T/medium/run_0 source_launch=selena_adaptime_unified_20260914T204328Z_25264_prepare launch_id=selena_adaptime_unified_20260915T153415Z_57382_prepare slurm_job_id=3437177 launched_at=2026-09-15T15:34:29.203582+00:00
/fslarge/scratch/users/h61084/codes/adaptime/outputs/adaptime/data/shared/univariate/Coastal_T_S/15T/medium/run_0/prepared/manifest.json
TIME run allocation action=skip run=/fslarge/scratch/users/h61084/codes/adaptime/outputs/adaptime/data/shared/univariate/Coastal_T_S/15T/long/run_0 source_launch=selena_adaptime_unified_20260914T204328Z_25264_prepare launch_id=selena_adaptime_unified_20260915T153415Z_57382_prepare slurm_job_id=3437177 launched_at=2026-09-15T15:34:29.206308+00:00
/fslarge/scratch/users/h61084/codes/adaptime/outputs/adaptime/data/shared/univariate/Coastal_T_S/15T/long/run_0/prepared/manifest.json
TIME run allocation action=skip run=/fslarge/scratch/users/h61084/codes/adaptime/outputs/adaptime/data/shared/univariate/Coastal_T_S/20T/short/run_0 source_launch=selena_adaptime_unified_20260914T204328Z_25264_prepare launch_id=selena_adaptime_unified_20260915T153415Z_57382_prepare slurm_job_id=3437177 launched_at=2026-09-15T15:34:29.209131+00:00
/fslarge/scratch/users/h61084/codes/adaptime/outputs/adaptime/data/shared/univariate/Coastal_T_S/20T/short/run_0/prepared/manifest.json
TIME run allocation action=skip run=/fslarge/scratch/users/h61084/codes/adaptime/outputs/adaptime/data/shared/univariate/Coastal_T_S/20T/medium/run_0 source_launch=selena_adaptime_unified_20260914T204328Z_25264_prepare launch_id=selena_adaptime_unified_20260915T153415Z_57382_prepare slurm_job_id=3437177 launched_at=2026-09-15T15:34:29.212326+00:00
/fslarge/scratch/users/h61084/codes/adaptime/outputs/adaptime/data/shared/univariate/Coastal_T_S/20T/medium/run_0/prepared/manifest.json
TIME run allocation action=skip run=/fslarge/scratch/users/h61084/codes/adaptime/outputs/adaptime/data/shared/univariate/Coastal_T_S/20T/long/run_0 source_launch=selena_adaptime_unified_20260914T204328Z_25264_prepare launch_id=selena_adaptime_unified_20260915T153415Z_57382_prepare slurm_job_id=3437177 launched_at=2026-09-15T15:34:29.215503+00:00
/fslarge/scratch/users/h61084/codes/adaptime/outputs/adaptime/data/shared/univariate/Coastal_T_S/20T/long/run_0/prepared/manifest.json
TIME run allocation action=skip run=/fslarge/scratch/users/h61084/codes/adaptime/outputs/adaptime/data/shared/univariate/Coastal_T_S/H/short/run_0 source_launch=selena_adaptime_unified_20260914T204328Z_25264_prepare launch_id=selena_adaptime_unified_20260915T153415Z_57382_prepare slurm_job_id=3437177 launched_at=2026-09-15T15:34:29.218252+00:00
/fslarge/scratch/users/h61084/codes/adaptime/outputs/adaptime/data/shared/univariate/Coastal_T_S/H/short/run_0/prepared/manifest.json
TIME run allocation action=skip run=/fslarge/scratch/users/h61084/codes/adaptime/outputs/adaptime/data/shared/univariate/Coastal_T_S/H/medium/run_0 source_launch=selena_adaptime_unified_20260914T204328Z_25264_prepare launch_id=selena_adaptime_unified_20260915T153415Z_57382_prepare slurm_job_id=3437177 launched_at=2026-09-15T15:34:29.221329+00:00
/fslarge/scratch/users/h61084/codes/adaptime/outputs/adaptime/data/shared/univariate/Coastal_T_S/H/medium/run_0/prepared/manifest.json
TIME run allocation action=skip run=/fslarge/scratch/users/h61084/codes/adaptime/outputs/adaptime/data/shared/univariate/Coastal_T_S/H/long/run_0 source_launch=selena_adaptime_unified_20260914T204328Z_25264_prepare launch_id=selena_adaptime_unified_20260915T153415Z_57382_prepare slurm_job_id=3437177 launched_at=2026-09-15T15:34:29.224071+00:00
/fslarge/scratch/users/h61084/codes/adaptime/outputs/adaptime/data/shared/univariate/Coastal_T_S/H/long/run_0/prepared/manifest.json
TIME run allocation action=skip run=/fslarge/scratch/users/h61084/codes/adaptime/outputs/adaptime/data/shared/univariate/SG_Weather/D/short/run_0 source_launch=selena_adaptime_unified_20260914T204328Z_25264_prepare launch_id=selena_adaptime_unified_20260915T153415Z_57382_prepare slurm_job_id=3437177 launched_at=2026-09-15T15:34:29.226821+00:00
/fslarge/scratch/users/h61084/codes/adaptime/outputs/adaptime/data/shared/univariate/SG_Weather/D/short/run_0/prepared/manifest.json
TIME run allocation action=skip run=/fslarge/scratch/users/h61084/codes/adaptime/outputs/adaptime/data/shared/univariate/SG_Weather/D/medium/run_0 source_launch=selena_adaptime_unified_20260914T204328Z_25264_prepare launch_id=selena_adaptime_unified_20260915T153415Z_57382_prepare slurm_job_id=3437177 launched_at=2026-09-15T15:34:29.229856+00:00
/fslarge/scratch/users/h61084/codes/adaptime/outputs/adaptime/data/shared/univariate/SG_Weather/D/medium/run_0/prepared/manifest.json
TIME run allocation action=skip run=/fslarge/scratch/users/h61084/codes/adaptime/outputs/adaptime/data/shared/univariate/SG_Weather/D/long/run_0 source_launch=selena_adaptime_unified_20260914T204328Z_25264_prepare launch_id=selena_adaptime_unified_20260915T153415Z_57382_prepare slurm_job_id=3437177 launched_at=2026-09-15T15:34:29.232662+00:00
/fslarge/scratch/users/h61084/codes/adaptime/outputs/adaptime/data/shared/univariate/SG_Weather/D/long/run_0/prepared/manifest.json
TIME run allocation action=skip run=/fslarge/scratch/users/h61084/codes/adaptime/outputs/adaptime/data/shared/univariate/SG_PM25/H/short/run_0 source_launch=selena_adaptime_unified_20260914T204328Z_25264_prepare launch_id=selena_adaptime_unified_20260915T153415Z_57382_prepare slurm_job_id=3437177 launched_at=2026-09-15T15:34:29.235799+00:00
/fslarge/scratch/users/h61084/codes/adaptime/outputs/adaptime/data/shared/univariate/SG_PM25/H/short/run_0/prepared/manifest.json
TIME run allocation action=skip run=/fslarge/scratch/users/h61084/codes/adaptime/outputs/adaptime/data/shared/univariate/SG_PM25/H/medium/run_0 source_launch=selena_adaptime_unified_20260914T204328Z_25264_prepare launch_id=selena_adaptime_unified_20260915T153415Z_57382_prepare slurm_job_id=3437177 launched_at=2026-09-15T15:34:29.239093+00:00
/fslarge/scratch/users/h61084/codes/adaptime/outputs/adaptime/data/shared/univariate/SG_PM25/H/medium/run_0/prepared/manifest.json
TIME run allocation action=skip run=/fslarge/scratch/users/h61084/codes/adaptime/outputs/adaptime/data/shared/univariate/SG_PM25/H/long/run_0 source_launch=selena_adaptime_unified_20260914T204328Z_25264_prepare launch_id=selena_adaptime_unified_20260915T153415Z_57382_prepare slurm_job_id=3437177 launched_at=2026-09-15T15:34:29.241801+00:00
/fslarge/scratch/users/h61084/codes/adaptime/outputs/adaptime/data/shared/univariate/SG_PM25/H/long/run_0/prepared/manifest.json
TIME run allocation action=skip run=/fslarge/scratch/users/h61084/codes/adaptime/outputs/adaptime/data/shared/univariate/NE_China_Wind/H/short/run_0 source_launch=selena_adaptime_unified_20260914T204328Z_25264_prepare launch_id=selena_adaptime_unified_20260915T153415Z_57382_prepare slurm_job_id=3437177 launched_at=2026-09-15T15:34:29.244794+00:00
/fslarge/scratch/users/h61084/codes/adaptime/outputs/adaptime/data/shared/univariate/NE_China_Wind/H/short/run_0/prepared/manifest.json
TIME run allocation action=skip run=/fslarge/scratch/users/h61084/codes/adaptime/outputs/adaptime/data/shared/univariate/NE_China_Wind/H/medium/run_0 source_launch=selena_adaptime_unified_20260914T204328Z_25264_prepare launch_id=selena_adaptime_unified_20260915T153415Z_57382_prepare slurm_job_id=3437177 launched_at=2026-09-15T15:34:29.247488+00:00
/fslarge/scratch/users/h61084/codes/adaptime/outputs/adaptime/data/shared/univariate/NE_China_Wind/H/medium/run_0/prepared/manifest.json
TIME run allocation action=skip run=/fslarge/scratch/users/h61084/codes/adaptime/outputs/adaptime/data/shared/univariate/NE_China_Wind/H/long/run_0 source_launch=selena_adaptime_unified_20260914T204328Z_25264_prepare launch_id=selena_adaptime_unified_20260915T153415Z_57382_prepare slurm_job_id=3437177 launched_at=2026-09-15T15:34:29.250431+00:00
/fslarge/scratch/users/h61084/codes/adaptime/outputs/adaptime/data/shared/univariate/NE_China_Wind/H/long/run_0/prepared/manifest.json
TIME run allocation action=skip run=/fslarge/scratch/users/h61084/codes/adaptime/outputs/adaptime/data/shared/univariate/Australia_Solar/H/short/run_0 source_launch=selena_adaptime_unified_20260914T204328Z_25264_prepare launch_id=selena_adaptime_unified_20260915T153415Z_57382_prepare slurm_job_id=3437177 launched_at=2026-09-15T15:34:29.253673+00:00
/fslarge/scratch/users/h61084/codes/adaptime/outputs/adaptime/data/shared/univariate/Australia_Solar/H/short/run_0/prepared/manifest.json
TIME run allocation action=skip run=/fslarge/scratch/users/h61084/codes/adaptime/outputs/adaptime/data/shared/univariate/Australia_Solar/H/medium/run_0 source_launch=selena_adaptime_unified_20260914T204328Z_25264_prepare launch_id=selena_adaptime_unified_20260915T153415Z_57382_prepare slurm_job_id=3437177 launched_at=2026-09-15T15:34:29.256848+00:00
/fslarge/scratch/users/h61084/codes/adaptime/outputs/adaptime/data/shared/univariate/Australia_Solar/H/medium/run_0/prepared/manifest.json
TIME run allocation action=skip run=/fslarge/scratch/users/h61084/codes/adaptime/outputs/adaptime/data/shared/univariate/Australia_Solar/H/long/run_0 source_launch=selena_adaptime_unified_20260914T204328Z_25264_prepare launch_id=selena_adaptime_unified_20260915T153415Z_57382_prepare slurm_job_id=3437177 launched_at=2026-09-15T15:34:29.259975+00:00
/fslarge/scratch/users/h61084/codes/adaptime/outputs/adaptime/data/shared/univariate/Australia_Solar/H/long/run_0/prepared/manifest.json
TIME run allocation action=skip run=/fslarge/scratch/users/h61084/codes/adaptime/outputs/adaptime/data/shared/univariate/epf_electricity_price/H/short/run_0 source_launch=selena_adaptime_unified_20260914T204328Z_25264_prepare launch_id=selena_adaptime_unified_20260915T153415Z_57382_prepare slurm_job_id=3437177 launched_at=2026-09-15T15:34:29.262813+00:00
/fslarge/scratch/users/h61084/codes/adaptime/outputs/adaptime/data/shared/univariate/epf_electricity_price/H/short/run_0/prepared/manifest.json
TIME run allocation action=skip run=/fslarge/scratch/users/h61084/codes/adaptime/outputs/adaptime/data/shared/univariate/epf_electricity_price/H/medium/run_0 source_launch=selena_adaptime_unified_20260914T204328Z_25264_prepare launch_id=selena_adaptime_unified_20260915T153415Z_57382_prepare slurm_job_id=3437177 launched_at=2026-09-15T15:34:29.265855+00:00
/fslarge/scratch/users/h61084/codes/adaptime/outputs/adaptime/data/shared/univariate/epf_electricity_price/H/medium/run_0/prepared/manifest.json
TIME run allocation action=skip run=/fslarge/scratch/users/h61084/codes/adaptime/outputs/adaptime/data/shared/univariate/epf_electricity_price/H/long/run_0 source_launch=selena_adaptime_unified_20260914T204328Z_25264_prepare launch_id=selena_adaptime_unified_20260915T153415Z_57382_prepare slurm_job_id=3437177 launched_at=2026-09-15T15:34:29.268699+00:00
/fslarge/scratch/users/h61084/codes/adaptime/outputs/adaptime/data/shared/univariate/epf_electricity_price/H/long/run_0/prepared/manifest.json
TIME run allocation action=skip run=/fslarge/scratch/users/h61084/codes/adaptime/outputs/adaptime/data/shared/univariate/OpenElectricity_NEM/5T/short/run_0 source_launch=selena_adaptime_unified_20260914T204328Z_25264_prepare launch_id=selena_adaptime_unified_20260915T153415Z_57382_prepare slurm_job_id=3437177 launched_at=2026-09-15T15:34:29.271462+00:00
/fslarge/scratch/users/h61084/codes/adaptime/outputs/adaptime/data/shared/univariate/OpenElectricity_NEM/5T/short/run_0/prepared/manifest.json
TIME run allocation action=skip run=/fslarge/scratch/users/h61084/codes/adaptime/outputs/adaptime/data/shared/univariate/OpenElectricity_NEM/5T/medium/run_0 source_launch=selena_adaptime_unified_20260914T204328Z_25264_prepare launch_id=selena_adaptime_unified_20260915T153415Z_57382_prepare slurm_job_id=3437177 launched_at=2026-09-15T15:34:29.274242+00:00
/fslarge/scratch/users/h61084/codes/adaptime/outputs/adaptime/data/shared/univariate/OpenElectricity_NEM/5T/medium/run_0/prepared/manifest.json
TIME run allocation action=skip run=/fslarge/scratch/users/h61084/codes/adaptime/outputs/adaptime/data/shared/univariate/OpenElectricity_NEM/5T/long/run_0 source_launch=selena_adaptime_unified_20260914T204328Z_25264_prepare launch_id=selena_adaptime_unified_20260915T153415Z_57382_prepare slurm_job_id=3437177 launched_at=2026-09-15T15:34:29.276962+00:00
/fslarge/scratch/users/h61084/codes/adaptime/outputs/adaptime/data/shared/univariate/OpenElectricity_NEM/5T/long/run_0/prepared/manifest.json
TIME run allocation action=skip run=/fslarge/scratch/users/h61084/codes/adaptime/outputs/adaptime/data/shared/univariate/EWELD_Load/15T/short/run_0 source_launch=selena_adaptime_unified_20260914T204328Z_25264_prepare launch_id=selena_adaptime_unified_20260915T153415Z_57382_prepare slurm_job_id=3437177 launched_at=2026-09-15T15:34:29.279742+00:00
/fslarge/scratch/users/h61084/codes/adaptime/outputs/adaptime/data/shared/univariate/EWELD_Load/15T/short/run_0/prepared/manifest.json
TIME run allocation action=skip run=/fslarge/scratch/users/h61084/codes/adaptime/outputs/adaptime/data/shared/univariate/EWELD_Load/15T/medium/run_0 source_launch=selena_adaptime_unified_20260914T204328Z_25264_prepare launch_id=selena_adaptime_unified_20260915T153415Z_57382_prepare slurm_job_id=3437177 launched_at=2026-09-15T15:34:29.282489+00:00
/fslarge/scratch/users/h61084/codes/adaptime/outputs/adaptime/data/shared/univariate/EWELD_Load/15T/medium/run_0/prepared/manifest.json
TIME run allocation action=skip run=/fslarge/scratch/users/h61084/codes/adaptime/outputs/adaptime/data/shared/univariate/EWELD_Load/15T/long/run_0 source_launch=selena_adaptime_unified_20260914T204328Z_25264_prepare launch_id=selena_adaptime_unified_20260915T153415Z_57382_prepare slurm_job_id=3437177 launched_at=2026-09-15T15:34:29.285782+00:00
/fslarge/scratch/users/h61084/codes/adaptime/outputs/adaptime/data/shared/univariate/EWELD_Load/15T/long/run_0/prepared/manifest.json
TIME run allocation action=skip run=/fslarge/scratch/users/h61084/codes/adaptime/outputs/adaptime/data/shared/univariate/SG_Carpark/15T/short/run_0 source_launch=selena_adaptime_unified_20260914T204328Z_25264_prepare launch_id=selena_adaptime_unified_20260915T153415Z_57382_prepare slurm_job_id=3437177 launched_at=2026-09-15T15:34:29.288546+00:00
/fslarge/scratch/users/h61084/codes/adaptime/outputs/adaptime/data/shared/univariate/SG_Carpark/15T/short/run_0/prepared/manifest.json
TIME run allocation action=skip run=/fslarge/scratch/users/h61084/codes/adaptime/outputs/adaptime/data/shared/univariate/SG_Carpark/15T/medium/run_0 source_launch=selena_adaptime_unified_20260914T204328Z_25264_prepare launch_id=selena_adaptime_unified_20260915T153415Z_57382_prepare slurm_job_id=3437177 launched_at=2026-09-15T15:34:29.291344+00:00
/fslarge/scratch/users/h61084/codes/adaptime/outputs/adaptime/data/shared/univariate/SG_Carpark/15T/medium/run_0/prepared/manifest.json
TIME run allocation action=skip run=/fslarge/scratch/users/h61084/codes/adaptime/outputs/adaptime/data/shared/univariate/SG_Carpark/15T/long/run_0 source_launch=selena_adaptime_unified_20260914T204328Z_25264_prepare launch_id=selena_adaptime_unified_20260915T153415Z_57382_prepare slurm_job_id=3437177 launched_at=2026-09-15T15:34:29.294094+00:00
/fslarge/scratch/users/h61084/codes/adaptime/outputs/adaptime/data/shared/univariate/SG_Carpark/15T/long/run_0/prepared/manifest.json
TIME run allocation action=skip run=/fslarge/scratch/users/h61084/codes/adaptime/outputs/adaptime/data/shared/univariate/Finland_Traffic/15T/short/run_0 source_launch=selena_adaptime_unified_20260914T204328Z_25264_prepare launch_id=selena_adaptime_unified_20260915T153415Z_57382_prepare slurm_job_id=3437177 launched_at=2026-09-15T15:34:29.296810+00:00
/fslarge/scratch/users/h61084/codes/adaptime/outputs/adaptime/data/shared/univariate/Finland_Traffic/15T/short/run_0/prepared/manifest.json
TIME run allocation action=skip run=/fslarge/scratch/users/h61084/codes/adaptime/outputs/adaptime/data/shared/univariate/Finland_Traffic/15T/medium/run_0 source_launch=selena_adaptime_unified_20260914T204328Z_25264_prepare launch_id=selena_adaptime_unified_20260915T153415Z_57382_prepare slurm_job_id=3437177 launched_at=2026-09-15T15:34:29.299941+00:00
/fslarge/scratch/users/h61084/codes/adaptime/outputs/adaptime/data/shared/univariate/Finland_Traffic/15T/medium/run_0/prepared/manifest.json
TIME run allocation action=skip run=/fslarge/scratch/users/h61084/codes/adaptime/outputs/adaptime/data/shared/univariate/Finland_Traffic/15T/long/run_0 source_launch=selena_adaptime_unified_20260914T204328Z_25264_prepare launch_id=selena_adaptime_unified_20260915T153415Z_57382_prepare slurm_job_id=3437177 launched_at=2026-09-15T15:34:29.303109+00:00
/fslarge/scratch/users/h61084/codes/adaptime/outputs/adaptime/data/shared/univariate/Finland_Traffic/15T/long/run_0/prepared/manifest.json
TIME run allocation action=skip run=/fslarge/scratch/users/h61084/codes/adaptime/outputs/adaptime/data/shared/univariate/Port_Activity/D/short/run_0 source_launch=selena_adaptime_unified_20260914T204328Z_25264_prepare launch_id=selena_adaptime_unified_20260915T153415Z_57382_prepare slurm_job_id=3437177 launched_at=2026-09-15T15:34:29.306209+00:00
/fslarge/scratch/users/h61084/codes/adaptime/outputs/adaptime/data/shared/univariate/Port_Activity/D/short/run_0/prepared/manifest.json
TIME run allocation action=skip run=/fslarge/scratch/users/h61084/codes/adaptime/outputs/adaptime/data/shared/univariate/Port_Activity/W/short/run_0 source_launch=selena_adaptime_unified_20260914T204328Z_25264_prepare launch_id=selena_adaptime_unified_20260915T153415Z_57382_prepare slurm_job_id=3437177 launched_at=2026-09-15T15:34:29.308988+00:00
/fslarge/scratch/users/h61084/codes/adaptime/outputs/adaptime/data/shared/univariate/Port_Activity/W/short/run_0/prepared/manifest.json
TIME run allocation action=skip run=/fslarge/scratch/users/h61084/codes/adaptime/outputs/adaptime/data/shared/univariate/ECDC_COVID/D/short/run_0 source_launch=selena_adaptime_unified_20260914T204328Z_25264_prepare launch_id=selena_adaptime_unified_20260915T153415Z_57382_prepare slurm_job_id=3437177 launched_at=2026-09-15T15:34:29.311812+00:00
/fslarge/scratch/users/h61084/codes/adaptime/outputs/adaptime/data/shared/univariate/ECDC_COVID/D/short/run_0/prepared/manifest.json
TIME run allocation action=skip run=/fslarge/scratch/users/h61084/codes/adaptime/outputs/adaptime/data/shared/univariate/ECDC_COVID/W/short/run_0 source_launch=selena_adaptime_unified_20260914T204328Z_25264_prepare launch_id=selena_adaptime_unified_20260915T153415Z_57382_prepare slurm_job_id=3437177 launched_at=2026-09-15T15:34:29.314569+00:00
/fslarge/scratch/users/h61084/codes/adaptime/outputs/adaptime/data/shared/univariate/ECDC_COVID/W/short/run_0/prepared/manifest.json
TIME run allocation action=skip run=/fslarge/scratch/users/h61084/codes/adaptime/outputs/adaptime/data/shared/univariate/Global_Influenza/W/short/run_0 source_launch=selena_adaptime_unified_20260914T204328Z_25264_prepare launch_id=selena_adaptime_unified_20260915T153415Z_57382_prepare slurm_job_id=3437177 launched_at=2026-09-15T15:34:29.317398+00:00
/fslarge/scratch/users/h61084/codes/adaptime/outputs/adaptime/data/shared/univariate/Global_Influenza/W/short/run_0/prepared/manifest.json
TIME run allocation action=skip run=/fslarge/scratch/users/h61084/codes/adaptime/outputs/adaptime/data/shared/univariate/Crypto/D/short/run_0 source_launch=selena_adaptime_unified_20260914T204328Z_25264_prepare launch_id=selena_adaptime_unified_20260915T153415Z_57382_prepare slurm_job_id=3437177 launched_at=2026-09-15T15:34:29.320184+00:00
/fslarge/scratch/users/h61084/codes/adaptime/outputs/adaptime/data/shared/univariate/Crypto/D/short/run_0/prepared/manifest.json
TIME run allocation action=skip run=/fslarge/scratch/users/h61084/codes/adaptime/outputs/adaptime/data/shared/univariate/US_Term_Structure/B/short/run_0 source_launch=selena_adaptime_unified_20260914T204328Z_25264_prepare launch_id=selena_adaptime_unified_20260915T153415Z_57382_prepare slurm_job_id=3437177 launched_at=2026-09-15T15:34:29.322970+00:00
/fslarge/scratch/users/h61084/codes/adaptime/outputs/adaptime/data/shared/univariate/US_Term_Structure/B/short/run_0/prepared/manifest.json
TIME run allocation action=skip run=/fslarge/scratch/users/h61084/codes/adaptime/outputs/adaptime/data/shared/univariate/Oil_Price/B/short/run_0 source_launch=selena_adaptime_unified_20260914T204328Z_25264_prepare launch_id=selena_adaptime_unified_20260915T153415Z_57382_prepare slurm_job_id=3437177 launched_at=2026-09-15T15:34:29.325704+00:00
/fslarge/scratch/users/h61084/codes/adaptime/outputs/adaptime/data/shared/univariate/Oil_Price/B/short/run_0/prepared/manifest.json
TIME run allocation action=skip run=/fslarge/scratch/users/h61084/codes/adaptime/outputs/adaptime/data/shared/univariate/Job_Claims/W/short/run_0 source_launch=selena_adaptime_unified_20260914T204328Z_25264_prepare launch_id=selena_adaptime_unified_20260915T153415Z_57382_prepare slurm_job_id=3437177 launched_at=2026-09-15T15:34:29.328403+00:00
/fslarge/scratch/users/h61084/codes/adaptime/outputs/adaptime/data/shared/univariate/Job_Claims/W/short/run_0/prepared/manifest.json
TIME run allocation action=skip run=/fslarge/scratch/users/h61084/codes/adaptime/outputs/adaptime/data/shared/univariate/Uncertainty_1M/M/short/run_0 source_launch=selena_adaptime_unified_20260914T204328Z_25264_prepare launch_id=selena_adaptime_unified_20260915T153415Z_57382_prepare slurm_job_id=3437177 launched_at=2026-09-15T15:34:29.331510+00:00
/fslarge/scratch/users/h61084/codes/adaptime/outputs/adaptime/data/shared/univariate/Uncertainty_1M/M/short/run_0/prepared/manifest.json
TIME run allocation action=skip run=/fslarge/scratch/users/h61084/codes/adaptime/outputs/adaptime/data/shared/univariate/Housing_Inventory/M/short/run_0 source_launch=selena_adaptime_unified_20260914T204328Z_25264_prepare launch_id=selena_adaptime_unified_20260915T153415Z_57382_prepare slurm_job_id=3437177 launched_at=2026-09-15T15:34:29.334178+00:00
/fslarge/scratch/users/h61084/codes/adaptime/outputs/adaptime/data/shared/univariate/Housing_Inventory/M/short/run_0/prepared/manifest.json
TIME run allocation action=skip run=/fslarge/scratch/users/h61084/codes/adaptime/outputs/adaptime/data/shared/univariate/JOLTS/M/short/run_0 source_launch=selena_adaptime_unified_20260914T204328Z_25264_prepare launch_id=selena_adaptime_unified_20260915T153415Z_57382_prepare slurm_job_id=3437177 launched_at=2026-09-15T15:34:29.336820+00:00
/fslarge/scratch/users/h61084/codes/adaptime/outputs/adaptime/data/shared/univariate/JOLTS/M/short/run_0/prepared/manifest.json
TIME run allocation action=skip run=/fslarge/scratch/users/h61084/codes/adaptime/outputs/adaptime/data/shared/univariate/US_Labor/M/short/run_0 source_launch=selena_adaptime_unified_20260914T204328Z_25264_prepare launch_id=selena_adaptime_unified_20260915T153415Z_57382_prepare slurm_job_id=3437177 launched_at=2026-09-15T15:34:29.339485+00:00
/fslarge/scratch/users/h61084/codes/adaptime/outputs/adaptime/data/shared/univariate/US_Labor/M/short/run_0/prepared/manifest.json
TIME run allocation action=skip run=/fslarge/scratch/users/h61084/codes/adaptime/outputs/adaptime/data/shared/univariate/Vehicle_Supply/M/short/run_0 source_launch=selena_adaptime_unified_20260914T204328Z_25264_prepare launch_id=selena_adaptime_unified_20260915T153415Z_57382_prepare slurm_job_id=3437177 launched_at=2026-09-15T15:34:29.342196+00:00
/fslarge/scratch/users/h61084/codes/adaptime/outputs/adaptime/data/shared/univariate/Vehicle_Supply/M/short/run_0/prepared/manifest.json
TIME run allocation action=skip run=/fslarge/scratch/users/h61084/codes/adaptime/outputs/adaptime/data/shared/univariate/Auto_Production_SF/M/short/run_0 source_launch=selena_adaptime_unified_20260914T204328Z_25264_prepare launch_id=selena_adaptime_unified_20260915T153415Z_57382_prepare slurm_job_id=3437177 launched_at=2026-09-15T15:34:29.345637+00:00
/fslarge/scratch/users/h61084/codes/adaptime/outputs/adaptime/data/shared/univariate/Auto_Production_SF/M/short/run_0/prepared/manifest.json
TIME run allocation action=skip run=/fslarge/scratch/users/h61084/codes/adaptime/outputs/adaptime/data/shared/univariate/Commodity_Production/M/short/run_0 source_launch=selena_adaptime_unified_20260914T204328Z_25264_prepare launch_id=selena_adaptime_unified_20260915T153415Z_57382_prepare slurm_job_id=3437177 launched_at=2026-09-15T15:34:29.348389+00:00
/fslarge/scratch/users/h61084/codes/adaptime/outputs/adaptime/data/shared/univariate/Commodity_Production/M/short/run_0/prepared/manifest.json
TIME run allocation action=skip run=/fslarge/scratch/users/h61084/codes/adaptime/outputs/adaptime/data/shared/univariate/Commodity_Import/M/short/run_0 source_launch=selena_adaptime_unified_20260914T204328Z_25264_prepare launch_id=selena_adaptime_unified_20260915T153415Z_57382_prepare slurm_job_id=3437177 launched_at=2026-09-15T15:34:29.350975+00:00
/fslarge/scratch/users/h61084/codes/adaptime/outputs/adaptime/data/shared/univariate/Commodity_Import/M/short/run_0/prepared/manifest.json
TIME run allocation action=skip run=/fslarge/scratch/users/h61084/codes/adaptime/outputs/adaptime/data/shared/univariate/WUI_Global/Q/short/run_0 source_launch=selena_adaptime_unified_20260914T204328Z_25264_prepare launch_id=selena_adaptime_unified_20260915T153415Z_57382_prepare slurm_job_id=3437177 launched_at=2026-09-15T15:34:29.353549+00:00
/fslarge/scratch/users/h61084/codes/adaptime/outputs/adaptime/data/shared/univariate/WUI_Global/Q/short/run_0/prepared/manifest.json
TIME run allocation action=skip run=/fslarge/scratch/users/h61084/codes/adaptime/outputs/adaptime/data/shared/univariate/Global_Price/Q/short/run_0 source_launch=selena_adaptime_unified_20260914T204328Z_25264_prepare launch_id=selena_adaptime_unified_20260915T153415Z_57382_prepare slurm_job_id=3437177 launched_at=2026-09-15T15:34:29.356241+00:00
/fslarge/scratch/users/h61084/codes/adaptime/outputs/adaptime/data/shared/univariate/Global_Price/Q/short/run_0/prepared/manifest.json
TIME run allocation action=skip run=/fslarge/scratch/users/h61084/codes/adaptime/outputs/adaptime/data/shared/univariate/Vehicle_Sales/M/short/run_0 source_launch=selena_adaptime_unified_20260914T204328Z_25264_prepare launch_id=selena_adaptime_unified_20260915T153415Z_57382_prepare slurm_job_id=3437177 launched_at=2026-09-15T15:34:29.358790+00:00
/fslarge/scratch/users/h61084/codes/adaptime/outputs/adaptime/data/shared/univariate/Vehicle_Sales/M/short/run_0/prepared/manifest.json
TIME run allocation action=skip run=/fslarge/scratch/users/h61084/codes/adaptime/outputs/adaptime/data/shared/univariate/Online_Retail_2_UCI/D/short/run_0 source_launch=selena_adaptime_unified_20260914T204328Z_25264_prepare launch_id=selena_adaptime_unified_20260915T153415Z_57382_prepare slurm_job_id=3437177 launched_at=2026-09-15T15:34:29.361444+00:00
/fslarge/scratch/users/h61084/codes/adaptime/outputs/adaptime/data/shared/univariate/Online_Retail_2_UCI/D/short/run_0/prepared/manifest.json
TIME run allocation action=skip run=/fslarge/scratch/users/h61084/codes/adaptime/outputs/adaptime/data/shared/univariate/Supply_Chain_Customer/D/short/run_0 source_launch=selena_adaptime_unified_20260914T204328Z_25264_prepare launch_id=selena_adaptime_unified_20260915T153415Z_57382_prepare slurm_job_id=3437177 launched_at=2026-09-15T15:34:29.364113+00:00
/fslarge/scratch/users/h61084/codes/adaptime/outputs/adaptime/data/shared/univariate/Supply_Chain_Customer/D/short/run_0/prepared/manifest.json
TIME run allocation action=skip run=/fslarge/scratch/users/h61084/codes/adaptime/outputs/adaptime/data/shared/univariate/Supply_Chain_Location/D/short/run_0 source_launch=selena_adaptime_unified_20260914T204328Z_25264_prepare launch_id=selena_adaptime_unified_20260915T153415Z_57382_prepare slurm_job_id=3437177 launched_at=2026-09-15T15:34:29.366701+00:00
/fslarge/scratch/users/h61084/codes/adaptime/outputs/adaptime/data/shared/univariate/Supply_Chain_Location/D/short/run_0/prepared/manifest.json
TIME run allocation action=skip run=/fslarge/scratch/users/h61084/codes/adaptime/outputs/adaptime/data/shared/univariate/azure2019_U/5T/short/run_0 source_launch=selena_adaptime_unified_20260914T204328Z_25264_prepare launch_id=selena_adaptime_unified_20260915T153415Z_57382_prepare slurm_job_id=3437177 launched_at=2026-09-15T15:34:29.369313+00:00
/fslarge/scratch/users/h61084/codes/adaptime/outputs/adaptime/data/shared/univariate/azure2019_U/5T/short/run_0/prepared/manifest.json
TIME run allocation action=skip run=/fslarge/scratch/users/h61084/codes/adaptime/outputs/adaptime/data/shared/univariate/Smart_Manufacturing/H/short/run_0 source_launch=selena_adaptime_unified_20260914T204328Z_25264_prepare launch_id=selena_adaptime_unified_20260915T153415Z_57382_prepare slurm_job_id=3437177 launched_at=2026-09-15T15:34:29.372096+00:00
/fslarge/scratch/users/h61084/codes/adaptime/outputs/adaptime/data/shared/univariate/Smart_Manufacturing/H/short/run_0/prepared/manifest.json
TIME run allocation action=skip run=/fslarge/scratch/users/h61084/codes/adaptime/outputs/adaptime/data/shared/univariate/Smart_Manufacturing/H/medium/run_0 source_launch=selena_adaptime_unified_20260914T204328Z_25264_prepare launch_id=selena_adaptime_unified_20260915T153415Z_57382_prepare slurm_job_id=3437177 launched_at=2026-09-15T15:34:29.375192+00:00
/fslarge/scratch/users/h61084/codes/adaptime/outputs/adaptime/data/shared/univariate/Smart_Manufacturing/H/medium/run_0/prepared/manifest.json
TIME run allocation action=skip run=/fslarge/scratch/users/h61084/codes/adaptime/outputs/adaptime/data/shared/univariate/Smart_Manufacturing/H/long/run_0 source_launch=selena_adaptime_unified_20260914T204328Z_25264_prepare launch_id=selena_adaptime_unified_20260915T153415Z_57382_prepare slurm_job_id=3437177 launched_at=2026-09-15T15:34:29.377837+00:00
/fslarge/scratch/users/h61084/codes/adaptime/outputs/adaptime/data/shared/univariate/Smart_Manufacturing/H/long/run_0/prepared/manifest.json
TIME run allocation action=skip run=/fslarge/scratch/users/h61084/codes/adaptime/outputs/adaptime/data/shared/univariate/MetroPT-3/5T/short/run_0 source_launch=selena_adaptime_unified_20260914T204328Z_25264_prepare launch_id=selena_adaptime_unified_20260915T153415Z_57382_prepare slurm_job_id=3437177 launched_at=2026-09-15T15:34:29.380425+00:00
/fslarge/scratch/users/h61084/codes/adaptime/outputs/adaptime/data/shared/univariate/MetroPT-3/5T/short/run_0/prepared/manifest.json
TIME run allocation action=skip run=/fslarge/scratch/users/h61084/codes/adaptime/outputs/adaptime/data/shared/univariate/MetroPT-3/5T/medium/run_0 source_launch=selena_adaptime_unified_20260914T204328Z_25264_prepare launch_id=selena_adaptime_unified_20260915T153415Z_57382_prepare slurm_job_id=3437177 launched_at=2026-09-15T15:34:29.383193+00:00
/fslarge/scratch/users/h61084/codes/adaptime/outputs/adaptime/data/shared/univariate/MetroPT-3/5T/medium/run_0/prepared/manifest.json
TIME run allocation action=skip run=/fslarge/scratch/users/h61084/codes/adaptime/outputs/adaptime/data/shared/univariate/MetroPT-3/5T/long/run_0 source_launch=selena_adaptime_unified_20260914T204328Z_25264_prepare launch_id=selena_adaptime_unified_20260915T153415Z_57382_prepare slurm_job_id=3437177 launched_at=2026-09-15T15:34:29.385739+00:00
/fslarge/scratch/users/h61084/codes/adaptime/outputs/adaptime/data/shared/univariate/MetroPT-3/5T/long/run_0/prepared/manifest.json
2026-09-15 17:34:30 | task TIME-wide Adaptime method=vanilla stage=prepare completed status=success
2026-09-15 17:34:30 | stage prepare completed status=success
2026-09-15 17:34:30 | workflow adaptime completed status=success exit_code=0
