2026-09-15 17:34:39 | workflow adaptime started launch_id=selena_adaptime_unified_20260915T153415Z_57382_ridge task=ridge_pipeline slurm_job_id=3437179 slurm_array_job_id=none slurm_array_task_id=none
2026-09-15 17:34:39 | stage pipeline started
2026-09-15 17:34:39 | task TIME-wide Adaptime method=ridge stage=pipeline started
TIME run allocation action=skip run=/fslarge/scratch/users/h61084/codes/adaptime/outputs/adaptime/extractions/ridge/univariate/Water_Quality_Darwin/15T/short/run_0 source_launch=selena_adaptime_unified_20260914T204328Z_25264_ridge launch_id=selena_adaptime_unified_20260915T153415Z_57382_ridge slurm_job_id=3437179 launched_at=2026-09-15T15:34:43.388598+00:00
/fslarge/scratch/users/h61084/codes/adaptime/outputs/adaptime/extractions/ridge/univariate/Water_Quality_Darwin/15T/short/run_0/extraction/manifest.json
TIME run allocation action=skip run=/fslarge/scratch/users/h61084/codes/adaptime/outputs/adaptime/extractions/ridge/univariate/Water_Quality_Darwin/15T/medium/run_0 source_launch=selena_adaptime_unified_20260914T204328Z_25264_ridge launch_id=selena_adaptime_unified_20260915T153415Z_57382_ridge slurm_job_id=3437179 launched_at=2026-09-15T15:34:43.395070+00:00
/fslarge/scratch/users/h61084/codes/adaptime/outputs/adaptime/extractions/ridge/univariate/Water_Quality_Darwin/15T/medium/run_0/extraction/manifest.json
TIME run allocation action=skip run=/fslarge/scratch/users/h61084/codes/adaptime/outputs/adaptime/extractions/ridge/univariate/Water_Quality_Darwin/15T/long/run_0 source_launch=selena_adaptime_unified_20260914T204328Z_25264_ridge launch_id=selena_adaptime_unified_20260915T153415Z_57382_ridge slurm_job_id=3437179 launched_at=2026-09-15T15:34:43.400985+00:00
/fslarge/scratch/users/h61084/codes/adaptime/outputs/adaptime/extractions/ridge/univariate/Water_Quality_Darwin/15T/long/run_0/extraction/manifest.json
TIME run allocation action=skip run=/fslarge/scratch/users/h61084/codes/adaptime/outputs/adaptime/extractions/ridge/univariate/current_velocity/5T/short/run_0 source_launch=selena_adaptime_unified_20260914T204328Z_25264_ridge launch_id=selena_adaptime_unified_20260915T153415Z_57382_ridge slurm_job_id=3437179 launched_at=2026-09-15T15:34:43.406964+00:00
/fslarge/scratch/users/h61084/codes/adaptime/outputs/adaptime/extractions/ridge/univariate/current_velocity/5T/short/run_0/extraction/manifest.json
TIME run allocation action=skip run=/fslarge/scratch/users/h61084/codes/adaptime/outputs/adaptime/extractions/ridge/univariate/current_velocity/5T/medium/run_0 source_launch=selena_adaptime_unified_20260914T204328Z_25264_ridge launch_id=selena_adaptime_unified_20260915T153415Z_57382_ridge slurm_job_id=3437179 launched_at=2026-09-15T15:34:43.412790+00:00
/fslarge/scratch/users/h61084/codes/adaptime/outputs/adaptime/extractions/ridge/univariate/current_velocity/5T/medium/run_0/extraction/manifest.json
TIME run allocation action=skip run=/fslarge/scratch/users/h61084/codes/adaptime/outputs/adaptime/extractions/ridge/univariate/current_velocity/5T/long/run_0 source_launch=selena_adaptime_unified_20260914T204328Z_25264_ridge launch_id=selena_adaptime_unified_20260915T153415Z_57382_ridge slurm_job_id=3437179 launched_at=2026-09-15T15:34:43.418516+00:00
/fslarge/scratch/users/h61084/codes/adaptime/outputs/adaptime/extractions/ridge/univariate/current_velocity/5T/long/run_0/extraction/manifest.json
TIME run allocation action=skip run=/fslarge/scratch/users/h61084/codes/adaptime/outputs/adaptime/extractions/ridge/univariate/current_velocity/10T/short/run_0 source_launch=selena_adaptime_unified_20260914T204328Z_25264_ridge launch_id=selena_adaptime_unified_20260915T153415Z_57382_ridge slurm_job_id=3437179 launched_at=2026-09-15T15:34:43.428417+00:00
/fslarge/scratch/users/h61084/codes/adaptime/outputs/adaptime/extractions/ridge/univariate/current_velocity/10T/short/run_0/extraction/manifest.json
TIME run allocation action=skip run=/fslarge/scratch/users/h61084/codes/adaptime/outputs/adaptime/extractions/ridge/univariate/current_velocity/10T/medium/run_0 source_launch=selena_adaptime_unified_20260914T204328Z_25264_ridge launch_id=selena_adaptime_unified_20260915T153415Z_57382_ridge slurm_job_id=3437179 launched_at=2026-09-15T15:34:43.435309+00:00
/fslarge/scratch/users/h61084/codes/adaptime/outputs/adaptime/extractions/ridge/univariate/current_velocity/10T/medium/run_0/extraction/manifest.json
TIME run allocation action=skip run=/fslarge/scratch/users/h61084/codes/adaptime/outputs/adaptime/extractions/ridge/univariate/current_velocity/10T/long/run_0 source_launch=selena_adaptime_unified_20260914T204328Z_25264_ridge launch_id=selena_adaptime_unified_20260915T153415Z_57382_ridge slurm_job_id=3437179 launched_at=2026-09-15T15:34:43.441605+00:00
/fslarge/scratch/users/h61084/codes/adaptime/outputs/adaptime/extractions/ridge/univariate/current_velocity/10T/long/run_0/extraction/manifest.json
TIME run allocation action=skip run=/fslarge/scratch/users/h61084/codes/adaptime/outputs/adaptime/extractions/ridge/univariate/current_velocity/15T/short/run_0 source_launch=selena_adaptime_unified_20260914T204328Z_25264_ridge launch_id=selena_adaptime_unified_20260915T153415Z_57382_ridge slurm_job_id=3437179 launched_at=2026-09-15T15:34:43.447792+00:00
/fslarge/scratch/users/h61084/codes/adaptime/outputs/adaptime/extractions/ridge/univariate/current_velocity/15T/short/run_0/extraction/manifest.json
TIME run allocation action=skip run=/fslarge/scratch/users/h61084/codes/adaptime/outputs/adaptime/extractions/ridge/univariate/current_velocity/15T/medium/run_0 source_launch=selena_adaptime_unified_20260914T204328Z_25264_ridge launch_id=selena_adaptime_unified_20260915T153415Z_57382_ridge slurm_job_id=3437179 launched_at=2026-09-15T15:34:43.453607+00:00
/fslarge/scratch/users/h61084/codes/adaptime/outputs/adaptime/extractions/ridge/univariate/current_velocity/15T/medium/run_0/extraction/manifest.json
TIME run allocation action=skip run=/fslarge/scratch/users/h61084/codes/adaptime/outputs/adaptime/extractions/ridge/univariate/current_velocity/15T/long/run_0 source_launch=selena_adaptime_unified_20260914T204328Z_25264_ridge launch_id=selena_adaptime_unified_20260915T153415Z_57382_ridge slurm_job_id=3437179 launched_at=2026-09-15T15:34:43.459496+00:00
/fslarge/scratch/users/h61084/codes/adaptime/outputs/adaptime/extractions/ridge/univariate/current_velocity/15T/long/run_0/extraction/manifest.json
TIME run allocation action=skip run=/fslarge/scratch/users/h61084/codes/adaptime/outputs/adaptime/extractions/ridge/univariate/current_velocity/H/short/run_0 source_launch=selena_adaptime_unified_20260914T204328Z_25264_ridge launch_id=selena_adaptime_unified_20260915T153415Z_57382_ridge slurm_job_id=3437179 launched_at=2026-09-15T15:34:43.465468+00:00
/fslarge/scratch/users/h61084/codes/adaptime/outputs/adaptime/extractions/ridge/univariate/current_velocity/H/short/run_0/extraction/manifest.json
TIME run allocation action=skip run=/fslarge/scratch/users/h61084/codes/adaptime/outputs/adaptime/extractions/ridge/univariate/current_velocity/H/medium/run_0 source_launch=selena_adaptime_unified_20260914T204328Z_25264_ridge launch_id=selena_adaptime_unified_20260915T153415Z_57382_ridge slurm_job_id=3437179 launched_at=2026-09-15T15:34:43.472118+00:00
/fslarge/scratch/users/h61084/codes/adaptime/outputs/adaptime/extractions/ridge/univariate/current_velocity/H/medium/run_0/extraction/manifest.json
TIME run allocation action=skip run=/fslarge/scratch/users/h61084/codes/adaptime/outputs/adaptime/extractions/ridge/univariate/current_velocity/H/long/run_0 source_launch=selena_adaptime_unified_20260914T204328Z_25264_ridge launch_id=selena_adaptime_unified_20260915T153415Z_57382_ridge slurm_job_id=3437179 launched_at=2026-09-15T15:34:43.477907+00:00
/fslarge/scratch/users/h61084/codes/adaptime/outputs/adaptime/extractions/ridge/univariate/current_velocity/H/long/run_0/extraction/manifest.json
TIME run allocation action=skip run=/fslarge/scratch/users/h61084/codes/adaptime/outputs/adaptime/extractions/ridge/univariate/CPHL/15T/short/run_0 source_launch=selena_adaptime_unified_20260914T204328Z_25264_ridge launch_id=selena_adaptime_unified_20260915T153415Z_57382_ridge slurm_job_id=3437179 launched_at=2026-09-15T15:34:43.483705+00:00
/fslarge/scratch/users/h61084/codes/adaptime/outputs/adaptime/extractions/ridge/univariate/CPHL/15T/short/run_0/extraction/manifest.json
TIME run allocation action=skip run=/fslarge/scratch/users/h61084/codes/adaptime/outputs/adaptime/extractions/ridge/univariate/CPHL/15T/medium/run_0 source_launch=selena_adaptime_unified_20260914T204328Z_25264_ridge launch_id=selena_adaptime_unified_20260915T153415Z_57382_ridge slurm_job_id=3437179 launched_at=2026-09-15T15:34:43.489655+00:00
/fslarge/scratch/users/h61084/codes/adaptime/outputs/adaptime/extractions/ridge/univariate/CPHL/15T/medium/run_0/extraction/manifest.json
TIME run allocation action=skip run=/fslarge/scratch/users/h61084/codes/adaptime/outputs/adaptime/extractions/ridge/univariate/CPHL/15T/long/run_0 source_launch=selena_adaptime_unified_20260914T204328Z_25264_ridge launch_id=selena_adaptime_unified_20260915T153415Z_57382_ridge slurm_job_id=3437179 launched_at=2026-09-15T15:34:43.495413+00:00
/fslarge/scratch/users/h61084/codes/adaptime/outputs/adaptime/extractions/ridge/univariate/CPHL/15T/long/run_0/extraction/manifest.json
TIME run allocation action=skip run=/fslarge/scratch/users/h61084/codes/adaptime/outputs/adaptime/extractions/ridge/univariate/CPHL/30T/short/run_0 source_launch=selena_adaptime_unified_20260914T204328Z_25264_ridge launch_id=selena_adaptime_unified_20260915T153415Z_57382_ridge slurm_job_id=3437179 launched_at=2026-09-15T15:34:43.501324+00:00
/fslarge/scratch/users/h61084/codes/adaptime/outputs/adaptime/extractions/ridge/univariate/CPHL/30T/short/run_0/extraction/manifest.json
TIME run allocation action=skip run=/fslarge/scratch/users/h61084/codes/adaptime/outputs/adaptime/extractions/ridge/univariate/CPHL/30T/medium/run_0 source_launch=selena_adaptime_unified_20260914T204328Z_25264_ridge launch_id=selena_adaptime_unified_20260915T153415Z_57382_ridge slurm_job_id=3437179 launched_at=2026-09-15T15:34:43.507338+00:00
/fslarge/scratch/users/h61084/codes/adaptime/outputs/adaptime/extractions/ridge/univariate/CPHL/30T/medium/run_0/extraction/manifest.json
TIME run allocation action=skip run=/fslarge/scratch/users/h61084/codes/adaptime/outputs/adaptime/extractions/ridge/univariate/CPHL/30T/long/run_0 source_launch=selena_adaptime_unified_20260914T204328Z_25264_ridge launch_id=selena_adaptime_unified_20260915T153415Z_57382_ridge slurm_job_id=3437179 launched_at=2026-09-15T15:34:43.513914+00:00
/fslarge/scratch/users/h61084/codes/adaptime/outputs/adaptime/extractions/ridge/univariate/CPHL/30T/long/run_0/extraction/manifest.json
TIME run allocation action=skip run=/fslarge/scratch/users/h61084/codes/adaptime/outputs/adaptime/extractions/ridge/univariate/CPHL/H/short/run_0 source_launch=selena_adaptime_unified_20260914T204328Z_25264_ridge launch_id=selena_adaptime_unified_20260915T153415Z_57382_ridge slurm_job_id=3437179 launched_at=2026-09-15T15:34:43.520399+00:00
/fslarge/scratch/users/h61084/codes/adaptime/outputs/adaptime/extractions/ridge/univariate/CPHL/H/short/run_0/extraction/manifest.json
TIME run allocation action=skip run=/fslarge/scratch/users/h61084/codes/adaptime/outputs/adaptime/extractions/ridge/univariate/CPHL/H/medium/run_0 source_launch=selena_adaptime_unified_20260914T204328Z_25264_ridge launch_id=selena_adaptime_unified_20260915T153415Z_57382_ridge slurm_job_id=3437179 launched_at=2026-09-15T15:34:43.526553+00:00
/fslarge/scratch/users/h61084/codes/adaptime/outputs/adaptime/extractions/ridge/univariate/CPHL/H/medium/run_0/extraction/manifest.json
TIME run allocation action=skip run=/fslarge/scratch/users/h61084/codes/adaptime/outputs/adaptime/extractions/ridge/univariate/CPHL/H/long/run_0 source_launch=selena_adaptime_unified_20260914T204328Z_25264_ridge launch_id=selena_adaptime_unified_20260915T153415Z_57382_ridge slurm_job_id=3437179 launched_at=2026-09-15T15:34:43.532346+00:00
/fslarge/scratch/users/h61084/codes/adaptime/outputs/adaptime/extractions/ridge/univariate/CPHL/H/long/run_0/extraction/manifest.json
TIME run allocation action=skip run=/fslarge/scratch/users/h61084/codes/adaptime/outputs/adaptime/extractions/ridge/univariate/Coastal_T_S/15T/short/run_0 source_launch=selena_adaptime_unified_20260915T093500Z_51105_ridge launch_id=selena_adaptime_unified_20260915T153415Z_57382_ridge slurm_job_id=3437179 launched_at=2026-09-15T15:34:43.538092+00:00
/fslarge/scratch/users/h61084/codes/adaptime/outputs/adaptime/extractions/ridge/univariate/Coastal_T_S/15T/short/run_0/extraction/manifest.json
TIME run allocation action=skip run=/fslarge/scratch/users/h61084/codes/adaptime/outputs/adaptime/extractions/ridge/univariate/Coastal_T_S/15T/medium/run_0 source_launch=selena_adaptime_unified_20260915T093500Z_51105_ridge launch_id=selena_adaptime_unified_20260915T153415Z_57382_ridge slurm_job_id=3437179 launched_at=2026-09-15T15:34:43.543527+00:00
/fslarge/scratch/users/h61084/codes/adaptime/outputs/adaptime/extractions/ridge/univariate/Coastal_T_S/15T/medium/run_0/extraction/manifest.json
TIME run allocation action=skip run=/fslarge/scratch/users/h61084/codes/adaptime/outputs/adaptime/extractions/ridge/univariate/Coastal_T_S/15T/long/run_0 source_launch=selena_adaptime_unified_20260915T093500Z_51105_ridge launch_id=selena_adaptime_unified_20260915T153415Z_57382_ridge slurm_job_id=3437179 launched_at=2026-09-15T15:34:43.549607+00:00
/fslarge/scratch/users/h61084/codes/adaptime/outputs/adaptime/extractions/ridge/univariate/Coastal_T_S/15T/long/run_0/extraction/manifest.json
TIME run allocation action=skip run=/fslarge/scratch/users/h61084/codes/adaptime/outputs/adaptime/extractions/ridge/univariate/Coastal_T_S/20T/short/run_0 source_launch=selena_adaptime_unified_20260915T093500Z_51105_ridge launch_id=selena_adaptime_unified_20260915T153415Z_57382_ridge slurm_job_id=3437179 launched_at=2026-09-15T15:34:43.555310+00:00
/fslarge/scratch/users/h61084/codes/adaptime/outputs/adaptime/extractions/ridge/univariate/Coastal_T_S/20T/short/run_0/extraction/manifest.json
TIME run allocation action=skip run=/fslarge/scratch/users/h61084/codes/adaptime/outputs/adaptime/extractions/ridge/univariate/Coastal_T_S/20T/medium/run_0 source_launch=selena_adaptime_unified_20260915T093500Z_51105_ridge launch_id=selena_adaptime_unified_20260915T153415Z_57382_ridge slurm_job_id=3437179 launched_at=2026-09-15T15:34:43.561175+00:00
/fslarge/scratch/users/h61084/codes/adaptime/outputs/adaptime/extractions/ridge/univariate/Coastal_T_S/20T/medium/run_0/extraction/manifest.json
TIME run allocation action=skip run=/fslarge/scratch/users/h61084/codes/adaptime/outputs/adaptime/extractions/ridge/univariate/Coastal_T_S/20T/long/run_0 source_launch=selena_adaptime_unified_20260915T093500Z_51105_ridge launch_id=selena_adaptime_unified_20260915T153415Z_57382_ridge slurm_job_id=3437179 launched_at=2026-09-15T15:34:43.566933+00:00
/fslarge/scratch/users/h61084/codes/adaptime/outputs/adaptime/extractions/ridge/univariate/Coastal_T_S/20T/long/run_0/extraction/manifest.json
TIME run allocation action=skip run=/fslarge/scratch/users/h61084/codes/adaptime/outputs/adaptime/extractions/ridge/univariate/Coastal_T_S/H/short/run_0 source_launch=selena_adaptime_unified_20260915T093500Z_51105_ridge launch_id=selena_adaptime_unified_20260915T153415Z_57382_ridge slurm_job_id=3437179 launched_at=2026-09-15T15:34:43.572793+00:00
/fslarge/scratch/users/h61084/codes/adaptime/outputs/adaptime/extractions/ridge/univariate/Coastal_T_S/H/short/run_0/extraction/manifest.json
TIME run allocation action=skip run=/fslarge/scratch/users/h61084/codes/adaptime/outputs/adaptime/extractions/ridge/univariate/Coastal_T_S/H/medium/run_0 source_launch=selena_adaptime_unified_20260915T093500Z_51105_ridge launch_id=selena_adaptime_unified_20260915T153415Z_57382_ridge slurm_job_id=3437179 launched_at=2026-09-15T15:34:43.578701+00:00
/fslarge/scratch/users/h61084/codes/adaptime/outputs/adaptime/extractions/ridge/univariate/Coastal_T_S/H/medium/run_0/extraction/manifest.json
TIME run allocation action=skip run=/fslarge/scratch/users/h61084/codes/adaptime/outputs/adaptime/extractions/ridge/univariate/Coastal_T_S/H/long/run_0 source_launch=selena_adaptime_unified_20260915T093500Z_51105_ridge launch_id=selena_adaptime_unified_20260915T153415Z_57382_ridge slurm_job_id=3437179 launched_at=2026-09-15T15:34:43.584603+00:00
/fslarge/scratch/users/h61084/codes/adaptime/outputs/adaptime/extractions/ridge/univariate/Coastal_T_S/H/long/run_0/extraction/manifest.json
TIME run allocation action=skip run=/fslarge/scratch/users/h61084/codes/adaptime/outputs/adaptime/extractions/ridge/univariate/SG_Weather/D/short/run_0 source_launch=selena_adaptime_unified_20260915T093500Z_51105_ridge launch_id=selena_adaptime_unified_20260915T153415Z_57382_ridge slurm_job_id=3437179 launched_at=2026-09-15T15:34:43.590459+00:00
/fslarge/scratch/users/h61084/codes/adaptime/outputs/adaptime/extractions/ridge/univariate/SG_Weather/D/short/run_0/extraction/manifest.json
TIME run allocation action=skip run=/fslarge/scratch/users/h61084/codes/adaptime/outputs/adaptime/extractions/ridge/univariate/SG_Weather/D/medium/run_0 source_launch=selena_adaptime_unified_20260915T093500Z_51105_ridge launch_id=selena_adaptime_unified_20260915T153415Z_57382_ridge slurm_job_id=3437179 launched_at=2026-09-15T15:34:43.596225+00:00
/fslarge/scratch/users/h61084/codes/adaptime/outputs/adaptime/extractions/ridge/univariate/SG_Weather/D/medium/run_0/extraction/manifest.json
TIME run allocation action=skip run=/fslarge/scratch/users/h61084/codes/adaptime/outputs/adaptime/extractions/ridge/univariate/SG_Weather/D/long/run_0 source_launch=selena_adaptime_unified_20260915T093500Z_51105_ridge launch_id=selena_adaptime_unified_20260915T153415Z_57382_ridge slurm_job_id=3437179 launched_at=2026-09-15T15:34:43.601997+00:00
/fslarge/scratch/users/h61084/codes/adaptime/outputs/adaptime/extractions/ridge/univariate/SG_Weather/D/long/run_0/extraction/manifest.json
TIME run allocation action=skip run=/fslarge/scratch/users/h61084/codes/adaptime/outputs/adaptime/extractions/ridge/univariate/SG_PM25/H/short/run_0 source_launch=selena_adaptime_unified_20260915T093500Z_51105_ridge launch_id=selena_adaptime_unified_20260915T153415Z_57382_ridge slurm_job_id=3437179 launched_at=2026-09-15T15:34:43.608422+00:00
/fslarge/scratch/users/h61084/codes/adaptime/outputs/adaptime/extractions/ridge/univariate/SG_PM25/H/short/run_0/extraction/manifest.json
TIME run allocation action=skip run=/fslarge/scratch/users/h61084/codes/adaptime/outputs/adaptime/extractions/ridge/univariate/SG_PM25/H/medium/run_0 source_launch=selena_adaptime_unified_20260915T093500Z_51105_ridge launch_id=selena_adaptime_unified_20260915T153415Z_57382_ridge slurm_job_id=3437179 launched_at=2026-09-15T15:34:43.614742+00:00
/fslarge/scratch/users/h61084/codes/adaptime/outputs/adaptime/extractions/ridge/univariate/SG_PM25/H/medium/run_0/extraction/manifest.json
TIME run allocation action=skip run=/fslarge/scratch/users/h61084/codes/adaptime/outputs/adaptime/extractions/ridge/univariate/SG_PM25/H/long/run_0 source_launch=selena_adaptime_unified_20260915T093500Z_51105_ridge launch_id=selena_adaptime_unified_20260915T153415Z_57382_ridge slurm_job_id=3437179 launched_at=2026-09-15T15:34:43.622325+00:00
/fslarge/scratch/users/h61084/codes/adaptime/outputs/adaptime/extractions/ridge/univariate/SG_PM25/H/long/run_0/extraction/manifest.json
TIME run allocation action=skip run=/fslarge/scratch/users/h61084/codes/adaptime/outputs/adaptime/extractions/ridge/univariate/NE_China_Wind/H/short/run_0 source_launch=selena_adaptime_unified_20260915T093500Z_51105_ridge launch_id=selena_adaptime_unified_20260915T153415Z_57382_ridge slurm_job_id=3437179 launched_at=2026-09-15T15:34:43.628178+00:00
/fslarge/scratch/users/h61084/codes/adaptime/outputs/adaptime/extractions/ridge/univariate/NE_China_Wind/H/short/run_0/extraction/manifest.json
TIME run allocation action=skip run=/fslarge/scratch/users/h61084/codes/adaptime/outputs/adaptime/extractions/ridge/univariate/NE_China_Wind/H/medium/run_0 source_launch=selena_adaptime_unified_20260915T093500Z_51105_ridge launch_id=selena_adaptime_unified_20260915T153415Z_57382_ridge slurm_job_id=3437179 launched_at=2026-09-15T15:34:43.634238+00:00
/fslarge/scratch/users/h61084/codes/adaptime/outputs/adaptime/extractions/ridge/univariate/NE_China_Wind/H/medium/run_0/extraction/manifest.json
TIME run allocation action=skip run=/fslarge/scratch/users/h61084/codes/adaptime/outputs/adaptime/extractions/ridge/univariate/NE_China_Wind/H/long/run_0 source_launch=selena_adaptime_unified_20260915T093500Z_51105_ridge launch_id=selena_adaptime_unified_20260915T153415Z_57382_ridge slurm_job_id=3437179 launched_at=2026-09-15T15:34:43.639960+00:00
/fslarge/scratch/users/h61084/codes/adaptime/outputs/adaptime/extractions/ridge/univariate/NE_China_Wind/H/long/run_0/extraction/manifest.json
TIME run allocation action=skip run=/fslarge/scratch/users/h61084/codes/adaptime/outputs/adaptime/extractions/ridge/univariate/Australia_Solar/H/short/run_0 source_launch=selena_adaptime_unified_20260915T093500Z_51105_ridge launch_id=selena_adaptime_unified_20260915T153415Z_57382_ridge slurm_job_id=3437179 launched_at=2026-09-15T15:34:43.645858+00:00
/fslarge/scratch/users/h61084/codes/adaptime/outputs/adaptime/extractions/ridge/univariate/Australia_Solar/H/short/run_0/extraction/manifest.json
TIME run allocation action=skip run=/fslarge/scratch/users/h61084/codes/adaptime/outputs/adaptime/extractions/ridge/univariate/Australia_Solar/H/medium/run_0 source_launch=selena_adaptime_unified_20260915T093500Z_51105_ridge launch_id=selena_adaptime_unified_20260915T153415Z_57382_ridge slurm_job_id=3437179 launched_at=2026-09-15T15:34:43.651697+00:00
/fslarge/scratch/users/h61084/codes/adaptime/outputs/adaptime/extractions/ridge/univariate/Australia_Solar/H/medium/run_0/extraction/manifest.json
TIME run allocation action=skip run=/fslarge/scratch/users/h61084/codes/adaptime/outputs/adaptime/extractions/ridge/univariate/Australia_Solar/H/long/run_0 source_launch=selena_adaptime_unified_20260915T093500Z_51105_ridge launch_id=selena_adaptime_unified_20260915T153415Z_57382_ridge slurm_job_id=3437179 launched_at=2026-09-15T15:34:43.657509+00:00
/fslarge/scratch/users/h61084/codes/adaptime/outputs/adaptime/extractions/ridge/univariate/Australia_Solar/H/long/run_0/extraction/manifest.json
TIME run allocation action=skip run=/fslarge/scratch/users/h61084/codes/adaptime/outputs/adaptime/extractions/ridge/univariate/epf_electricity_price/H/short/run_0 source_launch=selena_adaptime_unified_20260915T093500Z_51105_ridge launch_id=selena_adaptime_unified_20260915T153415Z_57382_ridge slurm_job_id=3437179 launched_at=2026-09-15T15:34:43.663552+00:00
/fslarge/scratch/users/h61084/codes/adaptime/outputs/adaptime/extractions/ridge/univariate/epf_electricity_price/H/short/run_0/extraction/manifest.json
TIME run allocation action=skip run=/fslarge/scratch/users/h61084/codes/adaptime/outputs/adaptime/extractions/ridge/univariate/epf_electricity_price/H/medium/run_0 source_launch=selena_adaptime_unified_20260915T093500Z_51105_ridge launch_id=selena_adaptime_unified_20260915T153415Z_57382_ridge slurm_job_id=3437179 launched_at=2026-09-15T15:34:43.669302+00:00
/fslarge/scratch/users/h61084/codes/adaptime/outputs/adaptime/extractions/ridge/univariate/epf_electricity_price/H/medium/run_0/extraction/manifest.json
TIME run allocation action=skip run=/fslarge/scratch/users/h61084/codes/adaptime/outputs/adaptime/extractions/ridge/univariate/epf_electricity_price/H/long/run_0 source_launch=selena_adaptime_unified_20260915T093500Z_51105_ridge launch_id=selena_adaptime_unified_20260915T153415Z_57382_ridge slurm_job_id=3437179 launched_at=2026-09-15T15:34:43.674980+00:00
/fslarge/scratch/users/h61084/codes/adaptime/outputs/adaptime/extractions/ridge/univariate/epf_electricity_price/H/long/run_0/extraction/manifest.json
TIME run allocation action=skip run=/fslarge/scratch/users/h61084/codes/adaptime/outputs/adaptime/extractions/ridge/univariate/OpenElectricity_NEM/5T/short/run_0 source_launch=selena_adaptime_unified_20260915T093500Z_51105_ridge launch_id=selena_adaptime_unified_20260915T153415Z_57382_ridge slurm_job_id=3437179 launched_at=2026-09-15T15:34:43.680540+00:00
/fslarge/scratch/users/h61084/codes/adaptime/outputs/adaptime/extractions/ridge/univariate/OpenElectricity_NEM/5T/short/run_0/extraction/manifest.json
TIME run allocation action=skip run=/fslarge/scratch/users/h61084/codes/adaptime/outputs/adaptime/extractions/ridge/univariate/OpenElectricity_NEM/5T/medium/run_0 source_launch=selena_adaptime_unified_20260915T093500Z_51105_ridge launch_id=selena_adaptime_unified_20260915T153415Z_57382_ridge slurm_job_id=3437179 launched_at=2026-09-15T15:34:43.686321+00:00
/fslarge/scratch/users/h61084/codes/adaptime/outputs/adaptime/extractions/ridge/univariate/OpenElectricity_NEM/5T/medium/run_0/extraction/manifest.json
TIME run allocation action=skip run=/fslarge/scratch/users/h61084/codes/adaptime/outputs/adaptime/extractions/ridge/univariate/OpenElectricity_NEM/5T/long/run_0 source_launch=selena_adaptime_unified_20260915T093500Z_51105_ridge launch_id=selena_adaptime_unified_20260915T153415Z_57382_ridge slurm_job_id=3437179 launched_at=2026-09-15T15:34:43.692115+00:00
/fslarge/scratch/users/h61084/codes/adaptime/outputs/adaptime/extractions/ridge/univariate/OpenElectricity_NEM/5T/long/run_0/extraction/manifest.json
TIME run allocation action=skip run=/fslarge/scratch/users/h61084/codes/adaptime/outputs/adaptime/extractions/ridge/univariate/EWELD_Load/15T/short/run_0 source_launch=selena_adaptime_unified_20260915T093500Z_51105_ridge launch_id=selena_adaptime_unified_20260915T153415Z_57382_ridge slurm_job_id=3437179 launched_at=2026-09-15T15:34:43.698099+00:00
/fslarge/scratch/users/h61084/codes/adaptime/outputs/adaptime/extractions/ridge/univariate/EWELD_Load/15T/short/run_0/extraction/manifest.json
TIME run allocation action=skip run=/fslarge/scratch/users/h61084/codes/adaptime/outputs/adaptime/extractions/ridge/univariate/EWELD_Load/15T/medium/run_0 source_launch=selena_adaptime_unified_20260915T093500Z_51105_ridge launch_id=selena_adaptime_unified_20260915T153415Z_57382_ridge slurm_job_id=3437179 launched_at=2026-09-15T15:34:43.703901+00:00
/fslarge/scratch/users/h61084/codes/adaptime/outputs/adaptime/extractions/ridge/univariate/EWELD_Load/15T/medium/run_0/extraction/manifest.json
TIME run allocation action=skip run=/fslarge/scratch/users/h61084/codes/adaptime/outputs/adaptime/extractions/ridge/univariate/EWELD_Load/15T/long/run_0 source_launch=selena_adaptime_unified_20260915T093500Z_51105_ridge launch_id=selena_adaptime_unified_20260915T153415Z_57382_ridge slurm_job_id=3437179 launched_at=2026-09-15T15:34:43.709677+00:00
/fslarge/scratch/users/h61084/codes/adaptime/outputs/adaptime/extractions/ridge/univariate/EWELD_Load/15T/long/run_0/extraction/manifest.json
TIME run allocation action=skip run=/fslarge/scratch/users/h61084/codes/adaptime/outputs/adaptime/extractions/ridge/univariate/SG_Carpark/15T/short/run_0 source_launch=selena_adaptime_unified_20260915T093500Z_51105_ridge launch_id=selena_adaptime_unified_20260915T153415Z_57382_ridge slurm_job_id=3437179 launched_at=2026-09-15T15:34:43.715456+00:00
/fslarge/scratch/users/h61084/codes/adaptime/outputs/adaptime/extractions/ridge/univariate/SG_Carpark/15T/short/run_0/extraction/manifest.json
TIME run allocation action=skip run=/fslarge/scratch/users/h61084/codes/adaptime/outputs/adaptime/extractions/ridge/univariate/SG_Carpark/15T/medium/run_0 source_launch=selena_adaptime_unified_20260915T093500Z_51105_ridge launch_id=selena_adaptime_unified_20260915T153415Z_57382_ridge slurm_job_id=3437179 launched_at=2026-09-15T15:34:43.721527+00:00
/fslarge/scratch/users/h61084/codes/adaptime/outputs/adaptime/extractions/ridge/univariate/SG_Carpark/15T/medium/run_0/extraction/manifest.json
TIME run allocation action=skip run=/fslarge/scratch/users/h61084/codes/adaptime/outputs/adaptime/extractions/ridge/univariate/SG_Carpark/15T/long/run_0 source_launch=selena_adaptime_unified_20260915T093500Z_51105_ridge launch_id=selena_adaptime_unified_20260915T153415Z_57382_ridge slurm_job_id=3437179 launched_at=2026-09-15T15:34:43.727340+00:00
/fslarge/scratch/users/h61084/codes/adaptime/outputs/adaptime/extractions/ridge/univariate/SG_Carpark/15T/long/run_0/extraction/manifest.json
TIME run allocation action=skip run=/fslarge/scratch/users/h61084/codes/adaptime/outputs/adaptime/extractions/ridge/univariate/Finland_Traffic/15T/short/run_0 source_launch=selena_adaptime_unified_20260915T093500Z_51105_ridge launch_id=selena_adaptime_unified_20260915T153415Z_57382_ridge slurm_job_id=3437179 launched_at=2026-09-15T15:34:43.733080+00:00
/fslarge/scratch/users/h61084/codes/adaptime/outputs/adaptime/extractions/ridge/univariate/Finland_Traffic/15T/short/run_0/extraction/manifest.json
TIME run allocation action=skip run=/fslarge/scratch/users/h61084/codes/adaptime/outputs/adaptime/extractions/ridge/univariate/Finland_Traffic/15T/medium/run_0 source_launch=selena_adaptime_unified_20260915T093500Z_51105_ridge launch_id=selena_adaptime_unified_20260915T153415Z_57382_ridge slurm_job_id=3437179 launched_at=2026-09-15T15:34:43.738724+00:00
/fslarge/scratch/users/h61084/codes/adaptime/outputs/adaptime/extractions/ridge/univariate/Finland_Traffic/15T/medium/run_0/extraction/manifest.json
TIME run allocation action=skip run=/fslarge/scratch/users/h61084/codes/adaptime/outputs/adaptime/extractions/ridge/univariate/Finland_Traffic/15T/long/run_0 source_launch=selena_adaptime_unified_20260915T093500Z_51105_ridge launch_id=selena_adaptime_unified_20260915T153415Z_57382_ridge slurm_job_id=3437179 launched_at=2026-09-15T15:34:43.744394+00:00
/fslarge/scratch/users/h61084/codes/adaptime/outputs/adaptime/extractions/ridge/univariate/Finland_Traffic/15T/long/run_0/extraction/manifest.json
TIME run allocation action=skip run=/fslarge/scratch/users/h61084/codes/adaptime/outputs/adaptime/extractions/ridge/univariate/Port_Activity/D/short/run_0 source_launch=selena_adaptime_unified_20260915T093500Z_51105_ridge launch_id=selena_adaptime_unified_20260915T153415Z_57382_ridge slurm_job_id=3437179 launched_at=2026-09-15T15:34:43.750287+00:00
/fslarge/scratch/users/h61084/codes/adaptime/outputs/adaptime/extractions/ridge/univariate/Port_Activity/D/short/run_0/extraction/manifest.json
TIME run allocation action=skip run=/fslarge/scratch/users/h61084/codes/adaptime/outputs/adaptime/extractions/ridge/univariate/Port_Activity/W/short/run_0 source_launch=selena_adaptime_unified_20260915T093500Z_51105_ridge launch_id=selena_adaptime_unified_20260915T153415Z_57382_ridge slurm_job_id=3437179 launched_at=2026-09-15T15:34:43.756025+00:00
/fslarge/scratch/users/h61084/codes/adaptime/outputs/adaptime/extractions/ridge/univariate/Port_Activity/W/short/run_0/extraction/manifest.json
TIME run allocation action=skip run=/fslarge/scratch/users/h61084/codes/adaptime/outputs/adaptime/extractions/ridge/univariate/ECDC_COVID/D/short/run_0 source_launch=selena_adaptime_unified_20260915T093500Z_51105_ridge launch_id=selena_adaptime_unified_20260915T153415Z_57382_ridge slurm_job_id=3437179 launched_at=2026-09-15T15:34:43.761779+00:00
/fslarge/scratch/users/h61084/codes/adaptime/outputs/adaptime/extractions/ridge/univariate/ECDC_COVID/D/short/run_0/extraction/manifest.json
TIME run allocation action=skip run=/fslarge/scratch/users/h61084/codes/adaptime/outputs/adaptime/extractions/ridge/univariate/ECDC_COVID/W/short/run_0 source_launch=selena_adaptime_unified_20260915T093500Z_51105_ridge launch_id=selena_adaptime_unified_20260915T153415Z_57382_ridge slurm_job_id=3437179 launched_at=2026-09-15T15:34:43.767396+00:00
/fslarge/scratch/users/h61084/codes/adaptime/outputs/adaptime/extractions/ridge/univariate/ECDC_COVID/W/short/run_0/extraction/manifest.json
TIME run allocation action=skip run=/fslarge/scratch/users/h61084/codes/adaptime/outputs/adaptime/extractions/ridge/univariate/Global_Influenza/W/short/run_0 source_launch=selena_adaptime_unified_20260915T093500Z_51105_ridge launch_id=selena_adaptime_unified_20260915T153415Z_57382_ridge slurm_job_id=3437179 launched_at=2026-09-15T15:34:43.773638+00:00
/fslarge/scratch/users/h61084/codes/adaptime/outputs/adaptime/extractions/ridge/univariate/Global_Influenza/W/short/run_0/extraction/manifest.json
TIME run allocation action=skip run=/fslarge/scratch/users/h61084/codes/adaptime/outputs/adaptime/extractions/ridge/univariate/Crypto/D/short/run_0 source_launch=selena_adaptime_unified_20260915T093500Z_51105_ridge launch_id=selena_adaptime_unified_20260915T153415Z_57382_ridge slurm_job_id=3437179 launched_at=2026-09-15T15:34:43.779495+00:00
/fslarge/scratch/users/h61084/codes/adaptime/outputs/adaptime/extractions/ridge/univariate/Crypto/D/short/run_0/extraction/manifest.json
TIME run allocation action=skip run=/fslarge/scratch/users/h61084/codes/adaptime/outputs/adaptime/extractions/ridge/univariate/US_Term_Structure/B/short/run_0 source_launch=selena_adaptime_unified_20260915T093500Z_51105_ridge launch_id=selena_adaptime_unified_20260915T153415Z_57382_ridge slurm_job_id=3437179 launched_at=2026-09-15T15:34:43.785012+00:00
/fslarge/scratch/users/h61084/codes/adaptime/outputs/adaptime/extractions/ridge/univariate/US_Term_Structure/B/short/run_0/extraction/manifest.json
TIME run allocation action=skip run=/fslarge/scratch/users/h61084/codes/adaptime/outputs/adaptime/extractions/ridge/univariate/Oil_Price/B/short/run_0 source_launch=selena_adaptime_unified_20260915T093500Z_51105_ridge launch_id=selena_adaptime_unified_20260915T153415Z_57382_ridge slurm_job_id=3437179 launched_at=2026-09-15T15:34:43.790709+00:00
/fslarge/scratch/users/h61084/codes/adaptime/outputs/adaptime/extractions/ridge/univariate/Oil_Price/B/short/run_0/extraction/manifest.json
TIME run allocation action=skip run=/fslarge/scratch/users/h61084/codes/adaptime/outputs/adaptime/extractions/ridge/univariate/Job_Claims/W/short/run_0 source_launch=selena_adaptime_unified_20260915T093500Z_51105_ridge launch_id=selena_adaptime_unified_20260915T153415Z_57382_ridge slurm_job_id=3437179 launched_at=2026-09-15T15:34:43.796321+00:00
/fslarge/scratch/users/h61084/codes/adaptime/outputs/adaptime/extractions/ridge/univariate/Job_Claims/W/short/run_0/extraction/manifest.json
TIME run allocation action=skip run=/fslarge/scratch/users/h61084/codes/adaptime/outputs/adaptime/extractions/ridge/univariate/Uncertainty_1M/M/short/run_0 source_launch=selena_adaptime_unified_20260915T093500Z_51105_ridge launch_id=selena_adaptime_unified_20260915T153415Z_57382_ridge slurm_job_id=3437179 launched_at=2026-09-15T15:34:43.802016+00:00
/fslarge/scratch/users/h61084/codes/adaptime/outputs/adaptime/extractions/ridge/univariate/Uncertainty_1M/M/short/run_0/extraction/manifest.json
TIME run allocation action=skip run=/fslarge/scratch/users/h61084/codes/adaptime/outputs/adaptime/extractions/ridge/univariate/Housing_Inventory/M/short/run_0 source_launch=selena_adaptime_unified_20260915T093500Z_51105_ridge launch_id=selena_adaptime_unified_20260915T153415Z_57382_ridge slurm_job_id=3437179 launched_at=2026-09-15T15:34:43.807653+00:00
/fslarge/scratch/users/h61084/codes/adaptime/outputs/adaptime/extractions/ridge/univariate/Housing_Inventory/M/short/run_0/extraction/manifest.json
TIME run allocation action=skip run=/fslarge/scratch/users/h61084/codes/adaptime/outputs/adaptime/extractions/ridge/univariate/JOLTS/M/short/run_0 source_launch=selena_adaptime_unified_20260915T093500Z_51105_ridge launch_id=selena_adaptime_unified_20260915T153415Z_57382_ridge slurm_job_id=3437179 launched_at=2026-09-15T15:34:43.813454+00:00
/fslarge/scratch/users/h61084/codes/adaptime/outputs/adaptime/extractions/ridge/univariate/JOLTS/M/short/run_0/extraction/manifest.json
TIME run allocation action=skip run=/fslarge/scratch/users/h61084/codes/adaptime/outputs/adaptime/extractions/ridge/univariate/US_Labor/M/short/run_0 source_launch=selena_adaptime_unified_20260915T093500Z_51105_ridge launch_id=selena_adaptime_unified_20260915T153415Z_57382_ridge slurm_job_id=3437179 launched_at=2026-09-15T15:34:43.819145+00:00
/fslarge/scratch/users/h61084/codes/adaptime/outputs/adaptime/extractions/ridge/univariate/US_Labor/M/short/run_0/extraction/manifest.json
TIME run allocation action=skip run=/fslarge/scratch/users/h61084/codes/adaptime/outputs/adaptime/extractions/ridge/univariate/Vehicle_Supply/M/short/run_0 source_launch=selena_adaptime_unified_20260915T093500Z_51105_ridge launch_id=selena_adaptime_unified_20260915T153415Z_57382_ridge slurm_job_id=3437179 launched_at=2026-09-15T15:34:43.824864+00:00
/fslarge/scratch/users/h61084/codes/adaptime/outputs/adaptime/extractions/ridge/univariate/Vehicle_Supply/M/short/run_0/extraction/manifest.json
TIME run allocation action=skip run=/fslarge/scratch/users/h61084/codes/adaptime/outputs/adaptime/extractions/ridge/univariate/Auto_Production_SF/M/short/run_0 source_launch=selena_adaptime_unified_20260915T093500Z_51105_ridge launch_id=selena_adaptime_unified_20260915T153415Z_57382_ridge slurm_job_id=3437179 launched_at=2026-09-15T15:34:43.830827+00:00
/fslarge/scratch/users/h61084/codes/adaptime/outputs/adaptime/extractions/ridge/univariate/Auto_Production_SF/M/short/run_0/extraction/manifest.json
TIME run allocation action=skip run=/fslarge/scratch/users/h61084/codes/adaptime/outputs/adaptime/extractions/ridge/univariate/Commodity_Production/M/short/run_0 source_launch=selena_adaptime_unified_20260915T093500Z_51105_ridge launch_id=selena_adaptime_unified_20260915T153415Z_57382_ridge slurm_job_id=3437179 launched_at=2026-09-15T15:34:43.836481+00:00
/fslarge/scratch/users/h61084/codes/adaptime/outputs/adaptime/extractions/ridge/univariate/Commodity_Production/M/short/run_0/extraction/manifest.json
TIME run allocation action=skip run=/fslarge/scratch/users/h61084/codes/adaptime/outputs/adaptime/extractions/ridge/univariate/Commodity_Import/M/short/run_0 source_launch=selena_adaptime_unified_20260915T093500Z_51105_ridge launch_id=selena_adaptime_unified_20260915T153415Z_57382_ridge slurm_job_id=3437179 launched_at=2026-09-15T15:34:43.842145+00:00
/fslarge/scratch/users/h61084/codes/adaptime/outputs/adaptime/extractions/ridge/univariate/Commodity_Import/M/short/run_0/extraction/manifest.json
TIME run allocation action=skip run=/fslarge/scratch/users/h61084/codes/adaptime/outputs/adaptime/extractions/ridge/univariate/WUI_Global/Q/short/run_0 source_launch=selena_adaptime_unified_20260915T093500Z_51105_ridge launch_id=selena_adaptime_unified_20260915T153415Z_57382_ridge slurm_job_id=3437179 launched_at=2026-09-15T15:34:43.847758+00:00
/fslarge/scratch/users/h61084/codes/adaptime/outputs/adaptime/extractions/ridge/univariate/WUI_Global/Q/short/run_0/extraction/manifest.json
TIME run allocation action=skip run=/fslarge/scratch/users/h61084/codes/adaptime/outputs/adaptime/extractions/ridge/univariate/Global_Price/Q/short/run_0 source_launch=selena_adaptime_unified_20260915T093500Z_51105_ridge launch_id=selena_adaptime_unified_20260915T153415Z_57382_ridge slurm_job_id=3437179 launched_at=2026-09-15T15:34:43.853453+00:00
/fslarge/scratch/users/h61084/codes/adaptime/outputs/adaptime/extractions/ridge/univariate/Global_Price/Q/short/run_0/extraction/manifest.json
TIME run allocation action=skip run=/fslarge/scratch/users/h61084/codes/adaptime/outputs/adaptime/extractions/ridge/univariate/Vehicle_Sales/M/short/run_0 source_launch=selena_adaptime_unified_20260915T093500Z_51105_ridge launch_id=selena_adaptime_unified_20260915T153415Z_57382_ridge slurm_job_id=3437179 launched_at=2026-09-15T15:34:43.859153+00:00
/fslarge/scratch/users/h61084/codes/adaptime/outputs/adaptime/extractions/ridge/univariate/Vehicle_Sales/M/short/run_0/extraction/manifest.json
TIME run allocation action=skip run=/fslarge/scratch/users/h61084/codes/adaptime/outputs/adaptime/extractions/ridge/univariate/Online_Retail_2_UCI/D/short/run_0 source_launch=selena_adaptime_unified_20260915T093500Z_51105_ridge launch_id=selena_adaptime_unified_20260915T153415Z_57382_ridge slurm_job_id=3437179 launched_at=2026-09-15T15:34:43.865056+00:00
/fslarge/scratch/users/h61084/codes/adaptime/outputs/adaptime/extractions/ridge/univariate/Online_Retail_2_UCI/D/short/run_0/extraction/manifest.json
TIME run allocation action=skip run=/fslarge/scratch/users/h61084/codes/adaptime/outputs/adaptime/extractions/ridge/univariate/Supply_Chain_Customer/D/short/run_0 source_launch=selena_adaptime_unified_20260915T093500Z_51105_ridge launch_id=selena_adaptime_unified_20260915T153415Z_57382_ridge slurm_job_id=3437179 launched_at=2026-09-15T15:34:43.870791+00:00
/fslarge/scratch/users/h61084/codes/adaptime/outputs/adaptime/extractions/ridge/univariate/Supply_Chain_Customer/D/short/run_0/extraction/manifest.json
TIME run allocation action=skip run=/fslarge/scratch/users/h61084/codes/adaptime/outputs/adaptime/extractions/ridge/univariate/Supply_Chain_Location/D/short/run_0 source_launch=selena_adaptime_unified_20260915T093500Z_51105_ridge launch_id=selena_adaptime_unified_20260915T153415Z_57382_ridge slurm_job_id=3437179 launched_at=2026-09-15T15:34:43.876395+00:00
/fslarge/scratch/users/h61084/codes/adaptime/outputs/adaptime/extractions/ridge/univariate/Supply_Chain_Location/D/short/run_0/extraction/manifest.json
TIME run allocation action=new run=/fslarge/scratch/users/h61084/codes/adaptime/outputs/adaptime/extractions/ridge/univariate/azure2019_U/5T/short/run_0 launch_id=selena_adaptime_unified_20260915T153415Z_57382_ridge slurm_job_id=3437179 launched_at=2026-09-15T15:34:43.882903+00:00
/fslarge/scratch/users/h61084/codes/adaptime/outputs/adaptime/extractions/ridge/univariate/azure2019_U/5T/short/run_0/extraction/manifest.json
TIME run allocation action=new run=/fslarge/scratch/users/h61084/codes/adaptime/outputs/adaptime/extractions/ridge/univariate/Smart_Manufacturing/H/short/run_0 launch_id=selena_adaptime_unified_20260915T153415Z_57382_ridge slurm_job_id=3437179 launched_at=2026-09-15T15:34:56.501358+00:00
/fslarge/scratch/users/h61084/codes/adaptime/outputs/adaptime/extractions/ridge/univariate/Smart_Manufacturing/H/short/run_0/extraction/manifest.json
TIME run allocation action=new run=/fslarge/scratch/users/h61084/codes/adaptime/outputs/adaptime/extractions/ridge/univariate/Smart_Manufacturing/H/medium/run_0 launch_id=selena_adaptime_unified_20260915T153415Z_57382_ridge slurm_job_id=3437179 launched_at=2026-09-15T15:34:58.837958+00:00
/fslarge/scratch/users/h61084/codes/adaptime/outputs/adaptime/extractions/ridge/univariate/Smart_Manufacturing/H/medium/run_0/extraction/manifest.json
TIME run allocation action=new run=/fslarge/scratch/users/h61084/codes/adaptime/outputs/adaptime/extractions/ridge/univariate/Smart_Manufacturing/H/long/run_0 launch_id=selena_adaptime_unified_20260915T153415Z_57382_ridge slurm_job_id=3437179 launched_at=2026-09-15T15:35:00.984242+00:00
/fslarge/scratch/users/h61084/codes/adaptime/outputs/adaptime/extractions/ridge/univariate/Smart_Manufacturing/H/long/run_0/extraction/manifest.json
TIME run allocation action=new run=/fslarge/scratch/users/h61084/codes/adaptime/outputs/adaptime/extractions/ridge/univariate/MetroPT-3/5T/short/run_0 launch_id=selena_adaptime_unified_20260915T153415Z_57382_ridge slurm_job_id=3437179 launched_at=2026-09-15T15:35:02.283668+00:00
/fslarge/scratch/users/h61084/codes/adaptime/outputs/adaptime/extractions/ridge/univariate/MetroPT-3/5T/short/run_0/extraction/manifest.json
TIME run allocation action=new run=/fslarge/scratch/users/h61084/codes/adaptime/outputs/adaptime/extractions/ridge/univariate/MetroPT-3/5T/medium/run_0 launch_id=selena_adaptime_unified_20260915T153415Z_57382_ridge slurm_job_id=3437179 launched_at=2026-09-15T15:35:07.987242+00:00
/fslarge/scratch/users/h61084/codes/adaptime/outputs/adaptime/extractions/ridge/univariate/MetroPT-3/5T/medium/run_0/extraction/manifest.json
TIME run allocation action=new run=/fslarge/scratch/users/h61084/codes/adaptime/outputs/adaptime/extractions/ridge/univariate/MetroPT-3/5T/long/run_0 launch_id=selena_adaptime_unified_20260915T153415Z_57382_ridge slurm_job_id=3437179 launched_at=2026-09-15T15:35:14.085777+00:00
/fslarge/scratch/users/h61084/codes/adaptime/outputs/adaptime/extractions/ridge/univariate/MetroPT-3/5T/long/run_0/extraction/manifest.json
TIME run allocation action=new run=/fslarge/scratch/users/h61084/codes/adaptime/outputs/adaptime/adaptations/ridge/univariate/Water_Quality_Darwin/15T/short/run_0 launch_id=selena_adaptime_unified_20260915T153415Z_57382_ridge slurm_job_id=3437179 launched_at=2026-09-15T15:35:14.854125+00:00
/fslarge/scratch/users/h61084/codes/adaptime/outputs/adaptime/adaptations/ridge/univariate/Water_Quality_Darwin/15T/short/run_0/model/model_manifest.json
TIME run allocation action=new run=/fslarge/scratch/users/h61084/codes/adaptime/outputs/adaptime/adaptations/ridge/univariate/Water_Quality_Darwin/15T/medium/run_0 launch_id=selena_adaptime_unified_20260915T153415Z_57382_ridge slurm_job_id=3437179 launched_at=2026-09-15T15:35:15.807452+00:00
/fslarge/scratch/users/h61084/codes/adaptime/outputs/adaptime/adaptations/ridge/univariate/Water_Quality_Darwin/15T/medium/run_0/model/model_manifest.json
TIME run allocation action=new run=/fslarge/scratch/users/h61084/codes/adaptime/outputs/adaptime/adaptations/ridge/univariate/Water_Quality_Darwin/15T/long/run_0 launch_id=selena_adaptime_unified_20260915T153415Z_57382_ridge slurm_job_id=3437179 launched_at=2026-09-15T15:35:18.584636+00:00
/fslarge/scratch/users/h61084/codes/adaptime/outputs/adaptime/adaptations/ridge/univariate/Water_Quality_Darwin/15T/long/run_0/model/model_manifest.json
TIME run allocation action=new run=/fslarge/scratch/users/h61084/codes/adaptime/outputs/adaptime/adaptations/ridge/univariate/current_velocity/5T/short/run_0 launch_id=selena_adaptime_unified_20260915T153415Z_57382_ridge slurm_job_id=3437179 launched_at=2026-09-15T15:35:31.283846+00:00
/fslarge/scratch/users/h61084/codes/adaptime/outputs/adaptime/adaptations/ridge/univariate/current_velocity/5T/short/run_0/model/model_manifest.json
TIME run allocation action=new run=/fslarge/scratch/users/h61084/codes/adaptime/outputs/adaptime/adaptations/ridge/univariate/current_velocity/5T/medium/run_0 launch_id=selena_adaptime_unified_20260915T153415Z_57382_ridge slurm_job_id=3437179 launched_at=2026-09-15T15:35:31.553247+00:00
/fslarge/scratch/users/h61084/codes/adaptime/outputs/adaptime/adaptations/ridge/univariate/current_velocity/5T/medium/run_0/model/model_manifest.json
TIME run allocation action=new run=/fslarge/scratch/users/h61084/codes/adaptime/outputs/adaptime/adaptations/ridge/univariate/current_velocity/5T/long/run_0 launch_id=selena_adaptime_unified_20260915T153415Z_57382_ridge slurm_job_id=3437179 launched_at=2026-09-15T15:35:33.732572+00:00
/fslarge/scratch/users/h61084/codes/adaptime/outputs/adaptime/adaptations/ridge/univariate/current_velocity/5T/long/run_0/model/model_manifest.json
TIME run allocation action=new run=/fslarge/scratch/users/h61084/codes/adaptime/outputs/adaptime/adaptations/ridge/univariate/current_velocity/10T/short/run_0 launch_id=selena_adaptime_unified_20260915T153415Z_57382_ridge slurm_job_id=3437179 launched_at=2026-09-15T15:35:35.775970+00:00
/fslarge/scratch/users/h61084/codes/adaptime/outputs/adaptime/adaptations/ridge/univariate/current_velocity/10T/short/run_0/model/model_manifest.json
TIME run allocation action=new run=/fslarge/scratch/users/h61084/codes/adaptime/outputs/adaptime/adaptations/ridge/univariate/current_velocity/10T/medium/run_0 launch_id=selena_adaptime_unified_20260915T153415Z_57382_ridge slurm_job_id=3437179 launched_at=2026-09-15T15:35:37.011106+00:00
/fslarge/scratch/users/h61084/codes/adaptime/outputs/adaptime/adaptations/ridge/univariate/current_velocity/10T/medium/run_0/model/model_manifest.json
TIME run allocation action=new run=/fslarge/scratch/users/h61084/codes/adaptime/outputs/adaptime/adaptations/ridge/univariate/current_velocity/10T/long/run_0 launch_id=selena_adaptime_unified_20260915T153415Z_57382_ridge slurm_job_id=3437179 launched_at=2026-09-15T15:35:41.742271+00:00
/fslarge/scratch/users/h61084/codes/adaptime/outputs/adaptime/adaptations/ridge/univariate/current_velocity/10T/long/run_0/model/model_manifest.json
TIME run allocation action=new run=/fslarge/scratch/users/h61084/codes/adaptime/outputs/adaptime/adaptations/ridge/univariate/current_velocity/15T/short/run_0 launch_id=selena_adaptime_unified_20260915T153415Z_57382_ridge slurm_job_id=3437179 launched_at=2026-09-15T15:35:47.560379+00:00
/fslarge/scratch/users/h61084/codes/adaptime/outputs/adaptime/adaptations/ridge/univariate/current_velocity/15T/short/run_0/model/model_manifest.json
TIME run allocation action=new run=/fslarge/scratch/users/h61084/codes/adaptime/outputs/adaptime/adaptations/ridge/univariate/current_velocity/15T/medium/run_0 launch_id=selena_adaptime_unified_20260915T153415Z_57382_ridge slurm_job_id=3437179 launched_at=2026-09-15T15:35:48.163709+00:00
/fslarge/scratch/users/h61084/codes/adaptime/outputs/adaptime/adaptations/ridge/univariate/current_velocity/15T/medium/run_0/model/model_manifest.json
TIME run allocation action=new run=/fslarge/scratch/users/h61084/codes/adaptime/outputs/adaptime/adaptations/ridge/univariate/current_velocity/15T/long/run_0 launch_id=selena_adaptime_unified_20260915T153415Z_57382_ridge slurm_job_id=3437179 launched_at=2026-09-15T15:35:49.620493+00:00
/fslarge/scratch/users/h61084/codes/adaptime/outputs/adaptime/adaptations/ridge/univariate/current_velocity/15T/long/run_0/model/model_manifest.json
TIME run allocation action=new run=/fslarge/scratch/users/h61084/codes/adaptime/outputs/adaptime/adaptations/ridge/univariate/current_velocity/H/short/run_0 launch_id=selena_adaptime_unified_20260915T153415Z_57382_ridge slurm_job_id=3437179 launched_at=2026-09-15T15:36:02.211757+00:00
/fslarge/scratch/users/h61084/codes/adaptime/outputs/adaptime/adaptations/ridge/univariate/current_velocity/H/short/run_0/model/model_manifest.json
TIME run allocation action=new run=/fslarge/scratch/users/h61084/codes/adaptime/outputs/adaptime/adaptations/ridge/univariate/current_velocity/H/medium/run_0 launch_id=selena_adaptime_unified_20260915T153415Z_57382_ridge slurm_job_id=3437179 launched_at=2026-09-15T15:36:04.209296+00:00
/fslarge/scratch/users/h61084/codes/adaptime/outputs/adaptime/adaptations/ridge/univariate/current_velocity/H/medium/run_0/model/model_manifest.json
TIME run allocation action=new run=/fslarge/scratch/users/h61084/codes/adaptime/outputs/adaptime/adaptations/ridge/univariate/current_velocity/H/long/run_0 launch_id=selena_adaptime_unified_20260915T153415Z_57382_ridge slurm_job_id=3437179 launched_at=2026-09-15T15:36:10.704760+00:00
/fslarge/scratch/users/h61084/codes/adaptime/outputs/adaptime/adaptations/ridge/univariate/current_velocity/H/long/run_0/model/model_manifest.json
TIME run allocation action=new run=/fslarge/scratch/users/h61084/codes/adaptime/outputs/adaptime/adaptations/ridge/univariate/CPHL/15T/short/run_0 launch_id=selena_adaptime_unified_20260915T153415Z_57382_ridge slurm_job_id=3437179 launched_at=2026-09-15T15:36:31.836128+00:00
/fslarge/scratch/users/h61084/codes/adaptime/outputs/adaptime/adaptations/ridge/univariate/CPHL/15T/short/run_0/model/model_manifest.json
TIME run allocation action=new run=/fslarge/scratch/users/h61084/codes/adaptime/outputs/adaptime/adaptations/ridge/univariate/CPHL/15T/medium/run_0 launch_id=selena_adaptime_unified_20260915T153415Z_57382_ridge slurm_job_id=3437179 launched_at=2026-09-15T15:36:32.026151+00:00
/fslarge/scratch/users/h61084/codes/adaptime/outputs/adaptime/adaptations/ridge/univariate/CPHL/15T/medium/run_0/model/model_manifest.json
TIME run allocation action=new run=/fslarge/scratch/users/h61084/codes/adaptime/outputs/adaptime/adaptations/ridge/univariate/CPHL/15T/long/run_0 launch_id=selena_adaptime_unified_20260915T153415Z_57382_ridge slurm_job_id=3437179 launched_at=2026-09-15T15:36:32.474714+00:00
/fslarge/scratch/users/h61084/codes/adaptime/outputs/adaptime/adaptations/ridge/univariate/CPHL/15T/long/run_0/model/model_manifest.json
TIME run allocation action=new run=/fslarge/scratch/users/h61084/codes/adaptime/outputs/adaptime/adaptations/ridge/univariate/CPHL/30T/short/run_0 launch_id=selena_adaptime_unified_20260915T153415Z_57382_ridge slurm_job_id=3437179 launched_at=2026-09-15T15:36:32.924748+00:00
/fslarge/scratch/users/h61084/codes/adaptime/outputs/adaptime/adaptations/ridge/univariate/CPHL/30T/short/run_0/model/model_manifest.json
TIME run allocation action=new run=/fslarge/scratch/users/h61084/codes/adaptime/outputs/adaptime/adaptations/ridge/univariate/CPHL/30T/medium/run_0 launch_id=selena_adaptime_unified_20260915T153415Z_57382_ridge slurm_job_id=3437179 launched_at=2026-09-15T15:36:33.123090+00:00
/fslarge/scratch/users/h61084/codes/adaptime/outputs/adaptime/adaptations/ridge/univariate/CPHL/30T/medium/run_0/model/model_manifest.json
TIME run allocation action=new run=/fslarge/scratch/users/h61084/codes/adaptime/outputs/adaptime/adaptations/ridge/univariate/CPHL/30T/long/run_0 launch_id=selena_adaptime_unified_20260915T153415Z_57382_ridge slurm_job_id=3437179 launched_at=2026-09-15T15:36:33.604862+00:00
/fslarge/scratch/users/h61084/codes/adaptime/outputs/adaptime/adaptations/ridge/univariate/CPHL/30T/long/run_0/model/model_manifest.json
TIME run allocation action=new run=/fslarge/scratch/users/h61084/codes/adaptime/outputs/adaptime/adaptations/ridge/univariate/CPHL/H/short/run_0 launch_id=selena_adaptime_unified_20260915T153415Z_57382_ridge slurm_job_id=3437179 launched_at=2026-09-15T15:36:34.045420+00:00
/fslarge/scratch/users/h61084/codes/adaptime/outputs/adaptime/adaptations/ridge/univariate/CPHL/H/short/run_0/model/model_manifest.json
TIME run allocation action=new run=/fslarge/scratch/users/h61084/codes/adaptime/outputs/adaptime/adaptations/ridge/univariate/CPHL/H/medium/run_0 launch_id=selena_adaptime_unified_20260915T153415Z_57382_ridge slurm_job_id=3437179 launched_at=2026-09-15T15:36:34.255277+00:00
/fslarge/scratch/users/h61084/codes/adaptime/outputs/adaptime/adaptations/ridge/univariate/CPHL/H/medium/run_0/model/model_manifest.json
TIME run allocation action=new run=/fslarge/scratch/users/h61084/codes/adaptime/outputs/adaptime/adaptations/ridge/univariate/CPHL/H/long/run_0 launch_id=selena_adaptime_unified_20260915T153415Z_57382_ridge slurm_job_id=3437179 launched_at=2026-09-15T15:36:34.475033+00:00
/fslarge/scratch/users/h61084/codes/adaptime/outputs/adaptime/adaptations/ridge/univariate/CPHL/H/long/run_0/model/model_manifest.json
TIME run allocation action=new run=/fslarge/scratch/users/h61084/codes/adaptime/outputs/adaptime/adaptations/ridge/univariate/Coastal_T_S/15T/short/run_0 launch_id=selena_adaptime_unified_20260915T153415Z_57382_ridge slurm_job_id=3437179 launched_at=2026-09-15T15:36:35.183769+00:00
/fslarge/scratch/users/h61084/codes/adaptime/outputs/adaptime/adaptations/ridge/univariate/Coastal_T_S/15T/short/run_0/model/model_manifest.json
TIME run allocation action=new run=/fslarge/scratch/users/h61084/codes/adaptime/outputs/adaptime/adaptations/ridge/univariate/Coastal_T_S/15T/medium/run_0 launch_id=selena_adaptime_unified_20260915T153415Z_57382_ridge slurm_job_id=3437179 launched_at=2026-09-15T15:36:35.635455+00:00
/fslarge/scratch/users/h61084/codes/adaptime/outputs/adaptime/adaptations/ridge/univariate/Coastal_T_S/15T/medium/run_0/model/model_manifest.json
TIME run allocation action=new run=/fslarge/scratch/users/h61084/codes/adaptime/outputs/adaptime/adaptations/ridge/univariate/Coastal_T_S/15T/long/run_0 launch_id=selena_adaptime_unified_20260915T153415Z_57382_ridge slurm_job_id=3437179 launched_at=2026-09-15T15:36:39.466153+00:00
/fslarge/scratch/users/h61084/codes/adaptime/outputs/adaptime/adaptations/ridge/univariate/Coastal_T_S/15T/long/run_0/model/model_manifest.json
TIME run allocation action=new run=/fslarge/scratch/users/h61084/codes/adaptime/outputs/adaptime/adaptations/ridge/univariate/Coastal_T_S/20T/short/run_0 launch_id=selena_adaptime_unified_20260915T153415Z_57382_ridge slurm_job_id=3437179 launched_at=2026-09-15T15:36:50.256579+00:00
/fslarge/scratch/users/h61084/codes/adaptime/outputs/adaptime/adaptations/ridge/univariate/Coastal_T_S/20T/short/run_0/model/model_manifest.json
TIME run allocation action=new run=/fslarge/scratch/users/h61084/codes/adaptime/outputs/adaptime/adaptations/ridge/univariate/Coastal_T_S/20T/medium/run_0 launch_id=selena_adaptime_unified_20260915T153415Z_57382_ridge slurm_job_id=3437179 launched_at=2026-09-15T15:36:50.447821+00:00
/fslarge/scratch/users/h61084/codes/adaptime/outputs/adaptime/adaptations/ridge/univariate/Coastal_T_S/20T/medium/run_0/model/model_manifest.json
TIME run allocation action=new run=/fslarge/scratch/users/h61084/codes/adaptime/outputs/adaptime/adaptations/ridge/univariate/Coastal_T_S/20T/long/run_0 launch_id=selena_adaptime_unified_20260915T153415Z_57382_ridge slurm_job_id=3437179 launched_at=2026-09-15T15:36:50.922068+00:00
/fslarge/scratch/users/h61084/codes/adaptime/outputs/adaptime/adaptations/ridge/univariate/Coastal_T_S/20T/long/run_0/model/model_manifest.json
TIME run allocation action=new run=/fslarge/scratch/users/h61084/codes/adaptime/outputs/adaptime/adaptations/ridge/univariate/Coastal_T_S/H/short/run_0 launch_id=selena_adaptime_unified_20260915T153415Z_57382_ridge slurm_job_id=3437179 launched_at=2026-09-15T15:36:51.394423+00:00
