/fssmall/home/h61084/codes/improved/scripts/run_chronos_bolt.sh: line 16: conda: command not found
/fssmall/home/h61084/codes/improved/scripts/run_chronos_bolt.sh: line 16: /etc/profile.d/conda.sh: No such file or directory
/fssmall/home/h61084/codes/improved/scripts/run_chronos_bolt.sh: line 18: conda: command not found
/fssmall/home/h61084/codes/improved/scripts/run_chronos_bolt.sh: line 23: conda: command not found
/fssmall/home/h61084/codes/improved/scripts/run_chronos_bolt.sh: line 24: conda: command not found
WARNING: Retrying (Retry(total=4, connect=None, read=None, redirect=None, status=None)) after connection broken by 'NewConnectionError('<pip._vendor.urllib3.connection.HTTPSConnection object at 0x1550cbc3e270>: Failed to establish a new connection: [Errno 113] No route to host')': /simple/chronos-forecasting/
WARNING: Retrying (Retry(total=3, connect=None, read=None, redirect=None, status=None)) after connection broken by 'NewConnectionError('<pip._vendor.urllib3.connection.HTTPSConnection object at 0x1550cbc3f2c0>: Failed to establish a new connection: [Errno 113] No route to host')': /simple/chronos-forecasting/
WARNING: Retrying (Retry(total=2, connect=None, read=None, redirect=None, status=None)) after connection broken by 'NewConnectionError('<pip._vendor.urllib3.connection.HTTPSConnection object at 0x1550cbc2f500>: Failed to establish a new connection: [Errno 113] No route to host')': /simple/chronos-forecasting/
WARNING: Retrying (Retry(total=1, connect=None, read=None, redirect=None, status=None)) after connection broken by 'NewConnectionError('<pip._vendor.urllib3.connection.HTTPSConnection object at 0x1550cbc2c980>: Failed to establish a new connection: [Errno 113] No route to host')': /simple/chronos-forecasting/
WARNING: Retrying (Retry(total=0, connect=None, read=None, redirect=None, status=None)) after connection broken by 'NewConnectionError('<pip._vendor.urllib3.connection.HTTPSConnection object at 0x1550cbc2cb00>: Failed to establish a new connection: [Errno 113] No route to host')': /simple/chronos-forecasting/
ERROR: Could not find a version that satisfies the requirement chronos-forecasting (from versions: none)
ERROR: No matching distribution found for chronos-forecasting
Traceback (most recent call last):
  File "/fssmall/home/h61084/codes/improved/experiments/chronos_bolt.py", line 21, in <module>
    import torch
ModuleNotFoundError: No module named 'torch'
Traceback (most recent call last):
  File "/fssmall/home/h61084/codes/improved/experiments/chronos_bolt.py", line 21, in <module>
    import torch
ModuleNotFoundError: No module named 'torch'
Traceback (most recent call last):
  File "/fssmall/home/h61084/codes/improved/experiments/chronos_bolt.py", line 21, in <module>
    import torch
ModuleNotFoundError: No module named 'torch'
Traceback (most recent call last):
  File "/fssmall/home/h61084/codes/improved/experiments/chronos_bolt.py", line 21, in <module>
    import torch
ModuleNotFoundError: No module named 'torch'
Traceback (most recent call last):
  File "/fssmall/home/h61084/codes/improved/experiments/chronos_bolt.py", line 21, in <module>
    import torch
ModuleNotFoundError: No module named 'torch'
Traceback (most recent call last):
  File "/fssmall/home/h61084/codes/improved/experiments/chronos_bolt.py", line 21, in <module>
    import torch
ModuleNotFoundError: No module named 'torch'
Traceback (most recent call last):
  File "/fssmall/home/h61084/codes/improved/experiments/chronos_bolt.py", line 21, in <module>
    import torch
ModuleNotFoundError: No module named 'torch'
Traceback (most recent call last):
  File "/fssmall/home/h61084/codes/improved/experiments/chronos_bolt.py", line 21, in <module>
    import torch
ModuleNotFoundError: No module named 'torch'
Traceback (most recent call last):
  File "/fssmall/home/h61084/codes/improved/experiments/chronos_bolt.py", line 21, in <module>
    import torch
ModuleNotFoundError: No module named 'torch'
Traceback (most recent call last):
  File "/fssmall/home/h61084/codes/improved/experiments/chronos_bolt.py", line 21, in <module>
    import torch
ModuleNotFoundError: No module named 'torch'
Traceback (most recent call last):
  File "/fssmall/home/h61084/codes/improved/experiments/chronos_bolt.py", line 21, in <module>
    import torch
ModuleNotFoundError: No module named 'torch'
Traceback (most recent call last):
  File "/fssmall/home/h61084/codes/improved/experiments/chronos_bolt.py", line 21, in <module>
    import torch
ModuleNotFoundError: No module named 'torch'
Traceback (most recent call last):
  File "/fssmall/home/h61084/codes/improved/experiments/chronos_bolt.py", line 21, in <module>
    import torch
ModuleNotFoundError: No module named 'torch'
Traceback (most recent call last):
  File "/fssmall/home/h61084/codes/improved/experiments/chronos_bolt.py", line 21, in <module>
    import torch
ModuleNotFoundError: No module named 'torch'
Traceback (most recent call last):
  File "/fssmall/home/h61084/codes/improved/experiments/chronos_bolt.py", line 21, in <module>
    import torch
ModuleNotFoundError: No module named 'torch'
Traceback (most recent call last):
  File "/fssmall/home/h61084/codes/improved/experiments/chronos_bolt.py", line 21, in <module>
    import torch
ModuleNotFoundError: No module named 'torch'
Traceback (most recent call last):
  File "/fssmall/home/h61084/codes/improved/experiments/chronos_bolt.py", line 21, in <module>
    import torch
ModuleNotFoundError: No module named 'torch'
Traceback (most recent call last):
  File "/fssmall/home/h61084/codes/improved/experiments/chronos_bolt.py", line 21, in <module>
    import torch
ModuleNotFoundError: No module named 'torch'
Traceback (most recent call last):
  File "/fssmall/home/h61084/codes/improved/experiments/chronos_bolt.py", line 21, in <module>
    import torch
ModuleNotFoundError: No module named 'torch'
Traceback (most recent call last):
  File "/fssmall/home/h61084/codes/improved/experiments/chronos_bolt.py", line 21, in <module>
    import torch
ModuleNotFoundError: No module named 'torch'
Traceback (most recent call last):
  File "/fssmall/home/h61084/codes/improved/experiments/chronos_bolt.py", line 21, in <module>
    import torch
ModuleNotFoundError: No module named 'torch'
Traceback (most recent call last):
  File "/fssmall/home/h61084/codes/improved/experiments/chronos_bolt.py", line 21, in <module>
    import torch
ModuleNotFoundError: No module named 'torch'
Traceback (most recent call last):
  File "/fssmall/home/h61084/codes/improved/experiments/chronos_bolt.py", line 21, in <module>
    import torch
ModuleNotFoundError: No module named 'torch'
Traceback (most recent call last):
  File "/fssmall/home/h61084/codes/improved/experiments/chronos_bolt.py", line 21, in <module>
    import torch
ModuleNotFoundError: No module named 'torch'
Traceback (most recent call last):
  File "/fssmall/home/h61084/codes/improved/experiments/chronos_bolt.py", line 21, in <module>
    import torch
ModuleNotFoundError: No module named 'torch'
Traceback (most recent call last):
  File "/fssmall/home/h61084/codes/improved/experiments/chronos_bolt.py", line 21, in <module>
    import torch
ModuleNotFoundError: No module named 'torch'
Traceback (most recent call last):
  File "/fssmall/home/h61084/codes/improved/experiments/chronos_bolt.py", line 21, in <module>
    import torch
ModuleNotFoundError: No module named 'torch'
Traceback (most recent call last):
  File "/fssmall/home/h61084/codes/improved/experiments/chronos_bolt.py", line 21, in <module>
    import torch
ModuleNotFoundError: No module named 'torch'
Traceback (most recent call last):
  File "/fssmall/home/h61084/codes/improved/experiments/chronos_bolt.py", line 21, in <module>
    import torch
ModuleNotFoundError: No module named 'torch'
Traceback (most recent call last):
  File "/fssmall/home/h61084/codes/improved/experiments/chronos_bolt.py", line 21, in <module>
    import torch
ModuleNotFoundError: No module named 'torch'
Traceback (most recent call last):
  File "/fssmall/home/h61084/codes/improved/experiments/chronos_bolt.py", line 21, in <module>
    import torch
ModuleNotFoundError: No module named 'torch'
Traceback (most recent call last):
  File "/fssmall/home/h61084/codes/improved/experiments/chronos_bolt.py", line 21, in <module>
    import torch
ModuleNotFoundError: No module named 'torch'
Traceback (most recent call last):
  File "/fssmall/home/h61084/codes/improved/experiments/chronos_bolt.py", line 21, in <module>
    import torch
ModuleNotFoundError: No module named 'torch'
Traceback (most recent call last):
  File "/fssmall/home/h61084/codes/improved/experiments/chronos_bolt.py", line 21, in <module>
    import torch
ModuleNotFoundError: No module named 'torch'
Traceback (most recent call last):
  File "/fssmall/home/h61084/codes/improved/experiments/chronos_bolt.py", line 21, in <module>
    import torch
ModuleNotFoundError: No module named 'torch'
Traceback (most recent call last):
  File "/fssmall/home/h61084/codes/improved/experiments/chronos_bolt.py", line 21, in <module>
    import torch
ModuleNotFoundError: No module named 'torch'
Traceback (most recent call last):
  File "/fssmall/home/h61084/codes/improved/experiments/chronos_bolt.py", line 21, in <module>
    import torch
ModuleNotFoundError: No module named 'torch'
Traceback (most recent call last):
  File "/fssmall/home/h61084/codes/improved/experiments/chronos_bolt.py", line 21, in <module>
    import torch
ModuleNotFoundError: No module named 'torch'
Traceback (most recent call last):
  File "/fssmall/home/h61084/codes/improved/experiments/chronos_bolt.py", line 21, in <module>
    import torch
ModuleNotFoundError: No module named 'torch'
Traceback (most recent call last):
  File "/fssmall/home/h61084/codes/improved/experiments/chronos_bolt.py", line 21, in <module>
    import torch
ModuleNotFoundError: No module named 'torch'
Traceback (most recent call last):
  File "/fssmall/home/h61084/codes/improved/experiments/chronos_bolt.py", line 21, in <module>
    import torch
ModuleNotFoundError: No module named 'torch'
Traceback (most recent call last):
  File "/fssmall/home/h61084/codes/improved/experiments/chronos_bolt.py", line 21, in <module>
    import torch
ModuleNotFoundError: No module named 'torch'
Traceback (most recent call last):
  File "/fssmall/home/h61084/codes/improved/experiments/chronos_bolt.py", line 21, in <module>
    import torch
ModuleNotFoundError: No module named 'torch'
Traceback (most recent call last):
  File "/fssmall/home/h61084/codes/improved/experiments/chronos_bolt.py", line 21, in <module>
    import torch
ModuleNotFoundError: No module named 'torch'
Traceback (most recent call last):
  File "/fssmall/home/h61084/codes/improved/experiments/chronos_bolt.py", line 21, in <module>
    import torch
ModuleNotFoundError: No module named 'torch'
Traceback (most recent call last):
  File "/fssmall/home/h61084/codes/improved/experiments/chronos_bolt.py", line 21, in <module>
    import torch
ModuleNotFoundError: No module named 'torch'
Traceback (most recent call last):
  File "/fssmall/home/h61084/codes/improved/experiments/chronos_bolt.py", line 21, in <module>
    import torch
ModuleNotFoundError: No module named 'torch'
Traceback (most recent call last):
  File "/fssmall/home/h61084/codes/improved/experiments/chronos_bolt.py", line 21, in <module>
    import torch
ModuleNotFoundError: No module named 'torch'
Traceback (most recent call last):
  File "/fssmall/home/h61084/codes/improved/experiments/chronos_bolt.py", line 21, in <module>
    import torch
ModuleNotFoundError: No module named 'torch'
Traceback (most recent call last):
  File "/fssmall/home/h61084/codes/improved/experiments/chronos_bolt.py", line 21, in <module>
    import torch
ModuleNotFoundError: No module named 'torch'
srun: error: sean0001: task 0: Exited with exit code 1
2026-08-30 19:51:27 | task model=chronos_bolt runner=run_chronos_bolt.sh environment=time_chronos_bolt completed status=failed exit_code=1
2026-08-30 19:51:27 | stage evaluate completed status=failed exit_code=1
2026-08-30 19:51:27 | workflow foundation_models completed status=failed exit_code=1
2026-08-30 19:51:27 | task model=chronos_bolt runner=run_chronos_bolt.sh completed status=failed exit_code=1
2026-08-30 19:51:27 | stage evaluate completed status=failed exit_code=1
2026-08-30 19:51:27 | workflow foundation_models completed status=failed exit_code=1
