Traceback (most recent call last):
  File "/fssmall/home/h61084/codes/improved/experiments/chronos_bolt.py", line 26, in <module>
    from chronos import BaseChronosPipeline
ModuleNotFoundError: No module named 'chronos'
Traceback (most recent call last):
  File "/fssmall/home/h61084/codes/improved/experiments/chronos_bolt.py", line 26, in <module>
    from chronos import BaseChronosPipeline
ModuleNotFoundError: No module named 'chronos'
Traceback (most recent call last):
  File "/fssmall/home/h61084/codes/improved/experiments/chronos_bolt.py", line 26, in <module>
    from chronos import BaseChronosPipeline
ModuleNotFoundError: No module named 'chronos'
Traceback (most recent call last):
  File "/fssmall/home/h61084/codes/improved/experiments/chronos_bolt.py", line 26, in <module>
    from chronos import BaseChronosPipeline
ModuleNotFoundError: No module named 'chronos'
Traceback (most recent call last):
  File "/fssmall/home/h61084/codes/improved/experiments/chronos_bolt.py", line 26, in <module>
    from chronos import BaseChronosPipeline
ModuleNotFoundError: No module named 'chronos'
Traceback (most recent call last):
  File "/fssmall/home/h61084/codes/improved/experiments/chronos_bolt.py", line 26, in <module>
    from chronos import BaseChronosPipeline
ModuleNotFoundError: No module named 'chronos'
Traceback (most recent call last):
  File "/fssmall/home/h61084/codes/improved/experiments/chronos_bolt.py", line 26, in <module>
    from chronos import BaseChronosPipeline
ModuleNotFoundError: No module named 'chronos'
Traceback (most recent call last):
  File "/fssmall/home/h61084/codes/improved/experiments/chronos_bolt.py", line 26, in <module>
    from chronos import BaseChronosPipeline
ModuleNotFoundError: No module named 'chronos'
Traceback (most recent call last):
  File "/fssmall/home/h61084/codes/improved/experiments/chronos_bolt.py", line 26, in <module>
    from chronos import BaseChronosPipeline
ModuleNotFoundError: No module named 'chronos'
Traceback (most recent call last):
  File "/fssmall/home/h61084/codes/improved/experiments/chronos_bolt.py", line 26, in <module>
    from chronos import BaseChronosPipeline
ModuleNotFoundError: No module named 'chronos'
Traceback (most recent call last):
  File "/fssmall/home/h61084/codes/improved/experiments/chronos_bolt.py", line 26, in <module>
    from chronos import BaseChronosPipeline
ModuleNotFoundError: No module named 'chronos'
Traceback (most recent call last):
  File "/fssmall/home/h61084/codes/improved/experiments/chronos_bolt.py", line 26, in <module>
    from chronos import BaseChronosPipeline
ModuleNotFoundError: No module named 'chronos'
Traceback (most recent call last):
  File "/fssmall/home/h61084/codes/improved/experiments/chronos_bolt.py", line 26, in <module>
    from chronos import BaseChronosPipeline
ModuleNotFoundError: No module named 'chronos'
Traceback (most recent call last):
  File "/fssmall/home/h61084/codes/improved/experiments/chronos_bolt.py", line 26, in <module>
    from chronos import BaseChronosPipeline
ModuleNotFoundError: No module named 'chronos'
Traceback (most recent call last):
  File "/fssmall/home/h61084/codes/improved/experiments/chronos_bolt.py", line 26, in <module>
    from chronos import BaseChronosPipeline
ModuleNotFoundError: No module named 'chronos'
Traceback (most recent call last):
  File "/fssmall/home/h61084/codes/improved/experiments/chronos_bolt.py", line 26, in <module>
    from chronos import BaseChronosPipeline
ModuleNotFoundError: No module named 'chronos'
Traceback (most recent call last):
  File "/fssmall/home/h61084/codes/improved/experiments/chronos_bolt.py", line 26, in <module>
    from chronos import BaseChronosPipeline
ModuleNotFoundError: No module named 'chronos'
Traceback (most recent call last):
  File "/fssmall/home/h61084/codes/improved/experiments/chronos_bolt.py", line 26, in <module>
    from chronos import BaseChronosPipeline
ModuleNotFoundError: No module named 'chronos'
Traceback (most recent call last):
  File "/fssmall/home/h61084/codes/improved/experiments/chronos_bolt.py", line 26, in <module>
    from chronos import BaseChronosPipeline
ModuleNotFoundError: No module named 'chronos'
Traceback (most recent call last):
  File "/fssmall/home/h61084/codes/improved/experiments/chronos_bolt.py", line 26, in <module>
    from chronos import BaseChronosPipeline
ModuleNotFoundError: No module named 'chronos'
Traceback (most recent call last):
  File "/fssmall/home/h61084/codes/improved/experiments/chronos_bolt.py", line 26, in <module>
    from chronos import BaseChronosPipeline
ModuleNotFoundError: No module named 'chronos'
Traceback (most recent call last):
  File "/fssmall/home/h61084/codes/improved/experiments/chronos_bolt.py", line 26, in <module>
    from chronos import BaseChronosPipeline
ModuleNotFoundError: No module named 'chronos'
Traceback (most recent call last):
  File "/fssmall/home/h61084/codes/improved/experiments/chronos_bolt.py", line 26, in <module>
    from chronos import BaseChronosPipeline
ModuleNotFoundError: No module named 'chronos'
Traceback (most recent call last):
  File "/fssmall/home/h61084/codes/improved/experiments/chronos_bolt.py", line 26, in <module>
    from chronos import BaseChronosPipeline
ModuleNotFoundError: No module named 'chronos'
Traceback (most recent call last):
  File "/fssmall/home/h61084/codes/improved/experiments/chronos_bolt.py", line 26, in <module>
    from chronos import BaseChronosPipeline
ModuleNotFoundError: No module named 'chronos'
Traceback (most recent call last):
  File "/fssmall/home/h61084/codes/improved/experiments/chronos_bolt.py", line 26, in <module>
    from chronos import BaseChronosPipeline
ModuleNotFoundError: No module named 'chronos'
Traceback (most recent call last):
  File "/fssmall/home/h61084/codes/improved/experiments/chronos_bolt.py", line 26, in <module>
    from chronos import BaseChronosPipeline
ModuleNotFoundError: No module named 'chronos'
Traceback (most recent call last):
  File "/fssmall/home/h61084/codes/improved/experiments/chronos_bolt.py", line 26, in <module>
    from chronos import BaseChronosPipeline
ModuleNotFoundError: No module named 'chronos'
Traceback (most recent call last):
  File "/fssmall/home/h61084/codes/improved/experiments/chronos_bolt.py", line 26, in <module>
    from chronos import BaseChronosPipeline
ModuleNotFoundError: No module named 'chronos'
Traceback (most recent call last):
  File "/fssmall/home/h61084/codes/improved/experiments/chronos_bolt.py", line 26, in <module>
    from chronos import BaseChronosPipeline
ModuleNotFoundError: No module named 'chronos'
Traceback (most recent call last):
  File "/fssmall/home/h61084/codes/improved/experiments/chronos_bolt.py", line 26, in <module>
    from chronos import BaseChronosPipeline
ModuleNotFoundError: No module named 'chronos'
Traceback (most recent call last):
  File "/fssmall/home/h61084/codes/improved/experiments/chronos_bolt.py", line 26, in <module>
    from chronos import BaseChronosPipeline
ModuleNotFoundError: No module named 'chronos'
Traceback (most recent call last):
  File "/fssmall/home/h61084/codes/improved/experiments/chronos_bolt.py", line 26, in <module>
    from chronos import BaseChronosPipeline
ModuleNotFoundError: No module named 'chronos'
Traceback (most recent call last):
  File "/fssmall/home/h61084/codes/improved/experiments/chronos_bolt.py", line 26, in <module>
    from chronos import BaseChronosPipeline
ModuleNotFoundError: No module named 'chronos'
Traceback (most recent call last):
  File "/fssmall/home/h61084/codes/improved/experiments/chronos_bolt.py", line 26, in <module>
    from chronos import BaseChronosPipeline
ModuleNotFoundError: No module named 'chronos'
Traceback (most recent call last):
  File "/fssmall/home/h61084/codes/improved/experiments/chronos_bolt.py", line 26, in <module>
    from chronos import BaseChronosPipeline
ModuleNotFoundError: No module named 'chronos'
Traceback (most recent call last):
  File "/fssmall/home/h61084/codes/improved/experiments/chronos_bolt.py", line 26, in <module>
    from chronos import BaseChronosPipeline
ModuleNotFoundError: No module named 'chronos'
Traceback (most recent call last):
  File "/fssmall/home/h61084/codes/improved/experiments/chronos_bolt.py", line 26, in <module>
    from chronos import BaseChronosPipeline
ModuleNotFoundError: No module named 'chronos'
Traceback (most recent call last):
  File "/fssmall/home/h61084/codes/improved/experiments/chronos_bolt.py", line 26, in <module>
    from chronos import BaseChronosPipeline
ModuleNotFoundError: No module named 'chronos'
Traceback (most recent call last):
  File "/fssmall/home/h61084/codes/improved/experiments/chronos_bolt.py", line 26, in <module>
    from chronos import BaseChronosPipeline
ModuleNotFoundError: No module named 'chronos'
Traceback (most recent call last):
  File "/fssmall/home/h61084/codes/improved/experiments/chronos_bolt.py", line 26, in <module>
    from chronos import BaseChronosPipeline
ModuleNotFoundError: No module named 'chronos'
Traceback (most recent call last):
  File "/fssmall/home/h61084/codes/improved/experiments/chronos_bolt.py", line 26, in <module>
    from chronos import BaseChronosPipeline
ModuleNotFoundError: No module named 'chronos'
Traceback (most recent call last):
  File "/fssmall/home/h61084/codes/improved/experiments/chronos_bolt.py", line 26, in <module>
    from chronos import BaseChronosPipeline
ModuleNotFoundError: No module named 'chronos'
Traceback (most recent call last):
  File "/fssmall/home/h61084/codes/improved/experiments/chronos_bolt.py", line 26, in <module>
    from chronos import BaseChronosPipeline
ModuleNotFoundError: No module named 'chronos'
Traceback (most recent call last):
  File "/fssmall/home/h61084/codes/improved/experiments/chronos_bolt.py", line 26, in <module>
    from chronos import BaseChronosPipeline
ModuleNotFoundError: No module named 'chronos'
Traceback (most recent call last):
  File "/fssmall/home/h61084/codes/improved/experiments/chronos_bolt.py", line 26, in <module>
    from chronos import BaseChronosPipeline
ModuleNotFoundError: No module named 'chronos'
Traceback (most recent call last):
  File "/fssmall/home/h61084/codes/improved/experiments/chronos_bolt.py", line 26, in <module>
    from chronos import BaseChronosPipeline
ModuleNotFoundError: No module named 'chronos'
Traceback (most recent call last):
  File "/fssmall/home/h61084/codes/improved/experiments/chronos_bolt.py", line 26, in <module>
    from chronos import BaseChronosPipeline
ModuleNotFoundError: No module named 'chronos'
Traceback (most recent call last):
  File "/fssmall/home/h61084/codes/improved/experiments/chronos_bolt.py", line 26, in <module>
    from chronos import BaseChronosPipeline
ModuleNotFoundError: No module named 'chronos'
Traceback (most recent call last):
  File "/fssmall/home/h61084/codes/improved/experiments/chronos_bolt.py", line 26, in <module>
    from chronos import BaseChronosPipeline
ModuleNotFoundError: No module named 'chronos'
srun: error: sean0001: task 0: Exited with exit code 1
2026-08-30 20:49:15 | task model=chronos_bolt runner=run_chronos_bolt.sh environment=uv completed status=failed exit_code=1
2026-08-30 20:49:15 | stage evaluate completed status=failed exit_code=1
2026-08-30 20:49:15 | workflow foundation_models completed status=failed exit_code=1
2026-08-30 20:49:15 | task model=chronos_bolt runner=run_chronos_bolt.sh completed status=failed exit_code=1
2026-08-30 20:49:15 | stage evaluate completed status=failed exit_code=1
2026-08-30 20:49:15 | workflow foundation_models completed status=failed exit_code=1
