2026-09-14 21:51:11 | workflow adaptime started launch_id=selena_rolling_ridge_20260914T195051Z_27613_prepare task=vanilla_prepare slurm_job_id=3426868 slurm_array_job_id=none slurm_array_task_id=none
2026-09-14 21:51:11 | stage prepare started
2026-09-14 21:51:11 | task TIME-wide Adaptime method=vanilla stage=prepare started
TIME run allocation action=new run=/fslarge/scratch/users/h61084/codes/adaptime/outputs/adaptime/data/shared/univariate/Water_Quality_Darwin/15T/short/run_0 launch_id=selena_rolling_ridge_20260914T195051Z_27613_prepare slurm_job_id=3426868 launched_at=2026-09-14T19:51:25.914064+00:00
/fslarge/scratch/users/h61084/codes/adaptime/outputs/adaptime/data/shared/univariate/Water_Quality_Darwin/15T/short/run_0/prepared/manifest.json
TIME run allocation action=new run=/fslarge/scratch/users/h61084/codes/adaptime/outputs/adaptime/data/shared/univariate/Water_Quality_Darwin/15T/medium/run_0 launch_id=selena_rolling_ridge_20260914T195051Z_27613_prepare slurm_job_id=3426868 launched_at=2026-09-14T19:51:25.977974+00:00
/fslarge/scratch/users/h61084/codes/adaptime/outputs/adaptime/data/shared/univariate/Water_Quality_Darwin/15T/medium/run_0/prepared/manifest.json
TIME run allocation action=new run=/fslarge/scratch/users/h61084/codes/adaptime/outputs/adaptime/data/shared/univariate/Water_Quality_Darwin/15T/long/run_0 launch_id=selena_rolling_ridge_20260914T195051Z_27613_prepare slurm_job_id=3426868 launched_at=2026-09-14T19:51:26.053136+00:00
/fslarge/scratch/users/h61084/codes/adaptime/outputs/adaptime/data/shared/univariate/Water_Quality_Darwin/15T/long/run_0/prepared/manifest.json
TIME run allocation action=new run=/fslarge/scratch/users/h61084/codes/adaptime/outputs/adaptime/data/shared/univariate/current_velocity/5T/short/run_0 launch_id=selena_rolling_ridge_20260914T195051Z_27613_prepare slurm_job_id=3426868 launched_at=2026-09-14T19:51:26.131220+00:00
/fslarge/scratch/users/h61084/codes/adaptime/outputs/adaptime/data/shared/univariate/current_velocity/5T/short/run_0/prepared/manifest.json
TIME run allocation action=new run=/fslarge/scratch/users/h61084/codes/adaptime/outputs/adaptime/data/shared/univariate/current_velocity/5T/medium/run_0 launch_id=selena_rolling_ridge_20260914T195051Z_27613_prepare slurm_job_id=3426868 launched_at=2026-09-14T19:51:26.164097+00:00
/fslarge/scratch/users/h61084/codes/adaptime/outputs/adaptime/data/shared/univariate/current_velocity/5T/medium/run_0/prepared/manifest.json
TIME run allocation action=new run=/fslarge/scratch/users/h61084/codes/adaptime/outputs/adaptime/data/shared/univariate/current_velocity/5T/long/run_0 launch_id=selena_rolling_ridge_20260914T195051Z_27613_prepare slurm_job_id=3426868 launched_at=2026-09-14T19:51:26.196887+00:00
/fslarge/scratch/users/h61084/codes/adaptime/outputs/adaptime/data/shared/univariate/current_velocity/5T/long/run_0/prepared/manifest.json
TIME run allocation action=new run=/fslarge/scratch/users/h61084/codes/adaptime/outputs/adaptime/data/shared/univariate/current_velocity/10T/short/run_0 launch_id=selena_rolling_ridge_20260914T195051Z_27613_prepare slurm_job_id=3426868 launched_at=2026-09-14T19:51:26.229617+00:00
/fslarge/scratch/users/h61084/codes/adaptime/outputs/adaptime/data/shared/univariate/current_velocity/10T/short/run_0/prepared/manifest.json
TIME run allocation action=new run=/fslarge/scratch/users/h61084/codes/adaptime/outputs/adaptime/data/shared/univariate/current_velocity/10T/medium/run_0 launch_id=selena_rolling_ridge_20260914T195051Z_27613_prepare slurm_job_id=3426868 launched_at=2026-09-14T19:51:26.320709+00:00
/fslarge/scratch/users/h61084/codes/adaptime/outputs/adaptime/data/shared/univariate/current_velocity/10T/medium/run_0/prepared/manifest.json
TIME run allocation action=new run=/fslarge/scratch/users/h61084/codes/adaptime/outputs/adaptime/data/shared/univariate/current_velocity/10T/long/run_0 launch_id=selena_rolling_ridge_20260914T195051Z_27613_prepare slurm_job_id=3426868 launched_at=2026-09-14T19:51:26.446944+00:00
/fslarge/scratch/users/h61084/codes/adaptime/outputs/adaptime/data/shared/univariate/current_velocity/10T/long/run_0/prepared/manifest.json
TIME run allocation action=new run=/fslarge/scratch/users/h61084/codes/adaptime/outputs/adaptime/data/shared/univariate/current_velocity/15T/short/run_0 launch_id=selena_rolling_ridge_20260914T195051Z_27613_prepare slurm_job_id=3426868 launched_at=2026-09-14T19:51:26.567333+00:00
/fslarge/scratch/users/h61084/codes/adaptime/outputs/adaptime/data/shared/univariate/current_velocity/15T/short/run_0/prepared/manifest.json
TIME run allocation action=new run=/fslarge/scratch/users/h61084/codes/adaptime/outputs/adaptime/data/shared/univariate/current_velocity/15T/medium/run_0 launch_id=selena_rolling_ridge_20260914T195051Z_27613_prepare slurm_job_id=3426868 launched_at=2026-09-14T19:51:26.606392+00:00
/fslarge/scratch/users/h61084/codes/adaptime/outputs/adaptime/data/shared/univariate/current_velocity/15T/medium/run_0/prepared/manifest.json
TIME run allocation action=new run=/fslarge/scratch/users/h61084/codes/adaptime/outputs/adaptime/data/shared/univariate/current_velocity/15T/long/run_0 launch_id=selena_rolling_ridge_20260914T195051Z_27613_prepare slurm_job_id=3426868 launched_at=2026-09-14T19:51:26.647942+00:00
/fslarge/scratch/users/h61084/codes/adaptime/outputs/adaptime/data/shared/univariate/current_velocity/15T/long/run_0/prepared/manifest.json
TIME run allocation action=new run=/fslarge/scratch/users/h61084/codes/adaptime/outputs/adaptime/data/shared/univariate/current_velocity/20T/short/run_0 launch_id=selena_rolling_ridge_20260914T195051Z_27613_prepare slurm_job_id=3426868 launched_at=2026-09-14T19:51:26.689110+00:00
/fslarge/scratch/users/h61084/codes/adaptime/outputs/adaptime/data/shared/univariate/current_velocity/20T/short/run_0/prepared/manifest.json
TIME run allocation action=new run=/fslarge/scratch/users/h61084/codes/adaptime/outputs/adaptime/data/shared/univariate/current_velocity/20T/medium/run_0 launch_id=selena_rolling_ridge_20260914T195051Z_27613_prepare slurm_job_id=3426868 launched_at=2026-09-14T19:51:26.770674+00:00
/fslarge/scratch/users/h61084/codes/adaptime/outputs/adaptime/data/shared/univariate/current_velocity/20T/medium/run_0/prepared/manifest.json
TIME run allocation action=new run=/fslarge/scratch/users/h61084/codes/adaptime/outputs/adaptime/data/shared/univariate/current_velocity/20T/long/run_0 launch_id=selena_rolling_ridge_20260914T195051Z_27613_prepare slurm_job_id=3426868 launched_at=2026-09-14T19:51:26.860146+00:00
/fslarge/scratch/users/h61084/codes/adaptime/outputs/adaptime/data/shared/univariate/current_velocity/20T/long/run_0/prepared/manifest.json
TIME run allocation action=new run=/fslarge/scratch/users/h61084/codes/adaptime/outputs/adaptime/data/shared/univariate/current_velocity/H/short/run_0 launch_id=selena_rolling_ridge_20260914T195051Z_27613_prepare slurm_job_id=3426868 launched_at=2026-09-14T19:51:26.963376+00:00
/fslarge/scratch/users/h61084/codes/adaptime/outputs/adaptime/data/shared/univariate/current_velocity/H/short/run_0/prepared/manifest.json
TIME run allocation action=new run=/fslarge/scratch/users/h61084/codes/adaptime/outputs/adaptime/data/shared/univariate/current_velocity/H/medium/run_0 launch_id=selena_rolling_ridge_20260914T195051Z_27613_prepare slurm_job_id=3426868 launched_at=2026-09-14T19:51:27.016810+00:00
/fslarge/scratch/users/h61084/codes/adaptime/outputs/adaptime/data/shared/univariate/current_velocity/H/medium/run_0/prepared/manifest.json
TIME run allocation action=new run=/fslarge/scratch/users/h61084/codes/adaptime/outputs/adaptime/data/shared/univariate/current_velocity/H/long/run_0 launch_id=selena_rolling_ridge_20260914T195051Z_27613_prepare slurm_job_id=3426868 launched_at=2026-09-14T19:51:27.073655+00:00
/fslarge/scratch/users/h61084/codes/adaptime/outputs/adaptime/data/shared/univariate/current_velocity/H/long/run_0/prepared/manifest.json
TIME run allocation action=new run=/fslarge/scratch/users/h61084/codes/adaptime/outputs/adaptime/data/shared/univariate/CPHL/15T/short/run_0 launch_id=selena_rolling_ridge_20260914T195051Z_27613_prepare slurm_job_id=3426868 launched_at=2026-09-14T19:51:27.131876+00:00
/fslarge/scratch/users/h61084/codes/adaptime/outputs/adaptime/data/shared/univariate/CPHL/15T/short/run_0/prepared/manifest.json
TIME run allocation action=new run=/fslarge/scratch/users/h61084/codes/adaptime/outputs/adaptime/data/shared/univariate/CPHL/15T/medium/run_0 launch_id=selena_rolling_ridge_20260914T195051Z_27613_prepare slurm_job_id=3426868 launched_at=2026-09-14T19:51:27.157971+00:00
/fslarge/scratch/users/h61084/codes/adaptime/outputs/adaptime/data/shared/univariate/CPHL/15T/medium/run_0/prepared/manifest.json
TIME run allocation action=new run=/fslarge/scratch/users/h61084/codes/adaptime/outputs/adaptime/data/shared/univariate/CPHL/15T/long/run_0 launch_id=selena_rolling_ridge_20260914T195051Z_27613_prepare slurm_job_id=3426868 launched_at=2026-09-14T19:51:27.183486+00:00
/fslarge/scratch/users/h61084/codes/adaptime/outputs/adaptime/data/shared/univariate/CPHL/15T/long/run_0/prepared/manifest.json
TIME run allocation action=new run=/fslarge/scratch/users/h61084/codes/adaptime/outputs/adaptime/data/shared/univariate/CPHL/30T/short/run_0 launch_id=selena_rolling_ridge_20260914T195051Z_27613_prepare slurm_job_id=3426868 launched_at=2026-09-14T19:51:27.208799+00:00
/fslarge/scratch/users/h61084/codes/adaptime/outputs/adaptime/data/shared/univariate/CPHL/30T/short/run_0/prepared/manifest.json
TIME run allocation action=new run=/fslarge/scratch/users/h61084/codes/adaptime/outputs/adaptime/data/shared/univariate/CPHL/30T/medium/run_0 launch_id=selena_rolling_ridge_20260914T195051Z_27613_prepare slurm_job_id=3426868 launched_at=2026-09-14T19:51:27.234532+00:00
/fslarge/scratch/users/h61084/codes/adaptime/outputs/adaptime/data/shared/univariate/CPHL/30T/medium/run_0/prepared/manifest.json
TIME run allocation action=new run=/fslarge/scratch/users/h61084/codes/adaptime/outputs/adaptime/data/shared/univariate/CPHL/30T/long/run_0 launch_id=selena_rolling_ridge_20260914T195051Z_27613_prepare slurm_job_id=3426868 launched_at=2026-09-14T19:51:27.259810+00:00
/fslarge/scratch/users/h61084/codes/adaptime/outputs/adaptime/data/shared/univariate/CPHL/30T/long/run_0/prepared/manifest.json
TIME run allocation action=new run=/fslarge/scratch/users/h61084/codes/adaptime/outputs/adaptime/data/shared/univariate/CPHL/H/short/run_0 launch_id=selena_rolling_ridge_20260914T195051Z_27613_prepare slurm_job_id=3426868 launched_at=2026-09-14T19:51:27.286495+00:00
/fslarge/scratch/users/h61084/codes/adaptime/outputs/adaptime/data/shared/univariate/CPHL/H/short/run_0/prepared/manifest.json
TIME run allocation action=new run=/fslarge/scratch/users/h61084/codes/adaptime/outputs/adaptime/data/shared/univariate/CPHL/H/medium/run_0 launch_id=selena_rolling_ridge_20260914T195051Z_27613_prepare slurm_job_id=3426868 launched_at=2026-09-14T19:51:27.312192+00:00
/fslarge/scratch/users/h61084/codes/adaptime/outputs/adaptime/data/shared/univariate/CPHL/H/medium/run_0/prepared/manifest.json
TIME run allocation action=new run=/fslarge/scratch/users/h61084/codes/adaptime/outputs/adaptime/data/shared/univariate/CPHL/H/long/run_0 launch_id=selena_rolling_ridge_20260914T195051Z_27613_prepare slurm_job_id=3426868 launched_at=2026-09-14T19:51:27.337905+00:00
/fslarge/scratch/users/h61084/codes/adaptime/outputs/adaptime/data/shared/univariate/CPHL/H/long/run_0/prepared/manifest.json
TIME run allocation action=new run=/fslarge/scratch/users/h61084/codes/adaptime/outputs/adaptime/data/shared/univariate/Coastal_T_S/5T/short/run_0 launch_id=selena_rolling_ridge_20260914T195051Z_27613_prepare slurm_job_id=3426868 launched_at=2026-09-14T19:51:27.364100+00:00
/fslarge/scratch/users/h61084/codes/adaptime/outputs/adaptime/data/shared/univariate/Coastal_T_S/5T/short/run_0/prepared/manifest.json
TIME run allocation action=new run=/fslarge/scratch/users/h61084/codes/adaptime/outputs/adaptime/data/shared/univariate/Coastal_T_S/5T/medium/run_0 launch_id=selena_rolling_ridge_20260914T195051Z_27613_prepare slurm_job_id=3426868 launched_at=2026-09-14T19:51:27.659211+00:00
/fslarge/scratch/users/h61084/codes/adaptime/outputs/adaptime/data/shared/univariate/Coastal_T_S/5T/medium/run_0/prepared/manifest.json
TIME run allocation action=new run=/fslarge/scratch/users/h61084/codes/adaptime/outputs/adaptime/data/shared/univariate/Coastal_T_S/5T/long/run_0 launch_id=selena_rolling_ridge_20260914T195051Z_27613_prepare slurm_job_id=3426868 launched_at=2026-09-14T19:51:28.040063+00:00
/fslarge/scratch/users/h61084/codes/adaptime/outputs/adaptime/data/shared/univariate/Coastal_T_S/5T/long/run_0/prepared/manifest.json
TIME run allocation action=new run=/fslarge/scratch/users/h61084/codes/adaptime/outputs/adaptime/data/shared/univariate/Coastal_T_S/15T/short/run_0 launch_id=selena_rolling_ridge_20260914T195051Z_27613_prepare slurm_job_id=3426868 launched_at=2026-09-14T19:51:28.379520+00:00
/fslarge/scratch/users/h61084/codes/adaptime/outputs/adaptime/data/shared/univariate/Coastal_T_S/15T/short/run_0/prepared/manifest.json
TIME run allocation action=new run=/fslarge/scratch/users/h61084/codes/adaptime/outputs/adaptime/data/shared/univariate/Coastal_T_S/15T/medium/run_0 launch_id=selena_rolling_ridge_20260914T195051Z_27613_prepare slurm_job_id=3426868 launched_at=2026-09-14T19:51:28.421313+00:00
/fslarge/scratch/users/h61084/codes/adaptime/outputs/adaptime/data/shared/univariate/Coastal_T_S/15T/medium/run_0/prepared/manifest.json
TIME run allocation action=new run=/fslarge/scratch/users/h61084/codes/adaptime/outputs/adaptime/data/shared/univariate/Coastal_T_S/15T/long/run_0 launch_id=selena_rolling_ridge_20260914T195051Z_27613_prepare slurm_job_id=3426868 launched_at=2026-09-14T19:51:28.472321+00:00
/fslarge/scratch/users/h61084/codes/adaptime/outputs/adaptime/data/shared/univariate/Coastal_T_S/15T/long/run_0/prepared/manifest.json
TIME run allocation action=new run=/fslarge/scratch/users/h61084/codes/adaptime/outputs/adaptime/data/shared/univariate/Coastal_T_S/20T/short/run_0 launch_id=selena_rolling_ridge_20260914T195051Z_27613_prepare slurm_job_id=3426868 launched_at=2026-09-14T19:51:28.520090+00:00
/fslarge/scratch/users/h61084/codes/adaptime/outputs/adaptime/data/shared/univariate/Coastal_T_S/20T/short/run_0/prepared/manifest.json
TIME run allocation action=new run=/fslarge/scratch/users/h61084/codes/adaptime/outputs/adaptime/data/shared/univariate/Coastal_T_S/20T/medium/run_0 launch_id=selena_rolling_ridge_20260914T195051Z_27613_prepare slurm_job_id=3426868 launched_at=2026-09-14T19:51:28.546038+00:00
/fslarge/scratch/users/h61084/codes/adaptime/outputs/adaptime/data/shared/univariate/Coastal_T_S/20T/medium/run_0/prepared/manifest.json
TIME run allocation action=new run=/fslarge/scratch/users/h61084/codes/adaptime/outputs/adaptime/data/shared/univariate/Coastal_T_S/20T/long/run_0 launch_id=selena_rolling_ridge_20260914T195051Z_27613_prepare slurm_job_id=3426868 launched_at=2026-09-14T19:51:28.571534+00:00
/fslarge/scratch/users/h61084/codes/adaptime/outputs/adaptime/data/shared/univariate/Coastal_T_S/20T/long/run_0/prepared/manifest.json
TIME run allocation action=new run=/fslarge/scratch/users/h61084/codes/adaptime/outputs/adaptime/data/shared/univariate/Coastal_T_S/H/short/run_0 launch_id=selena_rolling_ridge_20260914T195051Z_27613_prepare slurm_job_id=3426868 launched_at=2026-09-14T19:51:28.597091+00:00
/fslarge/scratch/users/h61084/codes/adaptime/outputs/adaptime/data/shared/univariate/Coastal_T_S/H/short/run_0/prepared/manifest.json
TIME run allocation action=new run=/fslarge/scratch/users/h61084/codes/adaptime/outputs/adaptime/data/shared/univariate/Coastal_T_S/H/medium/run_0 launch_id=selena_rolling_ridge_20260914T195051Z_27613_prepare slurm_job_id=3426868 launched_at=2026-09-14T19:51:28.646008+00:00
/fslarge/scratch/users/h61084/codes/adaptime/outputs/adaptime/data/shared/univariate/Coastal_T_S/H/medium/run_0/prepared/manifest.json
TIME run allocation action=new run=/fslarge/scratch/users/h61084/codes/adaptime/outputs/adaptime/data/shared/univariate/Coastal_T_S/H/long/run_0 launch_id=selena_rolling_ridge_20260914T195051Z_27613_prepare slurm_job_id=3426868 launched_at=2026-09-14T19:51:28.704121+00:00
/fslarge/scratch/users/h61084/codes/adaptime/outputs/adaptime/data/shared/univariate/Coastal_T_S/H/long/run_0/prepared/manifest.json
TIME run allocation action=new run=/fslarge/scratch/users/h61084/codes/adaptime/outputs/adaptime/data/shared/univariate/SG_Weather/D/short/run_0 launch_id=selena_rolling_ridge_20260914T195051Z_27613_prepare slurm_job_id=3426868 launched_at=2026-09-14T19:51:28.762593+00:00
/fslarge/scratch/users/h61084/codes/adaptime/outputs/adaptime/data/shared/univariate/SG_Weather/D/short/run_0/prepared/manifest.json
TIME run allocation action=new run=/fslarge/scratch/users/h61084/codes/adaptime/outputs/adaptime/data/shared/univariate/SG_Weather/D/medium/run_0 launch_id=selena_rolling_ridge_20260914T195051Z_27613_prepare slurm_job_id=3426868 launched_at=2026-09-14T19:51:28.792243+00:00
/fslarge/scratch/users/h61084/codes/adaptime/outputs/adaptime/data/shared/univariate/SG_Weather/D/medium/run_0/prepared/manifest.json
TIME run allocation action=new run=/fslarge/scratch/users/h61084/codes/adaptime/outputs/adaptime/data/shared/univariate/SG_Weather/D/long/run_0 launch_id=selena_rolling_ridge_20260914T195051Z_27613_prepare slurm_job_id=3426868 launched_at=2026-09-14T19:51:28.822269+00:00
/fslarge/scratch/users/h61084/codes/adaptime/outputs/adaptime/data/shared/univariate/SG_Weather/D/long/run_0/prepared/manifest.json
TIME run allocation action=new run=/fslarge/scratch/users/h61084/codes/adaptime/outputs/adaptime/data/shared/univariate/SG_PM25/H/short/run_0 launch_id=selena_rolling_ridge_20260914T195051Z_27613_prepare slurm_job_id=3426868 launched_at=2026-09-14T19:51:28.851487+00:00
/fslarge/scratch/users/h61084/codes/adaptime/outputs/adaptime/data/shared/univariate/SG_PM25/H/short/run_0/prepared/manifest.json
TIME run allocation action=new run=/fslarge/scratch/users/h61084/codes/adaptime/outputs/adaptime/data/shared/univariate/SG_PM25/H/medium/run_0 launch_id=selena_rolling_ridge_20260914T195051Z_27613_prepare slurm_job_id=3426868 launched_at=2026-09-14T19:51:28.886285+00:00
/fslarge/scratch/users/h61084/codes/adaptime/outputs/adaptime/data/shared/univariate/SG_PM25/H/medium/run_0/prepared/manifest.json
TIME run allocation action=new run=/fslarge/scratch/users/h61084/codes/adaptime/outputs/adaptime/data/shared/univariate/SG_PM25/H/long/run_0 launch_id=selena_rolling_ridge_20260914T195051Z_27613_prepare slurm_job_id=3426868 launched_at=2026-09-14T19:51:28.927342+00:00
/fslarge/scratch/users/h61084/codes/adaptime/outputs/adaptime/data/shared/univariate/SG_PM25/H/long/run_0/prepared/manifest.json
TIME run allocation action=new run=/fslarge/scratch/users/h61084/codes/adaptime/outputs/adaptime/data/shared/univariate/NE_China_Wind/H/short/run_0 launch_id=selena_rolling_ridge_20260914T195051Z_27613_prepare slurm_job_id=3426868 launched_at=2026-09-14T19:51:28.969615+00:00
/fslarge/scratch/users/h61084/codes/adaptime/outputs/adaptime/data/shared/univariate/NE_China_Wind/H/short/run_0/prepared/manifest.json
TIME run allocation action=new run=/fslarge/scratch/users/h61084/codes/adaptime/outputs/adaptime/data/shared/univariate/NE_China_Wind/H/medium/run_0 launch_id=selena_rolling_ridge_20260914T195051Z_27613_prepare slurm_job_id=3426868 launched_at=2026-09-14T19:51:28.996085+00:00
/fslarge/scratch/users/h61084/codes/adaptime/outputs/adaptime/data/shared/univariate/NE_China_Wind/H/medium/run_0/prepared/manifest.json
TIME run allocation action=new run=/fslarge/scratch/users/h61084/codes/adaptime/outputs/adaptime/data/shared/univariate/NE_China_Wind/H/long/run_0 launch_id=selena_rolling_ridge_20260914T195051Z_27613_prepare slurm_job_id=3426868 launched_at=2026-09-14T19:51:29.021926+00:00
/fslarge/scratch/users/h61084/codes/adaptime/outputs/adaptime/data/shared/univariate/NE_China_Wind/H/long/run_0/prepared/manifest.json
TIME run allocation action=new run=/fslarge/scratch/users/h61084/codes/adaptime/outputs/adaptime/data/shared/univariate/Australia_Solar/H/short/run_0 launch_id=selena_rolling_ridge_20260914T195051Z_27613_prepare slurm_job_id=3426868 launched_at=2026-09-14T19:51:29.048916+00:00
/fslarge/scratch/users/h61084/codes/adaptime/outputs/adaptime/data/shared/univariate/Australia_Solar/H/short/run_0/prepared/manifest.json
TIME run allocation action=new run=/fslarge/scratch/users/h61084/codes/adaptime/outputs/adaptime/data/shared/univariate/Australia_Solar/H/medium/run_0 launch_id=selena_rolling_ridge_20260914T195051Z_27613_prepare slurm_job_id=3426868 launched_at=2026-09-14T19:51:29.078714+00:00
/fslarge/scratch/users/h61084/codes/adaptime/outputs/adaptime/data/shared/univariate/Australia_Solar/H/medium/run_0/prepared/manifest.json
TIME run allocation action=new run=/fslarge/scratch/users/h61084/codes/adaptime/outputs/adaptime/data/shared/univariate/Australia_Solar/H/long/run_0 launch_id=selena_rolling_ridge_20260914T195051Z_27613_prepare slurm_job_id=3426868 launched_at=2026-09-14T19:51:29.112286+00:00
/fslarge/scratch/users/h61084/codes/adaptime/outputs/adaptime/data/shared/univariate/Australia_Solar/H/long/run_0/prepared/manifest.json
TIME run allocation action=new run=/fslarge/scratch/users/h61084/codes/adaptime/outputs/adaptime/data/shared/univariate/epf_electricity_price/H/short/run_0 launch_id=selena_rolling_ridge_20260914T195051Z_27613_prepare slurm_job_id=3426868 launched_at=2026-09-14T19:51:29.147536+00:00
/fslarge/scratch/users/h61084/codes/adaptime/outputs/adaptime/data/shared/univariate/epf_electricity_price/H/short/run_0/prepared/manifest.json
TIME run allocation action=new run=/fslarge/scratch/users/h61084/codes/adaptime/outputs/adaptime/data/shared/univariate/epf_electricity_price/H/medium/run_0 launch_id=selena_rolling_ridge_20260914T195051Z_27613_prepare slurm_job_id=3426868 launched_at=2026-09-14T19:51:29.189777+00:00
/fslarge/scratch/users/h61084/codes/adaptime/outputs/adaptime/data/shared/univariate/epf_electricity_price/H/medium/run_0/prepared/manifest.json
TIME run allocation action=new run=/fslarge/scratch/users/h61084/codes/adaptime/outputs/adaptime/data/shared/univariate/epf_electricity_price/H/long/run_0 launch_id=selena_rolling_ridge_20260914T195051Z_27613_prepare slurm_job_id=3426868 launched_at=2026-09-14T19:51:29.239752+00:00
/fslarge/scratch/users/h61084/codes/adaptime/outputs/adaptime/data/shared/univariate/epf_electricity_price/H/long/run_0/prepared/manifest.json
TIME run allocation action=new run=/fslarge/scratch/users/h61084/codes/adaptime/outputs/adaptime/data/shared/univariate/OpenElectricity_NEM/5T/short/run_0 launch_id=selena_rolling_ridge_20260914T195051Z_27613_prepare slurm_job_id=3426868 launched_at=2026-09-14T19:51:29.287631+00:00
/fslarge/scratch/users/h61084/codes/adaptime/outputs/adaptime/data/shared/univariate/OpenElectricity_NEM/5T/short/run_0/prepared/manifest.json
TIME run allocation action=new run=/fslarge/scratch/users/h61084/codes/adaptime/outputs/adaptime/data/shared/univariate/OpenElectricity_NEM/5T/medium/run_0 launch_id=selena_rolling_ridge_20260914T195051Z_27613_prepare slurm_job_id=3426868 launched_at=2026-09-14T19:51:29.337303+00:00
/fslarge/scratch/users/h61084/codes/adaptime/outputs/adaptime/data/shared/univariate/OpenElectricity_NEM/5T/medium/run_0/prepared/manifest.json
TIME run allocation action=new run=/fslarge/scratch/users/h61084/codes/adaptime/outputs/adaptime/data/shared/univariate/OpenElectricity_NEM/5T/long/run_0 launch_id=selena_rolling_ridge_20260914T195051Z_27613_prepare slurm_job_id=3426868 launched_at=2026-09-14T19:51:29.386963+00:00
/fslarge/scratch/users/h61084/codes/adaptime/outputs/adaptime/data/shared/univariate/OpenElectricity_NEM/5T/long/run_0/prepared/manifest.json
TIME run allocation action=new run=/fslarge/scratch/users/h61084/codes/adaptime/outputs/adaptime/data/shared/univariate/EWELD_Load/15T/short/run_0 launch_id=selena_rolling_ridge_20260914T195051Z_27613_prepare slurm_job_id=3426868 launched_at=2026-09-14T19:51:29.436204+00:00
/fslarge/scratch/users/h61084/codes/adaptime/outputs/adaptime/data/shared/univariate/EWELD_Load/15T/short/run_0/prepared/manifest.json
TIME run allocation action=new run=/fslarge/scratch/users/h61084/codes/adaptime/outputs/adaptime/data/shared/univariate/EWELD_Load/15T/medium/run_0 launch_id=selena_rolling_ridge_20260914T195051Z_27613_prepare slurm_job_id=3426868 launched_at=2026-09-14T19:51:29.472398+00:00
/fslarge/scratch/users/h61084/codes/adaptime/outputs/adaptime/data/shared/univariate/EWELD_Load/15T/medium/run_0/prepared/manifest.json
TIME run allocation action=new run=/fslarge/scratch/users/h61084/codes/adaptime/outputs/adaptime/data/shared/univariate/EWELD_Load/15T/long/run_0 launch_id=selena_rolling_ridge_20260914T195051Z_27613_prepare slurm_job_id=3426868 launched_at=2026-09-14T19:51:29.507787+00:00
/fslarge/scratch/users/h61084/codes/adaptime/outputs/adaptime/data/shared/univariate/EWELD_Load/15T/long/run_0/prepared/manifest.json
TIME run allocation action=new run=/fslarge/scratch/users/h61084/codes/adaptime/outputs/adaptime/data/shared/univariate/SG_Carpark/15T/short/run_0 launch_id=selena_rolling_ridge_20260914T195051Z_27613_prepare slurm_job_id=3426868 launched_at=2026-09-14T19:51:29.543065+00:00
/fslarge/scratch/users/h61084/codes/adaptime/outputs/adaptime/data/shared/univariate/SG_Carpark/15T/short/run_0/prepared/manifest.json
TIME run allocation action=new run=/fslarge/scratch/users/h61084/codes/adaptime/outputs/adaptime/data/shared/univariate/SG_Carpark/15T/medium/run_0 launch_id=selena_rolling_ridge_20260914T195051Z_27613_prepare slurm_job_id=3426868 launched_at=2026-09-14T19:51:29.871985+00:00
/fslarge/scratch/users/h61084/codes/adaptime/outputs/adaptime/data/shared/univariate/SG_Carpark/15T/medium/run_0/prepared/manifest.json
TIME run allocation action=new run=/fslarge/scratch/users/h61084/codes/adaptime/outputs/adaptime/data/shared/univariate/SG_Carpark/15T/long/run_0 launch_id=selena_rolling_ridge_20260914T195051Z_27613_prepare slurm_job_id=3426868 launched_at=2026-09-14T19:51:30.202428+00:00
/fslarge/scratch/users/h61084/codes/adaptime/outputs/adaptime/data/shared/univariate/SG_Carpark/15T/long/run_0/prepared/manifest.json
TIME run allocation action=new run=/fslarge/scratch/users/h61084/codes/adaptime/outputs/adaptime/data/shared/univariate/Finland_Traffic/15T/short/run_0 launch_id=selena_rolling_ridge_20260914T195051Z_27613_prepare slurm_job_id=3426868 launched_at=2026-09-14T19:51:30.517769+00:00
/fslarge/scratch/users/h61084/codes/adaptime/outputs/adaptime/data/shared/univariate/Finland_Traffic/15T/short/run_0/prepared/manifest.json
TIME run allocation action=new run=/fslarge/scratch/users/h61084/codes/adaptime/outputs/adaptime/data/shared/univariate/Finland_Traffic/15T/medium/run_0 launch_id=selena_rolling_ridge_20260914T195051Z_27613_prepare slurm_job_id=3426868 launched_at=2026-09-14T19:51:30.545510+00:00
/fslarge/scratch/users/h61084/codes/adaptime/outputs/adaptime/data/shared/univariate/Finland_Traffic/15T/medium/run_0/prepared/manifest.json
TIME run allocation action=new run=/fslarge/scratch/users/h61084/codes/adaptime/outputs/adaptime/data/shared/univariate/Finland_Traffic/15T/long/run_0 launch_id=selena_rolling_ridge_20260914T195051Z_27613_prepare slurm_job_id=3426868 launched_at=2026-09-14T19:51:30.572311+00:00
/fslarge/scratch/users/h61084/codes/adaptime/outputs/adaptime/data/shared/univariate/Finland_Traffic/15T/long/run_0/prepared/manifest.json
TIME run allocation action=new run=/fslarge/scratch/users/h61084/codes/adaptime/outputs/adaptime/data/shared/univariate/Port_Activity/D/short/run_0 launch_id=selena_rolling_ridge_20260914T195051Z_27613_prepare slurm_job_id=3426868 launched_at=2026-09-14T19:51:30.599067+00:00
/fslarge/scratch/users/h61084/codes/adaptime/outputs/adaptime/data/shared/univariate/Port_Activity/D/short/run_0/prepared/manifest.json
TIME run allocation action=new run=/fslarge/scratch/users/h61084/codes/adaptime/outputs/adaptime/data/shared/univariate/Port_Activity/W/short/run_0 launch_id=selena_rolling_ridge_20260914T195051Z_27613_prepare slurm_job_id=3426868 launched_at=2026-09-14T19:51:30.664591+00:00
/fslarge/scratch/users/h61084/codes/adaptime/outputs/adaptime/data/shared/univariate/Port_Activity/W/short/run_0/prepared/manifest.json
TIME run allocation action=new run=/fslarge/scratch/users/h61084/codes/adaptime/outputs/adaptime/data/shared/univariate/ECDC_COVID/D/short/run_0 launch_id=selena_rolling_ridge_20260914T195051Z_27613_prepare slurm_job_id=3426868 launched_at=2026-09-14T19:51:30.703962+00:00
/fslarge/scratch/users/h61084/codes/adaptime/outputs/adaptime/data/shared/univariate/ECDC_COVID/D/short/run_0/prepared/manifest.json
TIME run allocation action=new run=/fslarge/scratch/users/h61084/codes/adaptime/outputs/adaptime/data/shared/univariate/ECDC_COVID/W/short/run_0 launch_id=selena_rolling_ridge_20260914T195051Z_27613_prepare slurm_job_id=3426868 launched_at=2026-09-14T19:51:30.731093+00:00
/fslarge/scratch/users/h61084/codes/adaptime/outputs/adaptime/data/shared/univariate/ECDC_COVID/W/short/run_0/prepared/manifest.json
TIME run allocation action=new run=/fslarge/scratch/users/h61084/codes/adaptime/outputs/adaptime/data/shared/univariate/Global_Influenza/W/short/run_0 launch_id=selena_rolling_ridge_20260914T195051Z_27613_prepare slurm_job_id=3426868 launched_at=2026-09-14T19:51:30.757990+00:00
/fslarge/scratch/users/h61084/codes/adaptime/outputs/adaptime/data/shared/univariate/Global_Influenza/W/short/run_0/prepared/manifest.json
TIME run allocation action=new run=/fslarge/scratch/users/h61084/codes/adaptime/outputs/adaptime/data/shared/univariate/Crypto/D/short/run_0 launch_id=selena_rolling_ridge_20260914T195051Z_27613_prepare slurm_job_id=3426868 launched_at=2026-09-14T19:51:30.785220+00:00
/fslarge/scratch/users/h61084/codes/adaptime/outputs/adaptime/data/shared/univariate/Crypto/D/short/run_0/prepared/manifest.json
TIME run allocation action=new run=/fslarge/scratch/users/h61084/codes/adaptime/outputs/adaptime/data/shared/univariate/US_Term_Structure/B/short/run_0 launch_id=selena_rolling_ridge_20260914T195051Z_27613_prepare slurm_job_id=3426868 launched_at=2026-09-14T19:51:30.811918+00:00
/fslarge/scratch/users/h61084/codes/adaptime/outputs/adaptime/data/shared/univariate/US_Term_Structure/B/short/run_0/prepared/manifest.json
TIME run allocation action=new run=/fslarge/scratch/users/h61084/codes/adaptime/outputs/adaptime/data/shared/univariate/Oil_Price/B/short/run_0 launch_id=selena_rolling_ridge_20260914T195051Z_27613_prepare slurm_job_id=3426868 launched_at=2026-09-14T19:51:30.868139+00:00
/fslarge/scratch/users/h61084/codes/adaptime/outputs/adaptime/data/shared/univariate/Oil_Price/B/short/run_0/prepared/manifest.json
TIME run allocation action=new run=/fslarge/scratch/users/h61084/codes/adaptime/outputs/adaptime/data/shared/univariate/Job_Claims/W/short/run_0 launch_id=selena_rolling_ridge_20260914T195051Z_27613_prepare slurm_job_id=3426868 launched_at=2026-09-14T19:51:30.897521+00:00
/fslarge/scratch/users/h61084/codes/adaptime/outputs/adaptime/data/shared/univariate/Job_Claims/W/short/run_0/prepared/manifest.json
TIME run allocation action=new run=/fslarge/scratch/users/h61084/codes/adaptime/outputs/adaptime/data/shared/univariate/Uncertainty_1M/M/short/run_0 launch_id=selena_rolling_ridge_20260914T195051Z_27613_prepare slurm_job_id=3426868 launched_at=2026-09-14T19:51:30.923307+00:00
/fslarge/scratch/users/h61084/codes/adaptime/outputs/adaptime/data/shared/univariate/Uncertainty_1M/M/short/run_0/prepared/manifest.json
TIME run allocation action=new run=/fslarge/scratch/users/h61084/codes/adaptime/outputs/adaptime/data/shared/univariate/Housing_Inventory/M/short/run_0 launch_id=selena_rolling_ridge_20260914T195051Z_27613_prepare slurm_job_id=3426868 launched_at=2026-09-14T19:51:30.948920+00:00
/fslarge/scratch/users/h61084/codes/adaptime/outputs/adaptime/data/shared/univariate/Housing_Inventory/M/short/run_0/prepared/manifest.json
TIME run allocation action=new run=/fslarge/scratch/users/h61084/codes/adaptime/outputs/adaptime/data/shared/univariate/JOLTS/M/short/run_0 launch_id=selena_rolling_ridge_20260914T195051Z_27613_prepare slurm_job_id=3426868 launched_at=2026-09-14T19:51:30.974092+00:00
/fslarge/scratch/users/h61084/codes/adaptime/outputs/adaptime/data/shared/univariate/JOLTS/M/short/run_0/prepared/manifest.json
TIME run allocation action=new run=/fslarge/scratch/users/h61084/codes/adaptime/outputs/adaptime/data/shared/univariate/US_Labor/M/short/run_0 launch_id=selena_rolling_ridge_20260914T195051Z_27613_prepare slurm_job_id=3426868 launched_at=2026-09-14T19:51:30.999462+00:00
/fslarge/scratch/users/h61084/codes/adaptime/outputs/adaptime/data/shared/univariate/US_Labor/M/short/run_0/prepared/manifest.json
TIME run allocation action=new run=/fslarge/scratch/users/h61084/codes/adaptime/outputs/adaptime/data/shared/univariate/Vehicle_Supply/M/short/run_0 launch_id=selena_rolling_ridge_20260914T195051Z_27613_prepare slurm_job_id=3426868 launched_at=2026-09-14T19:51:31.024407+00:00
/fslarge/scratch/users/h61084/codes/adaptime/outputs/adaptime/data/shared/univariate/Vehicle_Supply/M/short/run_0/prepared/manifest.json
TIME run allocation action=new run=/fslarge/scratch/users/h61084/codes/adaptime/outputs/adaptime/data/shared/univariate/Auto_Production_SF/M/short/run_0 launch_id=selena_rolling_ridge_20260914T195051Z_27613_prepare slurm_job_id=3426868 launched_at=2026-09-14T19:51:31.049174+00:00
/fslarge/scratch/users/h61084/codes/adaptime/outputs/adaptime/data/shared/univariate/Auto_Production_SF/M/short/run_0/prepared/manifest.json
TIME run allocation action=new run=/fslarge/scratch/users/h61084/codes/adaptime/outputs/adaptime/data/shared/univariate/Commodity_Production/M/short/run_0 launch_id=selena_rolling_ridge_20260914T195051Z_27613_prepare slurm_job_id=3426868 launched_at=2026-09-14T19:51:31.073770+00:00
/fslarge/scratch/users/h61084/codes/adaptime/outputs/adaptime/data/shared/univariate/Commodity_Production/M/short/run_0/prepared/manifest.json
TIME run allocation action=new run=/fslarge/scratch/users/h61084/codes/adaptime/outputs/adaptime/data/shared/univariate/Commodity_Import/M/short/run_0 launch_id=selena_rolling_ridge_20260914T195051Z_27613_prepare slurm_job_id=3426868 launched_at=2026-09-14T19:51:31.102324+00:00
/fslarge/scratch/users/h61084/codes/adaptime/outputs/adaptime/data/shared/univariate/Commodity_Import/M/short/run_0/prepared/manifest.json
TIME run allocation action=new run=/fslarge/scratch/users/h61084/codes/adaptime/outputs/adaptime/data/shared/univariate/WUI_Global/Q/short/run_0 launch_id=selena_rolling_ridge_20260914T195051Z_27613_prepare slurm_job_id=3426868 launched_at=2026-09-14T19:51:31.128378+00:00
/fslarge/scratch/users/h61084/codes/adaptime/outputs/adaptime/data/shared/univariate/WUI_Global/Q/short/run_0/prepared/manifest.json
TIME run allocation action=new run=/fslarge/scratch/users/h61084/codes/adaptime/outputs/adaptime/data/shared/univariate/Global_Price/Q/short/run_0 launch_id=selena_rolling_ridge_20260914T195051Z_27613_prepare slurm_job_id=3426868 launched_at=2026-09-14T19:51:31.153352+00:00
/fslarge/scratch/users/h61084/codes/adaptime/outputs/adaptime/data/shared/univariate/Global_Price/Q/short/run_0/prepared/manifest.json
TIME run allocation action=new run=/fslarge/scratch/users/h61084/codes/adaptime/outputs/adaptime/data/shared/univariate/Vehicle_Sales/M/short/run_0 launch_id=selena_rolling_ridge_20260914T195051Z_27613_prepare slurm_job_id=3426868 launched_at=2026-09-14T19:51:31.178894+00:00
/fslarge/scratch/users/h61084/codes/adaptime/outputs/adaptime/data/shared/univariate/Vehicle_Sales/M/short/run_0/prepared/manifest.json
TIME run allocation action=new run=/fslarge/scratch/users/h61084/codes/adaptime/outputs/adaptime/data/shared/univariate/Online_Retail_2_UCI/D/short/run_0 launch_id=selena_rolling_ridge_20260914T195051Z_27613_prepare slurm_job_id=3426868 launched_at=2026-09-14T19:51:31.203801+00:00
/fslarge/scratch/users/h61084/codes/adaptime/outputs/adaptime/data/shared/univariate/Online_Retail_2_UCI/D/short/run_0/prepared/manifest.json
TIME run allocation action=new run=/fslarge/scratch/users/h61084/codes/adaptime/outputs/adaptime/data/shared/univariate/Supply_Chain_Customer/D/short/run_0 launch_id=selena_rolling_ridge_20260914T195051Z_27613_prepare slurm_job_id=3426868 launched_at=2026-09-14T19:51:31.228574+00:00
/fslarge/scratch/users/h61084/codes/adaptime/outputs/adaptime/data/shared/univariate/Supply_Chain_Customer/D/short/run_0/prepared/manifest.json
TIME run allocation action=new run=/fslarge/scratch/users/h61084/codes/adaptime/outputs/adaptime/data/shared/univariate/Supply_Chain_Location/D/short/run_0 launch_id=selena_rolling_ridge_20260914T195051Z_27613_prepare slurm_job_id=3426868 launched_at=2026-09-14T19:51:31.257692+00:00
/fslarge/scratch/users/h61084/codes/adaptime/outputs/adaptime/data/shared/univariate/Supply_Chain_Location/D/short/run_0/prepared/manifest.json
TIME run allocation action=new run=/fslarge/scratch/users/h61084/codes/adaptime/outputs/adaptime/data/shared/univariate/azure2019_D/5T/short/run_0 launch_id=selena_rolling_ridge_20260914T195051Z_27613_prepare slurm_job_id=3426868 launched_at=2026-09-14T19:51:31.288715+00:00
/fslarge/scratch/users/h61084/codes/adaptime/outputs/adaptime/data/shared/univariate/azure2019_D/5T/short/run_0/prepared/manifest.json
TIME run allocation action=new run=/fslarge/scratch/users/h61084/codes/adaptime/outputs/adaptime/data/shared/univariate/azure2019_I/5T/short/run_0 launch_id=selena_rolling_ridge_20260914T195051Z_27613_prepare slurm_job_id=3426868 launched_at=2026-09-14T19:51:33.604192+00:00
/fslarge/scratch/users/h61084/codes/adaptime/outputs/adaptime/data/shared/univariate/azure2019_I/5T/short/run_0/prepared/manifest.json
TIME run allocation action=new run=/fslarge/scratch/users/h61084/codes/adaptime/outputs/adaptime/data/shared/univariate/azure2019_U/5T/short/run_0 launch_id=selena_rolling_ridge_20260914T195051Z_27613_prepare slurm_job_id=3426868 launched_at=2026-09-14T19:51:34.511356+00:00
/fslarge/scratch/users/h61084/codes/adaptime/outputs/adaptime/data/shared/univariate/azure2019_U/5T/short/run_0/prepared/manifest.json
TIME run allocation action=new run=/fslarge/scratch/users/h61084/codes/adaptime/outputs/adaptime/data/shared/univariate/Smart_Manufacturing/H/short/run_0 launch_id=selena_rolling_ridge_20260914T195051Z_27613_prepare slurm_job_id=3426868 launched_at=2026-09-14T19:51:34.573582+00:00
/fslarge/scratch/users/h61084/codes/adaptime/outputs/adaptime/data/shared/univariate/Smart_Manufacturing/H/short/run_0/prepared/manifest.json
TIME run allocation action=new run=/fslarge/scratch/users/h61084/codes/adaptime/outputs/adaptime/data/shared/univariate/Smart_Manufacturing/H/medium/run_0 launch_id=selena_rolling_ridge_20260914T195051Z_27613_prepare slurm_job_id=3426868 launched_at=2026-09-14T19:51:34.619015+00:00
/fslarge/scratch/users/h61084/codes/adaptime/outputs/adaptime/data/shared/univariate/Smart_Manufacturing/H/medium/run_0/prepared/manifest.json
TIME run allocation action=new run=/fslarge/scratch/users/h61084/codes/adaptime/outputs/adaptime/data/shared/univariate/Smart_Manufacturing/H/long/run_0 launch_id=selena_rolling_ridge_20260914T195051Z_27613_prepare slurm_job_id=3426868 launched_at=2026-09-14T19:51:34.663872+00:00
/fslarge/scratch/users/h61084/codes/adaptime/outputs/adaptime/data/shared/univariate/Smart_Manufacturing/H/long/run_0/prepared/manifest.json
TIME run allocation action=new run=/fslarge/scratch/users/h61084/codes/adaptime/outputs/adaptime/data/shared/univariate/MetroPT-3/5T/short/run_0 launch_id=selena_rolling_ridge_20260914T195051Z_27613_prepare slurm_job_id=3426868 launched_at=2026-09-14T19:51:34.709033+00:00
/fslarge/scratch/users/h61084/codes/adaptime/outputs/adaptime/data/shared/univariate/MetroPT-3/5T/short/run_0/prepared/manifest.json
TIME run allocation action=new run=/fslarge/scratch/users/h61084/codes/adaptime/outputs/adaptime/data/shared/univariate/MetroPT-3/5T/medium/run_0 launch_id=selena_rolling_ridge_20260914T195051Z_27613_prepare slurm_job_id=3426868 launched_at=2026-09-14T19:51:34.750315+00:00
/fslarge/scratch/users/h61084/codes/adaptime/outputs/adaptime/data/shared/univariate/MetroPT-3/5T/medium/run_0/prepared/manifest.json
TIME run allocation action=new run=/fslarge/scratch/users/h61084/codes/adaptime/outputs/adaptime/data/shared/univariate/MetroPT-3/5T/long/run_0 launch_id=selena_rolling_ridge_20260914T195051Z_27613_prepare slurm_job_id=3426868 launched_at=2026-09-14T19:51:34.780394+00:00
/fslarge/scratch/users/h61084/codes/adaptime/outputs/adaptime/data/shared/univariate/MetroPT-3/5T/long/run_0/prepared/manifest.json
2026-09-14 21:51:35 | task TIME-wide Adaptime method=vanilla stage=prepare completed status=success
2026-09-14 21:51:35 | stage prepare completed status=success
2026-09-14 21:51:35 | workflow adaptime completed status=success exit_code=0
