/fssmall/home/h61084/codes/adaptime/.venv/lib/python3.12/site-packages/gluonts/json.py:102: UserWarning: Using `json`-module for json-handling. Consider installing one of `orjson`, `ujson` to speed up serialization and deserialization.
  warnings.warn(
/fssmall/home/h61084/codes/adaptime/.venv/lib/python3.12/site-packages/gluonts/time_feature/seasonality.py:47: FutureWarning: 'T' is deprecated and will be removed in a future version, please use 'min' instead.
  offset = pd.tseries.frequencies.to_offset(freq)
/fssmall/home/h61084/codes/adaptime/.venv/lib/python3.12/site-packages/gluonts/time_feature/seasonality.py:47: FutureWarning: 'H' is deprecated and will be removed in a future version, please use 'h' instead.
  offset = pd.tseries.frequencies.to_offset(freq)
/fssmall/home/h61084/codes/adaptime/.venv/lib/python3.12/site-packages/gluonts/time_feature/seasonality.py:47: FutureWarning: 'M' is deprecated and will be removed in a future version, please use 'ME' instead.
  offset = pd.tseries.frequencies.to_offset(freq)
/fssmall/home/h61084/codes/adaptime/.venv/lib/python3.12/site-packages/gluonts/time_feature/seasonality.py:47: FutureWarning: 'Q' is deprecated and will be removed in a future version, please use 'QE' instead.
  offset = pd.tseries.frequencies.to_offset(freq)
[transformers] `torch_dtype` is deprecated! Use `dtype` instead!
Loading weights:   0%|          | 0/257 [00:00<?, ?it/s]Loading weights:   5%|▍         | 12/257 [00:00<00:02, 107.02it/s]Loading weights:  15%|█▍        | 38/257 [00:00<00:01, 150.08it/s]Loading weights:  25%|██▍       | 64/257 [00:00<00:01, 159.48it/s]Loading weights:  35%|███▌      | 90/257 [00:00<00:00, 167.62it/s]Loading weights:  45%|████▌     | 116/257 [00:00<00:00, 169.58it/s]Loading weights:  55%|█████▌    | 142/257 [00:00<00:00, 171.20it/s]Loading weights:  64%|██████▍   | 165/257 [00:00<00:00, 185.26it/s]Loading weights:  72%|███████▏  | 184/257 [00:01<00:00, 181.63it/s]Loading weights:  79%|███████▉  | 203/257 [00:01<00:00, 176.22it/s]Loading weights:  86%|████████▌ | 221/257 [00:01<00:00, 158.13it/s]Loading weights:  95%|█████████▌| 245/257 [00:01<00:00, 167.27it/s]Loading weights: 100%|██████████| 257/257 [00:01<00:00, 168.49it/s]
Loading weights:   0%|          | 0/269 [00:00<?, ?it/s]Loading weights: 100%|██████████| 269/269 [00:00<00:00, 3816.00it/s]
[transformers] [1mChronosBoltModelForForecastingWithRetrieval LOAD REPORT[0m from: /fslarge/scratch/users/h61084/weights/chronos-bolt-base
Key                      | Status  | 
-------------------------+---------+-
mha.out_proj.weight      | MISSING | 
encode_mlp.{0, 2}.bias   | MISSING | 
encode_mlp.{0, 2}.weight | MISSING | 
mha.in_proj_weight       | MISSING | 
mha.in_proj_bias         | MISSING | 
gate_layer.{0, 2}.weight | MISSING | 
mha.out_proj.bias        | MISSING | 
gate_layer.{0, 2}.bias   | MISSING | 
ffn.{0, 2}.bias          | MISSING | 
ffn.{0, 2}.weight        | MISSING | 

Notes:
- MISSING:	those params were newly initialized because missing from the checkpoint. Consider training on your downstream task.
Loading weights:   0%|          | 0/269 [00:00<?, ?it/s]Loading weights: 100%|██████████| 269/269 [00:00<00:00, 14546.09it/s]
/fssmall/home/h61084/codes/adaptime/src/timebench/pipeline/tsrag.py:281: UserWarning: The given NumPy array is not writable, and PyTorch does not support non-writable tensors. This means writing to this tensor will result in undefined behavior. You may want to copy the array to protect its data or make it writable before converting it to a tensor. This type of warning will be suppressed for the rest of this program. (Triggered internally at /pytorch/torch/csrc/utils/tensor_numpy.cpp:206.)
  kwargs["distances"] = torch.from_numpy(distances).to(device)
/fssmall/home/h61084/codes/adaptime/.venv/lib/python3.12/site-packages/gluonts/dataset/common.py:263: FutureWarning: 'T' is deprecated and will be removed in a future version, please use 'min' instead.
  return pd.Period(val, freq)
/fssmall/home/h61084/codes/adaptime/.venv/lib/python3.12/site-packages/gluonts/dataset/common.py:263: FutureWarning: 'H' is deprecated and will be removed in a future version, please use 'h' instead.
  return pd.Period(val, freq)
/fssmall/home/h61084/codes/adaptime/.venv/lib/python3.12/site-packages/gluonts/dataset/common.py:263: FutureWarning: Period with BDay freq is deprecated and will be removed in a future version. Use a DatetimeIndex with BDay freq instead.
  return pd.Period(val, freq)
/fssmall/home/h61084/codes/adaptime/.venv/lib/python3.12/site-packages/gluonts/dataset/split.py:181: FutureWarning: Period with BDay freq is deprecated and will be removed in a future version. Use a DatetimeIndex with BDay freq instead.
  sliced_entry[FieldName.START] += offset
