/fssmall/home/h61084/codes/adaptime/.venv/lib/python3.12/site-packages/gluonts/json.py:102: UserWarning: Using `json`-module for json-handling. Consider installing one of `orjson`, `ujson` to speed up serialization and deserialization.
  warnings.warn(
/fssmall/home/h61084/codes/adaptime/.venv/lib/python3.12/site-packages/gluonts/time_feature/seasonality.py:47: FutureWarning: 'T' is deprecated and will be removed in a future version, please use 'min' instead.
  offset = pd.tseries.frequencies.to_offset(freq)
Loading weights:   0%|          | 0/170 [00:00<?, ?it/s]Loading weights:   1%|          | 1/170 [00:00<00:20,  8.26it/s]Loading weights:  58%|█████▊    | 98/170 [00:00<00:00, 527.88it/s]Loading weights: 100%|██████████| 170/170 [00:00<00:00, 576.66it/s]
/fssmall/home/h61084/codes/adaptime/src/timebench/evaluation/adaptation_data.py:346: FutureWarning: 'T' is deprecated and will be removed in a future version, please use 'min' instead.
  start_tick = int(pd.Period(pd.Timestamp(entry["start"]), freq=entry["freq"]).ordinal)
/fssmall/home/h61084/codes/adaptime/.venv/lib/python3.12/site-packages/gluonts/time_feature/seasonality.py:47: FutureWarning: 'T' is deprecated and will be removed in a future version, please use 'min' instead.
  offset = pd.tseries.frequencies.to_offset(freq)
/fssmall/home/h61084/codes/adaptime/src/timebench/evaluation/adaptation_data.py:346: FutureWarning: 'T' is deprecated and will be removed in a future version, please use 'min' instead.
  start_tick = int(pd.Period(pd.Timestamp(entry["start"]), freq=entry["freq"]).ordinal)
/fssmall/home/h61084/codes/adaptime/.venv/lib/python3.12/site-packages/gluonts/time_feature/seasonality.py:47: FutureWarning: 'T' is deprecated and will be removed in a future version, please use 'min' instead.
  offset = pd.tseries.frequencies.to_offset(freq)
/fssmall/home/h61084/codes/adaptime/src/timebench/evaluation/adaptation_data.py:346: FutureWarning: 'T' is deprecated and will be removed in a future version, please use 'min' instead.
  start_tick = int(pd.Period(pd.Timestamp(entry["start"]), freq=entry["freq"]).ordinal)
/fssmall/home/h61084/codes/adaptime/.venv/lib/python3.12/site-packages/gluonts/time_feature/seasonality.py:47: FutureWarning: 'H' is deprecated and will be removed in a future version, please use 'h' instead.
  offset = pd.tseries.frequencies.to_offset(freq)
/fssmall/home/h61084/codes/adaptime/src/timebench/evaluation/adaptation_data.py:346: FutureWarning: 'H' is deprecated and will be removed in a future version, please use 'h' instead.
  start_tick = int(pd.Period(pd.Timestamp(entry["start"]), freq=entry["freq"]).ordinal)
/fssmall/home/h61084/codes/adaptime/src/timebench/evaluation/adaptation_data.py:346: FutureWarning: 'T' is deprecated and will be removed in a future version, please use 'min' instead.
  start_tick = int(pd.Period(pd.Timestamp(entry["start"]), freq=entry["freq"]).ordinal)
/fssmall/home/h61084/codes/adaptime/.venv/lib/python3.12/site-packages/gluonts/time_feature/seasonality.py:47: FutureWarning: 'T' is deprecated and will be removed in a future version, please use 'min' instead.
  offset = pd.tseries.frequencies.to_offset(freq)
/fssmall/home/h61084/codes/adaptime/src/timebench/evaluation/adaptation_data.py:346: FutureWarning: 'T' is deprecated and will be removed in a future version, please use 'min' instead.
  start_tick = int(pd.Period(pd.Timestamp(entry["start"]), freq=entry["freq"]).ordinal)
/fssmall/home/h61084/codes/adaptime/src/timebench/evaluation/adaptation_data.py:346: FutureWarning: 'T' is deprecated and will be removed in a future version, please use 'min' instead.
  start_tick = int(pd.Period(pd.Timestamp(entry["start"]), freq=entry["freq"]).ordinal)
/fssmall/home/h61084/codes/adaptime/.venv/lib/python3.12/site-packages/gluonts/time_feature/seasonality.py:47: FutureWarning: 'T' is deprecated and will be removed in a future version, please use 'min' instead.
  offset = pd.tseries.frequencies.to_offset(freq)
/fssmall/home/h61084/codes/adaptime/src/timebench/evaluation/adaptation_data.py:346: FutureWarning: 'T' is deprecated and will be removed in a future version, please use 'min' instead.
  start_tick = int(pd.Period(pd.Timestamp(entry["start"]), freq=entry["freq"]).ordinal)
/fssmall/home/h61084/codes/adaptime/.venv/lib/python3.12/site-packages/gluonts/time_feature/seasonality.py:47: FutureWarning: 'H' is deprecated and will be removed in a future version, please use 'h' instead.
  offset = pd.tseries.frequencies.to_offset(freq)
/fssmall/home/h61084/codes/adaptime/src/timebench/evaluation/adaptation_data.py:346: FutureWarning: 'H' is deprecated and will be removed in a future version, please use 'h' instead.
  start_tick = int(pd.Period(pd.Timestamp(entry["start"]), freq=entry["freq"]).ordinal)
/fssmall/home/h61084/codes/adaptime/src/timebench/evaluation/adaptation_data.py:346: FutureWarning: 'H' is deprecated and will be removed in a future version, please use 'h' instead.
  start_tick = int(pd.Period(pd.Timestamp(entry["start"]), freq=entry["freq"]).ordinal)
/fssmall/home/h61084/codes/adaptime/.venv/lib/python3.12/site-packages/gluonts/time_feature/seasonality.py:47: FutureWarning: 'H' is deprecated and will be removed in a future version, please use 'h' instead.
  offset = pd.tseries.frequencies.to_offset(freq)
/fssmall/home/h61084/codes/adaptime/src/timebench/evaluation/adaptation_data.py:346: FutureWarning: 'H' is deprecated and will be removed in a future version, please use 'h' instead.
  start_tick = int(pd.Period(pd.Timestamp(entry["start"]), freq=entry["freq"]).ordinal)
/fssmall/home/h61084/codes/adaptime/src/timebench/evaluation/adaptation_data.py:346: FutureWarning: 'H' is deprecated and will be removed in a future version, please use 'h' instead.
  start_tick = int(pd.Period(pd.Timestamp(entry["start"]), freq=entry["freq"]).ordinal)
/fssmall/home/h61084/codes/adaptime/.venv/lib/python3.12/site-packages/gluonts/time_feature/seasonality.py:47: FutureWarning: 'H' is deprecated and will be removed in a future version, please use 'h' instead.
  offset = pd.tseries.frequencies.to_offset(freq)
/fssmall/home/h61084/codes/adaptime/src/timebench/evaluation/adaptation_data.py:346: FutureWarning: 'H' is deprecated and will be removed in a future version, please use 'h' instead.
  start_tick = int(pd.Period(pd.Timestamp(entry["start"]), freq=entry["freq"]).ordinal)
/fssmall/home/h61084/codes/adaptime/src/timebench/evaluation/adaptation_data.py:346: FutureWarning: 'H' is deprecated and will be removed in a future version, please use 'h' instead.
  start_tick = int(pd.Period(pd.Timestamp(entry["start"]), freq=entry["freq"]).ordinal)
/fssmall/home/h61084/codes/adaptime/src/timebench/evaluation/adaptation_data.py:346: FutureWarning: 'H' is deprecated and will be removed in a future version, please use 'h' instead.
  start_tick = int(pd.Period(pd.Timestamp(entry["start"]), freq=entry["freq"]).ordinal)
/fssmall/home/h61084/codes/adaptime/.venv/lib/python3.12/site-packages/gluonts/time_feature/seasonality.py:47: FutureWarning: 'T' is deprecated and will be removed in a future version, please use 'min' instead.
  offset = pd.tseries.frequencies.to_offset(freq)
/fssmall/home/h61084/codes/adaptime/src/timebench/evaluation/adaptation_data.py:346: FutureWarning: 'T' is deprecated and will be removed in a future version, please use 'min' instead.
  start_tick = int(pd.Period(pd.Timestamp(entry["start"]), freq=entry["freq"]).ordinal)
/fssmall/home/h61084/codes/adaptime/src/timebench/evaluation/adaptation_data.py:346: FutureWarning: 'T' is deprecated and will be removed in a future version, please use 'min' instead.
  start_tick = int(pd.Period(pd.Timestamp(entry["start"]), freq=entry["freq"]).ordinal)
/fssmall/home/h61084/codes/adaptime/.venv/lib/python3.12/site-packages/gluonts/time_feature/seasonality.py:47: FutureWarning: 'T' is deprecated and will be removed in a future version, please use 'min' instead.
  offset = pd.tseries.frequencies.to_offset(freq)
/fssmall/home/h61084/codes/adaptime/src/timebench/evaluation/adaptation_data.py:346: FutureWarning: 'T' is deprecated and will be removed in a future version, please use 'min' instead.
  start_tick = int(pd.Period(pd.Timestamp(entry["start"]), freq=entry["freq"]).ordinal)
/fssmall/home/h61084/codes/adaptime/src/timebench/evaluation/adaptation_data.py:346: FutureWarning: 'T' is deprecated and will be removed in a future version, please use 'min' instead.
  start_tick = int(pd.Period(pd.Timestamp(entry["start"]), freq=entry["freq"]).ordinal)
/fssmall/home/h61084/codes/adaptime/.venv/lib/python3.12/site-packages/gluonts/time_feature/seasonality.py:47: FutureWarning: 'T' is deprecated and will be removed in a future version, please use 'min' instead.
  offset = pd.tseries.frequencies.to_offset(freq)
/fssmall/home/h61084/codes/adaptime/src/timebench/evaluation/adaptation_data.py:346: FutureWarning: 'T' is deprecated and will be removed in a future version, please use 'min' instead.
  start_tick = int(pd.Period(pd.Timestamp(entry["start"]), freq=entry["freq"]).ordinal)
Traceback (most recent call last):
  File "<frozen runpy>", line 198, in _run_module_as_main
  File "<frozen runpy>", line 88, in _run_code
  File "/fssmall/home/h61084/codes/adaptime/src/timebench/scripts/run_adaptation_stage.py", line 104, in <module>
    main()
  File "/fssmall/home/h61084/codes/adaptime/src/timebench/scripts/run_adaptation_stage.py", line 67, in main
    run_adaptation_stage(
  File "/fssmall/home/h61084/codes/adaptime/src/timebench/pipeline/adaptime_workflow.py", line 688, in run_adaptation_stage
    _run_dataset_tasks(
  File "/fssmall/home/h61084/codes/adaptime/src/timebench/pipeline/adaptime_workflow.py", line 629, in _run_dataset_tasks
    model_manifest = fit_full_ridge(
                     ^^^^^^^^^^^^^^^
  File "/fssmall/home/h61084/codes/adaptime/src/timebench/pipeline/adaptime_training.py", line 239, in fit_full_ridge
    coefficients = train_statistics.solve(alpha)
                   ^^^^^^^^^^^^^^^^^^^^^^^^^^^^^
  File "/fssmall/home/h61084/codes/adaptime/src/timebench/adaptime/ridge.py", line 127, in solve
    raise ValueError("cannot solve empty ridge statistics")
ValueError: cannot solve empty ridge statistics
srun: error: sean0008: task 0: Exited with exit code 1
2026-09-08 03:51:30 | task TIME-wide Adaptime model=chronos2 target_mode=univariate completed status=failed exit_code=1
2026-09-08 03:51:30 | stage run completed status=failed exit_code=1
TIME interrupted-launch recovery launch_id=selena_adaptime_3221294 tasks=0 root=/scratch/users/h61084/codes/adaptime/outputs/adaptime/tasks/chronos2/univariate
2026-09-08 03:51:31 | workflow adaptime_comparison completed status=failed exit_code=1
