2026-09-09 15:14:48 | workflow adaptime started launch_id=selena_tsrag_3275044 task=tsrag_prepare slurm_job_id=3275044 slurm_array_job_id=none slurm_array_task_id=none
2026-09-09 15:14:48 | stage prepare started
2026-09-09 15:14:48 | task TIME-wide Adaptime method=tsrag stage=prepare started
TIME run allocation action=skip run=/fslarge/scratch/users/h61084/codes/adaptime/outputs/adaptime/data/shared/univariate/Water_Quality_Darwin/15T/short/run_0 source_launch=selena_adaptime_3227290 launch_id=selena_tsrag_3275044 slurm_job_id=3275044 launched_at=2026-09-09T13:15:01.328574+00:00
/fslarge/scratch/users/h61084/codes/adaptime/outputs/adaptime/data/shared/univariate/Water_Quality_Darwin/15T/short/run_0/prepared/manifest.json
TIME run allocation action=skip run=/fslarge/scratch/users/h61084/codes/adaptime/outputs/adaptime/data/shared/univariate/Water_Quality_Darwin/15T/medium/run_0 source_launch=selena_adaptime_3227290 launch_id=selena_tsrag_3275044 slurm_job_id=3275044 launched_at=2026-09-09T13:15:01.334391+00:00
/fslarge/scratch/users/h61084/codes/adaptime/outputs/adaptime/data/shared/univariate/Water_Quality_Darwin/15T/medium/run_0/prepared/manifest.json
TIME run allocation action=skip run=/fslarge/scratch/users/h61084/codes/adaptime/outputs/adaptime/data/shared/univariate/Water_Quality_Darwin/15T/long/run_0 source_launch=selena_adaptime_3227290 launch_id=selena_tsrag_3275044 slurm_job_id=3275044 launched_at=2026-09-09T13:15:01.339837+00:00
/fslarge/scratch/users/h61084/codes/adaptime/outputs/adaptime/data/shared/univariate/Water_Quality_Darwin/15T/long/run_0/prepared/manifest.json
TIME run allocation action=skip run=/fslarge/scratch/users/h61084/codes/adaptime/outputs/adaptime/data/shared/univariate/current_velocity/5T/short/run_0 source_launch=selena_adaptime_3227290 launch_id=selena_tsrag_3275044 slurm_job_id=3275044 launched_at=2026-09-09T13:15:01.345542+00:00
/fslarge/scratch/users/h61084/codes/adaptime/outputs/adaptime/data/shared/univariate/current_velocity/5T/short/run_0/prepared/manifest.json
TIME run allocation action=skip run=/fslarge/scratch/users/h61084/codes/adaptime/outputs/adaptime/data/shared/univariate/current_velocity/5T/medium/run_0 source_launch=selena_adaptime_3227290 launch_id=selena_tsrag_3275044 slurm_job_id=3275044 launched_at=2026-09-09T13:15:01.350788+00:00
/fslarge/scratch/users/h61084/codes/adaptime/outputs/adaptime/data/shared/univariate/current_velocity/5T/medium/run_0/prepared/manifest.json
TIME run allocation action=skip run=/fslarge/scratch/users/h61084/codes/adaptime/outputs/adaptime/data/shared/univariate/current_velocity/5T/long/run_0 source_launch=selena_adaptime_3227290 launch_id=selena_tsrag_3275044 slurm_job_id=3275044 launched_at=2026-09-09T13:15:01.355965+00:00
/fslarge/scratch/users/h61084/codes/adaptime/outputs/adaptime/data/shared/univariate/current_velocity/5T/long/run_0/prepared/manifest.json
TIME run allocation action=skip run=/fslarge/scratch/users/h61084/codes/adaptime/outputs/adaptime/data/shared/univariate/current_velocity/10T/short/run_0 source_launch=selena_adaptime_3227290 launch_id=selena_tsrag_3275044 slurm_job_id=3275044 launched_at=2026-09-09T13:15:01.361284+00:00
/fslarge/scratch/users/h61084/codes/adaptime/outputs/adaptime/data/shared/univariate/current_velocity/10T/short/run_0/prepared/manifest.json
TIME run allocation action=skip run=/fslarge/scratch/users/h61084/codes/adaptime/outputs/adaptime/data/shared/univariate/current_velocity/10T/medium/run_0 source_launch=selena_adaptime_3227290 launch_id=selena_tsrag_3275044 slurm_job_id=3275044 launched_at=2026-09-09T13:15:01.366469+00:00
/fslarge/scratch/users/h61084/codes/adaptime/outputs/adaptime/data/shared/univariate/current_velocity/10T/medium/run_0/prepared/manifest.json
TIME run allocation action=skip run=/fslarge/scratch/users/h61084/codes/adaptime/outputs/adaptime/data/shared/univariate/current_velocity/10T/long/run_0 source_launch=selena_adaptime_3227290 launch_id=selena_tsrag_3275044 slurm_job_id=3275044 launched_at=2026-09-09T13:15:01.371634+00:00
/fslarge/scratch/users/h61084/codes/adaptime/outputs/adaptime/data/shared/univariate/current_velocity/10T/long/run_0/prepared/manifest.json
TIME run allocation action=skip run=/fslarge/scratch/users/h61084/codes/adaptime/outputs/adaptime/data/shared/univariate/current_velocity/15T/short/run_0 source_launch=selena_adaptime_3227290 launch_id=selena_tsrag_3275044 slurm_job_id=3275044 launched_at=2026-09-09T13:15:01.376949+00:00
/fslarge/scratch/users/h61084/codes/adaptime/outputs/adaptime/data/shared/univariate/current_velocity/15T/short/run_0/prepared/manifest.json
TIME run allocation action=skip run=/fslarge/scratch/users/h61084/codes/adaptime/outputs/adaptime/data/shared/univariate/current_velocity/15T/medium/run_0 source_launch=selena_adaptime_3227290 launch_id=selena_tsrag_3275044 slurm_job_id=3275044 launched_at=2026-09-09T13:15:01.382186+00:00
/fslarge/scratch/users/h61084/codes/adaptime/outputs/adaptime/data/shared/univariate/current_velocity/15T/medium/run_0/prepared/manifest.json
TIME run allocation action=skip run=/fslarge/scratch/users/h61084/codes/adaptime/outputs/adaptime/data/shared/univariate/current_velocity/15T/long/run_0 source_launch=selena_adaptime_3227290 launch_id=selena_tsrag_3275044 slurm_job_id=3275044 launched_at=2026-09-09T13:15:01.387368+00:00
/fslarge/scratch/users/h61084/codes/adaptime/outputs/adaptime/data/shared/univariate/current_velocity/15T/long/run_0/prepared/manifest.json
TIME run allocation action=skip run=/fslarge/scratch/users/h61084/codes/adaptime/outputs/adaptime/data/shared/univariate/current_velocity/20T/short/run_0 source_launch=selena_adaptime_3227290 launch_id=selena_tsrag_3275044 slurm_job_id=3275044 launched_at=2026-09-09T13:15:01.392659+00:00
/fslarge/scratch/users/h61084/codes/adaptime/outputs/adaptime/data/shared/univariate/current_velocity/20T/short/run_0/prepared/manifest.json
TIME run allocation action=skip run=/fslarge/scratch/users/h61084/codes/adaptime/outputs/adaptime/data/shared/univariate/current_velocity/20T/medium/run_0 source_launch=selena_adaptime_3227290 launch_id=selena_tsrag_3275044 slurm_job_id=3275044 launched_at=2026-09-09T13:15:01.397787+00:00
/fslarge/scratch/users/h61084/codes/adaptime/outputs/adaptime/data/shared/univariate/current_velocity/20T/medium/run_0/prepared/manifest.json
TIME run allocation action=skip run=/fslarge/scratch/users/h61084/codes/adaptime/outputs/adaptime/data/shared/univariate/current_velocity/20T/long/run_0 source_launch=selena_adaptime_3227290 launch_id=selena_tsrag_3275044 slurm_job_id=3275044 launched_at=2026-09-09T13:15:01.402948+00:00
/fslarge/scratch/users/h61084/codes/adaptime/outputs/adaptime/data/shared/univariate/current_velocity/20T/long/run_0/prepared/manifest.json
TIME run allocation action=skip run=/fslarge/scratch/users/h61084/codes/adaptime/outputs/adaptime/data/shared/univariate/current_velocity/H/short/run_0 source_launch=selena_adaptime_3227290 launch_id=selena_tsrag_3275044 slurm_job_id=3275044 launched_at=2026-09-09T13:15:01.408203+00:00
/fslarge/scratch/users/h61084/codes/adaptime/outputs/adaptime/data/shared/univariate/current_velocity/H/short/run_0/prepared/manifest.json
TIME run allocation action=skip run=/fslarge/scratch/users/h61084/codes/adaptime/outputs/adaptime/data/shared/univariate/current_velocity/H/medium/run_0 source_launch=selena_adaptime_3227290 launch_id=selena_tsrag_3275044 slurm_job_id=3275044 launched_at=2026-09-09T13:15:01.413124+00:00
/fslarge/scratch/users/h61084/codes/adaptime/outputs/adaptime/data/shared/univariate/current_velocity/H/medium/run_0/prepared/manifest.json
TIME run allocation action=skip run=/fslarge/scratch/users/h61084/codes/adaptime/outputs/adaptime/data/shared/univariate/current_velocity/H/long/run_0 source_launch=selena_adaptime_3227290 launch_id=selena_tsrag_3275044 slurm_job_id=3275044 launched_at=2026-09-09T13:15:01.418079+00:00
/fslarge/scratch/users/h61084/codes/adaptime/outputs/adaptime/data/shared/univariate/current_velocity/H/long/run_0/prepared/manifest.json
TIME run allocation action=skip run=/fslarge/scratch/users/h61084/codes/adaptime/outputs/adaptime/data/shared/univariate/CPHL/15T/short/run_0 source_launch=selena_adaptime_3227290 launch_id=selena_tsrag_3275044 slurm_job_id=3275044 launched_at=2026-09-09T13:15:01.423393+00:00
/fslarge/scratch/users/h61084/codes/adaptime/outputs/adaptime/data/shared/univariate/CPHL/15T/short/run_0/prepared/manifest.json
TIME run allocation action=skip run=/fslarge/scratch/users/h61084/codes/adaptime/outputs/adaptime/data/shared/univariate/CPHL/15T/medium/run_0 source_launch=selena_adaptime_3227290 launch_id=selena_tsrag_3275044 slurm_job_id=3275044 launched_at=2026-09-09T13:15:01.428417+00:00
/fslarge/scratch/users/h61084/codes/adaptime/outputs/adaptime/data/shared/univariate/CPHL/15T/medium/run_0/prepared/manifest.json
TIME run allocation action=skip run=/fslarge/scratch/users/h61084/codes/adaptime/outputs/adaptime/data/shared/univariate/CPHL/15T/long/run_0 source_launch=selena_adaptime_3227290 launch_id=selena_tsrag_3275044 slurm_job_id=3275044 launched_at=2026-09-09T13:15:01.433501+00:00
/fslarge/scratch/users/h61084/codes/adaptime/outputs/adaptime/data/shared/univariate/CPHL/15T/long/run_0/prepared/manifest.json
TIME run allocation action=skip run=/fslarge/scratch/users/h61084/codes/adaptime/outputs/adaptime/data/shared/univariate/CPHL/30T/short/run_0 source_launch=selena_adaptime_3227290 launch_id=selena_tsrag_3275044 slurm_job_id=3275044 launched_at=2026-09-09T13:15:01.438810+00:00
/fslarge/scratch/users/h61084/codes/adaptime/outputs/adaptime/data/shared/univariate/CPHL/30T/short/run_0/prepared/manifest.json
TIME run allocation action=skip run=/fslarge/scratch/users/h61084/codes/adaptime/outputs/adaptime/data/shared/univariate/CPHL/30T/medium/run_0 source_launch=selena_adaptime_3227290 launch_id=selena_tsrag_3275044 slurm_job_id=3275044 launched_at=2026-09-09T13:15:01.443822+00:00
/fslarge/scratch/users/h61084/codes/adaptime/outputs/adaptime/data/shared/univariate/CPHL/30T/medium/run_0/prepared/manifest.json
TIME run allocation action=skip run=/fslarge/scratch/users/h61084/codes/adaptime/outputs/adaptime/data/shared/univariate/CPHL/30T/long/run_0 source_launch=selena_adaptime_3227290 launch_id=selena_tsrag_3275044 slurm_job_id=3275044 launched_at=2026-09-09T13:15:01.448927+00:00
/fslarge/scratch/users/h61084/codes/adaptime/outputs/adaptime/data/shared/univariate/CPHL/30T/long/run_0/prepared/manifest.json
TIME run allocation action=skip run=/fslarge/scratch/users/h61084/codes/adaptime/outputs/adaptime/data/shared/univariate/CPHL/H/short/run_0 source_launch=selena_adaptime_3227290 launch_id=selena_tsrag_3275044 slurm_job_id=3275044 launched_at=2026-09-09T13:15:01.454101+00:00
/fslarge/scratch/users/h61084/codes/adaptime/outputs/adaptime/data/shared/univariate/CPHL/H/short/run_0/prepared/manifest.json
TIME run allocation action=skip run=/fslarge/scratch/users/h61084/codes/adaptime/outputs/adaptime/data/shared/univariate/CPHL/H/medium/run_0 source_launch=selena_adaptime_3227290 launch_id=selena_tsrag_3275044 slurm_job_id=3275044 launched_at=2026-09-09T13:15:01.459239+00:00
/fslarge/scratch/users/h61084/codes/adaptime/outputs/adaptime/data/shared/univariate/CPHL/H/medium/run_0/prepared/manifest.json
TIME run allocation action=skip run=/fslarge/scratch/users/h61084/codes/adaptime/outputs/adaptime/data/shared/univariate/CPHL/H/long/run_0 source_launch=selena_adaptime_3227290 launch_id=selena_tsrag_3275044 slurm_job_id=3275044 launched_at=2026-09-09T13:15:01.464332+00:00
/fslarge/scratch/users/h61084/codes/adaptime/outputs/adaptime/data/shared/univariate/CPHL/H/long/run_0/prepared/manifest.json
TIME run allocation action=skip run=/fslarge/scratch/users/h61084/codes/adaptime/outputs/adaptime/data/shared/univariate/Coastal_T_S/5T/short/run_0 source_launch=selena_adaptime_3227290 launch_id=selena_tsrag_3275044 slurm_job_id=3275044 launched_at=2026-09-09T13:15:01.469652+00:00
/fslarge/scratch/users/h61084/codes/adaptime/outputs/adaptime/data/shared/univariate/Coastal_T_S/5T/short/run_0/prepared/manifest.json
TIME run allocation action=skip run=/fslarge/scratch/users/h61084/codes/adaptime/outputs/adaptime/data/shared/univariate/Coastal_T_S/5T/medium/run_0 source_launch=selena_adaptime_3227290 launch_id=selena_tsrag_3275044 slurm_job_id=3275044 launched_at=2026-09-09T13:15:01.474922+00:00
/fslarge/scratch/users/h61084/codes/adaptime/outputs/adaptime/data/shared/univariate/Coastal_T_S/5T/medium/run_0/prepared/manifest.json
TIME run allocation action=skip run=/fslarge/scratch/users/h61084/codes/adaptime/outputs/adaptime/data/shared/univariate/Coastal_T_S/5T/long/run_0 source_launch=selena_adaptime_3227290 launch_id=selena_tsrag_3275044 slurm_job_id=3275044 launched_at=2026-09-09T13:15:01.479877+00:00
/fslarge/scratch/users/h61084/codes/adaptime/outputs/adaptime/data/shared/univariate/Coastal_T_S/5T/long/run_0/prepared/manifest.json
TIME run allocation action=skip run=/fslarge/scratch/users/h61084/codes/adaptime/outputs/adaptime/data/shared/univariate/Coastal_T_S/15T/short/run_0 source_launch=selena_adaptime_3227290 launch_id=selena_tsrag_3275044 slurm_job_id=3275044 launched_at=2026-09-09T13:15:01.485210+00:00
/fslarge/scratch/users/h61084/codes/adaptime/outputs/adaptime/data/shared/univariate/Coastal_T_S/15T/short/run_0/prepared/manifest.json
TIME run allocation action=skip run=/fslarge/scratch/users/h61084/codes/adaptime/outputs/adaptime/data/shared/univariate/Coastal_T_S/15T/medium/run_0 source_launch=selena_adaptime_3227290 launch_id=selena_tsrag_3275044 slurm_job_id=3275044 launched_at=2026-09-09T13:15:01.490313+00:00
/fslarge/scratch/users/h61084/codes/adaptime/outputs/adaptime/data/shared/univariate/Coastal_T_S/15T/medium/run_0/prepared/manifest.json
TIME run allocation action=skip run=/fslarge/scratch/users/h61084/codes/adaptime/outputs/adaptime/data/shared/univariate/Coastal_T_S/15T/long/run_0 source_launch=selena_adaptime_3227290 launch_id=selena_tsrag_3275044 slurm_job_id=3275044 launched_at=2026-09-09T13:15:01.495364+00:00
/fslarge/scratch/users/h61084/codes/adaptime/outputs/adaptime/data/shared/univariate/Coastal_T_S/15T/long/run_0/prepared/manifest.json
TIME run allocation action=skip run=/fslarge/scratch/users/h61084/codes/adaptime/outputs/adaptime/data/shared/univariate/Coastal_T_S/20T/short/run_0 source_launch=selena_adaptime_3227290 launch_id=selena_tsrag_3275044 slurm_job_id=3275044 launched_at=2026-09-09T13:15:01.500617+00:00
/fslarge/scratch/users/h61084/codes/adaptime/outputs/adaptime/data/shared/univariate/Coastal_T_S/20T/short/run_0/prepared/manifest.json
TIME run allocation action=skip run=/fslarge/scratch/users/h61084/codes/adaptime/outputs/adaptime/data/shared/univariate/Coastal_T_S/20T/medium/run_0 source_launch=selena_adaptime_3227290 launch_id=selena_tsrag_3275044 slurm_job_id=3275044 launched_at=2026-09-09T13:15:01.505510+00:00
/fslarge/scratch/users/h61084/codes/adaptime/outputs/adaptime/data/shared/univariate/Coastal_T_S/20T/medium/run_0/prepared/manifest.json
TIME run allocation action=skip run=/fslarge/scratch/users/h61084/codes/adaptime/outputs/adaptime/data/shared/univariate/Coastal_T_S/20T/long/run_0 source_launch=selena_adaptime_3227290 launch_id=selena_tsrag_3275044 slurm_job_id=3275044 launched_at=2026-09-09T13:15:01.510668+00:00
/fslarge/scratch/users/h61084/codes/adaptime/outputs/adaptime/data/shared/univariate/Coastal_T_S/20T/long/run_0/prepared/manifest.json
TIME run allocation action=skip run=/fslarge/scratch/users/h61084/codes/adaptime/outputs/adaptime/data/shared/univariate/Coastal_T_S/H/short/run_0 source_launch=selena_adaptime_3227290 launch_id=selena_tsrag_3275044 slurm_job_id=3275044 launched_at=2026-09-09T13:15:01.515705+00:00
/fslarge/scratch/users/h61084/codes/adaptime/outputs/adaptime/data/shared/univariate/Coastal_T_S/H/short/run_0/prepared/manifest.json
TIME run allocation action=skip run=/fslarge/scratch/users/h61084/codes/adaptime/outputs/adaptime/data/shared/univariate/Coastal_T_S/H/medium/run_0 source_launch=selena_adaptime_3227290 launch_id=selena_tsrag_3275044 slurm_job_id=3275044 launched_at=2026-09-09T13:15:01.520685+00:00
/fslarge/scratch/users/h61084/codes/adaptime/outputs/adaptime/data/shared/univariate/Coastal_T_S/H/medium/run_0/prepared/manifest.json
TIME run allocation action=skip run=/fslarge/scratch/users/h61084/codes/adaptime/outputs/adaptime/data/shared/univariate/Coastal_T_S/H/long/run_0 source_launch=selena_adaptime_3227290 launch_id=selena_tsrag_3275044 slurm_job_id=3275044 launched_at=2026-09-09T13:15:01.525632+00:00
/fslarge/scratch/users/h61084/codes/adaptime/outputs/adaptime/data/shared/univariate/Coastal_T_S/H/long/run_0/prepared/manifest.json
TIME run allocation action=skip run=/fslarge/scratch/users/h61084/codes/adaptime/outputs/adaptime/data/shared/univariate/SG_Weather/D/short/run_0 source_launch=selena_adaptime_3227290 launch_id=selena_tsrag_3275044 slurm_job_id=3275044 launched_at=2026-09-09T13:15:01.530783+00:00
/fslarge/scratch/users/h61084/codes/adaptime/outputs/adaptime/data/shared/univariate/SG_Weather/D/short/run_0/prepared/manifest.json
TIME run allocation action=skip run=/fslarge/scratch/users/h61084/codes/adaptime/outputs/adaptime/data/shared/univariate/SG_Weather/D/medium/run_0 source_launch=selena_adaptime_3227290 launch_id=selena_tsrag_3275044 slurm_job_id=3275044 launched_at=2026-09-09T13:15:01.536061+00:00
/fslarge/scratch/users/h61084/codes/adaptime/outputs/adaptime/data/shared/univariate/SG_Weather/D/medium/run_0/prepared/manifest.json
TIME run allocation action=skip run=/fslarge/scratch/users/h61084/codes/adaptime/outputs/adaptime/data/shared/univariate/SG_Weather/D/long/run_0 source_launch=selena_adaptime_3227290 launch_id=selena_tsrag_3275044 slurm_job_id=3275044 launched_at=2026-09-09T13:15:01.541051+00:00
/fslarge/scratch/users/h61084/codes/adaptime/outputs/adaptime/data/shared/univariate/SG_Weather/D/long/run_0/prepared/manifest.json
TIME run allocation action=skip run=/fslarge/scratch/users/h61084/codes/adaptime/outputs/adaptime/data/shared/univariate/SG_PM25/H/short/run_0 source_launch=selena_adaptime_3227290 launch_id=selena_tsrag_3275044 slurm_job_id=3275044 launched_at=2026-09-09T13:15:01.546195+00:00
/fslarge/scratch/users/h61084/codes/adaptime/outputs/adaptime/data/shared/univariate/SG_PM25/H/short/run_0/prepared/manifest.json
TIME run allocation action=skip run=/fslarge/scratch/users/h61084/codes/adaptime/outputs/adaptime/data/shared/univariate/SG_PM25/H/medium/run_0 source_launch=selena_adaptime_3227290 launch_id=selena_tsrag_3275044 slurm_job_id=3275044 launched_at=2026-09-09T13:15:01.551225+00:00
/fslarge/scratch/users/h61084/codes/adaptime/outputs/adaptime/data/shared/univariate/SG_PM25/H/medium/run_0/prepared/manifest.json
TIME run allocation action=skip run=/fslarge/scratch/users/h61084/codes/adaptime/outputs/adaptime/data/shared/univariate/SG_PM25/H/long/run_0 source_launch=selena_adaptime_3227290 launch_id=selena_tsrag_3275044 slurm_job_id=3275044 launched_at=2026-09-09T13:15:01.556151+00:00
/fslarge/scratch/users/h61084/codes/adaptime/outputs/adaptime/data/shared/univariate/SG_PM25/H/long/run_0/prepared/manifest.json
TIME run allocation action=skip run=/fslarge/scratch/users/h61084/codes/adaptime/outputs/adaptime/data/shared/univariate/NE_China_Wind/H/short/run_0 source_launch=selena_adaptime_3227290 launch_id=selena_tsrag_3275044 slurm_job_id=3275044 launched_at=2026-09-09T13:15:01.561235+00:00
/fslarge/scratch/users/h61084/codes/adaptime/outputs/adaptime/data/shared/univariate/NE_China_Wind/H/short/run_0/prepared/manifest.json
TIME run allocation action=skip run=/fslarge/scratch/users/h61084/codes/adaptime/outputs/adaptime/data/shared/univariate/NE_China_Wind/H/medium/run_0 source_launch=selena_adaptime_3227290 launch_id=selena_tsrag_3275044 slurm_job_id=3275044 launched_at=2026-09-09T13:15:01.566226+00:00
/fslarge/scratch/users/h61084/codes/adaptime/outputs/adaptime/data/shared/univariate/NE_China_Wind/H/medium/run_0/prepared/manifest.json
TIME run allocation action=skip run=/fslarge/scratch/users/h61084/codes/adaptime/outputs/adaptime/data/shared/univariate/NE_China_Wind/H/long/run_0 source_launch=selena_adaptime_3227290 launch_id=selena_tsrag_3275044 slurm_job_id=3275044 launched_at=2026-09-09T13:15:01.571316+00:00
/fslarge/scratch/users/h61084/codes/adaptime/outputs/adaptime/data/shared/univariate/NE_China_Wind/H/long/run_0/prepared/manifest.json
TIME run allocation action=skip run=/fslarge/scratch/users/h61084/codes/adaptime/outputs/adaptime/data/shared/univariate/Australia_Solar/H/short/run_0 source_launch=selena_adaptime_3227290 launch_id=selena_tsrag_3275044 slurm_job_id=3275044 launched_at=2026-09-09T13:15:01.576612+00:00
/fslarge/scratch/users/h61084/codes/adaptime/outputs/adaptime/data/shared/univariate/Australia_Solar/H/short/run_0/prepared/manifest.json
TIME run allocation action=skip run=/fslarge/scratch/users/h61084/codes/adaptime/outputs/adaptime/data/shared/univariate/Australia_Solar/H/medium/run_0 source_launch=selena_adaptime_3227290 launch_id=selena_tsrag_3275044 slurm_job_id=3275044 launched_at=2026-09-09T13:15:01.581684+00:00
/fslarge/scratch/users/h61084/codes/adaptime/outputs/adaptime/data/shared/univariate/Australia_Solar/H/medium/run_0/prepared/manifest.json
TIME run allocation action=skip run=/fslarge/scratch/users/h61084/codes/adaptime/outputs/adaptime/data/shared/univariate/Australia_Solar/H/long/run_0 source_launch=selena_adaptime_3227290 launch_id=selena_tsrag_3275044 slurm_job_id=3275044 launched_at=2026-09-09T13:15:01.586924+00:00
/fslarge/scratch/users/h61084/codes/adaptime/outputs/adaptime/data/shared/univariate/Australia_Solar/H/long/run_0/prepared/manifest.json
TIME run allocation action=skip run=/fslarge/scratch/users/h61084/codes/adaptime/outputs/adaptime/data/shared/univariate/epf_electricity_price/H/short/run_0 source_launch=selena_adaptime_3227290 launch_id=selena_tsrag_3275044 slurm_job_id=3275044 launched_at=2026-09-09T13:15:01.592350+00:00
/fslarge/scratch/users/h61084/codes/adaptime/outputs/adaptime/data/shared/univariate/epf_electricity_price/H/short/run_0/prepared/manifest.json
TIME run allocation action=skip run=/fslarge/scratch/users/h61084/codes/adaptime/outputs/adaptime/data/shared/univariate/epf_electricity_price/H/medium/run_0 source_launch=selena_adaptime_3227290 launch_id=selena_tsrag_3275044 slurm_job_id=3275044 launched_at=2026-09-09T13:15:01.597342+00:00
/fslarge/scratch/users/h61084/codes/adaptime/outputs/adaptime/data/shared/univariate/epf_electricity_price/H/medium/run_0/prepared/manifest.json
TIME run allocation action=skip run=/fslarge/scratch/users/h61084/codes/adaptime/outputs/adaptime/data/shared/univariate/epf_electricity_price/H/long/run_0 source_launch=selena_adaptime_3227290 launch_id=selena_tsrag_3275044 slurm_job_id=3275044 launched_at=2026-09-09T13:15:01.602402+00:00
/fslarge/scratch/users/h61084/codes/adaptime/outputs/adaptime/data/shared/univariate/epf_electricity_price/H/long/run_0/prepared/manifest.json
TIME run allocation action=skip run=/fslarge/scratch/users/h61084/codes/adaptime/outputs/adaptime/data/shared/univariate/OpenElectricity_NEM/5T/short/run_0 source_launch=selena_adaptime_3227290 launch_id=selena_tsrag_3275044 slurm_job_id=3275044 launched_at=2026-09-09T13:15:01.607550+00:00
/fslarge/scratch/users/h61084/codes/adaptime/outputs/adaptime/data/shared/univariate/OpenElectricity_NEM/5T/short/run_0/prepared/manifest.json
TIME run allocation action=skip run=/fslarge/scratch/users/h61084/codes/adaptime/outputs/adaptime/data/shared/univariate/OpenElectricity_NEM/5T/medium/run_0 source_launch=selena_adaptime_3227290 launch_id=selena_tsrag_3275044 slurm_job_id=3275044 launched_at=2026-09-09T13:15:01.612505+00:00
/fslarge/scratch/users/h61084/codes/adaptime/outputs/adaptime/data/shared/univariate/OpenElectricity_NEM/5T/medium/run_0/prepared/manifest.json
TIME run allocation action=skip run=/fslarge/scratch/users/h61084/codes/adaptime/outputs/adaptime/data/shared/univariate/OpenElectricity_NEM/5T/long/run_0 source_launch=selena_adaptime_3227290 launch_id=selena_tsrag_3275044 slurm_job_id=3275044 launched_at=2026-09-09T13:15:01.617431+00:00
/fslarge/scratch/users/h61084/codes/adaptime/outputs/adaptime/data/shared/univariate/OpenElectricity_NEM/5T/long/run_0/prepared/manifest.json
TIME run allocation action=skip run=/fslarge/scratch/users/h61084/codes/adaptime/outputs/adaptime/data/shared/univariate/EWELD_Load/15T/short/run_0 source_launch=selena_adaptime_3227290 launch_id=selena_tsrag_3275044 slurm_job_id=3275044 launched_at=2026-09-09T13:15:01.622673+00:00
/fslarge/scratch/users/h61084/codes/adaptime/outputs/adaptime/data/shared/univariate/EWELD_Load/15T/short/run_0/prepared/manifest.json
TIME run allocation action=skip run=/fslarge/scratch/users/h61084/codes/adaptime/outputs/adaptime/data/shared/univariate/EWELD_Load/15T/medium/run_0 source_launch=selena_adaptime_3227290 launch_id=selena_tsrag_3275044 slurm_job_id=3275044 launched_at=2026-09-09T13:15:01.627772+00:00
/fslarge/scratch/users/h61084/codes/adaptime/outputs/adaptime/data/shared/univariate/EWELD_Load/15T/medium/run_0/prepared/manifest.json
TIME run allocation action=skip run=/fslarge/scratch/users/h61084/codes/adaptime/outputs/adaptime/data/shared/univariate/EWELD_Load/15T/long/run_0 source_launch=selena_adaptime_3227290 launch_id=selena_tsrag_3275044 slurm_job_id=3275044 launched_at=2026-09-09T13:15:01.632673+00:00
/fslarge/scratch/users/h61084/codes/adaptime/outputs/adaptime/data/shared/univariate/EWELD_Load/15T/long/run_0/prepared/manifest.json
TIME run allocation action=skip run=/fslarge/scratch/users/h61084/codes/adaptime/outputs/adaptime/data/shared/univariate/SG_Carpark/15T/short/run_0 source_launch=selena_adaptime_3227290 launch_id=selena_tsrag_3275044 slurm_job_id=3275044 launched_at=2026-09-09T13:15:01.638070+00:00
/fslarge/scratch/users/h61084/codes/adaptime/outputs/adaptime/data/shared/univariate/SG_Carpark/15T/short/run_0/prepared/manifest.json
TIME run allocation action=skip run=/fslarge/scratch/users/h61084/codes/adaptime/outputs/adaptime/data/shared/univariate/SG_Carpark/15T/medium/run_0 source_launch=selena_adaptime_3227290 launch_id=selena_tsrag_3275044 slurm_job_id=3275044 launched_at=2026-09-09T13:15:01.643148+00:00
/fslarge/scratch/users/h61084/codes/adaptime/outputs/adaptime/data/shared/univariate/SG_Carpark/15T/medium/run_0/prepared/manifest.json
TIME run allocation action=skip run=/fslarge/scratch/users/h61084/codes/adaptime/outputs/adaptime/data/shared/univariate/SG_Carpark/15T/long/run_0 source_launch=selena_adaptime_3227290 launch_id=selena_tsrag_3275044 slurm_job_id=3275044 launched_at=2026-09-09T13:15:01.647908+00:00
/fslarge/scratch/users/h61084/codes/adaptime/outputs/adaptime/data/shared/univariate/SG_Carpark/15T/long/run_0/prepared/manifest.json
TIME run allocation action=skip run=/fslarge/scratch/users/h61084/codes/adaptime/outputs/adaptime/data/shared/univariate/Finland_Traffic/15T/short/run_0 source_launch=selena_adaptime_3227290 launch_id=selena_tsrag_3275044 slurm_job_id=3275044 launched_at=2026-09-09T13:15:01.653196+00:00
/fslarge/scratch/users/h61084/codes/adaptime/outputs/adaptime/data/shared/univariate/Finland_Traffic/15T/short/run_0/prepared/manifest.json
TIME run allocation action=skip run=/fslarge/scratch/users/h61084/codes/adaptime/outputs/adaptime/data/shared/univariate/Finland_Traffic/15T/medium/run_0 source_launch=selena_adaptime_3227290 launch_id=selena_tsrag_3275044 slurm_job_id=3275044 launched_at=2026-09-09T13:15:01.658261+00:00
/fslarge/scratch/users/h61084/codes/adaptime/outputs/adaptime/data/shared/univariate/Finland_Traffic/15T/medium/run_0/prepared/manifest.json
TIME run allocation action=skip run=/fslarge/scratch/users/h61084/codes/adaptime/outputs/adaptime/data/shared/univariate/Finland_Traffic/15T/long/run_0 source_launch=selena_adaptime_3227290 launch_id=selena_tsrag_3275044 slurm_job_id=3275044 launched_at=2026-09-09T13:15:01.663274+00:00
/fslarge/scratch/users/h61084/codes/adaptime/outputs/adaptime/data/shared/univariate/Finland_Traffic/15T/long/run_0/prepared/manifest.json
TIME run allocation action=skip run=/fslarge/scratch/users/h61084/codes/adaptime/outputs/adaptime/data/shared/univariate/Port_Activity/D/short/run_0 source_launch=selena_adaptime_3227290 launch_id=selena_tsrag_3275044 slurm_job_id=3275044 launched_at=2026-09-09T13:15:01.668709+00:00
/fslarge/scratch/users/h61084/codes/adaptime/outputs/adaptime/data/shared/univariate/Port_Activity/D/short/run_0/prepared/manifest.json
TIME run allocation action=skip run=/fslarge/scratch/users/h61084/codes/adaptime/outputs/adaptime/data/shared/univariate/Port_Activity/W/short/run_0 source_launch=selena_adaptime_3227290 launch_id=selena_tsrag_3275044 slurm_job_id=3275044 launched_at=2026-09-09T13:15:01.673898+00:00
/fslarge/scratch/users/h61084/codes/adaptime/outputs/adaptime/data/shared/univariate/Port_Activity/W/short/run_0/prepared/manifest.json
TIME run allocation action=skip run=/fslarge/scratch/users/h61084/codes/adaptime/outputs/adaptime/data/shared/univariate/ECDC_COVID/D/short/run_0 source_launch=selena_adaptime_3227290 launch_id=selena_tsrag_3275044 slurm_job_id=3275044 launched_at=2026-09-09T13:15:01.679304+00:00
/fslarge/scratch/users/h61084/codes/adaptime/outputs/adaptime/data/shared/univariate/ECDC_COVID/D/short/run_0/prepared/manifest.json
TIME run allocation action=skip run=/fslarge/scratch/users/h61084/codes/adaptime/outputs/adaptime/data/shared/univariate/ECDC_COVID/W/short/run_0 source_launch=selena_adaptime_3227290 launch_id=selena_tsrag_3275044 slurm_job_id=3275044 launched_at=2026-09-09T13:15:01.684492+00:00
/fslarge/scratch/users/h61084/codes/adaptime/outputs/adaptime/data/shared/univariate/ECDC_COVID/W/short/run_0/prepared/manifest.json
TIME run allocation action=skip run=/fslarge/scratch/users/h61084/codes/adaptime/outputs/adaptime/data/shared/univariate/Global_Influenza/W/short/run_0 source_launch=selena_adaptime_3227290 launch_id=selena_tsrag_3275044 slurm_job_id=3275044 launched_at=2026-09-09T13:15:01.689911+00:00
/fslarge/scratch/users/h61084/codes/adaptime/outputs/adaptime/data/shared/univariate/Global_Influenza/W/short/run_0/prepared/manifest.json
TIME run allocation action=skip run=/fslarge/scratch/users/h61084/codes/adaptime/outputs/adaptime/data/shared/univariate/Crypto/D/short/run_0 source_launch=selena_adaptime_3227290 launch_id=selena_tsrag_3275044 slurm_job_id=3275044 launched_at=2026-09-09T13:15:01.695295+00:00
/fslarge/scratch/users/h61084/codes/adaptime/outputs/adaptime/data/shared/univariate/Crypto/D/short/run_0/prepared/manifest.json
TIME run allocation action=skip run=/fslarge/scratch/users/h61084/codes/adaptime/outputs/adaptime/data/shared/univariate/US_Term_Structure/B/short/run_0 source_launch=selena_adaptime_3227290 launch_id=selena_tsrag_3275044 slurm_job_id=3275044 launched_at=2026-09-09T13:15:01.700532+00:00
/fslarge/scratch/users/h61084/codes/adaptime/outputs/adaptime/data/shared/univariate/US_Term_Structure/B/short/run_0/prepared/manifest.json
TIME run allocation action=skip run=/fslarge/scratch/users/h61084/codes/adaptime/outputs/adaptime/data/shared/univariate/Oil_Price/B/short/run_0 source_launch=selena_adaptime_3227290 launch_id=selena_tsrag_3275044 slurm_job_id=3275044 launched_at=2026-09-09T13:15:01.705797+00:00
/fslarge/scratch/users/h61084/codes/adaptime/outputs/adaptime/data/shared/univariate/Oil_Price/B/short/run_0/prepared/manifest.json
TIME run allocation action=skip run=/fslarge/scratch/users/h61084/codes/adaptime/outputs/adaptime/data/shared/univariate/Job_Claims/W/short/run_0 source_launch=selena_adaptime_3227290 launch_id=selena_tsrag_3275044 slurm_job_id=3275044 launched_at=2026-09-09T13:15:01.710848+00:00
/fslarge/scratch/users/h61084/codes/adaptime/outputs/adaptime/data/shared/univariate/Job_Claims/W/short/run_0/prepared/manifest.json
TIME run allocation action=skip run=/fslarge/scratch/users/h61084/codes/adaptime/outputs/adaptime/data/shared/univariate/Uncertainty_1M/M/short/run_0 source_launch=selena_adaptime_3227290 launch_id=selena_tsrag_3275044 slurm_job_id=3275044 launched_at=2026-09-09T13:15:01.716127+00:00
/fslarge/scratch/users/h61084/codes/adaptime/outputs/adaptime/data/shared/univariate/Uncertainty_1M/M/short/run_0/prepared/manifest.json
TIME run allocation action=skip run=/fslarge/scratch/users/h61084/codes/adaptime/outputs/adaptime/data/shared/univariate/Housing_Inventory/M/short/run_0 source_launch=selena_adaptime_3227290 launch_id=selena_tsrag_3275044 slurm_job_id=3275044 launched_at=2026-09-09T13:15:01.723756+00:00
/fslarge/scratch/users/h61084/codes/adaptime/outputs/adaptime/data/shared/univariate/Housing_Inventory/M/short/run_0/prepared/manifest.json
TIME run allocation action=skip run=/fslarge/scratch/users/h61084/codes/adaptime/outputs/adaptime/data/shared/univariate/JOLTS/M/short/run_0 source_launch=selena_adaptime_3227290 launch_id=selena_tsrag_3275044 slurm_job_id=3275044 launched_at=2026-09-09T13:15:01.728999+00:00
/fslarge/scratch/users/h61084/codes/adaptime/outputs/adaptime/data/shared/univariate/JOLTS/M/short/run_0/prepared/manifest.json
TIME run allocation action=skip run=/fslarge/scratch/users/h61084/codes/adaptime/outputs/adaptime/data/shared/univariate/US_Labor/M/short/run_0 source_launch=selena_adaptime_3227290 launch_id=selena_tsrag_3275044 slurm_job_id=3275044 launched_at=2026-09-09T13:15:01.734450+00:00
/fslarge/scratch/users/h61084/codes/adaptime/outputs/adaptime/data/shared/univariate/US_Labor/M/short/run_0/prepared/manifest.json
TIME run allocation action=skip run=/fslarge/scratch/users/h61084/codes/adaptime/outputs/adaptime/data/shared/univariate/Vehicle_Supply/M/short/run_0 source_launch=selena_adaptime_3227290 launch_id=selena_tsrag_3275044 slurm_job_id=3275044 launched_at=2026-09-09T13:15:01.739755+00:00
/fslarge/scratch/users/h61084/codes/adaptime/outputs/adaptime/data/shared/univariate/Vehicle_Supply/M/short/run_0/prepared/manifest.json
TIME run allocation action=skip run=/fslarge/scratch/users/h61084/codes/adaptime/outputs/adaptime/data/shared/univariate/Auto_Production_SF/M/short/run_0 source_launch=selena_adaptime_3227290 launch_id=selena_tsrag_3275044 slurm_job_id=3275044 launched_at=2026-09-09T13:15:01.744996+00:00
/fslarge/scratch/users/h61084/codes/adaptime/outputs/adaptime/data/shared/univariate/Auto_Production_SF/M/short/run_0/prepared/manifest.json
TIME run allocation action=skip run=/fslarge/scratch/users/h61084/codes/adaptime/outputs/adaptime/data/shared/univariate/Commodity_Production/M/short/run_0 source_launch=selena_adaptime_3227290 launch_id=selena_tsrag_3275044 slurm_job_id=3275044 launched_at=2026-09-09T13:15:01.750351+00:00
/fslarge/scratch/users/h61084/codes/adaptime/outputs/adaptime/data/shared/univariate/Commodity_Production/M/short/run_0/prepared/manifest.json
TIME run allocation action=skip run=/fslarge/scratch/users/h61084/codes/adaptime/outputs/adaptime/data/shared/univariate/Commodity_Import/M/short/run_0 source_launch=selena_adaptime_3227290 launch_id=selena_tsrag_3275044 slurm_job_id=3275044 launched_at=2026-09-09T13:15:01.755627+00:00
/fslarge/scratch/users/h61084/codes/adaptime/outputs/adaptime/data/shared/univariate/Commodity_Import/M/short/run_0/prepared/manifest.json
TIME run allocation action=skip run=/fslarge/scratch/users/h61084/codes/adaptime/outputs/adaptime/data/shared/univariate/WUI_Global/Q/short/run_0 source_launch=selena_adaptime_3227290 launch_id=selena_tsrag_3275044 slurm_job_id=3275044 launched_at=2026-09-09T13:15:01.761275+00:00
/fslarge/scratch/users/h61084/codes/adaptime/outputs/adaptime/data/shared/univariate/WUI_Global/Q/short/run_0/prepared/manifest.json
TIME run allocation action=skip run=/fslarge/scratch/users/h61084/codes/adaptime/outputs/adaptime/data/shared/univariate/Global_Price/Q/short/run_0 source_launch=selena_adaptime_3227290 launch_id=selena_tsrag_3275044 slurm_job_id=3275044 launched_at=2026-09-09T13:15:01.766640+00:00
/fslarge/scratch/users/h61084/codes/adaptime/outputs/adaptime/data/shared/univariate/Global_Price/Q/short/run_0/prepared/manifest.json
TIME run allocation action=skip run=/fslarge/scratch/users/h61084/codes/adaptime/outputs/adaptime/data/shared/univariate/Vehicle_Sales/M/short/run_0 source_launch=selena_adaptime_3227290 launch_id=selena_tsrag_3275044 slurm_job_id=3275044 launched_at=2026-09-09T13:15:01.771958+00:00
/fslarge/scratch/users/h61084/codes/adaptime/outputs/adaptime/data/shared/univariate/Vehicle_Sales/M/short/run_0/prepared/manifest.json
TIME run allocation action=skip run=/fslarge/scratch/users/h61084/codes/adaptime/outputs/adaptime/data/shared/univariate/Online_Retail_2_UCI/D/short/run_0 source_launch=selena_adaptime_3227290 launch_id=selena_tsrag_3275044 slurm_job_id=3275044 launched_at=2026-09-09T13:15:01.777222+00:00
/fslarge/scratch/users/h61084/codes/adaptime/outputs/adaptime/data/shared/univariate/Online_Retail_2_UCI/D/short/run_0/prepared/manifest.json
TIME run allocation action=skip run=/fslarge/scratch/users/h61084/codes/adaptime/outputs/adaptime/data/shared/univariate/Supply_Chain_Customer/D/short/run_0 source_launch=selena_adaptime_3227290 launch_id=selena_tsrag_3275044 slurm_job_id=3275044 launched_at=2026-09-09T13:15:01.782489+00:00
/fslarge/scratch/users/h61084/codes/adaptime/outputs/adaptime/data/shared/univariate/Supply_Chain_Customer/D/short/run_0/prepared/manifest.json
TIME run allocation action=skip run=/fslarge/scratch/users/h61084/codes/adaptime/outputs/adaptime/data/shared/univariate/Supply_Chain_Location/D/short/run_0 source_launch=selena_adaptime_3227290 launch_id=selena_tsrag_3275044 slurm_job_id=3275044 launched_at=2026-09-09T13:15:01.788070+00:00
/fslarge/scratch/users/h61084/codes/adaptime/outputs/adaptime/data/shared/univariate/Supply_Chain_Location/D/short/run_0/prepared/manifest.json
TIME run allocation action=skip run=/fslarge/scratch/users/h61084/codes/adaptime/outputs/adaptime/data/shared/univariate/azure2019_D/5T/short/run_0 source_launch=selena_adaptime_3227290 launch_id=selena_tsrag_3275044 slurm_job_id=3275044 launched_at=2026-09-09T13:15:01.793285+00:00
/fslarge/scratch/users/h61084/codes/adaptime/outputs/adaptime/data/shared/univariate/azure2019_D/5T/short/run_0/prepared/manifest.json
TIME run allocation action=skip run=/fslarge/scratch/users/h61084/codes/adaptime/outputs/adaptime/data/shared/univariate/azure2019_I/5T/short/run_0 source_launch=selena_adaptime_3227290 launch_id=selena_tsrag_3275044 slurm_job_id=3275044 launched_at=2026-09-09T13:15:01.798890+00:00
/fslarge/scratch/users/h61084/codes/adaptime/outputs/adaptime/data/shared/univariate/azure2019_I/5T/short/run_0/prepared/manifest.json
TIME run allocation action=skip run=/fslarge/scratch/users/h61084/codes/adaptime/outputs/adaptime/data/shared/univariate/azure2019_U/5T/short/run_0 source_launch=selena_adaptime_3227290 launch_id=selena_tsrag_3275044 slurm_job_id=3275044 launched_at=2026-09-09T13:15:01.804108+00:00
/fslarge/scratch/users/h61084/codes/adaptime/outputs/adaptime/data/shared/univariate/azure2019_U/5T/short/run_0/prepared/manifest.json
TIME run allocation action=skip run=/fslarge/scratch/users/h61084/codes/adaptime/outputs/adaptime/data/shared/univariate/Smart_Manufacturing/H/short/run_0 source_launch=selena_adaptime_3227290 launch_id=selena_tsrag_3275044 slurm_job_id=3275044 launched_at=2026-09-09T13:15:01.809314+00:00
/fslarge/scratch/users/h61084/codes/adaptime/outputs/adaptime/data/shared/univariate/Smart_Manufacturing/H/short/run_0/prepared/manifest.json
TIME run allocation action=skip run=/fslarge/scratch/users/h61084/codes/adaptime/outputs/adaptime/data/shared/univariate/Smart_Manufacturing/H/medium/run_0 source_launch=selena_adaptime_3227290 launch_id=selena_tsrag_3275044 slurm_job_id=3275044 launched_at=2026-09-09T13:15:01.814520+00:00
/fslarge/scratch/users/h61084/codes/adaptime/outputs/adaptime/data/shared/univariate/Smart_Manufacturing/H/medium/run_0/prepared/manifest.json
TIME run allocation action=skip run=/fslarge/scratch/users/h61084/codes/adaptime/outputs/adaptime/data/shared/univariate/Smart_Manufacturing/H/long/run_0 source_launch=selena_adaptime_3227290 launch_id=selena_tsrag_3275044 slurm_job_id=3275044 launched_at=2026-09-09T13:15:01.819886+00:00
/fslarge/scratch/users/h61084/codes/adaptime/outputs/adaptime/data/shared/univariate/Smart_Manufacturing/H/long/run_0/prepared/manifest.json
TIME run allocation action=skip run=/fslarge/scratch/users/h61084/codes/adaptime/outputs/adaptime/data/shared/univariate/MetroPT-3/5T/short/run_0 source_launch=selena_adaptime_3227290 launch_id=selena_tsrag_3275044 slurm_job_id=3275044 launched_at=2026-09-09T13:15:01.825181+00:00
/fslarge/scratch/users/h61084/codes/adaptime/outputs/adaptime/data/shared/univariate/MetroPT-3/5T/short/run_0/prepared/manifest.json
TIME run allocation action=skip run=/fslarge/scratch/users/h61084/codes/adaptime/outputs/adaptime/data/shared/univariate/MetroPT-3/5T/medium/run_0 source_launch=selena_adaptime_3227290 launch_id=selena_tsrag_3275044 slurm_job_id=3275044 launched_at=2026-09-09T13:15:01.830282+00:00
/fslarge/scratch/users/h61084/codes/adaptime/outputs/adaptime/data/shared/univariate/MetroPT-3/5T/medium/run_0/prepared/manifest.json
TIME run allocation action=skip run=/fslarge/scratch/users/h61084/codes/adaptime/outputs/adaptime/data/shared/univariate/MetroPT-3/5T/long/run_0 source_launch=selena_adaptime_3227290 launch_id=selena_tsrag_3275044 slurm_job_id=3275044 launched_at=2026-09-09T13:15:01.835502+00:00
/fslarge/scratch/users/h61084/codes/adaptime/outputs/adaptime/data/shared/univariate/MetroPT-3/5T/long/run_0/prepared/manifest.json
2026-09-09 15:15:02 | task TIME-wide Adaptime method=tsrag stage=prepare completed status=success
2026-09-09 15:15:02 | stage prepare completed status=success
2026-09-09 15:15:02 | workflow adaptime completed status=success exit_code=0
