/fssmall/home/h61084/codes/adaptime/.venv/lib/python3.12/site-packages/gluonts/json.py:102: UserWarning: Using `json`-module for json-handling. Consider installing one of `orjson`, `ujson` to speed up serialization and deserialization.
  warnings.warn(
Loading weights:   0%|          | 0/170 [00:00<?, ?it/s]Loading weights:   1%|          | 1/170 [00:00<00:37,  4.56it/s]Loading weights:  15%|█▍        | 25/170 [00:00<00:01, 96.32it/s]Loading weights:  25%|██▌       | 43/170 [00:00<00:01, 126.23it/s]Loading weights:  44%|████▍     | 75/170 [00:00<00:00, 191.75it/s]Loading weights:  59%|█████▉    | 100/170 [00:00<00:00, 207.61it/s]Loading weights:  76%|███████▋  | 130/170 [00:00<00:00, 230.44it/s]Loading weights:  96%|█████████▋| 164/170 [00:00<00:00, 257.80it/s]Loading weights: 100%|██████████| 170/170 [00:00<00:00, 200.24it/s]
Traceback (most recent call last):
  File "<frozen runpy>", line 198, in _run_module_as_main
  File "<frozen runpy>", line 88, in _run_code
  File "/fssmall/home/h61084/codes/adaptime/src/timebench/scripts/run_adaptation_stage.py", line 106, in <module>
    main()
  File "/fssmall/home/h61084/codes/adaptime/src/timebench/scripts/run_adaptation_stage.py", line 68, in main
    run_adaptation_stage(
  File "/fssmall/home/h61084/codes/adaptime/src/timebench/pipeline/adaptime_workflow.py", line 571, in run_adaptation_stage
    _run_dataset_tasks(
  File "/fssmall/home/h61084/codes/adaptime/src/timebench/pipeline/adaptime_workflow.py", line 498, in _run_dataset_tasks
    extraction_manifest = extract_adaptation_features(
                          ^^^^^^^^^^^^^^^^^^^^^^^^^^^^
  File "/fssmall/home/h61084/codes/adaptime/src/timebench/pipeline/adaptime_extraction.py", line 416, in extract_adaptation_features
    _materialize_neighbors(
  File "/fssmall/home/h61084/codes/adaptime/src/timebench/pipeline/adaptime_extraction.py", line 234, in _materialize_neighbors
    distances, ids = blockwise_topk(
                     ^^^^^^^^^^^^^^^
  File "/fssmall/home/h61084/codes/adaptime/src/timebench/adaptime/retrieval.py", line 192, in blockwise_topk
    raise ValueError(f"query row {first} has fewer than k={k} eligible neighbors")
ValueError: query row 0 has fewer than k=15 eligible neighbors
srun: error: sean0012: task 0: Exited with exit code 1
2026-09-05 13:58:34 | task TIME-wide Adaptime model=chronos2 target_mode=univariate completed status=failed exit_code=1
2026-09-05 13:58:34 | stage run completed status=failed exit_code=1
TIME interrupted-launch recovery launch_id=selena_adaptime_3152773 tasks=0 root=/scratch/users/h61084/codes/adaptime/outputs/adaptime/results/chronos2/univariate
2026-09-05 13:58:34 | workflow adaptime_comparison completed status=failed exit_code=1
