/fssmall/home/h61084/codes/adaptime/.venv/lib/python3.12/site-packages/gluonts/json.py:102: UserWarning: Using `json`-module for json-handling. Consider installing one of `orjson`, `ujson` to speed up serialization and deserialization.
  warnings.warn(
/fssmall/home/h61084/codes/adaptime/.venv/lib/python3.12/site-packages/gluonts/time_feature/seasonality.py:47: FutureWarning: 'T' is deprecated and will be removed in a future version, please use 'min' instead.
  offset = pd.tseries.frequencies.to_offset(freq)
/fssmall/home/h61084/codes/adaptime/.venv/lib/python3.12/site-packages/gluonts/time_feature/seasonality.py:47: FutureWarning: 'H' is deprecated and will be removed in a future version, please use 'h' instead.
  offset = pd.tseries.frequencies.to_offset(freq)
/fssmall/home/h61084/codes/adaptime/.venv/lib/python3.12/site-packages/gluonts/time_feature/seasonality.py:47: FutureWarning: 'M' is deprecated and will be removed in a future version, please use 'ME' instead.
  offset = pd.tseries.frequencies.to_offset(freq)
/fssmall/home/h61084/codes/adaptime/.venv/lib/python3.12/site-packages/gluonts/time_feature/seasonality.py:47: FutureWarning: 'Q' is deprecated and will be removed in a future version, please use 'QE' instead.
  offset = pd.tseries.frequencies.to_offset(freq)
[transformers] `torch_dtype` is deprecated! Use `dtype` instead!
Loading weights:   0%|          | 0/257 [00:00<?, ?it/s]Loading weights:   5%|▍         | 12/257 [00:00<00:02, 95.85it/s]Loading weights:  15%|█▍        | 38/257 [00:00<00:01, 149.95it/s]Loading weights:  25%|██▍       | 64/257 [00:00<00:01, 163.59it/s]Loading weights:  35%|███▌      | 90/257 [00:00<00:00, 169.46it/s]Loading weights:  45%|████▌     | 116/257 [00:00<00:00, 172.06it/s]Loading weights:  55%|█████▌    | 142/257 [00:00<00:00, 176.92it/s]Loading weights:  65%|██████▍   | 166/257 [00:00<00:00, 186.82it/s]Loading weights:  74%|███████▎  | 189/257 [00:01<00:00, 168.51it/s]Loading weights:  83%|████████▎ | 213/257 [00:01<00:00, 179.83it/s]Loading weights:  92%|█████████▏| 237/257 [00:01<00:00, 170.70it/s]Loading weights:  99%|█████████▉| 255/257 [00:01<00:00, 172.40it/s]Loading weights: 100%|██████████| 257/257 [00:01<00:00, 170.29it/s]
Loading weights:   0%|          | 0/269 [00:00<?, ?it/s]Loading weights: 100%|██████████| 269/269 [00:00<00:00, 3797.22it/s]
[transformers] [1mChronosBoltModelForForecastingWithRetrieval LOAD REPORT[0m from: /fslarge/scratch/users/h61084/weights/chronos-bolt-base
Key                      | Status  | 
-------------------------+---------+-
ffn.{0, 2}.bias          | MISSING | 
mha.out_proj.bias        | MISSING | 
mha.in_proj_bias         | MISSING | 
encode_mlp.{0, 2}.bias   | MISSING | 
ffn.{0, 2}.weight        | MISSING | 
mha.in_proj_weight       | MISSING | 
gate_layer.{0, 2}.weight | MISSING | 
encode_mlp.{0, 2}.weight | MISSING | 
mha.out_proj.weight      | MISSING | 
gate_layer.{0, 2}.bias   | MISSING | 

Notes:
- MISSING:	those params were newly initialized because missing from the checkpoint. Consider training on your downstream task.
Loading weights:   0%|          | 0/269 [00:00<?, ?it/s]Loading weights: 100%|██████████| 269/269 [00:00<00:00, 14796.95it/s]
