2026-09-09 11:25:43 | workflow adaptime started launch_id=selena_adaptime_3241620 task=ridge_prepare slurm_job_id=3241620 slurm_array_job_id=none slurm_array_task_id=none
2026-09-09 11:25:43 | stage prepare started
2026-09-09 11:25:43 | task TIME-wide Adaptime method=ridge stage=prepare started
TIME run allocation action=skip run=/fslarge/scratch/users/h61084/codes/adaptime/outputs/adaptime/data/shared/univariate/Water_Quality_Darwin/15T/short/run_0 source_launch=selena_adaptime_3227290 launch_id=selena_adaptime_3241620 slurm_job_id=3241620 launched_at=2026-09-09T09:27:10.225746+00:00
/fslarge/scratch/users/h61084/codes/adaptime/outputs/adaptime/data/shared/univariate/Water_Quality_Darwin/15T/short/run_0/prepared/manifest.json
TIME run allocation action=skip run=/fslarge/scratch/users/h61084/codes/adaptime/outputs/adaptime/data/shared/univariate/Water_Quality_Darwin/15T/medium/run_0 source_launch=selena_adaptime_3227290 launch_id=selena_adaptime_3241620 slurm_job_id=3241620 launched_at=2026-09-09T09:27:10.230045+00:00
/fslarge/scratch/users/h61084/codes/adaptime/outputs/adaptime/data/shared/univariate/Water_Quality_Darwin/15T/medium/run_0/prepared/manifest.json
TIME run allocation action=skip run=/fslarge/scratch/users/h61084/codes/adaptime/outputs/adaptime/data/shared/univariate/Water_Quality_Darwin/15T/long/run_0 source_launch=selena_adaptime_3227290 launch_id=selena_adaptime_3241620 slurm_job_id=3241620 launched_at=2026-09-09T09:27:10.233974+00:00
/fslarge/scratch/users/h61084/codes/adaptime/outputs/adaptime/data/shared/univariate/Water_Quality_Darwin/15T/long/run_0/prepared/manifest.json
TIME run allocation action=skip run=/fslarge/scratch/users/h61084/codes/adaptime/outputs/adaptime/data/shared/univariate/current_velocity/5T/short/run_0 source_launch=selena_adaptime_3227290 launch_id=selena_adaptime_3241620 slurm_job_id=3241620 launched_at=2026-09-09T09:27:10.238015+00:00
/fslarge/scratch/users/h61084/codes/adaptime/outputs/adaptime/data/shared/univariate/current_velocity/5T/short/run_0/prepared/manifest.json
TIME run allocation action=skip run=/fslarge/scratch/users/h61084/codes/adaptime/outputs/adaptime/data/shared/univariate/current_velocity/5T/medium/run_0 source_launch=selena_adaptime_3227290 launch_id=selena_adaptime_3241620 slurm_job_id=3241620 launched_at=2026-09-09T09:27:10.241842+00:00
/fslarge/scratch/users/h61084/codes/adaptime/outputs/adaptime/data/shared/univariate/current_velocity/5T/medium/run_0/prepared/manifest.json
TIME run allocation action=skip run=/fslarge/scratch/users/h61084/codes/adaptime/outputs/adaptime/data/shared/univariate/current_velocity/5T/long/run_0 source_launch=selena_adaptime_3227290 launch_id=selena_adaptime_3241620 slurm_job_id=3241620 launched_at=2026-09-09T09:27:10.245561+00:00
/fslarge/scratch/users/h61084/codes/adaptime/outputs/adaptime/data/shared/univariate/current_velocity/5T/long/run_0/prepared/manifest.json
TIME run allocation action=skip run=/fslarge/scratch/users/h61084/codes/adaptime/outputs/adaptime/data/shared/univariate/current_velocity/10T/short/run_0 source_launch=selena_adaptime_3227290 launch_id=selena_adaptime_3241620 slurm_job_id=3241620 launched_at=2026-09-09T09:27:10.249625+00:00
/fslarge/scratch/users/h61084/codes/adaptime/outputs/adaptime/data/shared/univariate/current_velocity/10T/short/run_0/prepared/manifest.json
TIME run allocation action=skip run=/fslarge/scratch/users/h61084/codes/adaptime/outputs/adaptime/data/shared/univariate/current_velocity/10T/medium/run_0 source_launch=selena_adaptime_3227290 launch_id=selena_adaptime_3241620 slurm_job_id=3241620 launched_at=2026-09-09T09:27:10.253657+00:00
/fslarge/scratch/users/h61084/codes/adaptime/outputs/adaptime/data/shared/univariate/current_velocity/10T/medium/run_0/prepared/manifest.json
TIME run allocation action=skip run=/fslarge/scratch/users/h61084/codes/adaptime/outputs/adaptime/data/shared/univariate/current_velocity/10T/long/run_0 source_launch=selena_adaptime_3227290 launch_id=selena_adaptime_3241620 slurm_job_id=3241620 launched_at=2026-09-09T09:27:10.257494+00:00
/fslarge/scratch/users/h61084/codes/adaptime/outputs/adaptime/data/shared/univariate/current_velocity/10T/long/run_0/prepared/manifest.json
TIME run allocation action=skip run=/fslarge/scratch/users/h61084/codes/adaptime/outputs/adaptime/data/shared/univariate/current_velocity/15T/short/run_0 source_launch=selena_adaptime_3227290 launch_id=selena_adaptime_3241620 slurm_job_id=3241620 launched_at=2026-09-09T09:27:10.261475+00:00
/fslarge/scratch/users/h61084/codes/adaptime/outputs/adaptime/data/shared/univariate/current_velocity/15T/short/run_0/prepared/manifest.json
TIME run allocation action=skip run=/fslarge/scratch/users/h61084/codes/adaptime/outputs/adaptime/data/shared/univariate/current_velocity/15T/medium/run_0 source_launch=selena_adaptime_3227290 launch_id=selena_adaptime_3241620 slurm_job_id=3241620 launched_at=2026-09-09T09:27:10.265197+00:00
/fslarge/scratch/users/h61084/codes/adaptime/outputs/adaptime/data/shared/univariate/current_velocity/15T/medium/run_0/prepared/manifest.json
TIME run allocation action=skip run=/fslarge/scratch/users/h61084/codes/adaptime/outputs/adaptime/data/shared/univariate/current_velocity/15T/long/run_0 source_launch=selena_adaptime_3227290 launch_id=selena_adaptime_3241620 slurm_job_id=3241620 launched_at=2026-09-09T09:27:10.269184+00:00
/fslarge/scratch/users/h61084/codes/adaptime/outputs/adaptime/data/shared/univariate/current_velocity/15T/long/run_0/prepared/manifest.json
TIME run allocation action=skip run=/fslarge/scratch/users/h61084/codes/adaptime/outputs/adaptime/data/shared/univariate/current_velocity/20T/short/run_0 source_launch=selena_adaptime_3227290 launch_id=selena_adaptime_3241620 slurm_job_id=3241620 launched_at=2026-09-09T09:27:10.272981+00:00
/fslarge/scratch/users/h61084/codes/adaptime/outputs/adaptime/data/shared/univariate/current_velocity/20T/short/run_0/prepared/manifest.json
TIME run allocation action=skip run=/fslarge/scratch/users/h61084/codes/adaptime/outputs/adaptime/data/shared/univariate/current_velocity/20T/medium/run_0 source_launch=selena_adaptime_3227290 launch_id=selena_adaptime_3241620 slurm_job_id=3241620 launched_at=2026-09-09T09:27:10.276683+00:00
/fslarge/scratch/users/h61084/codes/adaptime/outputs/adaptime/data/shared/univariate/current_velocity/20T/medium/run_0/prepared/manifest.json
TIME run allocation action=skip run=/fslarge/scratch/users/h61084/codes/adaptime/outputs/adaptime/data/shared/univariate/current_velocity/20T/long/run_0 source_launch=selena_adaptime_3227290 launch_id=selena_adaptime_3241620 slurm_job_id=3241620 launched_at=2026-09-09T09:27:10.280468+00:00
/fslarge/scratch/users/h61084/codes/adaptime/outputs/adaptime/data/shared/univariate/current_velocity/20T/long/run_0/prepared/manifest.json
TIME run allocation action=skip run=/fslarge/scratch/users/h61084/codes/adaptime/outputs/adaptime/data/shared/univariate/current_velocity/H/short/run_0 source_launch=selena_adaptime_3227290 launch_id=selena_adaptime_3241620 slurm_job_id=3241620 launched_at=2026-09-09T09:27:10.284298+00:00
/fslarge/scratch/users/h61084/codes/adaptime/outputs/adaptime/data/shared/univariate/current_velocity/H/short/run_0/prepared/manifest.json
TIME run allocation action=skip run=/fslarge/scratch/users/h61084/codes/adaptime/outputs/adaptime/data/shared/univariate/current_velocity/H/medium/run_0 source_launch=selena_adaptime_3227290 launch_id=selena_adaptime_3241620 slurm_job_id=3241620 launched_at=2026-09-09T09:27:10.288100+00:00
/fslarge/scratch/users/h61084/codes/adaptime/outputs/adaptime/data/shared/univariate/current_velocity/H/medium/run_0/prepared/manifest.json
TIME run allocation action=skip run=/fslarge/scratch/users/h61084/codes/adaptime/outputs/adaptime/data/shared/univariate/current_velocity/H/long/run_0 source_launch=selena_adaptime_3227290 launch_id=selena_adaptime_3241620 slurm_job_id=3241620 launched_at=2026-09-09T09:27:10.291851+00:00
/fslarge/scratch/users/h61084/codes/adaptime/outputs/adaptime/data/shared/univariate/current_velocity/H/long/run_0/prepared/manifest.json
TIME run allocation action=skip run=/fslarge/scratch/users/h61084/codes/adaptime/outputs/adaptime/data/shared/univariate/CPHL/15T/short/run_0 source_launch=selena_adaptime_3227290 launch_id=selena_adaptime_3241620 slurm_job_id=3241620 launched_at=2026-09-09T09:27:10.295688+00:00
/fslarge/scratch/users/h61084/codes/adaptime/outputs/adaptime/data/shared/univariate/CPHL/15T/short/run_0/prepared/manifest.json
TIME run allocation action=skip run=/fslarge/scratch/users/h61084/codes/adaptime/outputs/adaptime/data/shared/univariate/CPHL/15T/medium/run_0 source_launch=selena_adaptime_3227290 launch_id=selena_adaptime_3241620 slurm_job_id=3241620 launched_at=2026-09-09T09:27:10.299572+00:00
/fslarge/scratch/users/h61084/codes/adaptime/outputs/adaptime/data/shared/univariate/CPHL/15T/medium/run_0/prepared/manifest.json
TIME run allocation action=skip run=/fslarge/scratch/users/h61084/codes/adaptime/outputs/adaptime/data/shared/univariate/CPHL/15T/long/run_0 source_launch=selena_adaptime_3227290 launch_id=selena_adaptime_3241620 slurm_job_id=3241620 launched_at=2026-09-09T09:27:10.303499+00:00
/fslarge/scratch/users/h61084/codes/adaptime/outputs/adaptime/data/shared/univariate/CPHL/15T/long/run_0/prepared/manifest.json
TIME run allocation action=skip run=/fslarge/scratch/users/h61084/codes/adaptime/outputs/adaptime/data/shared/univariate/CPHL/30T/short/run_0 source_launch=selena_adaptime_3227290 launch_id=selena_adaptime_3241620 slurm_job_id=3241620 launched_at=2026-09-09T09:27:10.307357+00:00
/fslarge/scratch/users/h61084/codes/adaptime/outputs/adaptime/data/shared/univariate/CPHL/30T/short/run_0/prepared/manifest.json
TIME run allocation action=skip run=/fslarge/scratch/users/h61084/codes/adaptime/outputs/adaptime/data/shared/univariate/CPHL/30T/medium/run_0 source_launch=selena_adaptime_3227290 launch_id=selena_adaptime_3241620 slurm_job_id=3241620 launched_at=2026-09-09T09:27:10.311257+00:00
/fslarge/scratch/users/h61084/codes/adaptime/outputs/adaptime/data/shared/univariate/CPHL/30T/medium/run_0/prepared/manifest.json
TIME run allocation action=skip run=/fslarge/scratch/users/h61084/codes/adaptime/outputs/adaptime/data/shared/univariate/CPHL/30T/long/run_0 source_launch=selena_adaptime_3227290 launch_id=selena_adaptime_3241620 slurm_job_id=3241620 launched_at=2026-09-09T09:27:10.315000+00:00
/fslarge/scratch/users/h61084/codes/adaptime/outputs/adaptime/data/shared/univariate/CPHL/30T/long/run_0/prepared/manifest.json
TIME run allocation action=skip run=/fslarge/scratch/users/h61084/codes/adaptime/outputs/adaptime/data/shared/univariate/CPHL/H/short/run_0 source_launch=selena_adaptime_3227290 launch_id=selena_adaptime_3241620 slurm_job_id=3241620 launched_at=2026-09-09T09:27:10.319018+00:00
/fslarge/scratch/users/h61084/codes/adaptime/outputs/adaptime/data/shared/univariate/CPHL/H/short/run_0/prepared/manifest.json
TIME run allocation action=skip run=/fslarge/scratch/users/h61084/codes/adaptime/outputs/adaptime/data/shared/univariate/CPHL/H/medium/run_0 source_launch=selena_adaptime_3227290 launch_id=selena_adaptime_3241620 slurm_job_id=3241620 launched_at=2026-09-09T09:27:10.322875+00:00
/fslarge/scratch/users/h61084/codes/adaptime/outputs/adaptime/data/shared/univariate/CPHL/H/medium/run_0/prepared/manifest.json
TIME run allocation action=skip run=/fslarge/scratch/users/h61084/codes/adaptime/outputs/adaptime/data/shared/univariate/CPHL/H/long/run_0 source_launch=selena_adaptime_3227290 launch_id=selena_adaptime_3241620 slurm_job_id=3241620 launched_at=2026-09-09T09:27:10.326490+00:00
/fslarge/scratch/users/h61084/codes/adaptime/outputs/adaptime/data/shared/univariate/CPHL/H/long/run_0/prepared/manifest.json
TIME run allocation action=skip run=/fslarge/scratch/users/h61084/codes/adaptime/outputs/adaptime/data/shared/univariate/Coastal_T_S/5T/short/run_0 source_launch=selena_adaptime_3227290 launch_id=selena_adaptime_3241620 slurm_job_id=3241620 launched_at=2026-09-09T09:27:10.330457+00:00
/fslarge/scratch/users/h61084/codes/adaptime/outputs/adaptime/data/shared/univariate/Coastal_T_S/5T/short/run_0/prepared/manifest.json
TIME run allocation action=skip run=/fslarge/scratch/users/h61084/codes/adaptime/outputs/adaptime/data/shared/univariate/Coastal_T_S/5T/medium/run_0 source_launch=selena_adaptime_3227290 launch_id=selena_adaptime_3241620 slurm_job_id=3241620 launched_at=2026-09-09T09:27:10.334219+00:00
/fslarge/scratch/users/h61084/codes/adaptime/outputs/adaptime/data/shared/univariate/Coastal_T_S/5T/medium/run_0/prepared/manifest.json
TIME run allocation action=skip run=/fslarge/scratch/users/h61084/codes/adaptime/outputs/adaptime/data/shared/univariate/Coastal_T_S/5T/long/run_0 source_launch=selena_adaptime_3227290 launch_id=selena_adaptime_3241620 slurm_job_id=3241620 launched_at=2026-09-09T09:27:10.337987+00:00
/fslarge/scratch/users/h61084/codes/adaptime/outputs/adaptime/data/shared/univariate/Coastal_T_S/5T/long/run_0/prepared/manifest.json
TIME run allocation action=skip run=/fslarge/scratch/users/h61084/codes/adaptime/outputs/adaptime/data/shared/univariate/Coastal_T_S/15T/short/run_0 source_launch=selena_adaptime_3227290 launch_id=selena_adaptime_3241620 slurm_job_id=3241620 launched_at=2026-09-09T09:27:10.342161+00:00
/fslarge/scratch/users/h61084/codes/adaptime/outputs/adaptime/data/shared/univariate/Coastal_T_S/15T/short/run_0/prepared/manifest.json
TIME run allocation action=skip run=/fslarge/scratch/users/h61084/codes/adaptime/outputs/adaptime/data/shared/univariate/Coastal_T_S/15T/medium/run_0 source_launch=selena_adaptime_3227290 launch_id=selena_adaptime_3241620 slurm_job_id=3241620 launched_at=2026-09-09T09:27:10.345789+00:00
/fslarge/scratch/users/h61084/codes/adaptime/outputs/adaptime/data/shared/univariate/Coastal_T_S/15T/medium/run_0/prepared/manifest.json
TIME run allocation action=skip run=/fslarge/scratch/users/h61084/codes/adaptime/outputs/adaptime/data/shared/univariate/Coastal_T_S/15T/long/run_0 source_launch=selena_adaptime_3227290 launch_id=selena_adaptime_3241620 slurm_job_id=3241620 launched_at=2026-09-09T09:27:10.349774+00:00
/fslarge/scratch/users/h61084/codes/adaptime/outputs/adaptime/data/shared/univariate/Coastal_T_S/15T/long/run_0/prepared/manifest.json
TIME run allocation action=skip run=/fslarge/scratch/users/h61084/codes/adaptime/outputs/adaptime/data/shared/univariate/Coastal_T_S/20T/short/run_0 source_launch=selena_adaptime_3227290 launch_id=selena_adaptime_3241620 slurm_job_id=3241620 launched_at=2026-09-09T09:27:10.353595+00:00
/fslarge/scratch/users/h61084/codes/adaptime/outputs/adaptime/data/shared/univariate/Coastal_T_S/20T/short/run_0/prepared/manifest.json
TIME run allocation action=skip run=/fslarge/scratch/users/h61084/codes/adaptime/outputs/adaptime/data/shared/univariate/Coastal_T_S/20T/medium/run_0 source_launch=selena_adaptime_3227290 launch_id=selena_adaptime_3241620 slurm_job_id=3241620 launched_at=2026-09-09T09:27:10.357351+00:00
/fslarge/scratch/users/h61084/codes/adaptime/outputs/adaptime/data/shared/univariate/Coastal_T_S/20T/medium/run_0/prepared/manifest.json
TIME run allocation action=skip run=/fslarge/scratch/users/h61084/codes/adaptime/outputs/adaptime/data/shared/univariate/Coastal_T_S/20T/long/run_0 source_launch=selena_adaptime_3227290 launch_id=selena_adaptime_3241620 slurm_job_id=3241620 launched_at=2026-09-09T09:27:10.361361+00:00
/fslarge/scratch/users/h61084/codes/adaptime/outputs/adaptime/data/shared/univariate/Coastal_T_S/20T/long/run_0/prepared/manifest.json
TIME run allocation action=skip run=/fslarge/scratch/users/h61084/codes/adaptime/outputs/adaptime/data/shared/univariate/Coastal_T_S/H/short/run_0 source_launch=selena_adaptime_3227290 launch_id=selena_adaptime_3241620 slurm_job_id=3241620 launched_at=2026-09-09T09:27:10.365096+00:00
/fslarge/scratch/users/h61084/codes/adaptime/outputs/adaptime/data/shared/univariate/Coastal_T_S/H/short/run_0/prepared/manifest.json
TIME run allocation action=skip run=/fslarge/scratch/users/h61084/codes/adaptime/outputs/adaptime/data/shared/univariate/Coastal_T_S/H/medium/run_0 source_launch=selena_adaptime_3227290 launch_id=selena_adaptime_3241620 slurm_job_id=3241620 launched_at=2026-09-09T09:27:10.368709+00:00
/fslarge/scratch/users/h61084/codes/adaptime/outputs/adaptime/data/shared/univariate/Coastal_T_S/H/medium/run_0/prepared/manifest.json
TIME run allocation action=skip run=/fslarge/scratch/users/h61084/codes/adaptime/outputs/adaptime/data/shared/univariate/Coastal_T_S/H/long/run_0 source_launch=selena_adaptime_3227290 launch_id=selena_adaptime_3241620 slurm_job_id=3241620 launched_at=2026-09-09T09:27:10.372334+00:00
/fslarge/scratch/users/h61084/codes/adaptime/outputs/adaptime/data/shared/univariate/Coastal_T_S/H/long/run_0/prepared/manifest.json
TIME run allocation action=skip run=/fslarge/scratch/users/h61084/codes/adaptime/outputs/adaptime/data/shared/univariate/SG_Weather/D/short/run_0 source_launch=selena_adaptime_3227290 launch_id=selena_adaptime_3241620 slurm_job_id=3241620 launched_at=2026-09-09T09:27:10.376361+00:00
/fslarge/scratch/users/h61084/codes/adaptime/outputs/adaptime/data/shared/univariate/SG_Weather/D/short/run_0/prepared/manifest.json
TIME run allocation action=skip run=/fslarge/scratch/users/h61084/codes/adaptime/outputs/adaptime/data/shared/univariate/SG_Weather/D/medium/run_0 source_launch=selena_adaptime_3227290 launch_id=selena_adaptime_3241620 slurm_job_id=3241620 launched_at=2026-09-09T09:27:10.380178+00:00
/fslarge/scratch/users/h61084/codes/adaptime/outputs/adaptime/data/shared/univariate/SG_Weather/D/medium/run_0/prepared/manifest.json
TIME run allocation action=skip run=/fslarge/scratch/users/h61084/codes/adaptime/outputs/adaptime/data/shared/univariate/SG_Weather/D/long/run_0 source_launch=selena_adaptime_3227290 launch_id=selena_adaptime_3241620 slurm_job_id=3241620 launched_at=2026-09-09T09:27:10.383933+00:00
/fslarge/scratch/users/h61084/codes/adaptime/outputs/adaptime/data/shared/univariate/SG_Weather/D/long/run_0/prepared/manifest.json
TIME run allocation action=skip run=/fslarge/scratch/users/h61084/codes/adaptime/outputs/adaptime/data/shared/univariate/SG_PM25/H/short/run_0 source_launch=selena_adaptime_3227290 launch_id=selena_adaptime_3241620 slurm_job_id=3241620 launched_at=2026-09-09T09:27:10.387891+00:00
/fslarge/scratch/users/h61084/codes/adaptime/outputs/adaptime/data/shared/univariate/SG_PM25/H/short/run_0/prepared/manifest.json
TIME run allocation action=skip run=/fslarge/scratch/users/h61084/codes/adaptime/outputs/adaptime/data/shared/univariate/SG_PM25/H/medium/run_0 source_launch=selena_adaptime_3227290 launch_id=selena_adaptime_3241620 slurm_job_id=3241620 launched_at=2026-09-09T09:27:10.391621+00:00
/fslarge/scratch/users/h61084/codes/adaptime/outputs/adaptime/data/shared/univariate/SG_PM25/H/medium/run_0/prepared/manifest.json
TIME run allocation action=skip run=/fslarge/scratch/users/h61084/codes/adaptime/outputs/adaptime/data/shared/univariate/SG_PM25/H/long/run_0 source_launch=selena_adaptime_3227290 launch_id=selena_adaptime_3241620 slurm_job_id=3241620 launched_at=2026-09-09T09:27:10.396412+00:00
/fslarge/scratch/users/h61084/codes/adaptime/outputs/adaptime/data/shared/univariate/SG_PM25/H/long/run_0/prepared/manifest.json
TIME run allocation action=skip run=/fslarge/scratch/users/h61084/codes/adaptime/outputs/adaptime/data/shared/univariate/NE_China_Wind/H/short/run_0 source_launch=selena_adaptime_3227290 launch_id=selena_adaptime_3241620 slurm_job_id=3241620 launched_at=2026-09-09T09:27:10.400458+00:00
/fslarge/scratch/users/h61084/codes/adaptime/outputs/adaptime/data/shared/univariate/NE_China_Wind/H/short/run_0/prepared/manifest.json
TIME run allocation action=skip run=/fslarge/scratch/users/h61084/codes/adaptime/outputs/adaptime/data/shared/univariate/NE_China_Wind/H/medium/run_0 source_launch=selena_adaptime_3227290 launch_id=selena_adaptime_3241620 slurm_job_id=3241620 launched_at=2026-09-09T09:27:10.404216+00:00
/fslarge/scratch/users/h61084/codes/adaptime/outputs/adaptime/data/shared/univariate/NE_China_Wind/H/medium/run_0/prepared/manifest.json
TIME run allocation action=skip run=/fslarge/scratch/users/h61084/codes/adaptime/outputs/adaptime/data/shared/univariate/NE_China_Wind/H/long/run_0 source_launch=selena_adaptime_3227290 launch_id=selena_adaptime_3241620 slurm_job_id=3241620 launched_at=2026-09-09T09:27:10.407831+00:00
/fslarge/scratch/users/h61084/codes/adaptime/outputs/adaptime/data/shared/univariate/NE_China_Wind/H/long/run_0/prepared/manifest.json
TIME run allocation action=skip run=/fslarge/scratch/users/h61084/codes/adaptime/outputs/adaptime/data/shared/univariate/Australia_Solar/H/short/run_0 source_launch=selena_adaptime_3227290 launch_id=selena_adaptime_3241620 slurm_job_id=3241620 launched_at=2026-09-09T09:27:10.411792+00:00
/fslarge/scratch/users/h61084/codes/adaptime/outputs/adaptime/data/shared/univariate/Australia_Solar/H/short/run_0/prepared/manifest.json
TIME run allocation action=skip run=/fslarge/scratch/users/h61084/codes/adaptime/outputs/adaptime/data/shared/univariate/Australia_Solar/H/medium/run_0 source_launch=selena_adaptime_3227290 launch_id=selena_adaptime_3241620 slurm_job_id=3241620 launched_at=2026-09-09T09:27:10.415446+00:00
/fslarge/scratch/users/h61084/codes/adaptime/outputs/adaptime/data/shared/univariate/Australia_Solar/H/medium/run_0/prepared/manifest.json
TIME run allocation action=skip run=/fslarge/scratch/users/h61084/codes/adaptime/outputs/adaptime/data/shared/univariate/Australia_Solar/H/long/run_0 source_launch=selena_adaptime_3227290 launch_id=selena_adaptime_3241620 slurm_job_id=3241620 launched_at=2026-09-09T09:27:10.419188+00:00
/fslarge/scratch/users/h61084/codes/adaptime/outputs/adaptime/data/shared/univariate/Australia_Solar/H/long/run_0/prepared/manifest.json
TIME run allocation action=skip run=/fslarge/scratch/users/h61084/codes/adaptime/outputs/adaptime/data/shared/univariate/epf_electricity_price/H/short/run_0 source_launch=selena_adaptime_3227290 launch_id=selena_adaptime_3241620 slurm_job_id=3241620 launched_at=2026-09-09T09:27:10.423225+00:00
/fslarge/scratch/users/h61084/codes/adaptime/outputs/adaptime/data/shared/univariate/epf_electricity_price/H/short/run_0/prepared/manifest.json
TIME run allocation action=skip run=/fslarge/scratch/users/h61084/codes/adaptime/outputs/adaptime/data/shared/univariate/epf_electricity_price/H/medium/run_0 source_launch=selena_adaptime_3227290 launch_id=selena_adaptime_3241620 slurm_job_id=3241620 launched_at=2026-09-09T09:27:10.428009+00:00
/fslarge/scratch/users/h61084/codes/adaptime/outputs/adaptime/data/shared/univariate/epf_electricity_price/H/medium/run_0/prepared/manifest.json
TIME run allocation action=skip run=/fslarge/scratch/users/h61084/codes/adaptime/outputs/adaptime/data/shared/univariate/epf_electricity_price/H/long/run_0 source_launch=selena_adaptime_3227290 launch_id=selena_adaptime_3241620 slurm_job_id=3241620 launched_at=2026-09-09T09:27:10.431732+00:00
/fslarge/scratch/users/h61084/codes/adaptime/outputs/adaptime/data/shared/univariate/epf_electricity_price/H/long/run_0/prepared/manifest.json
TIME run allocation action=skip run=/fslarge/scratch/users/h61084/codes/adaptime/outputs/adaptime/data/shared/univariate/OpenElectricity_NEM/5T/short/run_0 source_launch=selena_adaptime_3227290 launch_id=selena_adaptime_3241620 slurm_job_id=3241620 launched_at=2026-09-09T09:27:10.435618+00:00
/fslarge/scratch/users/h61084/codes/adaptime/outputs/adaptime/data/shared/univariate/OpenElectricity_NEM/5T/short/run_0/prepared/manifest.json
TIME run allocation action=skip run=/fslarge/scratch/users/h61084/codes/adaptime/outputs/adaptime/data/shared/univariate/OpenElectricity_NEM/5T/medium/run_0 source_launch=selena_adaptime_3227290 launch_id=selena_adaptime_3241620 slurm_job_id=3241620 launched_at=2026-09-09T09:27:10.439432+00:00
/fslarge/scratch/users/h61084/codes/adaptime/outputs/adaptime/data/shared/univariate/OpenElectricity_NEM/5T/medium/run_0/prepared/manifest.json
TIME run allocation action=skip run=/fslarge/scratch/users/h61084/codes/adaptime/outputs/adaptime/data/shared/univariate/OpenElectricity_NEM/5T/long/run_0 source_launch=selena_adaptime_3227290 launch_id=selena_adaptime_3241620 slurm_job_id=3241620 launched_at=2026-09-09T09:27:10.443013+00:00
/fslarge/scratch/users/h61084/codes/adaptime/outputs/adaptime/data/shared/univariate/OpenElectricity_NEM/5T/long/run_0/prepared/manifest.json
TIME run allocation action=skip run=/fslarge/scratch/users/h61084/codes/adaptime/outputs/adaptime/data/shared/univariate/EWELD_Load/15T/short/run_0 source_launch=selena_adaptime_3227290 launch_id=selena_adaptime_3241620 slurm_job_id=3241620 launched_at=2026-09-09T09:27:10.447030+00:00
/fslarge/scratch/users/h61084/codes/adaptime/outputs/adaptime/data/shared/univariate/EWELD_Load/15T/short/run_0/prepared/manifest.json
TIME run allocation action=skip run=/fslarge/scratch/users/h61084/codes/adaptime/outputs/adaptime/data/shared/univariate/EWELD_Load/15T/medium/run_0 source_launch=selena_adaptime_3227290 launch_id=selena_adaptime_3241620 slurm_job_id=3241620 launched_at=2026-09-09T09:27:10.450878+00:00
/fslarge/scratch/users/h61084/codes/adaptime/outputs/adaptime/data/shared/univariate/EWELD_Load/15T/medium/run_0/prepared/manifest.json
TIME run allocation action=skip run=/fslarge/scratch/users/h61084/codes/adaptime/outputs/adaptime/data/shared/univariate/EWELD_Load/15T/long/run_0 source_launch=selena_adaptime_3227290 launch_id=selena_adaptime_3241620 slurm_job_id=3241620 launched_at=2026-09-09T09:27:10.454577+00:00
/fslarge/scratch/users/h61084/codes/adaptime/outputs/adaptime/data/shared/univariate/EWELD_Load/15T/long/run_0/prepared/manifest.json
TIME run allocation action=skip run=/fslarge/scratch/users/h61084/codes/adaptime/outputs/adaptime/data/shared/univariate/SG_Carpark/15T/short/run_0 source_launch=selena_adaptime_3227290 launch_id=selena_adaptime_3241620 slurm_job_id=3241620 launched_at=2026-09-09T09:27:10.458511+00:00
/fslarge/scratch/users/h61084/codes/adaptime/outputs/adaptime/data/shared/univariate/SG_Carpark/15T/short/run_0/prepared/manifest.json
TIME run allocation action=skip run=/fslarge/scratch/users/h61084/codes/adaptime/outputs/adaptime/data/shared/univariate/SG_Carpark/15T/medium/run_0 source_launch=selena_adaptime_3227290 launch_id=selena_adaptime_3241620 slurm_job_id=3241620 launched_at=2026-09-09T09:27:10.462286+00:00
/fslarge/scratch/users/h61084/codes/adaptime/outputs/adaptime/data/shared/univariate/SG_Carpark/15T/medium/run_0/prepared/manifest.json
TIME run allocation action=skip run=/fslarge/scratch/users/h61084/codes/adaptime/outputs/adaptime/data/shared/univariate/SG_Carpark/15T/long/run_0 source_launch=selena_adaptime_3227290 launch_id=selena_adaptime_3241620 slurm_job_id=3241620 launched_at=2026-09-09T09:27:10.465990+00:00
/fslarge/scratch/users/h61084/codes/adaptime/outputs/adaptime/data/shared/univariate/SG_Carpark/15T/long/run_0/prepared/manifest.json
TIME run allocation action=skip run=/fslarge/scratch/users/h61084/codes/adaptime/outputs/adaptime/data/shared/univariate/Finland_Traffic/15T/short/run_0 source_launch=selena_adaptime_3227290 launch_id=selena_adaptime_3241620 slurm_job_id=3241620 launched_at=2026-09-09T09:27:10.469955+00:00
/fslarge/scratch/users/h61084/codes/adaptime/outputs/adaptime/data/shared/univariate/Finland_Traffic/15T/short/run_0/prepared/manifest.json
TIME run allocation action=skip run=/fslarge/scratch/users/h61084/codes/adaptime/outputs/adaptime/data/shared/univariate/Finland_Traffic/15T/medium/run_0 source_launch=selena_adaptime_3227290 launch_id=selena_adaptime_3241620 slurm_job_id=3241620 launched_at=2026-09-09T09:27:10.473691+00:00
/fslarge/scratch/users/h61084/codes/adaptime/outputs/adaptime/data/shared/univariate/Finland_Traffic/15T/medium/run_0/prepared/manifest.json
TIME run allocation action=skip run=/fslarge/scratch/users/h61084/codes/adaptime/outputs/adaptime/data/shared/univariate/Finland_Traffic/15T/long/run_0 source_launch=selena_adaptime_3227290 launch_id=selena_adaptime_3241620 slurm_job_id=3241620 launched_at=2026-09-09T09:27:10.477495+00:00
/fslarge/scratch/users/h61084/codes/adaptime/outputs/adaptime/data/shared/univariate/Finland_Traffic/15T/long/run_0/prepared/manifest.json
TIME run allocation action=skip run=/fslarge/scratch/users/h61084/codes/adaptime/outputs/adaptime/data/shared/univariate/Port_Activity/D/short/run_0 source_launch=selena_adaptime_3227290 launch_id=selena_adaptime_3241620 slurm_job_id=3241620 launched_at=2026-09-09T09:27:10.481638+00:00
/fslarge/scratch/users/h61084/codes/adaptime/outputs/adaptime/data/shared/univariate/Port_Activity/D/short/run_0/prepared/manifest.json
TIME run allocation action=skip run=/fslarge/scratch/users/h61084/codes/adaptime/outputs/adaptime/data/shared/univariate/Port_Activity/W/short/run_0 source_launch=selena_adaptime_3227290 launch_id=selena_adaptime_3241620 slurm_job_id=3241620 launched_at=2026-09-09T09:27:10.485558+00:00
/fslarge/scratch/users/h61084/codes/adaptime/outputs/adaptime/data/shared/univariate/Port_Activity/W/short/run_0/prepared/manifest.json
TIME run allocation action=skip run=/fslarge/scratch/users/h61084/codes/adaptime/outputs/adaptime/data/shared/univariate/ECDC_COVID/D/short/run_0 source_launch=selena_adaptime_3227290 launch_id=selena_adaptime_3241620 slurm_job_id=3241620 launched_at=2026-09-09T09:27:10.489587+00:00
/fslarge/scratch/users/h61084/codes/adaptime/outputs/adaptime/data/shared/univariate/ECDC_COVID/D/short/run_0/prepared/manifest.json
TIME run allocation action=skip run=/fslarge/scratch/users/h61084/codes/adaptime/outputs/adaptime/data/shared/univariate/ECDC_COVID/W/short/run_0 source_launch=selena_adaptime_3227290 launch_id=selena_adaptime_3241620 slurm_job_id=3241620 launched_at=2026-09-09T09:27:10.493346+00:00
/fslarge/scratch/users/h61084/codes/adaptime/outputs/adaptime/data/shared/univariate/ECDC_COVID/W/short/run_0/prepared/manifest.json
TIME run allocation action=skip run=/fslarge/scratch/users/h61084/codes/adaptime/outputs/adaptime/data/shared/univariate/Global_Influenza/W/short/run_0 source_launch=selena_adaptime_3227290 launch_id=selena_adaptime_3241620 slurm_job_id=3241620 launched_at=2026-09-09T09:27:10.497271+00:00
/fslarge/scratch/users/h61084/codes/adaptime/outputs/adaptime/data/shared/univariate/Global_Influenza/W/short/run_0/prepared/manifest.json
TIME run allocation action=skip run=/fslarge/scratch/users/h61084/codes/adaptime/outputs/adaptime/data/shared/univariate/Crypto/D/short/run_0 source_launch=selena_adaptime_3227290 launch_id=selena_adaptime_3241620 slurm_job_id=3241620 launched_at=2026-09-09T09:27:10.501324+00:00
/fslarge/scratch/users/h61084/codes/adaptime/outputs/adaptime/data/shared/univariate/Crypto/D/short/run_0/prepared/manifest.json
TIME run allocation action=skip run=/fslarge/scratch/users/h61084/codes/adaptime/outputs/adaptime/data/shared/univariate/US_Term_Structure/B/short/run_0 source_launch=selena_adaptime_3227290 launch_id=selena_adaptime_3241620 slurm_job_id=3241620 launched_at=2026-09-09T09:27:10.505391+00:00
/fslarge/scratch/users/h61084/codes/adaptime/outputs/adaptime/data/shared/univariate/US_Term_Structure/B/short/run_0/prepared/manifest.json
TIME run allocation action=skip run=/fslarge/scratch/users/h61084/codes/adaptime/outputs/adaptime/data/shared/univariate/Oil_Price/B/short/run_0 source_launch=selena_adaptime_3227290 launch_id=selena_adaptime_3241620 slurm_job_id=3241620 launched_at=2026-09-09T09:27:10.509284+00:00
/fslarge/scratch/users/h61084/codes/adaptime/outputs/adaptime/data/shared/univariate/Oil_Price/B/short/run_0/prepared/manifest.json
TIME run allocation action=skip run=/fslarge/scratch/users/h61084/codes/adaptime/outputs/adaptime/data/shared/univariate/Job_Claims/W/short/run_0 source_launch=selena_adaptime_3227290 launch_id=selena_adaptime_3241620 slurm_job_id=3241620 launched_at=2026-09-09T09:27:10.513233+00:00
/fslarge/scratch/users/h61084/codes/adaptime/outputs/adaptime/data/shared/univariate/Job_Claims/W/short/run_0/prepared/manifest.json
TIME run allocation action=skip run=/fslarge/scratch/users/h61084/codes/adaptime/outputs/adaptime/data/shared/univariate/Uncertainty_1M/M/short/run_0 source_launch=selena_adaptime_3227290 launch_id=selena_adaptime_3241620 slurm_job_id=3241620 launched_at=2026-09-09T09:27:10.517165+00:00
/fslarge/scratch/users/h61084/codes/adaptime/outputs/adaptime/data/shared/univariate/Uncertainty_1M/M/short/run_0/prepared/manifest.json
TIME run allocation action=skip run=/fslarge/scratch/users/h61084/codes/adaptime/outputs/adaptime/data/shared/univariate/Housing_Inventory/M/short/run_0 source_launch=selena_adaptime_3227290 launch_id=selena_adaptime_3241620 slurm_job_id=3241620 launched_at=2026-09-09T09:27:10.521220+00:00
/fslarge/scratch/users/h61084/codes/adaptime/outputs/adaptime/data/shared/univariate/Housing_Inventory/M/short/run_0/prepared/manifest.json
TIME run allocation action=skip run=/fslarge/scratch/users/h61084/codes/adaptime/outputs/adaptime/data/shared/univariate/JOLTS/M/short/run_0 source_launch=selena_adaptime_3227290 launch_id=selena_adaptime_3241620 slurm_job_id=3241620 launched_at=2026-09-09T09:27:10.525165+00:00
/fslarge/scratch/users/h61084/codes/adaptime/outputs/adaptime/data/shared/univariate/JOLTS/M/short/run_0/prepared/manifest.json
TIME run allocation action=skip run=/fslarge/scratch/users/h61084/codes/adaptime/outputs/adaptime/data/shared/univariate/US_Labor/M/short/run_0 source_launch=selena_adaptime_3227290 launch_id=selena_adaptime_3241620 slurm_job_id=3241620 launched_at=2026-09-09T09:27:10.529046+00:00
/fslarge/scratch/users/h61084/codes/adaptime/outputs/adaptime/data/shared/univariate/US_Labor/M/short/run_0/prepared/manifest.json
TIME run allocation action=skip run=/fslarge/scratch/users/h61084/codes/adaptime/outputs/adaptime/data/shared/univariate/Vehicle_Supply/M/short/run_0 source_launch=selena_adaptime_3227290 launch_id=selena_adaptime_3241620 slurm_job_id=3241620 launched_at=2026-09-09T09:27:10.532939+00:00
/fslarge/scratch/users/h61084/codes/adaptime/outputs/adaptime/data/shared/univariate/Vehicle_Supply/M/short/run_0/prepared/manifest.json
TIME run allocation action=skip run=/fslarge/scratch/users/h61084/codes/adaptime/outputs/adaptime/data/shared/univariate/Auto_Production_SF/M/short/run_0 source_launch=selena_adaptime_3227290 launch_id=selena_adaptime_3241620 slurm_job_id=3241620 launched_at=2026-09-09T09:27:10.536925+00:00
/fslarge/scratch/users/h61084/codes/adaptime/outputs/adaptime/data/shared/univariate/Auto_Production_SF/M/short/run_0/prepared/manifest.json
TIME run allocation action=skip run=/fslarge/scratch/users/h61084/codes/adaptime/outputs/adaptime/data/shared/univariate/Commodity_Production/M/short/run_0 source_launch=selena_adaptime_3227290 launch_id=selena_adaptime_3241620 slurm_job_id=3241620 launched_at=2026-09-09T09:27:10.540867+00:00
/fslarge/scratch/users/h61084/codes/adaptime/outputs/adaptime/data/shared/univariate/Commodity_Production/M/short/run_0/prepared/manifest.json
TIME run allocation action=skip run=/fslarge/scratch/users/h61084/codes/adaptime/outputs/adaptime/data/shared/univariate/Commodity_Import/M/short/run_0 source_launch=selena_adaptime_3227290 launch_id=selena_adaptime_3241620 slurm_job_id=3241620 launched_at=2026-09-09T09:27:10.544792+00:00
/fslarge/scratch/users/h61084/codes/adaptime/outputs/adaptime/data/shared/univariate/Commodity_Import/M/short/run_0/prepared/manifest.json
TIME run allocation action=skip run=/fslarge/scratch/users/h61084/codes/adaptime/outputs/adaptime/data/shared/univariate/WUI_Global/Q/short/run_0 source_launch=selena_adaptime_3227290 launch_id=selena_adaptime_3241620 slurm_job_id=3241620 launched_at=2026-09-09T09:27:10.548789+00:00
/fslarge/scratch/users/h61084/codes/adaptime/outputs/adaptime/data/shared/univariate/WUI_Global/Q/short/run_0/prepared/manifest.json
TIME run allocation action=skip run=/fslarge/scratch/users/h61084/codes/adaptime/outputs/adaptime/data/shared/univariate/Global_Price/Q/short/run_0 source_launch=selena_adaptime_3227290 launch_id=selena_adaptime_3241620 slurm_job_id=3241620 launched_at=2026-09-09T09:27:10.552776+00:00
/fslarge/scratch/users/h61084/codes/adaptime/outputs/adaptime/data/shared/univariate/Global_Price/Q/short/run_0/prepared/manifest.json
TIME run allocation action=skip run=/fslarge/scratch/users/h61084/codes/adaptime/outputs/adaptime/data/shared/univariate/Vehicle_Sales/M/short/run_0 source_launch=selena_adaptime_3227290 launch_id=selena_adaptime_3241620 slurm_job_id=3241620 launched_at=2026-09-09T09:27:10.556724+00:00
/fslarge/scratch/users/h61084/codes/adaptime/outputs/adaptime/data/shared/univariate/Vehicle_Sales/M/short/run_0/prepared/manifest.json
TIME run allocation action=skip run=/fslarge/scratch/users/h61084/codes/adaptime/outputs/adaptime/data/shared/univariate/Online_Retail_2_UCI/D/short/run_0 source_launch=selena_adaptime_3227290 launch_id=selena_adaptime_3241620 slurm_job_id=3241620 launched_at=2026-09-09T09:27:10.560788+00:00
/fslarge/scratch/users/h61084/codes/adaptime/outputs/adaptime/data/shared/univariate/Online_Retail_2_UCI/D/short/run_0/prepared/manifest.json
TIME run allocation action=skip run=/fslarge/scratch/users/h61084/codes/adaptime/outputs/adaptime/data/shared/univariate/Supply_Chain_Customer/D/short/run_0 source_launch=selena_adaptime_3227290 launch_id=selena_adaptime_3241620 slurm_job_id=3241620 launched_at=2026-09-09T09:27:10.564757+00:00
/fslarge/scratch/users/h61084/codes/adaptime/outputs/adaptime/data/shared/univariate/Supply_Chain_Customer/D/short/run_0/prepared/manifest.json
TIME run allocation action=skip run=/fslarge/scratch/users/h61084/codes/adaptime/outputs/adaptime/data/shared/univariate/Supply_Chain_Location/D/short/run_0 source_launch=selena_adaptime_3227290 launch_id=selena_adaptime_3241620 slurm_job_id=3241620 launched_at=2026-09-09T09:27:10.568783+00:00
/fslarge/scratch/users/h61084/codes/adaptime/outputs/adaptime/data/shared/univariate/Supply_Chain_Location/D/short/run_0/prepared/manifest.json
TIME run allocation action=skip run=/fslarge/scratch/users/h61084/codes/adaptime/outputs/adaptime/data/shared/univariate/azure2019_D/5T/short/run_0 source_launch=selena_adaptime_3227290 launch_id=selena_adaptime_3241620 slurm_job_id=3241620 launched_at=2026-09-09T09:27:10.572832+00:00
/fslarge/scratch/users/h61084/codes/adaptime/outputs/adaptime/data/shared/univariate/azure2019_D/5T/short/run_0/prepared/manifest.json
TIME run allocation action=skip run=/fslarge/scratch/users/h61084/codes/adaptime/outputs/adaptime/data/shared/univariate/azure2019_I/5T/short/run_0 source_launch=selena_adaptime_3227290 launch_id=selena_adaptime_3241620 slurm_job_id=3241620 launched_at=2026-09-09T09:27:10.576934+00:00
/fslarge/scratch/users/h61084/codes/adaptime/outputs/adaptime/data/shared/univariate/azure2019_I/5T/short/run_0/prepared/manifest.json
TIME run allocation action=skip run=/fslarge/scratch/users/h61084/codes/adaptime/outputs/adaptime/data/shared/univariate/azure2019_U/5T/short/run_0 source_launch=selena_adaptime_3227290 launch_id=selena_adaptime_3241620 slurm_job_id=3241620 launched_at=2026-09-09T09:27:10.580847+00:00
/fslarge/scratch/users/h61084/codes/adaptime/outputs/adaptime/data/shared/univariate/azure2019_U/5T/short/run_0/prepared/manifest.json
TIME run allocation action=skip run=/fslarge/scratch/users/h61084/codes/adaptime/outputs/adaptime/data/shared/univariate/Smart_Manufacturing/H/short/run_0 source_launch=selena_adaptime_3227290 launch_id=selena_adaptime_3241620 slurm_job_id=3241620 launched_at=2026-09-09T09:27:10.584961+00:00
/fslarge/scratch/users/h61084/codes/adaptime/outputs/adaptime/data/shared/univariate/Smart_Manufacturing/H/short/run_0/prepared/manifest.json
TIME run allocation action=skip run=/fslarge/scratch/users/h61084/codes/adaptime/outputs/adaptime/data/shared/univariate/Smart_Manufacturing/H/medium/run_0 source_launch=selena_adaptime_3227290 launch_id=selena_adaptime_3241620 slurm_job_id=3241620 launched_at=2026-09-09T09:27:10.588896+00:00
/fslarge/scratch/users/h61084/codes/adaptime/outputs/adaptime/data/shared/univariate/Smart_Manufacturing/H/medium/run_0/prepared/manifest.json
TIME run allocation action=skip run=/fslarge/scratch/users/h61084/codes/adaptime/outputs/adaptime/data/shared/univariate/Smart_Manufacturing/H/long/run_0 source_launch=selena_adaptime_3227290 launch_id=selena_adaptime_3241620 slurm_job_id=3241620 launched_at=2026-09-09T09:27:10.592535+00:00
/fslarge/scratch/users/h61084/codes/adaptime/outputs/adaptime/data/shared/univariate/Smart_Manufacturing/H/long/run_0/prepared/manifest.json
TIME run allocation action=skip run=/fslarge/scratch/users/h61084/codes/adaptime/outputs/adaptime/data/shared/univariate/MetroPT-3/5T/short/run_0 source_launch=selena_adaptime_3227290 launch_id=selena_adaptime_3241620 slurm_job_id=3241620 launched_at=2026-09-09T09:27:10.596645+00:00
/fslarge/scratch/users/h61084/codes/adaptime/outputs/adaptime/data/shared/univariate/MetroPT-3/5T/short/run_0/prepared/manifest.json
TIME run allocation action=skip run=/fslarge/scratch/users/h61084/codes/adaptime/outputs/adaptime/data/shared/univariate/MetroPT-3/5T/medium/run_0 source_launch=selena_adaptime_3227290 launch_id=selena_adaptime_3241620 slurm_job_id=3241620 launched_at=2026-09-09T09:27:10.600360+00:00
/fslarge/scratch/users/h61084/codes/adaptime/outputs/adaptime/data/shared/univariate/MetroPT-3/5T/medium/run_0/prepared/manifest.json
TIME run allocation action=skip run=/fslarge/scratch/users/h61084/codes/adaptime/outputs/adaptime/data/shared/univariate/MetroPT-3/5T/long/run_0 source_launch=selena_adaptime_3227290 launch_id=selena_adaptime_3241620 slurm_job_id=3241620 launched_at=2026-09-09T09:27:10.604064+00:00
/fslarge/scratch/users/h61084/codes/adaptime/outputs/adaptime/data/shared/univariate/MetroPT-3/5T/long/run_0/prepared/manifest.json
2026-09-09 11:27:20 | task TIME-wide Adaptime method=ridge stage=prepare completed status=success
2026-09-09 11:27:20 | stage prepare completed status=success
2026-09-09 11:27:20 | workflow adaptime completed status=success exit_code=0
