2026-08-31 22:45:02 | workflow foundation_models started launch_id=selena_20260831T204500Z_25857 task=chronos2
2026-08-31 22:45:02 | stage evaluate started
2026-08-31 22:45:02 | task model=chronos2 runner=run_chronos2.sh environment=uv started
[2026-08-31 22:45:02] TIME runner: run_chronos2.sh
[2026-08-31 22:45:02] datasets: /scratch/users/h61084/datasets/hf_dataset
[2026-08-31 22:45:02] weights: /scratch/users/h61084/weights
[2026-08-31 22:45:02] outputs: /scratch/users/h61084/codes/improved/outputs

############################################################
# Dataset 1/1: Water_Quality_Darwin/15T
############################################################
Loading configuration...

============================================================
Dataset: Water_Quality_Darwin/15T
Model: amazon/chronos-2
Checkpoint: /fslarge/scratch/users/h61084/weights/chronos2
Terms: ['short', 'medium', 'long']
============================================================

--- Term: short ---
  Config: prediction_length=16, test_length=1440, val_length=1440
  Initializing Chronos pipeline (/fslarge/scratch/users/h61084/weights/chronos2)...
